2023-11-12/keck_kcrm_A: no science frames, skipped
2023-11-12/keck_kcrm_B: cenwave 8600, wavelength solutions on 24 slices
2023-11-12/keck_kcrm_B: feige110 (360s) user_regions = :38,65:
2023-11-12/keck_kcrm_B: sky regions across 1 star(s) differ by 0.0% -> ONE pass
2023-11-12/keck_kcrm_B: science run [all stars], 2 frames, user_regions = :38,65: ...
2023-11-12/keck_kcrm_B: [all stars] DONE (2 spec2d so far)
2024-10-01/keck_kcrm_A: no science frames, skipped
2024-10-01/keck_kcrm_B: ignoring 1 science frame(s) under 10s -- test frames
2024-10-01/keck_kcrm_B: .pypeit is not pointed at keck_kcrm_RH3_8400.fits -- run gate_rh3_template.py --night 2024-10-01 --cenwave 8400 first, skipped
2024-10-29/keck_kcrm_A: no science frames, skipped
2024-10-29/keck_kcrm_B: cenwave 8600, wavelength solutions on 24 slices
2024-10-29/keck_kcrm_B: feige110 (300s) user_regions = :33,61:
2024-10-29/keck_kcrm_B: sky regions across 1 star(s) differ by 0.0% -> ONE pass
2024-10-29/keck_kcrm_B: science run [all stars], 2 frames, user_regions = :33,61: ...
2024-10-29/keck_kcrm_B: [all stars] DONE (2 spec2d so far)
2024-11-06/keck_kcrm_A: no science frames, skipped
2024-11-06/keck_kcrm_B: cenwave 8600, wavelength solutions on 24 slices
2024-11-06/keck_kcrm_B: feige110 (300s) user_regions = :30,60:
2024-11-06/keck_kcrm_B: sky regions across 1 star(s) differ by 0.0% -> ONE pass
2024-11-06/keck_kcrm_B: science run [all stars], 2 frames, user_regions = :30,60: ...
2024-11-06/keck_kcrm_B: [all stars] DONE (2 spec2d so far)
ALL NIGHTS PROCESSED
2024-10-01/keck_kcrm_A: no science frames, skipped
2024-10-01/keck_kcrm_B: ignoring 1 science frame(s) under 10s -- test frames
2024-10-01/keck_kcrm_B: cenwave 8400, wavelength solutions on 24 slices
2024-10-01/keck_kcrm_B: g191b2b (100s) user_regions = :41,68:
2024-10-01/keck_kcrm_B: sky regions across 1 star(s) differ by 0.0% -> ONE pass
2024-10-01/keck_kcrm_B: science run [all stars], 3 frames, user_regions = :41,68: ...
2024-10-01/keck_kcrm_B: [all stars] DONE (3 spec2d so far)
ALL NIGHTS PROCESSED
