2023-11-12: 3 ThAr frames -> arc,tilt; 3 FeAr frames dropped
2023-11-12: holy-grail + ThArRH3 line list
2023-11-12: holy-grail on ThAr ...
2023-11-12: rc=1 (non-zero expected), WaveCalib written

=== /Users/kaiwenzhang/PycharmProjects/KCWI/KCWI_RED_channel_characterization/RH3 pypeit run/2023-11-12/pypeit_run/keck_kcrm_B/Calibrations/WaveCalib_B_1_DET01.fits
  0 usable of 24 slices, 4 SHIFTED vs neighbours [67, 452, 599, 1842]  (rms median 0.117, max 0.287 px)
  PASS slit 21 spat 1842: rms=0.100 nlines= 27 8200.8-9033.0 A  disp=0.4044 A/px
  1 of those meet the stricter seed criteria for template building
  best seed = spat 1842 (8200.8-9033.0 A, rms 0.100)

2024-10-01: 3 ThAr frames -> arc,tilt; 3 FeAr frames dropped
2024-10-01: holy-grail + ThArRH3 line list
2024-10-01: holy-grail on ThAr ...
2024-10-01: rc=1 (non-zero expected), WaveCalib written

=== /Users/kaiwenzhang/PycharmProjects/KCWI/KCWI_RED_channel_characterization/RH3 pypeit run/2024-10-01/pypeit_run/keck_kcrm_B/Calibrations/WaveCalib_B_1_DET01.fits
  0 usable of 24 slices
  0 of those meet the stricter seed criteria for template building

2024-10-29: already retyped
2024-10-29: holy-grail + ThArRH3 line list
2024-10-29: holy-grail on ThAr ...
2024-10-29: rc=1 (non-zero expected), WaveCalib written

=== /Users/kaiwenzhang/PycharmProjects/KCWI/KCWI_RED_channel_characterization/RH3 pypeit run/2024-10-29/pypeit_run/keck_kcrm_B/Calibrations/WaveCalib_B_1_DET01.fits
  9 usable of 24 slices  (rms median 0.169, max 0.281 px)
  PASS slit  0 spat   66: rms=0.169 nlines= 64 8136.4-8968.4 A  disp=0.4041 A/px
  PASS slit  5 spat  451: rms=0.141 nlines= 65 8181.8-9014.6 A  disp=0.4048 A/px
  PASS slit  6 spat  525: rms=0.143 nlines= 66 8144.6-8977.6 A  disp=0.4049 A/px
  PASS slit  8 spat  672: rms=0.281 nlines= 60 8147.3-8982.8 A  disp=0.4047 A/px
  PASS slit 12 spat 1173: rms=0.255 nlines= 63 8146.6-8982.3 A  disp=0.4049 A/px
  PASS slit 16 spat 1468: rms=0.235 nlines= 62 8156.3-8992.1 A  disp=0.4046 A/px
  PASS slit 18 spat 1615: rms=0.146 nlines= 63 8155.6-8988.3 A  disp=0.4047 A/px
  PASS slit 21 spat 1842: rms=0.123 nlines= 62 8200.2-9032.4 A  disp=0.4044 A/px
  PASS slit 22 spat 1919: rms=0.216 nlines= 62 8156.0-8990.8 A  disp=0.4039 A/px
  9 of those meet the stricter seed criteria for template building
  best seed = spat 1842 (8200.2-9032.4 A, rms 0.123)

2024-11-06: 3 ThAr frames -> arc,tilt; 3 FeAr frames dropped
2024-11-06: holy-grail + ThArRH3 line list
2024-11-06: holy-grail on ThAr ...
2024-11-06: rc=1 (non-zero expected), WaveCalib written

=== /Users/kaiwenzhang/PycharmProjects/KCWI/KCWI_RED_channel_characterization/RH3 pypeit run/2024-11-06/pypeit_run/keck_kcrm_B/Calibrations/WaveCalib_B_1_DET01.fits
  12 usable of 24 slices  (rms median 0.177, max 0.281 px)
  PASS slit  0 spat   67: rms=0.121 nlines= 64 8136.4-8968.6 A  disp=0.4042 A/px
  PASS slit  2 spat  224: rms=0.141 nlines= 68 8139.2-8971.8 A  disp=0.4045 A/px
  PASS slit  3 spat  302: rms=0.208 nlines= 78 8182.7-9015.2 A  disp=0.4047 A/px
  PASS slit  4 spat  377: rms=0.262 nlines= 68 8142.1-8977.3 A  disp=0.4044 A/px
  PASS slit 11 spat  895: rms=0.230 nlines= 71 8189.1-9022.5 A  disp=0.4054 A/px
  PASS slit 12 spat 1174: rms=0.266 nlines= 69 8146.6-8982.4 A  disp=0.4050 A/px
  PASS slit 16 spat 1468: rms=0.136 nlines= 70 8156.2-8989.3 A  disp=0.4051 A/px
  PASS slit 17 spat 1542: rms=0.126 nlines= 64 8192.1-9025.2 A  disp=0.4050 A/px
  PASS slit 18 spat 1616: rms=0.115 nlines= 70 8155.4-8988.3 A  disp=0.4048 A/px
  PASS slit 19 spat 1690: rms=0.281 nlines= 58 8195.9-9039.9 A  disp=0.4065 A/px
  PASS slit 20 spat 1765: rms=0.146 nlines= 70 8155.4-8988.0 A  disp=0.4045 A/px
  PASS slit 22 spat 1920: rms=0.240 nlines= 67 8156.0-8990.9 A  disp=0.4039 A/px
  12 of those meet the stricter seed criteria for template building
  best seed = spat 1616 (8155.4-8988.3 A, rms 0.115)

SEED PHASE DONE
