
=== feige110_2023-11-12_B: 2 frames, airmass 1.19-1.21 (spread 0.02), span 7 min
  reusing existing cube
  cube (2224, 30, 23)  CDELT1/2 = 0.000189/0.000189 deg  field 16" x 20"  flux within 5.0 spaxels of peak 98.3%  (outer ring -0.1%)
  trim 179,176  -> sensfunc OK: feige110_2023-11-12_B_sens_IR_p15cov.fits
  fit range 8214-8965 A   interior scatter 0.0600 mag   worst edge error 0.167 mag
  throughput interior mean 31.4%   8400A 28.3%  8600A 30.4%  8800A 30.0%

=== g191b2b_2024-10-01_B: 3 frames, airmass 1.21-1.22 (spread 0.01), span 5 min
  reusing existing cube
  cube (2244, 30, 23)  CDELT1/2 = 0.000189/0.000189 deg  field 16" x 20"  flux within 5.0 spaxels of peak 118.4%  (outer ring -20.3%)
  trim 208,181  -> sensfunc OK: g191b2b_2024-10-01_B_sens_IR_p15cov.fits
  fit range 8010-8776 A   interior scatter 0.0370 mag   worst edge error 0.118 mag
  throughput interior mean 30.0%   8200A 27.2%  8400A 31.2%  8600A 28.1%

=== feige110_2024-10-29_B: 2 frames, airmass 1.29-1.31 (spread 0.02), span 6 min
  reusing existing cube
  cube (2221, 30, 23)  CDELT1/2 = 0.000189/0.000189 deg  field 16" x 20"  flux within 5.0 spaxels of peak 97.6%  (outer ring 1.0%)
  trim 176,176  -> sensfunc OK: feige110_2024-10-29_B_sens_IR_p15cov.fits
  fit range 8214-8964 A   interior scatter 0.0318 mag   worst edge error 0.098 mag
  throughput interior mean 32.8%   8400A 29.0%  8600A 33.9%  8800A 31.9%

=== feige110_2024-11-06_B: 2 frames, airmass 1.10-1.10 (spread 0.00), span 6 min
  reusing existing cube
  cube (2221, 30, 23)  CDELT1/2 = 0.000189/0.000189 deg  field 16" x 20"  flux within 5.0 spaxels of peak 97.0%  (outer ring 0.4%)
  trim 176,175  -> sensfunc OK: feige110_2024-11-06_B_sens_IR_p15cov.fits
  fit range 8214-8965 A   interior scatter 0.0105 mag   worst edge error 0.045 mag
  throughput interior mean 31.0%   8400A 26.9%  8600A 31.5%  8800A 30.5%

ALL SETUPS PROCESSED
