    INFO | 2026-08-25 12:55:25 | inputfiles.py:from_file:136 | Loading the reduction file
    INFO | 2026-08-25 12:55:25 | inputfiles.py:from_file:214 | Coadd3d input file loaded successfully.
    INFO | 2026-08-25 12:55:25 | inputfiles.py:vet:927 | .coadd3d file successfully vetted.
    INFO | 2026-08-25 12:55:25 | coadd_datacube.py:main:55 | Restricting to detector=1
    INFO | 2026-08-25 12:55:25 | coadd3d.py:__init__:495 | No RA or Dec offsets have been provided.
    INFO | 2026-08-25 12:55:25 | coadd3d.py:__init__:536 | Adopting the subpixel algorithm to generate the datacube, with subpixellation scales:
  Spectral: 5
  Spatial: 5
  Slices: 5
    INFO | 2026-08-25 12:55:25 | coadd3d.py:set_default_skysub:736 | The sky model in the spec2d science frames will be used for sky subtraction
(unless specific skysub frames have been specified)
    INFO | 2026-08-25 12:55:25 | coadd3d.py:load:1019 | Loading PypeIt spec2d frame (1/2):
Science/spec2d_KR.20241107.22892.91-feige110_KCRM_20241107T062132.890.fits
    INFO | 2026-08-25 12:55:25 | coadd3d.py:load:1035 | Constructing slit image
    INFO | 2026-08-25 12:55:25 | coadd3d.py:get_current_skysub:829 | Using the following frame for sky subtraction:
image
    INFO | 2026-08-25 12:55:25 | coadd3d.py:get_current_scalecorr:718 | Relative spectral illumination correction will not be performed.
    INFO | 2026-08-25 12:55:26 | datacube.py:make_good_skymask:436 | Masking edge pixels where the sky model is poor
    INFO | 2026-08-25 12:55:26 | coadd3d.py:load:1090 | Using wavelength solution: wave0=8134.542, dispersion=0.405 Angstrom/pixel
    INFO | 2026-08-25 12:55:26 | coadd3d.py:get_alignments:962 | Loading alignments
    INFO | 2026-08-25 12:55:26 | datamodel.py:from_file:1558 | Loading Alignments from /Users/kaiwenzhang/PycharmProjects/KCWI/KCWI_RED_channel_characterization/RH3 pypeit run/2024-11-06/pypeit_run/keck_kcrm_B/Calibrations/Alignment_B_1_DET01.fits
    INFO | 2026-08-25 12:55:26 | coadd3d.py:get_alignments:978 | Generating alignment splines
   DEBUG | 2026-08-25 12:55:26 | alignframe.py:__init__:350 | Spatial flexure is not currently implemented for the astrometric alignment
    INFO | 2026-08-25 12:55:26 | alignframe.py:build_splines:375 | Calculating astrometric transform of slit 1/24
    INFO | 2026-08-25 12:55:26 | alignframe.py:build_splines:375 | Calculating astrometric transform of slit 2/24
    INFO | 2026-08-25 12:55:26 | alignframe.py:build_splines:375 | Calculating astrometric transform of slit 3/24
    INFO | 2026-08-25 12:55:27 | alignframe.py:build_splines:375 | Calculating astrometric transform of slit 4/24
    INFO | 2026-08-25 12:55:27 | alignframe.py:build_splines:375 | Calculating astrometric transform of slit 5/24
    INFO | 2026-08-25 12:55:27 | alignframe.py:build_splines:375 | Calculating astrometric transform of slit 6/24
    INFO | 2026-08-25 12:55:27 | alignframe.py:build_splines:375 | Calculating astrometric transform of slit 7/24
    INFO | 2026-08-25 12:55:27 | alignframe.py:build_splines:375 | Calculating astrometric transform of slit 8/24
    INFO | 2026-08-25 12:55:27 | alignframe.py:build_splines:375 | Calculating astrometric transform of slit 9/24
    INFO | 2026-08-25 12:55:27 | alignframe.py:build_splines:375 | Calculating astrometric transform of slit 10/24
    INFO | 2026-08-25 12:55:28 | alignframe.py:build_splines:375 | Calculating astrometric transform of slit 11/24
    INFO | 2026-08-25 12:55:28 | alignframe.py:build_splines:375 | Calculating astrometric transform of slit 12/24
    INFO | 2026-08-25 12:55:28 | alignframe.py:build_splines:375 | Calculating astrometric transform of slit 13/24
    INFO | 2026-08-25 12:55:28 | alignframe.py:build_splines:375 | Calculating astrometric transform of slit 14/24
    INFO | 2026-08-25 12:55:28 | alignframe.py:build_splines:375 | Calculating astrometric transform of slit 15/24
    INFO | 2026-08-25 12:55:28 | alignframe.py:build_splines:375 | Calculating astrometric transform of slit 16/24
    INFO | 2026-08-25 12:55:28 | alignframe.py:build_splines:375 | Calculating astrometric transform of slit 17/24
    INFO | 2026-08-25 12:55:29 | alignframe.py:build_splines:375 | Calculating astrometric transform of slit 18/24
    INFO | 2026-08-25 12:55:29 | alignframe.py:build_splines:375 | Calculating astrometric transform of slit 19/24
    INFO | 2026-08-25 12:55:29 | alignframe.py:build_splines:375 | Calculating astrometric transform of slit 20/24
    INFO | 2026-08-25 12:55:29 | alignframe.py:build_splines:375 | Calculating astrometric transform of slit 21/24
    INFO | 2026-08-25 12:55:29 | alignframe.py:build_splines:375 | Calculating astrometric transform of slit 22/24
    INFO | 2026-08-25 12:55:29 | alignframe.py:build_splines:375 | Calculating astrometric transform of slit 23/24
    INFO | 2026-08-25 12:55:29 | alignframe.py:build_splines:375 | Calculating astrometric transform of slit 24/24
    INFO | 2026-08-25 12:55:30 | keck_kcwi.py:get_wcs:634 | Generating KCRM WCS
    INFO | 2026-08-25 12:55:30 | slittrace.py:get_radec_image:536 | Generating an RA/DEC image
    INFO | 2026-08-25 12:55:31 | coadd3d.py:__init__:278 | Preparing the parameters for the DAR correction
    INFO | 2026-08-25 12:55:31 | coadd3d.py:__init__:294 | DAR correction parameters:
   Airmass = 1.10
   Pressure = 617.96 mbar
   Humidity = 41.40 %
   Temperature = -0.60 deg C
   Reference wavelength = 4500.00 Angstrom
    INFO | 2026-08-25 12:55:31 | coadd3d.py:load:1019 | Loading PypeIt spec2d frame (2/2):
Science/spec2d_KR.20241107.23242.77-feige110_KCRM_20241107T062722.810.fits
    INFO | 2026-08-25 12:55:31 | coadd3d.py:load:1035 | Constructing slit image
    INFO | 2026-08-25 12:55:32 | coadd3d.py:get_current_skysub:829 | Using the following frame for sky subtraction:
image
    INFO | 2026-08-25 12:55:32 | coadd3d.py:get_current_scalecorr:718 | Relative spectral illumination correction will not be performed.
    INFO | 2026-08-25 12:55:32 | datacube.py:make_good_skymask:436 | Masking edge pixels where the sky model is poor
    INFO | 2026-08-25 12:55:32 | coadd3d.py:load:1090 | Using wavelength solution: wave0=8134.542, dispersion=0.405 Angstrom/pixel
    INFO | 2026-08-25 12:55:32 | coadd3d.py:get_alignments:962 | Loading alignments
    INFO | 2026-08-25 12:55:32 | datamodel.py:from_file:1558 | Loading Alignments from /Users/kaiwenzhang/PycharmProjects/KCWI/KCWI_RED_channel_characterization/RH3 pypeit run/2024-11-06/pypeit_run/keck_kcrm_B/Calibrations/Alignment_B_1_DET01.fits
    INFO | 2026-08-25 12:55:32 | coadd3d.py:get_alignments:978 | Generating alignment splines
   DEBUG | 2026-08-25 12:55:32 | alignframe.py:__init__:350 | Spatial flexure is not currently implemented for the astrometric alignment
    INFO | 2026-08-25 12:55:32 | alignframe.py:build_splines:375 | Calculating astrometric transform of slit 1/24
    INFO | 2026-08-25 12:55:32 | alignframe.py:build_splines:375 | Calculating astrometric transform of slit 2/24
    INFO | 2026-08-25 12:55:32 | alignframe.py:build_splines:375 | Calculating astrometric transform of slit 3/24
    INFO | 2026-08-25 12:55:33 | alignframe.py:build_splines:375 | Calculating astrometric transform of slit 4/24
    INFO | 2026-08-25 12:55:33 | alignframe.py:build_splines:375 | Calculating astrometric transform of slit 5/24
    INFO | 2026-08-25 12:55:33 | alignframe.py:build_splines:375 | Calculating astrometric transform of slit 6/24
    INFO | 2026-08-25 12:55:33 | alignframe.py:build_splines:375 | Calculating astrometric transform of slit 7/24
    INFO | 2026-08-25 12:55:33 | alignframe.py:build_splines:375 | Calculating astrometric transform of slit 8/24
    INFO | 2026-08-25 12:55:33 | alignframe.py:build_splines:375 | Calculating astrometric transform of slit 9/24
    INFO | 2026-08-25 12:55:33 | alignframe.py:build_splines:375 | Calculating astrometric transform of slit 10/24
    INFO | 2026-08-25 12:55:34 | alignframe.py:build_splines:375 | Calculating astrometric transform of slit 11/24
    INFO | 2026-08-25 12:55:34 | alignframe.py:build_splines:375 | Calculating astrometric transform of slit 12/24
    INFO | 2026-08-25 12:55:34 | alignframe.py:build_splines:375 | Calculating astrometric transform of slit 13/24
    INFO | 2026-08-25 12:55:34 | alignframe.py:build_splines:375 | Calculating astrometric transform of slit 14/24
    INFO | 2026-08-25 12:55:34 | alignframe.py:build_splines:375 | Calculating astrometric transform of slit 15/24
    INFO | 2026-08-25 12:55:34 | alignframe.py:build_splines:375 | Calculating astrometric transform of slit 16/24
    INFO | 2026-08-25 12:55:34 | alignframe.py:build_splines:375 | Calculating astrometric transform of slit 17/24
    INFO | 2026-08-25 12:55:35 | alignframe.py:build_splines:375 | Calculating astrometric transform of slit 18/24
    INFO | 2026-08-25 12:55:35 | alignframe.py:build_splines:375 | Calculating astrometric transform of slit 19/24
    INFO | 2026-08-25 12:55:35 | alignframe.py:build_splines:375 | Calculating astrometric transform of slit 20/24
    INFO | 2026-08-25 12:55:35 | alignframe.py:build_splines:375 | Calculating astrometric transform of slit 21/24
    INFO | 2026-08-25 12:55:35 | alignframe.py:build_splines:375 | Calculating astrometric transform of slit 22/24
    INFO | 2026-08-25 12:55:35 | alignframe.py:build_splines:375 | Calculating astrometric transform of slit 23/24
    INFO | 2026-08-25 12:55:35 | alignframe.py:build_splines:375 | Calculating astrometric transform of slit 24/24
    INFO | 2026-08-25 12:55:36 | keck_kcwi.py:get_wcs:634 | Generating KCRM WCS
    INFO | 2026-08-25 12:55:36 | slittrace.py:get_radec_image:536 | Generating an RA/DEC image
    INFO | 2026-08-25 12:55:37 | coadd3d.py:__init__:278 | Preparing the parameters for the DAR correction
    INFO | 2026-08-25 12:55:37 | coadd3d.py:__init__:294 | DAR correction parameters:
   Airmass = 1.10
   Pressure = 617.94 mbar
   Humidity = 49.60 %
   Temperature = -0.60 deg C
   Reference wavelength = 4500.00 Angstrom
    INFO | 2026-08-25 12:55:37 | datacube.py:set_voxel_sampling:776 | Adopting a square pixel spatial scale of 0.678924 arcsec
    INFO | 2026-08-25 12:55:37 | datacube.py:set_voxel_sampling:779 | Adopting a wavelength sampling of 0.404799 Angstrom
    INFO | 2026-08-25 12:55:37 | datacube.py:get_whitelight_range:606 | The white light images will cover the wavelength range: 8204.10A - 8969.07A
    INFO | 2026-08-25 12:55:37 | datacube.py:generate_WCS:1049 | Generating WCS
    INFO | 2026-08-25 12:55:37 | datacube.py:create_wcs:1008 | 
----------------------------------------
Parameters of the WCS:
RA   min = 349.99097768148187
DEC  min = -5.168345375274109
WAVE min, max = 8204.09550411647, 8969.068347474034
Spaxel size = 0.6789240000000001 arcsec
Wavelength step = 764.9728433575638 A
----------------------------------------
    INFO | 2026-08-25 12:55:37 | datacube.py:subpixellate:1772 | Resampling slit 1/24 of frame 1/2
    INFO | 2026-08-25 12:55:37 | slittrace.py:get_radec_image:536 | Generating an RA/DEC image with slice_offset=0.000
    INFO | 2026-08-25 12:55:37 | datacube.py:subpixellate:1772 | Resampling slit 2/24 of frame 1/2
    INFO | 2026-08-25 12:55:37 | slittrace.py:get_radec_image:536 | Generating an RA/DEC image with slice_offset=0.000
    INFO | 2026-08-25 12:55:38 | datacube.py:subpixellate:1772 | Resampling slit 3/24 of frame 1/2
    INFO | 2026-08-25 12:55:38 | slittrace.py:get_radec_image:536 | Generating an RA/DEC image with slice_offset=0.000
    INFO | 2026-08-25 12:55:38 | datacube.py:subpixellate:1772 | Resampling slit 4/24 of frame 1/2
    INFO | 2026-08-25 12:55:38 | slittrace.py:get_radec_image:536 | Generating an RA/DEC image with slice_offset=0.000
    INFO | 2026-08-25 12:55:38 | datacube.py:subpixellate:1772 | Resampling slit 5/24 of frame 1/2
    INFO | 2026-08-25 12:55:38 | slittrace.py:get_radec_image:536 | Generating an RA/DEC image with slice_offset=0.000
    INFO | 2026-08-25 12:55:39 | datacube.py:subpixellate:1772 | Resampling slit 6/24 of frame 1/2
    INFO | 2026-08-25 12:55:39 | slittrace.py:get_radec_image:536 | Generating an RA/DEC image with slice_offset=0.000
    INFO | 2026-08-25 12:55:39 | datacube.py:subpixellate:1772 | Resampling slit 7/24 of frame 1/2
    INFO | 2026-08-25 12:55:39 | slittrace.py:get_radec_image:536 | Generating an RA/DEC image with slice_offset=0.000
    INFO | 2026-08-25 12:55:39 | datacube.py:subpixellate:1772 | Resampling slit 8/24 of frame 1/2
    INFO | 2026-08-25 12:55:39 | slittrace.py:get_radec_image:536 | Generating an RA/DEC image with slice_offset=0.000
    INFO | 2026-08-25 12:55:40 | datacube.py:subpixellate:1772 | Resampling slit 9/24 of frame 1/2
    INFO | 2026-08-25 12:55:40 | slittrace.py:get_radec_image:536 | Generating an RA/DEC image with slice_offset=0.000
    INFO | 2026-08-25 12:55:40 | datacube.py:subpixellate:1772 | Resampling slit 10/24 of frame 1/2
    INFO | 2026-08-25 12:55:40 | slittrace.py:get_radec_image:536 | Generating an RA/DEC image with slice_offset=0.000
    INFO | 2026-08-25 12:55:40 | datacube.py:subpixellate:1772 | Resampling slit 11/24 of frame 1/2
    INFO | 2026-08-25 12:55:40 | slittrace.py:get_radec_image:536 | Generating an RA/DEC image with slice_offset=0.000
    INFO | 2026-08-25 12:55:40 | datacube.py:subpixellate:1772 | Resampling slit 12/24 of frame 1/2
    INFO | 2026-08-25 12:55:40 | slittrace.py:get_radec_image:536 | Generating an RA/DEC image with slice_offset=0.000
    INFO | 2026-08-25 12:55:41 | datacube.py:subpixellate:1772 | Resampling slit 13/24 of frame 1/2
    INFO | 2026-08-25 12:55:41 | slittrace.py:get_radec_image:536 | Generating an RA/DEC image with slice_offset=0.000
    INFO | 2026-08-25 12:55:41 | datacube.py:subpixellate:1772 | Resampling slit 14/24 of frame 1/2
    INFO | 2026-08-25 12:55:41 | slittrace.py:get_radec_image:536 | Generating an RA/DEC image with slice_offset=0.000
    INFO | 2026-08-25 12:55:41 | datacube.py:subpixellate:1772 | Resampling slit 15/24 of frame 1/2
    INFO | 2026-08-25 12:55:41 | slittrace.py:get_radec_image:536 | Generating an RA/DEC image with slice_offset=0.000
    INFO | 2026-08-25 12:55:42 | datacube.py:subpixellate:1772 | Resampling slit 16/24 of frame 1/2
    INFO | 2026-08-25 12:55:42 | slittrace.py:get_radec_image:536 | Generating an RA/DEC image with slice_offset=0.000
    INFO | 2026-08-25 12:55:42 | datacube.py:subpixellate:1772 | Resampling slit 17/24 of frame 1/2
    INFO | 2026-08-25 12:55:42 | slittrace.py:get_radec_image:536 | Generating an RA/DEC image with slice_offset=0.000
    INFO | 2026-08-25 12:55:42 | datacube.py:subpixellate:1772 | Resampling slit 18/24 of frame 1/2
    INFO | 2026-08-25 12:55:42 | slittrace.py:get_radec_image:536 | Generating an RA/DEC image with slice_offset=0.000
    INFO | 2026-08-25 12:55:42 | datacube.py:subpixellate:1772 | Resampling slit 19/24 of frame 1/2
    INFO | 2026-08-25 12:55:42 | slittrace.py:get_radec_image:536 | Generating an RA/DEC image with slice_offset=0.000
    INFO | 2026-08-25 12:55:43 | datacube.py:subpixellate:1772 | Resampling slit 20/24 of frame 1/2
    INFO | 2026-08-25 12:55:43 | slittrace.py:get_radec_image:536 | Generating an RA/DEC image with slice_offset=0.000
    INFO | 2026-08-25 12:55:43 | datacube.py:subpixellate:1772 | Resampling slit 21/24 of frame 1/2
    INFO | 2026-08-25 12:55:43 | slittrace.py:get_radec_image:536 | Generating an RA/DEC image with slice_offset=0.000
    INFO | 2026-08-25 12:55:43 | datacube.py:subpixellate:1772 | Resampling slit 22/24 of frame 1/2
    INFO | 2026-08-25 12:55:43 | slittrace.py:get_radec_image:536 | Generating an RA/DEC image with slice_offset=0.000
    INFO | 2026-08-25 12:55:44 | datacube.py:subpixellate:1772 | Resampling slit 23/24 of frame 1/2
    INFO | 2026-08-25 12:55:44 | slittrace.py:get_radec_image:536 | Generating an RA/DEC image with slice_offset=0.000
    INFO | 2026-08-25 12:55:44 | datacube.py:subpixellate:1772 | Resampling slit 24/24 of frame 1/2
    INFO | 2026-08-25 12:55:44 | slittrace.py:get_radec_image:536 | Generating an RA/DEC image with slice_offset=0.000
    INFO | 2026-08-25 12:55:44 | datacube.py:subpixellate:1772 | Resampling slit 1/24 of frame 2/2
    INFO | 2026-08-25 12:55:44 | slittrace.py:get_radec_image:536 | Generating an RA/DEC image with slice_offset=0.000
    INFO | 2026-08-25 12:55:45 | datacube.py:subpixellate:1772 | Resampling slit 2/24 of frame 2/2
    INFO | 2026-08-25 12:55:45 | slittrace.py:get_radec_image:536 | Generating an RA/DEC image with slice_offset=0.000
    INFO | 2026-08-25 12:55:45 | datacube.py:subpixellate:1772 | Resampling slit 3/24 of frame 2/2
    INFO | 2026-08-25 12:55:45 | slittrace.py:get_radec_image:536 | Generating an RA/DEC image with slice_offset=0.000
    INFO | 2026-08-25 12:55:45 | datacube.py:subpixellate:1772 | Resampling slit 4/24 of frame 2/2
    INFO | 2026-08-25 12:55:45 | slittrace.py:get_radec_image:536 | Generating an RA/DEC image with slice_offset=0.000
    INFO | 2026-08-25 12:55:45 | datacube.py:subpixellate:1772 | Resampling slit 5/24 of frame 2/2
    INFO | 2026-08-25 12:55:45 | slittrace.py:get_radec_image:536 | Generating an RA/DEC image with slice_offset=0.000
    INFO | 2026-08-25 12:55:46 | datacube.py:subpixellate:1772 | Resampling slit 6/24 of frame 2/2
    INFO | 2026-08-25 12:55:46 | slittrace.py:get_radec_image:536 | Generating an RA/DEC image with slice_offset=0.000
    INFO | 2026-08-25 12:55:46 | datacube.py:subpixellate:1772 | Resampling slit 7/24 of frame 2/2
    INFO | 2026-08-25 12:55:46 | slittrace.py:get_radec_image:536 | Generating an RA/DEC image with slice_offset=0.000
    INFO | 2026-08-25 12:55:46 | datacube.py:subpixellate:1772 | Resampling slit 8/24 of frame 2/2
    INFO | 2026-08-25 12:55:46 | slittrace.py:get_radec_image:536 | Generating an RA/DEC image with slice_offset=0.000
    INFO | 2026-08-25 12:55:47 | datacube.py:subpixellate:1772 | Resampling slit 9/24 of frame 2/2
    INFO | 2026-08-25 12:55:47 | slittrace.py:get_radec_image:536 | Generating an RA/DEC image with slice_offset=0.000
    INFO | 2026-08-25 12:55:47 | datacube.py:subpixellate:1772 | Resampling slit 10/24 of frame 2/2
    INFO | 2026-08-25 12:55:47 | slittrace.py:get_radec_image:536 | Generating an RA/DEC image with slice_offset=0.000
    INFO | 2026-08-25 12:55:47 | datacube.py:subpixellate:1772 | Resampling slit 11/24 of frame 2/2
    INFO | 2026-08-25 12:55:47 | slittrace.py:get_radec_image:536 | Generating an RA/DEC image with slice_offset=0.000
    INFO | 2026-08-25 12:55:47 | datacube.py:subpixellate:1772 | Resampling slit 12/24 of frame 2/2
    INFO | 2026-08-25 12:55:47 | slittrace.py:get_radec_image:536 | Generating an RA/DEC image with slice_offset=0.000
    INFO | 2026-08-25 12:55:48 | datacube.py:subpixellate:1772 | Resampling slit 13/24 of frame 2/2
    INFO | 2026-08-25 12:55:48 | slittrace.py:get_radec_image:536 | Generating an RA/DEC image with slice_offset=0.000
    INFO | 2026-08-25 12:55:48 | datacube.py:subpixellate:1772 | Resampling slit 14/24 of frame 2/2
    INFO | 2026-08-25 12:55:48 | slittrace.py:get_radec_image:536 | Generating an RA/DEC image with slice_offset=0.000
    INFO | 2026-08-25 12:55:48 | datacube.py:subpixellate:1772 | Resampling slit 15/24 of frame 2/2
    INFO | 2026-08-25 12:55:48 | slittrace.py:get_radec_image:536 | Generating an RA/DEC image with slice_offset=0.000
    INFO | 2026-08-25 12:55:49 | datacube.py:subpixellate:1772 | Resampling slit 16/24 of frame 2/2
    INFO | 2026-08-25 12:55:49 | slittrace.py:get_radec_image:536 | Generating an RA/DEC image with slice_offset=0.000
    INFO | 2026-08-25 12:55:49 | datacube.py:subpixellate:1772 | Resampling slit 17/24 of frame 2/2
    INFO | 2026-08-25 12:55:49 | slittrace.py:get_radec_image:536 | Generating an RA/DEC image with slice_offset=0.000
    INFO | 2026-08-25 12:55:49 | datacube.py:subpixellate:1772 | Resampling slit 18/24 of frame 2/2
    INFO | 2026-08-25 12:55:49 | slittrace.py:get_radec_image:536 | Generating an RA/DEC image with slice_offset=0.000
    INFO | 2026-08-25 12:55:49 | datacube.py:subpixellate:1772 | Resampling slit 19/24 of frame 2/2
    INFO | 2026-08-25 12:55:49 | slittrace.py:get_radec_image:536 | Generating an RA/DEC image with slice_offset=0.000
    INFO | 2026-08-25 12:55:50 | datacube.py:subpixellate:1772 | Resampling slit 20/24 of frame 2/2
    INFO | 2026-08-25 12:55:50 | slittrace.py:get_radec_image:536 | Generating an RA/DEC image with slice_offset=0.000
    INFO | 2026-08-25 12:55:50 | datacube.py:subpixellate:1772 | Resampling slit 21/24 of frame 2/2
    INFO | 2026-08-25 12:55:50 | slittrace.py:get_radec_image:536 | Generating an RA/DEC image with slice_offset=0.000
    INFO | 2026-08-25 12:55:50 | datacube.py:subpixellate:1772 | Resampling slit 22/24 of frame 2/2
    INFO | 2026-08-25 12:55:50 | slittrace.py:get_radec_image:536 | Generating an RA/DEC image with slice_offset=0.000
    INFO | 2026-08-25 12:55:51 | datacube.py:subpixellate:1772 | Resampling slit 23/24 of frame 2/2
    INFO | 2026-08-25 12:55:51 | slittrace.py:get_radec_image:536 | Generating an RA/DEC image with slice_offset=0.000
    INFO | 2026-08-25 12:55:51 | datacube.py:subpixellate:1772 | Resampling slit 24/24 of frame 2/2
    INFO | 2026-08-25 12:55:51 | slittrace.py:get_radec_image:536 | Generating an RA/DEC image with slice_offset=0.000
    INFO | 2026-08-25 12:55:51 | datacube.py:compute_weights:1304 | Calculating the optimal weights of each pixel
    INFO | 2026-08-25 12:55:51 | datacube.py:compute_weights:1329 | Highest S/N object located at spaxel (x, y) = 9, 13
    INFO | 2026-08-25 12:55:51 | datacube.py:generate_WCS:1049 | Generating WCS
    INFO | 2026-08-25 12:55:51 | datacube.py:compute_weights:1353 | Extracting spectrum of highest S/N detection from frame 1/2
    INFO | 2026-08-25 12:55:51 | datacube.py:subpixellate:1770 | Resampling slit 1/24
    INFO | 2026-08-25 12:55:51 | slittrace.py:get_radec_image:536 | Generating an RA/DEC image with slice_offset=0.000
    INFO | 2026-08-25 12:55:52 | datacube.py:subpixellate:1770 | Resampling slit 2/24
    INFO | 2026-08-25 12:55:52 | slittrace.py:get_radec_image:536 | Generating an RA/DEC image with slice_offset=0.000
    INFO | 2026-08-25 12:55:52 | datacube.py:subpixellate:1770 | Resampling slit 3/24
    INFO | 2026-08-25 12:55:52 | slittrace.py:get_radec_image:536 | Generating an RA/DEC image with slice_offset=0.000
    INFO | 2026-08-25 12:55:52 | datacube.py:subpixellate:1770 | Resampling slit 4/24
    INFO | 2026-08-25 12:55:52 | slittrace.py:get_radec_image:536 | Generating an RA/DEC image with slice_offset=0.000
    INFO | 2026-08-25 12:55:52 | datacube.py:subpixellate:1770 | Resampling slit 5/24
    INFO | 2026-08-25 12:55:52 | slittrace.py:get_radec_image:536 | Generating an RA/DEC image with slice_offset=0.000
    INFO | 2026-08-25 12:55:53 | datacube.py:subpixellate:1770 | Resampling slit 6/24
    INFO | 2026-08-25 12:55:53 | slittrace.py:get_radec_image:536 | Generating an RA/DEC image with slice_offset=0.000
    INFO | 2026-08-25 12:55:53 | datacube.py:subpixellate:1770 | Resampling slit 7/24
    INFO | 2026-08-25 12:55:53 | slittrace.py:get_radec_image:536 | Generating an RA/DEC image with slice_offset=0.000
    INFO | 2026-08-25 12:55:53 | datacube.py:subpixellate:1770 | Resampling slit 8/24
    INFO | 2026-08-25 12:55:53 | slittrace.py:get_radec_image:536 | Generating an RA/DEC image with slice_offset=0.000
    INFO | 2026-08-25 12:55:54 | datacube.py:subpixellate:1770 | Resampling slit 9/24
    INFO | 2026-08-25 12:55:54 | slittrace.py:get_radec_image:536 | Generating an RA/DEC image with slice_offset=0.000
    INFO | 2026-08-25 12:55:54 | datacube.py:subpixellate:1770 | Resampling slit 10/24
    INFO | 2026-08-25 12:55:54 | slittrace.py:get_radec_image:536 | Generating an RA/DEC image with slice_offset=0.000
    INFO | 2026-08-25 12:55:54 | datacube.py:subpixellate:1770 | Resampling slit 11/24
    INFO | 2026-08-25 12:55:54 | slittrace.py:get_radec_image:536 | Generating an RA/DEC image with slice_offset=0.000
    INFO | 2026-08-25 12:55:54 | datacube.py:subpixellate:1770 | Resampling slit 12/24
    INFO | 2026-08-25 12:55:55 | slittrace.py:get_radec_image:536 | Generating an RA/DEC image with slice_offset=0.000
    INFO | 2026-08-25 12:55:55 | datacube.py:subpixellate:1770 | Resampling slit 13/24
    INFO | 2026-08-25 12:55:55 | slittrace.py:get_radec_image:536 | Generating an RA/DEC image with slice_offset=0.000
    INFO | 2026-08-25 12:55:55 | datacube.py:subpixellate:1770 | Resampling slit 14/24
    INFO | 2026-08-25 12:55:55 | slittrace.py:get_radec_image:536 | Generating an RA/DEC image with slice_offset=0.000
    INFO | 2026-08-25 12:55:55 | datacube.py:subpixellate:1770 | Resampling slit 15/24
    INFO | 2026-08-25 12:55:55 | slittrace.py:get_radec_image:536 | Generating an RA/DEC image with slice_offset=0.000
    INFO | 2026-08-25 12:55:56 | datacube.py:subpixellate:1770 | Resampling slit 16/24
    INFO | 2026-08-25 12:55:56 | slittrace.py:get_radec_image:536 | Generating an RA/DEC image with slice_offset=0.000
    INFO | 2026-08-25 12:55:56 | datacube.py:subpixellate:1770 | Resampling slit 17/24
    INFO | 2026-08-25 12:55:56 | slittrace.py:get_radec_image:536 | Generating an RA/DEC image with slice_offset=0.000
    INFO | 2026-08-25 12:55:56 | datacube.py:subpixellate:1770 | Resampling slit 18/24
    INFO | 2026-08-25 12:55:56 | slittrace.py:get_radec_image:536 | Generating an RA/DEC image with slice_offset=0.000
    INFO | 2026-08-25 12:55:57 | datacube.py:subpixellate:1770 | Resampling slit 19/24
    INFO | 2026-08-25 12:55:57 | slittrace.py:get_radec_image:536 | Generating an RA/DEC image with slice_offset=0.000
    INFO | 2026-08-25 12:55:57 | datacube.py:subpixellate:1770 | Resampling slit 20/24
    INFO | 2026-08-25 12:55:57 | slittrace.py:get_radec_image:536 | Generating an RA/DEC image with slice_offset=0.000
    INFO | 2026-08-25 12:55:57 | datacube.py:subpixellate:1770 | Resampling slit 21/24
    INFO | 2026-08-25 12:55:57 | slittrace.py:get_radec_image:536 | Generating an RA/DEC image with slice_offset=0.000
    INFO | 2026-08-25 12:55:57 | datacube.py:subpixellate:1770 | Resampling slit 22/24
    INFO | 2026-08-25 12:55:58 | slittrace.py:get_radec_image:536 | Generating an RA/DEC image with slice_offset=0.000
    INFO | 2026-08-25 12:55:58 | datacube.py:subpixellate:1770 | Resampling slit 23/24
    INFO | 2026-08-25 12:55:58 | slittrace.py:get_radec_image:536 | Generating an RA/DEC image with slice_offset=0.000
    INFO | 2026-08-25 12:55:58 | datacube.py:subpixellate:1770 | Resampling slit 24/24
    INFO | 2026-08-25 12:55:58 | slittrace.py:get_radec_image:536 | Generating an RA/DEC image with slice_offset=0.000
    INFO | 2026-08-25 12:55:58 | datacube.py:compute_weights:1353 | Extracting spectrum of highest S/N detection from frame 2/2
    INFO | 2026-08-25 12:55:58 | datacube.py:subpixellate:1770 | Resampling slit 1/24
    INFO | 2026-08-25 12:55:58 | slittrace.py:get_radec_image:536 | Generating an RA/DEC image with slice_offset=0.000
    INFO | 2026-08-25 12:55:59 | datacube.py:subpixellate:1770 | Resampling slit 2/24
    INFO | 2026-08-25 12:55:59 | slittrace.py:get_radec_image:536 | Generating an RA/DEC image with slice_offset=0.000
    INFO | 2026-08-25 12:55:59 | datacube.py:subpixellate:1770 | Resampling slit 3/24
    INFO | 2026-08-25 12:55:59 | slittrace.py:get_radec_image:536 | Generating an RA/DEC image with slice_offset=0.000
    INFO | 2026-08-25 12:55:59 | datacube.py:subpixellate:1770 | Resampling slit 4/24
    INFO | 2026-08-25 12:55:59 | slittrace.py:get_radec_image:536 | Generating an RA/DEC image with slice_offset=0.000
    INFO | 2026-08-25 12:56:00 | datacube.py:subpixellate:1770 | Resampling slit 5/24
    INFO | 2026-08-25 12:56:00 | slittrace.py:get_radec_image:536 | Generating an RA/DEC image with slice_offset=0.000
    INFO | 2026-08-25 12:56:00 | datacube.py:subpixellate:1770 | Resampling slit 6/24
    INFO | 2026-08-25 12:56:00 | slittrace.py:get_radec_image:536 | Generating an RA/DEC image with slice_offset=0.000
    INFO | 2026-08-25 12:56:00 | datacube.py:subpixellate:1770 | Resampling slit 7/24
    INFO | 2026-08-25 12:56:00 | slittrace.py:get_radec_image:536 | Generating an RA/DEC image with slice_offset=0.000
    INFO | 2026-08-25 12:56:01 | datacube.py:subpixellate:1770 | Resampling slit 8/24
    INFO | 2026-08-25 12:56:01 | slittrace.py:get_radec_image:536 | Generating an RA/DEC image with slice_offset=0.000
    INFO | 2026-08-25 12:56:01 | datacube.py:subpixellate:1770 | Resampling slit 9/24
    INFO | 2026-08-25 12:56:01 | slittrace.py:get_radec_image:536 | Generating an RA/DEC image with slice_offset=0.000
    INFO | 2026-08-25 12:56:01 | datacube.py:subpixellate:1770 | Resampling slit 10/24
    INFO | 2026-08-25 12:56:01 | slittrace.py:get_radec_image:536 | Generating an RA/DEC image with slice_offset=0.000
    INFO | 2026-08-25 12:56:01 | datacube.py:subpixellate:1770 | Resampling slit 11/24
    INFO | 2026-08-25 12:56:02 | slittrace.py:get_radec_image:536 | Generating an RA/DEC image with slice_offset=0.000
    INFO | 2026-08-25 12:56:02 | datacube.py:subpixellate:1770 | Resampling slit 12/24
    INFO | 2026-08-25 12:56:02 | slittrace.py:get_radec_image:536 | Generating an RA/DEC image with slice_offset=0.000
    INFO | 2026-08-25 12:56:02 | datacube.py:subpixellate:1770 | Resampling slit 13/24
    INFO | 2026-08-25 12:56:02 | slittrace.py:get_radec_image:536 | Generating an RA/DEC image with slice_offset=0.000
    INFO | 2026-08-25 12:56:02 | datacube.py:subpixellate:1770 | Resampling slit 14/24
    INFO | 2026-08-25 12:56:02 | slittrace.py:get_radec_image:536 | Generating an RA/DEC image with slice_offset=0.000
    INFO | 2026-08-25 12:56:03 | datacube.py:subpixellate:1770 | Resampling slit 15/24
    INFO | 2026-08-25 12:56:03 | slittrace.py:get_radec_image:536 | Generating an RA/DEC image with slice_offset=0.000
    INFO | 2026-08-25 12:56:03 | datacube.py:subpixellate:1770 | Resampling slit 16/24
    INFO | 2026-08-25 12:56:03 | slittrace.py:get_radec_image:536 | Generating an RA/DEC image with slice_offset=0.000
    INFO | 2026-08-25 12:56:03 | datacube.py:subpixellate:1770 | Resampling slit 17/24
    INFO | 2026-08-25 12:56:03 | slittrace.py:get_radec_image:536 | Generating an RA/DEC image with slice_offset=0.000
    INFO | 2026-08-25 12:56:04 | datacube.py:subpixellate:1770 | Resampling slit 18/24
    INFO | 2026-08-25 12:56:04 | slittrace.py:get_radec_image:536 | Generating an RA/DEC image with slice_offset=0.000
    INFO | 2026-08-25 12:56:04 | datacube.py:subpixellate:1770 | Resampling slit 19/24
    INFO | 2026-08-25 12:56:04 | slittrace.py:get_radec_image:536 | Generating an RA/DEC image with slice_offset=0.000
    INFO | 2026-08-25 12:56:04 | datacube.py:subpixellate:1770 | Resampling slit 20/24
    INFO | 2026-08-25 12:56:04 | slittrace.py:get_radec_image:536 | Generating an RA/DEC image with slice_offset=0.000
    INFO | 2026-08-25 12:56:05 | datacube.py:subpixellate:1770 | Resampling slit 21/24
    INFO | 2026-08-25 12:56:05 | slittrace.py:get_radec_image:536 | Generating an RA/DEC image with slice_offset=0.000
    INFO | 2026-08-25 12:56:05 | datacube.py:subpixellate:1770 | Resampling slit 22/24
    INFO | 2026-08-25 12:56:05 | slittrace.py:get_radec_image:536 | Generating an RA/DEC image with slice_offset=0.000
    INFO | 2026-08-25 12:56:05 | datacube.py:subpixellate:1770 | Resampling slit 23/24
    INFO | 2026-08-25 12:56:05 | slittrace.py:get_radec_image:536 | Generating an RA/DEC image with slice_offset=0.000
    INFO | 2026-08-25 12:56:05 | datacube.py:subpixellate:1770 | Resampling slit 24/24
    INFO | 2026-08-25 12:56:05 | slittrace.py:get_radec_image:536 | Generating an RA/DEC image with slice_offset=0.000
    INFO | 2026-08-25 12:56:06 | datacube.py:compute_weights:1384 | Optimal weighting complete
    INFO | 2026-08-25 12:56:06 | datacube.py:generate_WCS:1049 | Generating WCS
    INFO | 2026-08-25 12:56:06 | datacube.py:create_wcs:1008 | 
----------------------------------------
Parameters of the WCS:
RA   min = 349.99097768147806
DEC  min = -5.168346440418178
WAVE min, max = 8136.7368437371915, 9035.783914657804
Spaxel size = 0.6789240000000001 arcsec
Wavelength step = 0.40479886873254145 A
----------------------------------------
    INFO | 2026-08-25 12:56:06 | datacube.py:get_whitelight_range:606 | The white light images will cover the wavelength range: 8204.10A - 8969.07A
    INFO | 2026-08-25 12:56:06 | datacube.py:subpixellate:1772 | Resampling slit 1/24 of frame 1/2
    INFO | 2026-08-25 12:56:06 | datacube.py:subpixellate:1807 | Resampling subslice 1/5
    INFO | 2026-08-25 12:56:06 | slittrace.py:get_radec_image:536 | Generating an RA/DEC image with slice_offset=-0.400
    INFO | 2026-08-25 12:56:07 | datacube.py:subpixellate:1807 | Resampling subslice 2/5
    INFO | 2026-08-25 12:56:07 | slittrace.py:get_radec_image:536 | Generating an RA/DEC image with slice_offset=-0.200
    INFO | 2026-08-25 12:56:08 | datacube.py:subpixellate:1807 | Resampling subslice 3/5
    INFO | 2026-08-25 12:56:08 | slittrace.py:get_radec_image:536 | Generating an RA/DEC image with slice_offset=0.000
    INFO | 2026-08-25 12:56:09 | datacube.py:subpixellate:1807 | Resampling subslice 4/5
    INFO | 2026-08-25 12:56:09 | slittrace.py:get_radec_image:536 | Generating an RA/DEC image with slice_offset=0.200
    INFO | 2026-08-25 12:56:10 | datacube.py:subpixellate:1807 | Resampling subslice 5/5
    INFO | 2026-08-25 12:56:10 | slittrace.py:get_radec_image:536 | Generating an RA/DEC image with slice_offset=0.400
    INFO | 2026-08-25 12:56:10 | datacube.py:subpixellate:1832 | Preparing subpixel weights
    INFO | 2026-08-25 12:56:13 | datacube.py:subpixellate:1772 | Resampling slit 2/24 of frame 1/2
    INFO | 2026-08-25 12:56:13 | datacube.py:subpixellate:1807 | Resampling subslice 1/5
    INFO | 2026-08-25 12:56:13 | slittrace.py:get_radec_image:536 | Generating an RA/DEC image with slice_offset=-0.400
    INFO | 2026-08-25 12:56:14 | datacube.py:subpixellate:1807 | Resampling subslice 2/5
    INFO | 2026-08-25 12:56:14 | slittrace.py:get_radec_image:536 | Generating an RA/DEC image with slice_offset=-0.200
    INFO | 2026-08-25 12:56:15 | datacube.py:subpixellate:1807 | Resampling subslice 3/5
    INFO | 2026-08-25 12:56:15 | slittrace.py:get_radec_image:536 | Generating an RA/DEC image with slice_offset=0.000
    INFO | 2026-08-25 12:56:16 | datacube.py:subpixellate:1807 | Resampling subslice 4/5
    INFO | 2026-08-25 12:56:16 | slittrace.py:get_radec_image:536 | Generating an RA/DEC image with slice_offset=0.200
    INFO | 2026-08-25 12:56:16 | datacube.py:subpixellate:1807 | Resampling subslice 5/5
    INFO | 2026-08-25 12:56:16 | slittrace.py:get_radec_image:536 | Generating an RA/DEC image with slice_offset=0.400
    INFO | 2026-08-25 12:56:17 | datacube.py:subpixellate:1832 | Preparing subpixel weights
    INFO | 2026-08-25 12:56:20 | datacube.py:subpixellate:1772 | Resampling slit 3/24 of frame 1/2
    INFO | 2026-08-25 12:56:20 | datacube.py:subpixellate:1807 | Resampling subslice 1/5
    INFO | 2026-08-25 12:56:20 | slittrace.py:get_radec_image:536 | Generating an RA/DEC image with slice_offset=-0.400
    INFO | 2026-08-25 12:56:21 | datacube.py:subpixellate:1807 | Resampling subslice 2/5
    INFO | 2026-08-25 12:56:21 | slittrace.py:get_radec_image:536 | Generating an RA/DEC image with slice_offset=-0.200
    INFO | 2026-08-25 12:56:22 | datacube.py:subpixellate:1807 | Resampling subslice 3/5
    INFO | 2026-08-25 12:56:22 | slittrace.py:get_radec_image:536 | Generating an RA/DEC image with slice_offset=0.000
    INFO | 2026-08-25 12:56:22 | datacube.py:subpixellate:1807 | Resampling subslice 4/5
    INFO | 2026-08-25 12:56:22 | slittrace.py:get_radec_image:536 | Generating an RA/DEC image with slice_offset=0.200
    INFO | 2026-08-25 12:56:23 | datacube.py:subpixellate:1807 | Resampling subslice 5/5
    INFO | 2026-08-25 12:56:23 | slittrace.py:get_radec_image:536 | Generating an RA/DEC image with slice_offset=0.400
    INFO | 2026-08-25 12:56:24 | datacube.py:subpixellate:1832 | Preparing subpixel weights
    INFO | 2026-08-25 12:56:27 | datacube.py:subpixellate:1772 | Resampling slit 4/24 of frame 1/2
    INFO | 2026-08-25 12:56:27 | datacube.py:subpixellate:1807 | Resampling subslice 1/5
    INFO | 2026-08-25 12:56:27 | slittrace.py:get_radec_image:536 | Generating an RA/DEC image with slice_offset=-0.400
    INFO | 2026-08-25 12:56:28 | datacube.py:subpixellate:1807 | Resampling subslice 2/5
    INFO | 2026-08-25 12:56:28 | slittrace.py:get_radec_image:536 | Generating an RA/DEC image with slice_offset=-0.200
    INFO | 2026-08-25 12:56:28 | datacube.py:subpixellate:1807 | Resampling subslice 3/5
    INFO | 2026-08-25 12:56:28 | slittrace.py:get_radec_image:536 | Generating an RA/DEC image with slice_offset=0.000
    INFO | 2026-08-25 12:56:29 | datacube.py:subpixellate:1807 | Resampling subslice 4/5
    INFO | 2026-08-25 12:56:29 | slittrace.py:get_radec_image:536 | Generating an RA/DEC image with slice_offset=0.200
    INFO | 2026-08-25 12:56:30 | datacube.py:subpixellate:1807 | Resampling subslice 5/5
    INFO | 2026-08-25 12:56:30 | slittrace.py:get_radec_image:536 | Generating an RA/DEC image with slice_offset=0.400
    INFO | 2026-08-25 12:56:31 | datacube.py:subpixellate:1832 | Preparing subpixel weights
    INFO | 2026-08-25 12:56:33 | datacube.py:subpixellate:1772 | Resampling slit 5/24 of frame 1/2
    INFO | 2026-08-25 12:56:34 | datacube.py:subpixellate:1807 | Resampling subslice 1/5
    INFO | 2026-08-25 12:56:34 | slittrace.py:get_radec_image:536 | Generating an RA/DEC image with slice_offset=-0.400
    INFO | 2026-08-25 12:56:35 | datacube.py:subpixellate:1807 | Resampling subslice 2/5
    INFO | 2026-08-25 12:56:35 | slittrace.py:get_radec_image:536 | Generating an RA/DEC image with slice_offset=-0.200
    INFO | 2026-08-25 12:56:35 | datacube.py:subpixellate:1807 | Resampling subslice 3/5
    INFO | 2026-08-25 12:56:35 | slittrace.py:get_radec_image:536 | Generating an RA/DEC image with slice_offset=0.000
    INFO | 2026-08-25 12:56:36 | datacube.py:subpixellate:1807 | Resampling subslice 4/5
    INFO | 2026-08-25 12:56:36 | slittrace.py:get_radec_image:536 | Generating an RA/DEC image with slice_offset=0.200
    INFO | 2026-08-25 12:56:37 | datacube.py:subpixellate:1807 | Resampling subslice 5/5
    INFO | 2026-08-25 12:56:37 | slittrace.py:get_radec_image:536 | Generating an RA/DEC image with slice_offset=0.400
    INFO | 2026-08-25 12:56:38 | datacube.py:subpixellate:1832 | Preparing subpixel weights
    INFO | 2026-08-25 12:56:40 | datacube.py:subpixellate:1772 | Resampling slit 6/24 of frame 1/2
    INFO | 2026-08-25 12:56:40 | datacube.py:subpixellate:1807 | Resampling subslice 1/5
    INFO | 2026-08-25 12:56:40 | slittrace.py:get_radec_image:536 | Generating an RA/DEC image with slice_offset=-0.400
    INFO | 2026-08-25 12:56:41 | datacube.py:subpixellate:1807 | Resampling subslice 2/5
    INFO | 2026-08-25 12:56:41 | slittrace.py:get_radec_image:536 | Generating an RA/DEC image with slice_offset=-0.200
    INFO | 2026-08-25 12:56:42 | datacube.py:subpixellate:1807 | Resampling subslice 3/5
    INFO | 2026-08-25 12:56:42 | slittrace.py:get_radec_image:536 | Generating an RA/DEC image with slice_offset=0.000
    INFO | 2026-08-25 12:56:43 | datacube.py:subpixellate:1807 | Resampling subslice 4/5
    INFO | 2026-08-25 12:56:43 | slittrace.py:get_radec_image:536 | Generating an RA/DEC image with slice_offset=0.200
    INFO | 2026-08-25 12:56:44 | datacube.py:subpixellate:1807 | Resampling subslice 5/5
    INFO | 2026-08-25 12:56:44 | slittrace.py:get_radec_image:536 | Generating an RA/DEC image with slice_offset=0.400
    INFO | 2026-08-25 12:56:44 | datacube.py:subpixellate:1832 | Preparing subpixel weights
    INFO | 2026-08-25 12:56:47 | datacube.py:subpixellate:1772 | Resampling slit 7/24 of frame 1/2
    INFO | 2026-08-25 12:56:47 | datacube.py:subpixellate:1807 | Resampling subslice 1/5
    INFO | 2026-08-25 12:56:47 | slittrace.py:get_radec_image:536 | Generating an RA/DEC image with slice_offset=-0.400
    INFO | 2026-08-25 12:56:48 | datacube.py:subpixellate:1807 | Resampling subslice 2/5
    INFO | 2026-08-25 12:56:48 | slittrace.py:get_radec_image:536 | Generating an RA/DEC image with slice_offset=-0.200
    INFO | 2026-08-25 12:56:49 | datacube.py:subpixellate:1807 | Resampling subslice 3/5
    INFO | 2026-08-25 12:56:49 | slittrace.py:get_radec_image:536 | Generating an RA/DEC image with slice_offset=0.000
    INFO | 2026-08-25 12:56:50 | datacube.py:subpixellate:1807 | Resampling subslice 4/5
    INFO | 2026-08-25 12:56:50 | slittrace.py:get_radec_image:536 | Generating an RA/DEC image with slice_offset=0.200
    INFO | 2026-08-25 12:56:50 | datacube.py:subpixellate:1807 | Resampling subslice 5/5
    INFO | 2026-08-25 12:56:50 | slittrace.py:get_radec_image:536 | Generating an RA/DEC image with slice_offset=0.400
    INFO | 2026-08-25 12:56:51 | datacube.py:subpixellate:1832 | Preparing subpixel weights
    INFO | 2026-08-25 12:56:54 | datacube.py:subpixellate:1772 | Resampling slit 8/24 of frame 1/2
    INFO | 2026-08-25 12:56:54 | datacube.py:subpixellate:1807 | Resampling subslice 1/5
    INFO | 2026-08-25 12:56:54 | slittrace.py:get_radec_image:536 | Generating an RA/DEC image with slice_offset=-0.400
    INFO | 2026-08-25 12:56:55 | datacube.py:subpixellate:1807 | Resampling subslice 2/5
    INFO | 2026-08-25 12:56:55 | slittrace.py:get_radec_image:536 | Generating an RA/DEC image with slice_offset=-0.200
    INFO | 2026-08-25 12:56:56 | datacube.py:subpixellate:1807 | Resampling subslice 3/5
    INFO | 2026-08-25 12:56:56 | slittrace.py:get_radec_image:536 | Generating an RA/DEC image with slice_offset=0.000
    INFO | 2026-08-25 12:56:56 | datacube.py:subpixellate:1807 | Resampling subslice 4/5
    INFO | 2026-08-25 12:56:56 | slittrace.py:get_radec_image:536 | Generating an RA/DEC image with slice_offset=0.200
    INFO | 2026-08-25 12:56:57 | datacube.py:subpixellate:1807 | Resampling subslice 5/5
    INFO | 2026-08-25 12:56:57 | slittrace.py:get_radec_image:536 | Generating an RA/DEC image with slice_offset=0.400
    INFO | 2026-08-25 12:56:58 | datacube.py:subpixellate:1832 | Preparing subpixel weights
    INFO | 2026-08-25 12:57:00 | datacube.py:subpixellate:1772 | Resampling slit 9/24 of frame 1/2
    INFO | 2026-08-25 12:57:01 | datacube.py:subpixellate:1807 | Resampling subslice 1/5
    INFO | 2026-08-25 12:57:01 | slittrace.py:get_radec_image:536 | Generating an RA/DEC image with slice_offset=-0.400
    INFO | 2026-08-25 12:57:02 | datacube.py:subpixellate:1807 | Resampling subslice 2/5
    INFO | 2026-08-25 12:57:02 | slittrace.py:get_radec_image:536 | Generating an RA/DEC image with slice_offset=-0.200
    INFO | 2026-08-25 12:57:02 | datacube.py:subpixellate:1807 | Resampling subslice 3/5
    INFO | 2026-08-25 12:57:02 | slittrace.py:get_radec_image:536 | Generating an RA/DEC image with slice_offset=0.000
    INFO | 2026-08-25 12:57:03 | datacube.py:subpixellate:1807 | Resampling subslice 4/5
    INFO | 2026-08-25 12:57:03 | slittrace.py:get_radec_image:536 | Generating an RA/DEC image with slice_offset=0.200
    INFO | 2026-08-25 12:57:04 | datacube.py:subpixellate:1807 | Resampling subslice 5/5
    INFO | 2026-08-25 12:57:04 | slittrace.py:get_radec_image:536 | Generating an RA/DEC image with slice_offset=0.400
    INFO | 2026-08-25 12:57:05 | datacube.py:subpixellate:1832 | Preparing subpixel weights
    INFO | 2026-08-25 12:57:07 | datacube.py:subpixellate:1772 | Resampling slit 10/24 of frame 1/2
    INFO | 2026-08-25 12:57:08 | datacube.py:subpixellate:1807 | Resampling subslice 1/5
    INFO | 2026-08-25 12:57:08 | slittrace.py:get_radec_image:536 | Generating an RA/DEC image with slice_offset=-0.400
    INFO | 2026-08-25 12:57:08 | datacube.py:subpixellate:1807 | Resampling subslice 2/5
    INFO | 2026-08-25 12:57:08 | slittrace.py:get_radec_image:536 | Generating an RA/DEC image with slice_offset=-0.200
    INFO | 2026-08-25 12:57:09 | datacube.py:subpixellate:1807 | Resampling subslice 3/5
    INFO | 2026-08-25 12:57:09 | slittrace.py:get_radec_image:536 | Generating an RA/DEC image with slice_offset=0.000
    INFO | 2026-08-25 12:57:10 | datacube.py:subpixellate:1807 | Resampling subslice 4/5
    INFO | 2026-08-25 12:57:10 | slittrace.py:get_radec_image:536 | Generating an RA/DEC image with slice_offset=0.200
    INFO | 2026-08-25 12:57:11 | datacube.py:subpixellate:1807 | Resampling subslice 5/5
    INFO | 2026-08-25 12:57:11 | slittrace.py:get_radec_image:536 | Generating an RA/DEC image with slice_offset=0.400
    INFO | 2026-08-25 12:57:12 | datacube.py:subpixellate:1832 | Preparing subpixel weights
    INFO | 2026-08-25 12:57:14 | datacube.py:subpixellate:1772 | Resampling slit 11/24 of frame 1/2
    INFO | 2026-08-25 12:57:14 | datacube.py:subpixellate:1807 | Resampling subslice 1/5
    INFO | 2026-08-25 12:57:14 | slittrace.py:get_radec_image:536 | Generating an RA/DEC image with slice_offset=-0.400
    INFO | 2026-08-25 12:57:15 | datacube.py:subpixellate:1807 | Resampling subslice 2/5
    INFO | 2026-08-25 12:57:15 | slittrace.py:get_radec_image:536 | Generating an RA/DEC image with slice_offset=-0.200
    INFO | 2026-08-25 12:57:16 | datacube.py:subpixellate:1807 | Resampling subslice 3/5
    INFO | 2026-08-25 12:57:16 | slittrace.py:get_radec_image:536 | Generating an RA/DEC image with slice_offset=0.000
    INFO | 2026-08-25 12:57:17 | datacube.py:subpixellate:1807 | Resampling subslice 4/5
    INFO | 2026-08-25 12:57:17 | slittrace.py:get_radec_image:536 | Generating an RA/DEC image with slice_offset=0.200
    INFO | 2026-08-25 12:57:18 | datacube.py:subpixellate:1807 | Resampling subslice 5/5
    INFO | 2026-08-25 12:57:18 | slittrace.py:get_radec_image:536 | Generating an RA/DEC image with slice_offset=0.400
    INFO | 2026-08-25 12:57:18 | datacube.py:subpixellate:1832 | Preparing subpixel weights
    INFO | 2026-08-25 12:57:21 | datacube.py:subpixellate:1772 | Resampling slit 12/24 of frame 1/2
    INFO | 2026-08-25 12:57:21 | datacube.py:subpixellate:1807 | Resampling subslice 1/5
    INFO | 2026-08-25 12:57:21 | slittrace.py:get_radec_image:536 | Generating an RA/DEC image with slice_offset=-0.400
    INFO | 2026-08-25 12:57:22 | datacube.py:subpixellate:1807 | Resampling subslice 2/5
    INFO | 2026-08-25 12:57:22 | slittrace.py:get_radec_image:536 | Generating an RA/DEC image with slice_offset=-0.200
    INFO | 2026-08-25 12:57:23 | datacube.py:subpixellate:1807 | Resampling subslice 3/5
    INFO | 2026-08-25 12:57:23 | slittrace.py:get_radec_image:536 | Generating an RA/DEC image with slice_offset=0.000
    INFO | 2026-08-25 12:57:24 | datacube.py:subpixellate:1807 | Resampling subslice 4/5
    INFO | 2026-08-25 12:57:24 | slittrace.py:get_radec_image:536 | Generating an RA/DEC image with slice_offset=0.200
    INFO | 2026-08-25 12:57:24 | datacube.py:subpixellate:1807 | Resampling subslice 5/5
    INFO | 2026-08-25 12:57:24 | slittrace.py:get_radec_image:536 | Generating an RA/DEC image with slice_offset=0.400
    INFO | 2026-08-25 12:57:25 | datacube.py:subpixellate:1832 | Preparing subpixel weights
    INFO | 2026-08-25 12:57:28 | datacube.py:subpixellate:1772 | Resampling slit 13/24 of frame 1/2
    INFO | 2026-08-25 12:57:28 | datacube.py:subpixellate:1807 | Resampling subslice 1/5
    INFO | 2026-08-25 12:57:28 | slittrace.py:get_radec_image:536 | Generating an RA/DEC image with slice_offset=-0.400
    INFO | 2026-08-25 12:57:29 | datacube.py:subpixellate:1807 | Resampling subslice 2/5
    INFO | 2026-08-25 12:57:29 | slittrace.py:get_radec_image:536 | Generating an RA/DEC image with slice_offset=-0.200
    INFO | 2026-08-25 12:57:30 | datacube.py:subpixellate:1807 | Resampling subslice 3/5
    INFO | 2026-08-25 12:57:30 | slittrace.py:get_radec_image:536 | Generating an RA/DEC image with slice_offset=0.000
    INFO | 2026-08-25 12:57:30 | datacube.py:subpixellate:1807 | Resampling subslice 4/5
    INFO | 2026-08-25 12:57:30 | slittrace.py:get_radec_image:536 | Generating an RA/DEC image with slice_offset=0.200
    INFO | 2026-08-25 12:57:31 | datacube.py:subpixellate:1807 | Resampling subslice 5/5
    INFO | 2026-08-25 12:57:31 | slittrace.py:get_radec_image:536 | Generating an RA/DEC image with slice_offset=0.400
    INFO | 2026-08-25 12:57:32 | datacube.py:subpixellate:1832 | Preparing subpixel weights
    INFO | 2026-08-25 12:57:34 | datacube.py:subpixellate:1772 | Resampling slit 14/24 of frame 1/2
    INFO | 2026-08-25 12:57:35 | datacube.py:subpixellate:1807 | Resampling subslice 1/5
    INFO | 2026-08-25 12:57:35 | slittrace.py:get_radec_image:536 | Generating an RA/DEC image with slice_offset=-0.400
    INFO | 2026-08-25 12:57:36 | datacube.py:subpixellate:1807 | Resampling subslice 2/5
    INFO | 2026-08-25 12:57:36 | slittrace.py:get_radec_image:536 | Generating an RA/DEC image with slice_offset=-0.200
    INFO | 2026-08-25 12:57:36 | datacube.py:subpixellate:1807 | Resampling subslice 3/5
    INFO | 2026-08-25 12:57:36 | slittrace.py:get_radec_image:536 | Generating an RA/DEC image with slice_offset=0.000
    INFO | 2026-08-25 12:57:37 | datacube.py:subpixellate:1807 | Resampling subslice 4/5
    INFO | 2026-08-25 12:57:37 | slittrace.py:get_radec_image:536 | Generating an RA/DEC image with slice_offset=0.200
    INFO | 2026-08-25 12:57:38 | datacube.py:subpixellate:1807 | Resampling subslice 5/5
    INFO | 2026-08-25 12:57:38 | slittrace.py:get_radec_image:536 | Generating an RA/DEC image with slice_offset=0.400
    INFO | 2026-08-25 12:57:39 | datacube.py:subpixellate:1832 | Preparing subpixel weights
    INFO | 2026-08-25 12:57:41 | datacube.py:subpixellate:1772 | Resampling slit 15/24 of frame 1/2
    INFO | 2026-08-25 12:57:41 | datacube.py:subpixellate:1807 | Resampling subslice 1/5
    INFO | 2026-08-25 12:57:41 | slittrace.py:get_radec_image:536 | Generating an RA/DEC image with slice_offset=-0.400
    INFO | 2026-08-25 12:57:42 | datacube.py:subpixellate:1807 | Resampling subslice 2/5
    INFO | 2026-08-25 12:57:42 | slittrace.py:get_radec_image:536 | Generating an RA/DEC image with slice_offset=-0.200
    INFO | 2026-08-25 12:57:43 | datacube.py:subpixellate:1807 | Resampling subslice 3/5
    INFO | 2026-08-25 12:57:43 | slittrace.py:get_radec_image:536 | Generating an RA/DEC image with slice_offset=0.000
    INFO | 2026-08-25 12:57:44 | datacube.py:subpixellate:1807 | Resampling subslice 4/5
    INFO | 2026-08-25 12:57:44 | slittrace.py:get_radec_image:536 | Generating an RA/DEC image with slice_offset=0.200
    INFO | 2026-08-25 12:57:44 | datacube.py:subpixellate:1807 | Resampling subslice 5/5
    INFO | 2026-08-25 12:57:44 | slittrace.py:get_radec_image:536 | Generating an RA/DEC image with slice_offset=0.400
    INFO | 2026-08-25 12:57:45 | datacube.py:subpixellate:1832 | Preparing subpixel weights
    INFO | 2026-08-25 12:57:48 | datacube.py:subpixellate:1772 | Resampling slit 16/24 of frame 1/2
    INFO | 2026-08-25 12:57:48 | datacube.py:subpixellate:1807 | Resampling subslice 1/5
    INFO | 2026-08-25 12:57:48 | slittrace.py:get_radec_image:536 | Generating an RA/DEC image with slice_offset=-0.400
    INFO | 2026-08-25 12:57:49 | datacube.py:subpixellate:1807 | Resampling subslice 2/5
    INFO | 2026-08-25 12:57:49 | slittrace.py:get_radec_image:536 | Generating an RA/DEC image with slice_offset=-0.200
    INFO | 2026-08-25 12:57:50 | datacube.py:subpixellate:1807 | Resampling subslice 3/5
    INFO | 2026-08-25 12:57:50 | slittrace.py:get_radec_image:536 | Generating an RA/DEC image with slice_offset=0.000
    INFO | 2026-08-25 12:57:50 | datacube.py:subpixellate:1807 | Resampling subslice 4/5
    INFO | 2026-08-25 12:57:50 | slittrace.py:get_radec_image:536 | Generating an RA/DEC image with slice_offset=0.200
    INFO | 2026-08-25 12:57:51 | datacube.py:subpixellate:1807 | Resampling subslice 5/5
    INFO | 2026-08-25 12:57:51 | slittrace.py:get_radec_image:536 | Generating an RA/DEC image with slice_offset=0.400
    INFO | 2026-08-25 12:57:52 | datacube.py:subpixellate:1832 | Preparing subpixel weights
    INFO | 2026-08-25 12:57:54 | datacube.py:subpixellate:1772 | Resampling slit 17/24 of frame 1/2
    INFO | 2026-08-25 12:57:55 | datacube.py:subpixellate:1807 | Resampling subslice 1/5
    INFO | 2026-08-25 12:57:55 | slittrace.py:get_radec_image:536 | Generating an RA/DEC image with slice_offset=-0.400
    INFO | 2026-08-25 12:57:56 | datacube.py:subpixellate:1807 | Resampling subslice 2/5
    INFO | 2026-08-25 12:57:56 | slittrace.py:get_radec_image:536 | Generating an RA/DEC image with slice_offset=-0.200
    INFO | 2026-08-25 12:57:56 | datacube.py:subpixellate:1807 | Resampling subslice 3/5
    INFO | 2026-08-25 12:57:56 | slittrace.py:get_radec_image:536 | Generating an RA/DEC image with slice_offset=0.000
    INFO | 2026-08-25 12:57:57 | datacube.py:subpixellate:1807 | Resampling subslice 4/5
    INFO | 2026-08-25 12:57:57 | slittrace.py:get_radec_image:536 | Generating an RA/DEC image with slice_offset=0.200
    INFO | 2026-08-25 12:57:58 | datacube.py:subpixellate:1807 | Resampling subslice 5/5
    INFO | 2026-08-25 12:57:58 | slittrace.py:get_radec_image:536 | Generating an RA/DEC image with slice_offset=0.400
    INFO | 2026-08-25 12:57:59 | datacube.py:subpixellate:1832 | Preparing subpixel weights
    INFO | 2026-08-25 12:58:01 | datacube.py:subpixellate:1772 | Resampling slit 18/24 of frame 1/2
    INFO | 2026-08-25 12:58:01 | datacube.py:subpixellate:1807 | Resampling subslice 1/5
    INFO | 2026-08-25 12:58:01 | slittrace.py:get_radec_image:536 | Generating an RA/DEC image with slice_offset=-0.400
    INFO | 2026-08-25 12:58:02 | datacube.py:subpixellate:1807 | Resampling subslice 2/5
    INFO | 2026-08-25 12:58:02 | slittrace.py:get_radec_image:536 | Generating an RA/DEC image with slice_offset=-0.200
    INFO | 2026-08-25 12:58:03 | datacube.py:subpixellate:1807 | Resampling subslice 3/5
    INFO | 2026-08-25 12:58:03 | slittrace.py:get_radec_image:536 | Generating an RA/DEC image with slice_offset=0.000
    INFO | 2026-08-25 12:58:04 | datacube.py:subpixellate:1807 | Resampling subslice 4/5
    INFO | 2026-08-25 12:58:04 | slittrace.py:get_radec_image:536 | Generating an RA/DEC image with slice_offset=0.200
    INFO | 2026-08-25 12:58:05 | datacube.py:subpixellate:1807 | Resampling subslice 5/5
    INFO | 2026-08-25 12:58:05 | slittrace.py:get_radec_image:536 | Generating an RA/DEC image with slice_offset=0.400
    INFO | 2026-08-25 12:58:05 | datacube.py:subpixellate:1832 | Preparing subpixel weights
    INFO | 2026-08-25 12:58:08 | datacube.py:subpixellate:1772 | Resampling slit 19/24 of frame 1/2
    INFO | 2026-08-25 12:58:08 | datacube.py:subpixellate:1807 | Resampling subslice 1/5
    INFO | 2026-08-25 12:58:08 | slittrace.py:get_radec_image:536 | Generating an RA/DEC image with slice_offset=-0.400
    INFO | 2026-08-25 12:58:09 | datacube.py:subpixellate:1807 | Resampling subslice 2/5
    INFO | 2026-08-25 12:58:09 | slittrace.py:get_radec_image:536 | Generating an RA/DEC image with slice_offset=-0.200
    INFO | 2026-08-25 12:58:10 | datacube.py:subpixellate:1807 | Resampling subslice 3/5
    INFO | 2026-08-25 12:58:10 | slittrace.py:get_radec_image:536 | Generating an RA/DEC image with slice_offset=0.000
    INFO | 2026-08-25 12:58:11 | datacube.py:subpixellate:1807 | Resampling subslice 4/5
    INFO | 2026-08-25 12:58:11 | slittrace.py:get_radec_image:536 | Generating an RA/DEC image with slice_offset=0.200
    INFO | 2026-08-25 12:58:11 | datacube.py:subpixellate:1807 | Resampling subslice 5/5
    INFO | 2026-08-25 12:58:11 | slittrace.py:get_radec_image:536 | Generating an RA/DEC image with slice_offset=0.400
    INFO | 2026-08-25 12:58:12 | datacube.py:subpixellate:1832 | Preparing subpixel weights
    INFO | 2026-08-25 12:58:14 | datacube.py:subpixellate:1772 | Resampling slit 20/24 of frame 1/2
    INFO | 2026-08-25 12:58:15 | datacube.py:subpixellate:1807 | Resampling subslice 1/5
    INFO | 2026-08-25 12:58:15 | slittrace.py:get_radec_image:536 | Generating an RA/DEC image with slice_offset=-0.400
    INFO | 2026-08-25 12:58:16 | datacube.py:subpixellate:1807 | Resampling subslice 2/5
    INFO | 2026-08-25 12:58:16 | slittrace.py:get_radec_image:536 | Generating an RA/DEC image with slice_offset=-0.200
    INFO | 2026-08-25 12:58:16 | datacube.py:subpixellate:1807 | Resampling subslice 3/5
    INFO | 2026-08-25 12:58:16 | slittrace.py:get_radec_image:536 | Generating an RA/DEC image with slice_offset=0.000
    INFO | 2026-08-25 12:58:17 | datacube.py:subpixellate:1807 | Resampling subslice 4/5
    INFO | 2026-08-25 12:58:17 | slittrace.py:get_radec_image:536 | Generating an RA/DEC image with slice_offset=0.200
    INFO | 2026-08-25 12:58:18 | datacube.py:subpixellate:1807 | Resampling subslice 5/5
    INFO | 2026-08-25 12:58:18 | slittrace.py:get_radec_image:536 | Generating an RA/DEC image with slice_offset=0.400
    INFO | 2026-08-25 12:58:19 | datacube.py:subpixellate:1832 | Preparing subpixel weights
    INFO | 2026-08-25 12:58:21 | datacube.py:subpixellate:1772 | Resampling slit 21/24 of frame 1/2
    INFO | 2026-08-25 12:58:22 | datacube.py:subpixellate:1807 | Resampling subslice 1/5
    INFO | 2026-08-25 12:58:22 | slittrace.py:get_radec_image:536 | Generating an RA/DEC image with slice_offset=-0.400
    INFO | 2026-08-25 12:58:22 | datacube.py:subpixellate:1807 | Resampling subslice 2/5
    INFO | 2026-08-25 12:58:22 | slittrace.py:get_radec_image:536 | Generating an RA/DEC image with slice_offset=-0.200
    INFO | 2026-08-25 12:58:23 | datacube.py:subpixellate:1807 | Resampling subslice 3/5
    INFO | 2026-08-25 12:58:23 | slittrace.py:get_radec_image:536 | Generating an RA/DEC image with slice_offset=0.000
    INFO | 2026-08-25 12:58:24 | datacube.py:subpixellate:1807 | Resampling subslice 4/5
    INFO | 2026-08-25 12:58:24 | slittrace.py:get_radec_image:536 | Generating an RA/DEC image with slice_offset=0.200
    INFO | 2026-08-25 12:58:25 | datacube.py:subpixellate:1807 | Resampling subslice 5/5
    INFO | 2026-08-25 12:58:25 | slittrace.py:get_radec_image:536 | Generating an RA/DEC image with slice_offset=0.400
    INFO | 2026-08-25 12:58:26 | datacube.py:subpixellate:1832 | Preparing subpixel weights
    INFO | 2026-08-25 12:58:28 | datacube.py:subpixellate:1772 | Resampling slit 22/24 of frame 1/2
    INFO | 2026-08-25 12:58:28 | datacube.py:subpixellate:1807 | Resampling subslice 1/5
    INFO | 2026-08-25 12:58:28 | slittrace.py:get_radec_image:536 | Generating an RA/DEC image with slice_offset=-0.400
    INFO | 2026-08-25 12:58:29 | datacube.py:subpixellate:1807 | Resampling subslice 2/5
    INFO | 2026-08-25 12:58:29 | slittrace.py:get_radec_image:536 | Generating an RA/DEC image with slice_offset=-0.200
    INFO | 2026-08-25 12:58:30 | datacube.py:subpixellate:1807 | Resampling subslice 3/5
    INFO | 2026-08-25 12:58:30 | slittrace.py:get_radec_image:536 | Generating an RA/DEC image with slice_offset=0.000
    INFO | 2026-08-25 12:58:31 | datacube.py:subpixellate:1807 | Resampling subslice 4/5
    INFO | 2026-08-25 12:58:31 | slittrace.py:get_radec_image:536 | Generating an RA/DEC image with slice_offset=0.200
    INFO | 2026-08-25 12:58:31 | datacube.py:subpixellate:1807 | Resampling subslice 5/5
    INFO | 2026-08-25 12:58:31 | slittrace.py:get_radec_image:536 | Generating an RA/DEC image with slice_offset=0.400
    INFO | 2026-08-25 12:58:32 | datacube.py:subpixellate:1832 | Preparing subpixel weights
    INFO | 2026-08-25 12:58:35 | datacube.py:subpixellate:1772 | Resampling slit 23/24 of frame 1/2
    INFO | 2026-08-25 12:58:35 | datacube.py:subpixellate:1807 | Resampling subslice 1/5
    INFO | 2026-08-25 12:58:35 | slittrace.py:get_radec_image:536 | Generating an RA/DEC image with slice_offset=-0.400
    INFO | 2026-08-25 12:58:36 | datacube.py:subpixellate:1807 | Resampling subslice 2/5
    INFO | 2026-08-25 12:58:36 | slittrace.py:get_radec_image:536 | Generating an RA/DEC image with slice_offset=-0.200
    INFO | 2026-08-25 12:58:37 | datacube.py:subpixellate:1807 | Resampling subslice 3/5
    INFO | 2026-08-25 12:58:37 | slittrace.py:get_radec_image:536 | Generating an RA/DEC image with slice_offset=0.000
    INFO | 2026-08-25 12:58:37 | datacube.py:subpixellate:1807 | Resampling subslice 4/5
    INFO | 2026-08-25 12:58:37 | slittrace.py:get_radec_image:536 | Generating an RA/DEC image with slice_offset=0.200
    INFO | 2026-08-25 12:58:38 | datacube.py:subpixellate:1807 | Resampling subslice 5/5
    INFO | 2026-08-25 12:58:38 | slittrace.py:get_radec_image:536 | Generating an RA/DEC image with slice_offset=0.400
    INFO | 2026-08-25 12:58:39 | datacube.py:subpixellate:1832 | Preparing subpixel weights
    INFO | 2026-08-25 12:58:41 | datacube.py:subpixellate:1772 | Resampling slit 24/24 of frame 1/2
    INFO | 2026-08-25 12:58:42 | datacube.py:subpixellate:1807 | Resampling subslice 1/5
    INFO | 2026-08-25 12:58:42 | slittrace.py:get_radec_image:536 | Generating an RA/DEC image with slice_offset=-0.400
    INFO | 2026-08-25 12:58:43 | datacube.py:subpixellate:1807 | Resampling subslice 2/5
    INFO | 2026-08-25 12:58:43 | slittrace.py:get_radec_image:536 | Generating an RA/DEC image with slice_offset=-0.200
    INFO | 2026-08-25 12:58:43 | datacube.py:subpixellate:1807 | Resampling subslice 3/5
    INFO | 2026-08-25 12:58:43 | slittrace.py:get_radec_image:536 | Generating an RA/DEC image with slice_offset=0.000
    INFO | 2026-08-25 12:58:44 | datacube.py:subpixellate:1807 | Resampling subslice 4/5
    INFO | 2026-08-25 12:58:44 | slittrace.py:get_radec_image:536 | Generating an RA/DEC image with slice_offset=0.200
    INFO | 2026-08-25 12:58:45 | datacube.py:subpixellate:1807 | Resampling subslice 5/5
    INFO | 2026-08-25 12:58:45 | slittrace.py:get_radec_image:536 | Generating an RA/DEC image with slice_offset=0.400
    INFO | 2026-08-25 12:58:46 | datacube.py:subpixellate:1832 | Preparing subpixel weights
    INFO | 2026-08-25 12:58:48 | datacube.py:subpixellate:1772 | Resampling slit 1/24 of frame 2/2
    INFO | 2026-08-25 12:58:49 | datacube.py:subpixellate:1807 | Resampling subslice 1/5
    INFO | 2026-08-25 12:58:49 | slittrace.py:get_radec_image:536 | Generating an RA/DEC image with slice_offset=-0.400
    INFO | 2026-08-25 12:58:49 | datacube.py:subpixellate:1807 | Resampling subslice 2/5
    INFO | 2026-08-25 12:58:49 | slittrace.py:get_radec_image:536 | Generating an RA/DEC image with slice_offset=-0.200
    INFO | 2026-08-25 12:58:50 | datacube.py:subpixellate:1807 | Resampling subslice 3/5
    INFO | 2026-08-25 12:58:50 | slittrace.py:get_radec_image:536 | Generating an RA/DEC image with slice_offset=0.000
    INFO | 2026-08-25 12:58:51 | datacube.py:subpixellate:1807 | Resampling subslice 4/5
    INFO | 2026-08-25 12:58:51 | slittrace.py:get_radec_image:536 | Generating an RA/DEC image with slice_offset=0.200
    INFO | 2026-08-25 12:58:52 | datacube.py:subpixellate:1807 | Resampling subslice 5/5
    INFO | 2026-08-25 12:58:52 | slittrace.py:get_radec_image:536 | Generating an RA/DEC image with slice_offset=0.400
    INFO | 2026-08-25 12:58:53 | datacube.py:subpixellate:1832 | Preparing subpixel weights
    INFO | 2026-08-25 12:58:55 | datacube.py:subpixellate:1772 | Resampling slit 2/24 of frame 2/2
    INFO | 2026-08-25 12:58:55 | datacube.py:subpixellate:1807 | Resampling subslice 1/5
    INFO | 2026-08-25 12:58:55 | slittrace.py:get_radec_image:536 | Generating an RA/DEC image with slice_offset=-0.400
    INFO | 2026-08-25 12:58:56 | datacube.py:subpixellate:1807 | Resampling subslice 2/5
    INFO | 2026-08-25 12:58:56 | slittrace.py:get_radec_image:536 | Generating an RA/DEC image with slice_offset=-0.200
    INFO | 2026-08-25 12:58:57 | datacube.py:subpixellate:1807 | Resampling subslice 3/5
    INFO | 2026-08-25 12:58:57 | slittrace.py:get_radec_image:536 | Generating an RA/DEC image with slice_offset=0.000
    INFO | 2026-08-25 12:58:58 | datacube.py:subpixellate:1807 | Resampling subslice 4/5
    INFO | 2026-08-25 12:58:58 | slittrace.py:get_radec_image:536 | Generating an RA/DEC image with slice_offset=0.200
    INFO | 2026-08-25 12:58:58 | datacube.py:subpixellate:1807 | Resampling subslice 5/5
    INFO | 2026-08-25 12:58:58 | slittrace.py:get_radec_image:536 | Generating an RA/DEC image with slice_offset=0.400
    INFO | 2026-08-25 12:58:59 | datacube.py:subpixellate:1832 | Preparing subpixel weights
    INFO | 2026-08-25 12:59:02 | datacube.py:subpixellate:1772 | Resampling slit 3/24 of frame 2/2
    INFO | 2026-08-25 12:59:02 | datacube.py:subpixellate:1807 | Resampling subslice 1/5
    INFO | 2026-08-25 12:59:02 | slittrace.py:get_radec_image:536 | Generating an RA/DEC image with slice_offset=-0.400
    INFO | 2026-08-25 12:59:03 | datacube.py:subpixellate:1807 | Resampling subslice 2/5
    INFO | 2026-08-25 12:59:03 | slittrace.py:get_radec_image:536 | Generating an RA/DEC image with slice_offset=-0.200
    INFO | 2026-08-25 12:59:04 | datacube.py:subpixellate:1807 | Resampling subslice 3/5
    INFO | 2026-08-25 12:59:04 | slittrace.py:get_radec_image:536 | Generating an RA/DEC image with slice_offset=0.000
    INFO | 2026-08-25 12:59:04 | datacube.py:subpixellate:1807 | Resampling subslice 4/5
    INFO | 2026-08-25 12:59:04 | slittrace.py:get_radec_image:536 | Generating an RA/DEC image with slice_offset=0.200
    INFO | 2026-08-25 12:59:05 | datacube.py:subpixellate:1807 | Resampling subslice 5/5
    INFO | 2026-08-25 12:59:05 | slittrace.py:get_radec_image:536 | Generating an RA/DEC image with slice_offset=0.400
    INFO | 2026-08-25 12:59:06 | datacube.py:subpixellate:1832 | Preparing subpixel weights
    INFO | 2026-08-25 12:59:08 | datacube.py:subpixellate:1772 | Resampling slit 4/24 of frame 2/2
    INFO | 2026-08-25 12:59:09 | datacube.py:subpixellate:1807 | Resampling subslice 1/5
    INFO | 2026-08-25 12:59:09 | slittrace.py:get_radec_image:536 | Generating an RA/DEC image with slice_offset=-0.400
    INFO | 2026-08-25 12:59:10 | datacube.py:subpixellate:1807 | Resampling subslice 2/5
    INFO | 2026-08-25 12:59:10 | slittrace.py:get_radec_image:536 | Generating an RA/DEC image with slice_offset=-0.200
    INFO | 2026-08-25 12:59:10 | datacube.py:subpixellate:1807 | Resampling subslice 3/5
    INFO | 2026-08-25 12:59:10 | slittrace.py:get_radec_image:536 | Generating an RA/DEC image with slice_offset=0.000
    INFO | 2026-08-25 12:59:11 | datacube.py:subpixellate:1807 | Resampling subslice 4/5
    INFO | 2026-08-25 12:59:11 | slittrace.py:get_radec_image:536 | Generating an RA/DEC image with slice_offset=0.200
    INFO | 2026-08-25 12:59:12 | datacube.py:subpixellate:1807 | Resampling subslice 5/5
    INFO | 2026-08-25 12:59:12 | slittrace.py:get_radec_image:536 | Generating an RA/DEC image with slice_offset=0.400
    INFO | 2026-08-25 12:59:13 | datacube.py:subpixellate:1832 | Preparing subpixel weights
    INFO | 2026-08-25 12:59:15 | datacube.py:subpixellate:1772 | Resampling slit 5/24 of frame 2/2
    INFO | 2026-08-25 12:59:15 | datacube.py:subpixellate:1807 | Resampling subslice 1/5
    INFO | 2026-08-25 12:59:15 | slittrace.py:get_radec_image:536 | Generating an RA/DEC image with slice_offset=-0.400
    INFO | 2026-08-25 12:59:16 | datacube.py:subpixellate:1807 | Resampling subslice 2/5
    INFO | 2026-08-25 12:59:16 | slittrace.py:get_radec_image:536 | Generating an RA/DEC image with slice_offset=-0.200
    INFO | 2026-08-25 12:59:17 | datacube.py:subpixellate:1807 | Resampling subslice 3/5
    INFO | 2026-08-25 12:59:17 | slittrace.py:get_radec_image:536 | Generating an RA/DEC image with slice_offset=0.000
    INFO | 2026-08-25 12:59:18 | datacube.py:subpixellate:1807 | Resampling subslice 4/5
    INFO | 2026-08-25 12:59:18 | slittrace.py:get_radec_image:536 | Generating an RA/DEC image with slice_offset=0.200
    INFO | 2026-08-25 12:59:19 | datacube.py:subpixellate:1807 | Resampling subslice 5/5
    INFO | 2026-08-25 12:59:19 | slittrace.py:get_radec_image:536 | Generating an RA/DEC image with slice_offset=0.400
    INFO | 2026-08-25 12:59:19 | datacube.py:subpixellate:1832 | Preparing subpixel weights
    INFO | 2026-08-25 12:59:22 | datacube.py:subpixellate:1772 | Resampling slit 6/24 of frame 2/2
    INFO | 2026-08-25 12:59:22 | datacube.py:subpixellate:1807 | Resampling subslice 1/5
    INFO | 2026-08-25 12:59:22 | slittrace.py:get_radec_image:536 | Generating an RA/DEC image with slice_offset=-0.400
    INFO | 2026-08-25 12:59:23 | datacube.py:subpixellate:1807 | Resampling subslice 2/5
    INFO | 2026-08-25 12:59:23 | slittrace.py:get_radec_image:536 | Generating an RA/DEC image with slice_offset=-0.200
    INFO | 2026-08-25 12:59:24 | datacube.py:subpixellate:1807 | Resampling subslice 3/5
    INFO | 2026-08-25 12:59:24 | slittrace.py:get_radec_image:536 | Generating an RA/DEC image with slice_offset=0.000
    INFO | 2026-08-25 12:59:25 | datacube.py:subpixellate:1807 | Resampling subslice 4/5
    INFO | 2026-08-25 12:59:25 | slittrace.py:get_radec_image:536 | Generating an RA/DEC image with slice_offset=0.200
    INFO | 2026-08-25 12:59:25 | datacube.py:subpixellate:1807 | Resampling subslice 5/5
    INFO | 2026-08-25 12:59:25 | slittrace.py:get_radec_image:536 | Generating an RA/DEC image with slice_offset=0.400
    INFO | 2026-08-25 12:59:26 | datacube.py:subpixellate:1832 | Preparing subpixel weights
    INFO | 2026-08-25 12:59:29 | datacube.py:subpixellate:1772 | Resampling slit 7/24 of frame 2/2
    INFO | 2026-08-25 12:59:29 | datacube.py:subpixellate:1807 | Resampling subslice 1/5
    INFO | 2026-08-25 12:59:29 | slittrace.py:get_radec_image:536 | Generating an RA/DEC image with slice_offset=-0.400
    INFO | 2026-08-25 12:59:30 | datacube.py:subpixellate:1807 | Resampling subslice 2/5
    INFO | 2026-08-25 12:59:30 | slittrace.py:get_radec_image:536 | Generating an RA/DEC image with slice_offset=-0.200
    INFO | 2026-08-25 12:59:31 | datacube.py:subpixellate:1807 | Resampling subslice 3/5
    INFO | 2026-08-25 12:59:31 | slittrace.py:get_radec_image:536 | Generating an RA/DEC image with slice_offset=0.000
    INFO | 2026-08-25 12:59:31 | datacube.py:subpixellate:1807 | Resampling subslice 4/5
    INFO | 2026-08-25 12:59:31 | slittrace.py:get_radec_image:536 | Generating an RA/DEC image with slice_offset=0.200
    INFO | 2026-08-25 12:59:32 | datacube.py:subpixellate:1807 | Resampling subslice 5/5
    INFO | 2026-08-25 12:59:32 | slittrace.py:get_radec_image:536 | Generating an RA/DEC image with slice_offset=0.400
    INFO | 2026-08-25 12:59:33 | datacube.py:subpixellate:1832 | Preparing subpixel weights
    INFO | 2026-08-25 12:59:35 | datacube.py:subpixellate:1772 | Resampling slit 8/24 of frame 2/2
    INFO | 2026-08-25 12:59:36 | datacube.py:subpixellate:1807 | Resampling subslice 1/5
    INFO | 2026-08-25 12:59:36 | slittrace.py:get_radec_image:536 | Generating an RA/DEC image with slice_offset=-0.400
    INFO | 2026-08-25 12:59:37 | datacube.py:subpixellate:1807 | Resampling subslice 2/5
    INFO | 2026-08-25 12:59:37 | slittrace.py:get_radec_image:536 | Generating an RA/DEC image with slice_offset=-0.200
    INFO | 2026-08-25 12:59:37 | datacube.py:subpixellate:1807 | Resampling subslice 3/5
    INFO | 2026-08-25 12:59:37 | slittrace.py:get_radec_image:536 | Generating an RA/DEC image with slice_offset=0.000
    INFO | 2026-08-25 12:59:38 | datacube.py:subpixellate:1807 | Resampling subslice 4/5
    INFO | 2026-08-25 12:59:38 | slittrace.py:get_radec_image:536 | Generating an RA/DEC image with slice_offset=0.200
    INFO | 2026-08-25 12:59:39 | datacube.py:subpixellate:1807 | Resampling subslice 5/5
    INFO | 2026-08-25 12:59:39 | slittrace.py:get_radec_image:536 | Generating an RA/DEC image with slice_offset=0.400
    INFO | 2026-08-25 12:59:40 | datacube.py:subpixellate:1832 | Preparing subpixel weights
    INFO | 2026-08-25 12:59:42 | datacube.py:subpixellate:1772 | Resampling slit 9/24 of frame 2/2
    INFO | 2026-08-25 12:59:42 | datacube.py:subpixellate:1807 | Resampling subslice 1/5
    INFO | 2026-08-25 12:59:42 | slittrace.py:get_radec_image:536 | Generating an RA/DEC image with slice_offset=-0.400
    INFO | 2026-08-25 12:59:43 | datacube.py:subpixellate:1807 | Resampling subslice 2/5
    INFO | 2026-08-25 12:59:43 | slittrace.py:get_radec_image:536 | Generating an RA/DEC image with slice_offset=-0.200
    INFO | 2026-08-25 12:59:44 | datacube.py:subpixellate:1807 | Resampling subslice 3/5
    INFO | 2026-08-25 12:59:44 | slittrace.py:get_radec_image:536 | Generating an RA/DEC image with slice_offset=0.000
    INFO | 2026-08-25 12:59:45 | datacube.py:subpixellate:1807 | Resampling subslice 4/5
    INFO | 2026-08-25 12:59:45 | slittrace.py:get_radec_image:536 | Generating an RA/DEC image with slice_offset=0.200
    INFO | 2026-08-25 12:59:46 | datacube.py:subpixellate:1807 | Resampling subslice 5/5
    INFO | 2026-08-25 12:59:46 | slittrace.py:get_radec_image:536 | Generating an RA/DEC image with slice_offset=0.400
    INFO | 2026-08-25 12:59:46 | datacube.py:subpixellate:1832 | Preparing subpixel weights
    INFO | 2026-08-25 12:59:49 | datacube.py:subpixellate:1772 | Resampling slit 10/24 of frame 2/2
    INFO | 2026-08-25 12:59:49 | datacube.py:subpixellate:1807 | Resampling subslice 1/5
    INFO | 2026-08-25 12:59:49 | slittrace.py:get_radec_image:536 | Generating an RA/DEC image with slice_offset=-0.400
    INFO | 2026-08-25 12:59:50 | datacube.py:subpixellate:1807 | Resampling subslice 2/5
    INFO | 2026-08-25 12:59:50 | slittrace.py:get_radec_image:536 | Generating an RA/DEC image with slice_offset=-0.200
    INFO | 2026-08-25 12:59:51 | datacube.py:subpixellate:1807 | Resampling subslice 3/5
    INFO | 2026-08-25 12:59:51 | slittrace.py:get_radec_image:536 | Generating an RA/DEC image with slice_offset=0.000
    INFO | 2026-08-25 12:59:52 | datacube.py:subpixellate:1807 | Resampling subslice 4/5
    INFO | 2026-08-25 12:59:52 | slittrace.py:get_radec_image:536 | Generating an RA/DEC image with slice_offset=0.200
    INFO | 2026-08-25 12:59:52 | datacube.py:subpixellate:1807 | Resampling subslice 5/5
    INFO | 2026-08-25 12:59:52 | slittrace.py:get_radec_image:536 | Generating an RA/DEC image with slice_offset=0.400
    INFO | 2026-08-25 12:59:53 | datacube.py:subpixellate:1832 | Preparing subpixel weights
    INFO | 2026-08-25 12:59:56 | datacube.py:subpixellate:1772 | Resampling slit 11/24 of frame 2/2
    INFO | 2026-08-25 12:59:56 | datacube.py:subpixellate:1807 | Resampling subslice 1/5
    INFO | 2026-08-25 12:59:56 | slittrace.py:get_radec_image:536 | Generating an RA/DEC image with slice_offset=-0.400
    INFO | 2026-08-25 12:59:57 | datacube.py:subpixellate:1807 | Resampling subslice 2/5
    INFO | 2026-08-25 12:59:57 | slittrace.py:get_radec_image:536 | Generating an RA/DEC image with slice_offset=-0.200
    INFO | 2026-08-25 12:59:57 | datacube.py:subpixellate:1807 | Resampling subslice 3/5
    INFO | 2026-08-25 12:59:57 | slittrace.py:get_radec_image:536 | Generating an RA/DEC image with slice_offset=0.000
    INFO | 2026-08-25 12:59:58 | datacube.py:subpixellate:1807 | Resampling subslice 4/5
    INFO | 2026-08-25 12:59:58 | slittrace.py:get_radec_image:536 | Generating an RA/DEC image with slice_offset=0.200
    INFO | 2026-08-25 12:59:59 | datacube.py:subpixellate:1807 | Resampling subslice 5/5
    INFO | 2026-08-25 12:59:59 | slittrace.py:get_radec_image:536 | Generating an RA/DEC image with slice_offset=0.400
    INFO | 2026-08-25 13:00:00 | datacube.py:subpixellate:1832 | Preparing subpixel weights
    INFO | 2026-08-25 13:00:02 | datacube.py:subpixellate:1772 | Resampling slit 12/24 of frame 2/2
    INFO | 2026-08-25 13:00:03 | datacube.py:subpixellate:1807 | Resampling subslice 1/5
    INFO | 2026-08-25 13:00:03 | slittrace.py:get_radec_image:536 | Generating an RA/DEC image with slice_offset=-0.400
    INFO | 2026-08-25 13:00:03 | datacube.py:subpixellate:1807 | Resampling subslice 2/5
    INFO | 2026-08-25 13:00:03 | slittrace.py:get_radec_image:536 | Generating an RA/DEC image with slice_offset=-0.200
    INFO | 2026-08-25 13:00:04 | datacube.py:subpixellate:1807 | Resampling subslice 3/5
    INFO | 2026-08-25 13:00:04 | slittrace.py:get_radec_image:536 | Generating an RA/DEC image with slice_offset=0.000
    INFO | 2026-08-25 13:00:05 | datacube.py:subpixellate:1807 | Resampling subslice 4/5
    INFO | 2026-08-25 13:00:05 | slittrace.py:get_radec_image:536 | Generating an RA/DEC image with slice_offset=0.200
    INFO | 2026-08-25 13:00:06 | datacube.py:subpixellate:1807 | Resampling subslice 5/5
    INFO | 2026-08-25 13:00:06 | slittrace.py:get_radec_image:536 | Generating an RA/DEC image with slice_offset=0.400
    INFO | 2026-08-25 13:00:07 | datacube.py:subpixellate:1832 | Preparing subpixel weights
    INFO | 2026-08-25 13:00:09 | datacube.py:subpixellate:1772 | Resampling slit 13/24 of frame 2/2
    INFO | 2026-08-25 13:00:09 | datacube.py:subpixellate:1807 | Resampling subslice 1/5
    INFO | 2026-08-25 13:00:09 | slittrace.py:get_radec_image:536 | Generating an RA/DEC image with slice_offset=-0.400
    INFO | 2026-08-25 13:00:10 | datacube.py:subpixellate:1807 | Resampling subslice 2/5
    INFO | 2026-08-25 13:00:10 | slittrace.py:get_radec_image:536 | Generating an RA/DEC image with slice_offset=-0.200
    INFO | 2026-08-25 13:00:11 | datacube.py:subpixellate:1807 | Resampling subslice 3/5
    INFO | 2026-08-25 13:00:11 | slittrace.py:get_radec_image:536 | Generating an RA/DEC image with slice_offset=0.000
    INFO | 2026-08-25 13:00:12 | datacube.py:subpixellate:1807 | Resampling subslice 4/5
    INFO | 2026-08-25 13:00:12 | slittrace.py:get_radec_image:536 | Generating an RA/DEC image with slice_offset=0.200
    INFO | 2026-08-25 13:00:13 | datacube.py:subpixellate:1807 | Resampling subslice 5/5
    INFO | 2026-08-25 13:00:13 | slittrace.py:get_radec_image:536 | Generating an RA/DEC image with slice_offset=0.400
    INFO | 2026-08-25 13:00:13 | datacube.py:subpixellate:1832 | Preparing subpixel weights
    INFO | 2026-08-25 13:00:16 | datacube.py:subpixellate:1772 | Resampling slit 14/24 of frame 2/2
    INFO | 2026-08-25 13:00:16 | datacube.py:subpixellate:1807 | Resampling subslice 1/5
    INFO | 2026-08-25 13:00:16 | slittrace.py:get_radec_image:536 | Generating an RA/DEC image with slice_offset=-0.400
    INFO | 2026-08-25 13:00:17 | datacube.py:subpixellate:1807 | Resampling subslice 2/5
    INFO | 2026-08-25 13:00:17 | slittrace.py:get_radec_image:536 | Generating an RA/DEC image with slice_offset=-0.200
    INFO | 2026-08-25 13:00:18 | datacube.py:subpixellate:1807 | Resampling subslice 3/5
    INFO | 2026-08-25 13:00:18 | slittrace.py:get_radec_image:536 | Generating an RA/DEC image with slice_offset=0.000
    INFO | 2026-08-25 13:00:19 | datacube.py:subpixellate:1807 | Resampling subslice 4/5
    INFO | 2026-08-25 13:00:19 | slittrace.py:get_radec_image:536 | Generating an RA/DEC image with slice_offset=0.200
    INFO | 2026-08-25 13:00:19 | datacube.py:subpixellate:1807 | Resampling subslice 5/5
    INFO | 2026-08-25 13:00:19 | slittrace.py:get_radec_image:536 | Generating an RA/DEC image with slice_offset=0.400
    INFO | 2026-08-25 13:00:20 | datacube.py:subpixellate:1832 | Preparing subpixel weights
    INFO | 2026-08-25 13:00:23 | datacube.py:subpixellate:1772 | Resampling slit 15/24 of frame 2/2
    INFO | 2026-08-25 13:00:23 | datacube.py:subpixellate:1807 | Resampling subslice 1/5
    INFO | 2026-08-25 13:00:23 | slittrace.py:get_radec_image:536 | Generating an RA/DEC image with slice_offset=-0.400
    INFO | 2026-08-25 13:00:24 | datacube.py:subpixellate:1807 | Resampling subslice 2/5
    INFO | 2026-08-25 13:00:24 | slittrace.py:get_radec_image:536 | Generating an RA/DEC image with slice_offset=-0.200
    INFO | 2026-08-25 13:00:25 | datacube.py:subpixellate:1807 | Resampling subslice 3/5
    INFO | 2026-08-25 13:00:25 | slittrace.py:get_radec_image:536 | Generating an RA/DEC image with slice_offset=0.000
    INFO | 2026-08-25 13:00:25 | datacube.py:subpixellate:1807 | Resampling subslice 4/5
    INFO | 2026-08-25 13:00:25 | slittrace.py:get_radec_image:536 | Generating an RA/DEC image with slice_offset=0.200
    INFO | 2026-08-25 13:00:26 | datacube.py:subpixellate:1807 | Resampling subslice 5/5
    INFO | 2026-08-25 13:00:26 | slittrace.py:get_radec_image:536 | Generating an RA/DEC image with slice_offset=0.400
    INFO | 2026-08-25 13:00:27 | datacube.py:subpixellate:1832 | Preparing subpixel weights
    INFO | 2026-08-25 13:00:29 | datacube.py:subpixellate:1772 | Resampling slit 16/24 of frame 2/2
    INFO | 2026-08-25 13:00:30 | datacube.py:subpixellate:1807 | Resampling subslice 1/5
    INFO | 2026-08-25 13:00:30 | slittrace.py:get_radec_image:536 | Generating an RA/DEC image with slice_offset=-0.400
    INFO | 2026-08-25 13:00:30 | datacube.py:subpixellate:1807 | Resampling subslice 2/5
    INFO | 2026-08-25 13:00:30 | slittrace.py:get_radec_image:536 | Generating an RA/DEC image with slice_offset=-0.200
    INFO | 2026-08-25 13:00:31 | datacube.py:subpixellate:1807 | Resampling subslice 3/5
    INFO | 2026-08-25 13:00:31 | slittrace.py:get_radec_image:536 | Generating an RA/DEC image with slice_offset=0.000
    INFO | 2026-08-25 13:00:32 | datacube.py:subpixellate:1807 | Resampling subslice 4/5
    INFO | 2026-08-25 13:00:32 | slittrace.py:get_radec_image:536 | Generating an RA/DEC image with slice_offset=0.200
    INFO | 2026-08-25 13:00:33 | datacube.py:subpixellate:1807 | Resampling subslice 5/5
    INFO | 2026-08-25 13:00:33 | slittrace.py:get_radec_image:536 | Generating an RA/DEC image with slice_offset=0.400
    INFO | 2026-08-25 13:00:33 | datacube.py:subpixellate:1832 | Preparing subpixel weights
    INFO | 2026-08-25 13:00:36 | datacube.py:subpixellate:1772 | Resampling slit 17/24 of frame 2/2
    INFO | 2026-08-25 13:00:36 | datacube.py:subpixellate:1807 | Resampling subslice 1/5
    INFO | 2026-08-25 13:00:36 | slittrace.py:get_radec_image:536 | Generating an RA/DEC image with slice_offset=-0.400
    INFO | 2026-08-25 13:00:37 | datacube.py:subpixellate:1807 | Resampling subslice 2/5
    INFO | 2026-08-25 13:00:37 | slittrace.py:get_radec_image:536 | Generating an RA/DEC image with slice_offset=-0.200
    INFO | 2026-08-25 13:00:38 | datacube.py:subpixellate:1807 | Resampling subslice 3/5
    INFO | 2026-08-25 13:00:38 | slittrace.py:get_radec_image:536 | Generating an RA/DEC image with slice_offset=0.000
    INFO | 2026-08-25 13:00:39 | datacube.py:subpixellate:1807 | Resampling subslice 4/5
    INFO | 2026-08-25 13:00:39 | slittrace.py:get_radec_image:536 | Generating an RA/DEC image with slice_offset=0.200
    INFO | 2026-08-25 13:00:39 | datacube.py:subpixellate:1807 | Resampling subslice 5/5
    INFO | 2026-08-25 13:00:39 | slittrace.py:get_radec_image:536 | Generating an RA/DEC image with slice_offset=0.400
    INFO | 2026-08-25 13:00:40 | datacube.py:subpixellate:1832 | Preparing subpixel weights
    INFO | 2026-08-25 13:00:43 | datacube.py:subpixellate:1772 | Resampling slit 18/24 of frame 2/2
    INFO | 2026-08-25 13:00:43 | datacube.py:subpixellate:1807 | Resampling subslice 1/5
    INFO | 2026-08-25 13:00:43 | slittrace.py:get_radec_image:536 | Generating an RA/DEC image with slice_offset=-0.400
    INFO | 2026-08-25 13:00:44 | datacube.py:subpixellate:1807 | Resampling subslice 2/5
    INFO | 2026-08-25 13:00:44 | slittrace.py:get_radec_image:536 | Generating an RA/DEC image with slice_offset=-0.200
    INFO | 2026-08-25 13:00:45 | datacube.py:subpixellate:1807 | Resampling subslice 3/5
    INFO | 2026-08-25 13:00:45 | slittrace.py:get_radec_image:536 | Generating an RA/DEC image with slice_offset=0.000
    INFO | 2026-08-25 13:00:45 | datacube.py:subpixellate:1807 | Resampling subslice 4/5
    INFO | 2026-08-25 13:00:45 | slittrace.py:get_radec_image:536 | Generating an RA/DEC image with slice_offset=0.200
    INFO | 2026-08-25 13:00:46 | datacube.py:subpixellate:1807 | Resampling subslice 5/5
    INFO | 2026-08-25 13:00:46 | slittrace.py:get_radec_image:536 | Generating an RA/DEC image with slice_offset=0.400
    INFO | 2026-08-25 13:00:47 | datacube.py:subpixellate:1832 | Preparing subpixel weights
    INFO | 2026-08-25 13:00:49 | datacube.py:subpixellate:1772 | Resampling slit 19/24 of frame 2/2
    INFO | 2026-08-25 13:00:50 | datacube.py:subpixellate:1807 | Resampling subslice 1/5
    INFO | 2026-08-25 13:00:50 | slittrace.py:get_radec_image:536 | Generating an RA/DEC image with slice_offset=-0.400
    INFO | 2026-08-25 13:00:50 | datacube.py:subpixellate:1807 | Resampling subslice 2/5
    INFO | 2026-08-25 13:00:50 | slittrace.py:get_radec_image:536 | Generating an RA/DEC image with slice_offset=-0.200
    INFO | 2026-08-25 13:00:51 | datacube.py:subpixellate:1807 | Resampling subslice 3/5
    INFO | 2026-08-25 13:00:51 | slittrace.py:get_radec_image:536 | Generating an RA/DEC image with slice_offset=0.000
    INFO | 2026-08-25 13:00:52 | datacube.py:subpixellate:1807 | Resampling subslice 4/5
    INFO | 2026-08-25 13:00:52 | slittrace.py:get_radec_image:536 | Generating an RA/DEC image with slice_offset=0.200
    INFO | 2026-08-25 13:00:53 | datacube.py:subpixellate:1807 | Resampling subslice 5/5
    INFO | 2026-08-25 13:00:53 | slittrace.py:get_radec_image:536 | Generating an RA/DEC image with slice_offset=0.400
    INFO | 2026-08-25 13:00:54 | datacube.py:subpixellate:1832 | Preparing subpixel weights
    INFO | 2026-08-25 13:00:56 | datacube.py:subpixellate:1772 | Resampling slit 20/24 of frame 2/2
    INFO | 2026-08-25 13:00:56 | datacube.py:subpixellate:1807 | Resampling subslice 1/5
    INFO | 2026-08-25 13:00:56 | slittrace.py:get_radec_image:536 | Generating an RA/DEC image with slice_offset=-0.400
    INFO | 2026-08-25 13:00:57 | datacube.py:subpixellate:1807 | Resampling subslice 2/5
    INFO | 2026-08-25 13:00:57 | slittrace.py:get_radec_image:536 | Generating an RA/DEC image with slice_offset=-0.200
    INFO | 2026-08-25 13:00:58 | datacube.py:subpixellate:1807 | Resampling subslice 3/5
    INFO | 2026-08-25 13:00:58 | slittrace.py:get_radec_image:536 | Generating an RA/DEC image with slice_offset=0.000
    INFO | 2026-08-25 13:00:59 | datacube.py:subpixellate:1807 | Resampling subslice 4/5
    INFO | 2026-08-25 13:00:59 | slittrace.py:get_radec_image:536 | Generating an RA/DEC image with slice_offset=0.200
    INFO | 2026-08-25 13:01:00 | datacube.py:subpixellate:1807 | Resampling subslice 5/5
    INFO | 2026-08-25 13:01:00 | slittrace.py:get_radec_image:536 | Generating an RA/DEC image with slice_offset=0.400
    INFO | 2026-08-25 13:01:00 | datacube.py:subpixellate:1832 | Preparing subpixel weights
    INFO | 2026-08-25 13:01:03 | datacube.py:subpixellate:1772 | Resampling slit 21/24 of frame 2/2
    INFO | 2026-08-25 13:01:03 | datacube.py:subpixellate:1807 | Resampling subslice 1/5
    INFO | 2026-08-25 13:01:03 | slittrace.py:get_radec_image:536 | Generating an RA/DEC image with slice_offset=-0.400
    INFO | 2026-08-25 13:01:04 | datacube.py:subpixellate:1807 | Resampling subslice 2/5
    INFO | 2026-08-25 13:01:04 | slittrace.py:get_radec_image:536 | Generating an RA/DEC image with slice_offset=-0.200
    INFO | 2026-08-25 13:01:05 | datacube.py:subpixellate:1807 | Resampling subslice 3/5
    INFO | 2026-08-25 13:01:05 | slittrace.py:get_radec_image:536 | Generating an RA/DEC image with slice_offset=0.000
    INFO | 2026-08-25 13:01:06 | datacube.py:subpixellate:1807 | Resampling subslice 4/5
    INFO | 2026-08-25 13:01:06 | slittrace.py:get_radec_image:536 | Generating an RA/DEC image with slice_offset=0.200
    INFO | 2026-08-25 13:01:06 | datacube.py:subpixellate:1807 | Resampling subslice 5/5
    INFO | 2026-08-25 13:01:06 | slittrace.py:get_radec_image:536 | Generating an RA/DEC image with slice_offset=0.400
    INFO | 2026-08-25 13:01:07 | datacube.py:subpixellate:1832 | Preparing subpixel weights
    INFO | 2026-08-25 13:01:10 | datacube.py:subpixellate:1772 | Resampling slit 22/24 of frame 2/2
    INFO | 2026-08-25 13:01:10 | datacube.py:subpixellate:1807 | Resampling subslice 1/5
    INFO | 2026-08-25 13:01:10 | slittrace.py:get_radec_image:536 | Generating an RA/DEC image with slice_offset=-0.400
    INFO | 2026-08-25 13:01:11 | datacube.py:subpixellate:1807 | Resampling subslice 2/5
    INFO | 2026-08-25 13:01:11 | slittrace.py:get_radec_image:536 | Generating an RA/DEC image with slice_offset=-0.200
    INFO | 2026-08-25 13:01:12 | datacube.py:subpixellate:1807 | Resampling subslice 3/5
    INFO | 2026-08-25 13:01:12 | slittrace.py:get_radec_image:536 | Generating an RA/DEC image with slice_offset=0.000
    INFO | 2026-08-25 13:01:12 | datacube.py:subpixellate:1807 | Resampling subslice 4/5
    INFO | 2026-08-25 13:01:12 | slittrace.py:get_radec_image:536 | Generating an RA/DEC image with slice_offset=0.200
    INFO | 2026-08-25 13:01:13 | datacube.py:subpixellate:1807 | Resampling subslice 5/5
    INFO | 2026-08-25 13:01:13 | slittrace.py:get_radec_image:536 | Generating an RA/DEC image with slice_offset=0.400
    INFO | 2026-08-25 13:01:14 | datacube.py:subpixellate:1832 | Preparing subpixel weights
    INFO | 2026-08-25 13:01:16 | datacube.py:subpixellate:1772 | Resampling slit 23/24 of frame 2/2
    INFO | 2026-08-25 13:01:17 | datacube.py:subpixellate:1807 | Resampling subslice 1/5
    INFO | 2026-08-25 13:01:17 | slittrace.py:get_radec_image:536 | Generating an RA/DEC image with slice_offset=-0.400
    INFO | 2026-08-25 13:01:18 | datacube.py:subpixellate:1807 | Resampling subslice 2/5
    INFO | 2026-08-25 13:01:18 | slittrace.py:get_radec_image:536 | Generating an RA/DEC image with slice_offset=-0.200
    INFO | 2026-08-25 13:01:18 | datacube.py:subpixellate:1807 | Resampling subslice 3/5
    INFO | 2026-08-25 13:01:18 | slittrace.py:get_radec_image:536 | Generating an RA/DEC image with slice_offset=0.000
    INFO | 2026-08-25 13:01:19 | datacube.py:subpixellate:1807 | Resampling subslice 4/5
    INFO | 2026-08-25 13:01:19 | slittrace.py:get_radec_image:536 | Generating an RA/DEC image with slice_offset=0.200
    INFO | 2026-08-25 13:01:20 | datacube.py:subpixellate:1807 | Resampling subslice 5/5
    INFO | 2026-08-25 13:01:20 | slittrace.py:get_radec_image:536 | Generating an RA/DEC image with slice_offset=0.400
    INFO | 2026-08-25 13:01:21 | datacube.py:subpixellate:1832 | Preparing subpixel weights
    INFO | 2026-08-25 13:01:23 | datacube.py:subpixellate:1772 | Resampling slit 24/24 of frame 2/2
    INFO | 2026-08-25 13:01:23 | datacube.py:subpixellate:1807 | Resampling subslice 1/5
    INFO | 2026-08-25 13:01:23 | slittrace.py:get_radec_image:536 | Generating an RA/DEC image with slice_offset=-0.400
    INFO | 2026-08-25 13:01:24 | datacube.py:subpixellate:1807 | Resampling subslice 2/5
    INFO | 2026-08-25 13:01:24 | slittrace.py:get_radec_image:536 | Generating an RA/DEC image with slice_offset=-0.200
    INFO | 2026-08-25 13:01:25 | datacube.py:subpixellate:1807 | Resampling subslice 3/5
    INFO | 2026-08-25 13:01:25 | slittrace.py:get_radec_image:536 | Generating an RA/DEC image with slice_offset=0.000
    INFO | 2026-08-25 13:01:26 | datacube.py:subpixellate:1807 | Resampling subslice 4/5
    INFO | 2026-08-25 13:01:26 | slittrace.py:get_radec_image:536 | Generating an RA/DEC image with slice_offset=0.200
    INFO | 2026-08-25 13:01:27 | datacube.py:subpixellate:1807 | Resampling subslice 5/5
    INFO | 2026-08-25 13:01:27 | slittrace.py:get_radec_image:536 | Generating an RA/DEC image with slice_offset=0.400
    INFO | 2026-08-25 13:01:27 | datacube.py:subpixellate:1832 | Preparing subpixel weights
    INFO | 2026-08-25 13:01:30 | datacube.py:generate_cube_subpixel:1625 | White light image covers the wavelength range 8204.10 A - 8969.07 A
    INFO | 2026-08-25 13:01:30 | datacube.py:generate_cube_subpixel:1630 | Saving white light image as: feige110_2024-11-06_B_whitelight.fits
    INFO | 2026-08-25 13:01:30 | coadd3d.py:run:1479 | Saving datacube as: feige110_2024-11-06_B.fits
    INFO | 2026-08-25 13:01:30 | io.py:write_to_fits:672 | File written to: feige110_2024-11-06_B.fits
    INFO | 2026-08-25 13:01:30 | coadd_datacube.py:main:75 | Execution time: 6m 5.05s
