full slice-coverage over 3 frame(s): 6746.8-7443.7 A
spec1d_g191b2b_2023-09-16_B.fits             n= 2189  keep  6750.5- 7439.9 A  (dropped 6698.7-6750.5 blue,  7439.9- 7490.9 red)   trim_std_pixs = 143, 141

$ /opt/miniconda3/envs/pypeit/bin/pypeit_sensfunc spec1d_g191b2b_2023-09-16_B.fits -s g191b2b_IR_p15cov.sens -o g191b2b_2023-09-16_B_sens_IR_p15cov.fits
[1;38;2;253;174;97m [WARNING][0m - [38;2;116;173;209mkeck_kcwi.py:config_specific_par:156[0m - Full template solution is unavailable
[1;38;2;49;54;149m    [INFO][0m - [38;2;116;173;209mkeck_kcwi.py:config_specific_par:157[0m - Adopting holy-grail algorithm - Check the wavelength solution!
[1;38;2;49;54;149m    [INFO][0m - [38;2;116;173;209minputfiles.py:from_file:136[0m - Loading the reduction file
[1;38;2;49;54;149m    [INFO][0m - [38;2;116;173;209minputfiles.py:from_file:214[0m - Sens input file loaded successfully.
[1;38;2;49;54;149m    [INFO][0m - [38;2;116;173;209msensfunc.py:main:198[0m - Writing the parameters to sensfunc.par
[1;38;2;49;54;149m    [INFO][0m - [38;2;116;173;209mspectrograph.py:tweak_standard:2160[0m - Trimming standard star spectrum by 143 pixels at the start and 141 pixels at the end.
[1;38;2;49;54;149m    [INFO][0m - [38;2;116;173;209mstandard.py:from_coordinates:227[0m - Using object G191B2B in archive "calspec" (sep = 0.03 arcmin).
[1;38;2;49;54;149m    [INFO][0m - [38;2;116;173;209mpypeitdata.py:get_file_path:300[0m - g191b2b_stiswfcnic_004.fits.gz does not exist in the expected package directory (/opt/miniconda3/envs/pypeit/lib/python3.13/site-packages/pypeit/data/standards/calspec).  Checking cache or downloading the file now.
[1;38;2;49;54;149m    [INFO][0m - [38;2;116;173;209mflux_calib.py:get_mask:495[0m -  Masking bad pixels
[1;38;2;49;54;149m    [INFO][0m - [38;2;116;173;209mflux_calib.py:get_mask:500[0m -  Masking edges
[1;38;2;49;54;149m    [INFO][0m - [38;2;116;173;209mflux_calib.py:get_mask:503[0m -  Masking Below the atmospheric cutoff
[1;38;2;49;54;149m    [INFO][0m - [38;2;116;173;209mflux_calib.py:mask_stellar_hydrogen:585[0m - Masking hydrogen recombination lines
[1;38;2;49;54;149m    [INFO][0m - [38;2;116;173;209mflux_calib.py:mask_stellar_hydrogen:588[0m -  Masking Balmer
[1;38;2;49;54;149m    [INFO][0m - [38;2;116;173;209mflux_calib.py:mask_stellar_hydrogen:599[0m -  Masking Paschen
[1;38;2;49;54;149m    [INFO][0m - [38;2;116;173;209mflux_calib.py:mask_stellar_hydrogen:610[0m -  Masking Brackett
[1;38;2;49;54;149m    [INFO][0m - [38;2;116;173;209mflux_calib.py:mask_stellar_hydrogen:619[0m -  Masking Pfund
[1;38;2;49;54;149m    [INFO][0m - [38;2;116;173;209mtelluric.py:__init__:2453[0m - Reading in the pca-based telluric model: TellPCA_3000_26000_R15000.fits
[1;38;2;49;54;149m    [INFO][0m - [38;2;116;173;209mpypeitdata.py:get_file_path:300[0m - TellPCA_3000_26000_R15000.fits does not exist in the expected package directory (/opt/miniconda3/envs/pypeit/lib/python3.13/site-packages/pypeit/data/telluric/atm_grids).  Checking cache or downloading the file now.
[1;38;2;253;174;97m [WARNING][0m - [38;2;116;173;209mcache.py:fetch_remote_file:242[0m - Note: If this file takes a while to download, you may wish to used one of the install scripts (e.g., pypeit_install_telluric) to install the file independent of this processing script.
[1;38;2;49;54;149m    [INFO][0m - [38;2;116;173;209mtelluric.py:__init__:2510[0m - Initializing object model for order: 0, 1/1 with user supplied function: init_sensfunc_model
[1;38;2;49;54;149m    [INFO][0m - [38;2;116;173;209mtelluric.py:run:2593[0m - Fitting object + telluric model for order: 0, 1/1 with user supplied function: init_sensfunc_model
[1;38;2;253;174;97m [WARNING][0m - [38;2;116;173;209mfitting.py:robust_optimize:626[0m - Maximum number of iterations maxiter=2 reached in robust_optimize
[1;38;2;49;54;149m    [INFO][0m - [38;2;116;173;209mspecobj.py:apply_flux_calib:596[0m - Fluxing BOX extraction for:
<SpecObj:  items={sign: True
OPT_WAVE: True
OPT_COUNTS: True
OPT_COUNTS_IVAR: True
OPT_COUNTS_SIG: True
OPT_MASK: True
OPT_COUNTS_SKY: True
OPT_FRAC_USE: True
OPT_CHI2: True
BOX_WAVE: True
BOX_COUNTS: True
BOX_COUNTS_IVAR: True
BOX_COUNTS_SIG: True
BOX_MASK: True
BOX_COUNTS_SKY: True
BOX_R_PIX: True
S2N: True
FLEX_SHIFT_GLOBAL: True
FLEX_SHIFT_LOCAL: True
FLEX_SHIFT_TOTAL: True
DET: DET01
PYPELINE: True
PYP_SPEC: True
OBJTYPE: True
SLITID: 0
NAME: SPAT-----SLIT0000-DET01
RA: 76.372685497519
DEC: 52.827517592656
hand_extract_flag: True
>
[1;38;2;49;54;149m    [INFO][0m - [38;2;116;173;209mflux_calib.py:get_sensfunc_factor:281[0m - Applying telluric correction
[1;38;2;253;174;97m [WARNING][0m - [38;2;116;173;209mspecobj.py:apply_flux_calib:610[0m - RuntimeWarning: invalid value encountered in divide
[1;38;2;253;174;97m [WARNING][0m - [38;2;116;173;209mspecobj.py:apply_flux_calib:611[0m - RuntimeWarning: divide by zero encountered in divide
[1;38;2;253;174;97m [WARNING][0m - [38;2;116;173;209mspecobj.py:apply_flux_calib:611[0m - RuntimeWarning: invalid value encountered in divide
[1;38;2;49;54;149m    [INFO][0m - [38;2;116;173;209mspecobj.py:apply_flux_calib:614[0m -  Masking bad pixels
[1;38;2;49;54;149m    [INFO][0m - [38;2;116;173;209mspecobj.py:apply_flux_calib:596[0m - Fluxing OPT extraction for:
<SpecObj:  items={sign: True
OPT_WAVE: True
OPT_COUNTS: True
OPT_COUNTS_IVAR: True
OPT_COUNTS_SIG: True
OPT_MASK: True
OPT_COUNTS_SKY: True
OPT_FRAC_USE: True
OPT_CHI2: True
BOX_WAVE: True
BOX_FLAM: True
BOX_FLAM_SIG: True
BOX_FLAM_IVAR: True
BOX_COUNTS: True
BOX_COUNTS_IVAR: True
BOX_COUNTS_SIG: True
BOX_MASK: True
BOX_COUNTS_SKY: True
BOX_R_PIX: True
S2N: True
FLEX_SHIFT_GLOBAL: True
FLEX_SHIFT_LOCAL: True
FLEX_SHIFT_TOTAL: True
DET: DET01
PYPELINE: True
PYP_SPEC: True
OBJTYPE: True
SLITID: 0
NAME: SPAT-----SLIT0000-DET01
RA: 76.372685497519
DEC: 52.827517592656
hand_extract_flag: True
>
[1;38;2;49;54;149m    [INFO][0m - [38;2;116;173;209mflux_calib.py:get_sensfunc_factor:281[0m - Applying telluric correction
[1;38;2;49;54;149m    [INFO][0m - [38;2;116;173;209mspecobj.py:apply_flux_calib:614[0m -  Masking bad pixels
[1;38;2;49;54;149m    [INFO][0m - [38;2;116;173;209mio.py:write_to_fits:672[0m - File written to: g191b2b_2023-09-16_B_sens_IR_p15cov.fits
