    INFO | 2026-08-25 10:19:53 | pypeitsetup.py:from_file_root:197 | Found 35 keck_kcrm raw files.
    INFO | 2026-08-25 10:19:53 | metadata.py:_build:206 | Building metadata for 35 files.
    INFO | 2026-08-25 10:19:53 | metadata.py:_build:235 | Adding metadata for KR.20241107.01750.32.fits
    INFO | 2026-08-25 10:19:53 | metadata.py:_build:235 | Adding metadata for KR.20241107.06248.53.fits
    INFO | 2026-08-25 10:19:53 | metadata.py:_build:235 | Adding metadata for KR.20241107.06292.39.fits
    INFO | 2026-08-25 10:19:53 | metadata.py:_build:235 | Adding metadata for KR.20241107.06336.25.fits
    INFO | 2026-08-25 10:19:53 | metadata.py:_build:235 | Adding metadata for KR.20241107.06379.90.fits
    INFO | 2026-08-25 10:19:53 | metadata.py:_build:235 | Adding metadata for KR.20241107.06422.95.fits
    INFO | 2026-08-25 10:19:53 | metadata.py:_build:235 | Adding metadata for KR.20241107.06466.81.fits
    INFO | 2026-08-25 10:19:53 | metadata.py:_build:235 | Adding metadata for KR.20241107.06510.67.fits
    INFO | 2026-08-25 10:19:53 | metadata.py:_build:235 | Adding metadata for KR.20241107.10796.72.fits
    INFO | 2026-08-25 10:19:53 | metadata.py:_build:235 | Adding metadata for KR.20241107.10862.00.fits
    INFO | 2026-08-25 10:19:53 | metadata.py:_build:235 | Adding metadata for KR.20241107.10927.28.fits
    INFO | 2026-08-25 10:19:53 | metadata.py:_build:235 | Adding metadata for KR.20241107.11010.92.fits
    INFO | 2026-08-25 10:19:53 | metadata.py:_build:235 | Adding metadata for KR.20241107.11055.80.fits
    INFO | 2026-08-25 10:19:53 | metadata.py:_build:235 | Adding metadata for KR.20241107.11099.66.fits
    INFO | 2026-08-25 10:19:53 | metadata.py:_build:235 | Adding metadata for KR.20241107.11162.90.fits
    INFO | 2026-08-25 10:19:53 | metadata.py:_build:235 | Adding metadata for KR.20241107.11207.78.fits
    INFO | 2026-08-25 10:19:53 | metadata.py:_build:235 | Adding metadata for KR.20241107.11251.64.fits
    INFO | 2026-08-25 10:19:53 | metadata.py:_build:235 | Adding metadata for KR.20241107.11341.40.fits
    INFO | 2026-08-25 10:19:53 | metadata.py:_build:235 | Adding metadata for KR.20241107.11428.10.fits
    INFO | 2026-08-25 10:19:53 | metadata.py:_build:235 | Adding metadata for KR.20241107.11513.78.fits
    INFO | 2026-08-25 10:19:53 | metadata.py:_build:235 | Adding metadata for KR.20241107.11598.44.fits
    INFO | 2026-08-25 10:19:53 | metadata.py:_build:235 | Adding metadata for KR.20241107.11684.12.fits
    INFO | 2026-08-25 10:19:53 | metadata.py:_build:235 | Adding metadata for KR.20241107.11768.78.fits
    INFO | 2026-08-25 10:19:53 | metadata.py:_build:235 | Adding metadata for KR.20241107.12014.60.fits
    INFO | 2026-08-25 10:19:53 | metadata.py:_build:235 | Adding metadata for KR.20241107.12178.82.fits
    INFO | 2026-08-25 10:19:53 | metadata.py:_build:235 | Adding metadata for KR.20241107.12343.40.fits
    INFO | 2026-08-25 10:19:53 | metadata.py:_build:235 | Adding metadata for KR.20241107.17531.78.fits
    INFO | 2026-08-25 10:19:53 | metadata.py:_build:235 | Adding metadata for KR.20241107.17575.64.fits
    INFO | 2026-08-25 10:19:53 | metadata.py:_build:235 | Adding metadata for KR.20241107.17619.50.fits
    INFO | 2026-08-25 10:19:53 | metadata.py:_build:235 | Adding metadata for KR.20241107.17663.36.fits
    INFO | 2026-08-25 10:19:53 | metadata.py:_build:235 | Adding metadata for KR.20241107.17707.22.fits
    INFO | 2026-08-25 10:19:53 | metadata.py:_build:235 | Adding metadata for KR.20241107.17751.80.fits
    INFO | 2026-08-25 10:19:53 | metadata.py:_build:235 | Adding metadata for KR.20241107.17794.94.fits
    INFO | 2026-08-25 10:19:53 | metadata.py:_build:235 | Adding metadata for KR.20241107.22892.91.fits
    INFO | 2026-08-25 10:19:53 | metadata.py:_build:235 | Adding metadata for KR.20241107.23242.77.fits
 WARNING | 2026-08-25 10:19:53 | metadata.py:_vet_instrument:180 | The instrument name in the headers of the raw files does not match the expected one! Found KCWI, expected KCRM.  You may have chosen the wrong PypeIt spectrograph name!
    INFO | 2026-08-25 10:19:53 | metadata.py:get_frame_types:1391 | Typing files
   DEBUG | 2026-08-25 10:19:53 | keck_kcwi.py:check_frame_type:433 | Cannot determine if frames are of type lampoffflats.
   DEBUG | 2026-08-25 10:19:53 | keck_kcwi.py:check_frame_type:433 | Cannot determine if frames are of type slitless_pixflat.
   DEBUG | 2026-08-25 10:19:53 | keck_kcwi.py:check_frame_type:433 | Cannot determine if frames are of type standard.
   DEBUG | 2026-08-25 10:19:53 | keck_kcwi.py:check_frame_type:433 | Cannot determine if frames are of type sky.
    INFO | 2026-08-25 10:19:53 | metadata.py:get_frame_types:1432 | Couldn't identify the following files:
    INFO | 2026-08-25 10:19:53 | metadata.py:get_frame_types:1434 | KR.20241107.01750.32.fits
 WARNING | 2026-08-25 10:19:53 | metadata.py:get_frame_types:1437 | These files are commented out and will be ignored during the reduction.
    INFO | 2026-08-25 10:19:53 | metadata.py:get_frame_types:1444 | Typing completed!
    INFO | 2026-08-25 10:19:53 | metadata.py:unique_configurations:709 | Using metadata to determine unique configurations.
    INFO | 2026-08-25 10:19:53 | metadata.py:ignore_frames:1203 | Unique configurations ignore frames with type: ['bias', 'dark']
    INFO | 2026-08-25 10:19:53 | metadata.py:unique_configurations:766 | Found 2 unique configuration(s).
    INFO | 2026-08-25 10:19:53 | metadata.py:ignore_frames:1203 | Unique configurations ignore frames with type: ['bias', 'dark']
    INFO | 2026-08-25 10:19:53 | inputfiles.py:vet:685 | PypeIt file successfully vetted.
    INFO | 2026-08-25 10:19:53 | inputfiles.py:write:592 | PypeIt input file written to: /Users/kaiwenzhang/PycharmProjects/KCWI/KCWI_RED_channel_characterization/RH3 pypeit run/2024-11-06/pypeit_run/keck_kcrm_A/keck_kcrm_A.pypeit
    INFO | 2026-08-25 10:19:53 | inputfiles.py:vet:685 | PypeIt file successfully vetted.
    INFO | 2026-08-25 10:19:53 | inputfiles.py:write:592 | PypeIt input file written to: /Users/kaiwenzhang/PycharmProjects/KCWI/KCWI_RED_channel_characterization/RH3 pypeit run/2024-11-06/pypeit_run/keck_kcrm_B/keck_kcrm_B.pypeit
    INFO | 2026-08-25 10:19:53 | calibrations.py:association_summary:1731 | Calibration association file written to: /Users/kaiwenzhang/PycharmProjects/KCWI/KCWI_RED_channel_characterization/RH3 pypeit run/2024-11-06/pypeit_run/keck_kcrm_A/keck_kcrm_A.calib
    INFO | 2026-08-25 10:19:53 | calibrations.py:association_summary:1731 | Calibration association file written to: /Users/kaiwenzhang/PycharmProjects/KCWI/KCWI_RED_channel_characterization/RH3 pypeit run/2024-11-06/pypeit_run/keck_kcrm_B/keck_kcrm_B.calib
