    INFO | 2026-08-26 01:11:54 | pypeitsetup.py:from_file_root:197 | Found 32 keck_kcrm raw files.
    INFO | 2026-08-26 01:11:54 | metadata.py:_build:206 | Building metadata for 32 files.
    INFO | 2026-08-26 01:11:54 | metadata.py:_build:235 | Adding metadata for KR.20240503.03084.56.fits
    INFO | 2026-08-26 01:11:54 | metadata.py:_build:235 | Adding metadata for KR.20240503.09256.59.fits
    INFO | 2026-08-26 01:11:54 | metadata.py:_build:235 | Adding metadata for KR.20240503.09301.47.fits
    INFO | 2026-08-26 01:11:54 | metadata.py:_build:235 | Adding metadata for KR.20240503.09345.33.fits
    INFO | 2026-08-26 01:11:54 | metadata.py:_build:235 | Adding metadata for KR.20240503.09389.19.fits
    INFO | 2026-08-26 01:11:54 | metadata.py:_build:235 | Adding metadata for KR.20240503.09432.98.fits
    INFO | 2026-08-26 01:11:54 | metadata.py:_build:235 | Adding metadata for KR.20240503.09476.91.fits
    INFO | 2026-08-26 01:11:54 | metadata.py:_build:235 | Adding metadata for KR.20240503.09519.75.fits
    INFO | 2026-08-26 01:11:54 | metadata.py:_build:235 | Adding metadata for KR.20240503.11067.90.fits
    INFO | 2026-08-26 01:11:54 | metadata.py:_build:235 | Adding metadata for KR.20240503.11098.71.fits
    INFO | 2026-08-26 01:11:54 | metadata.py:_build:235 | Adding metadata for KR.20240503.11130.33.fits
    INFO | 2026-08-26 01:11:54 | metadata.py:_build:235 | Adding metadata for KR.20240503.11243.55.fits
    INFO | 2026-08-26 01:11:54 | metadata.py:_build:235 | Adding metadata for KR.20240503.11320.50.fits
    INFO | 2026-08-26 01:11:54 | metadata.py:_build:235 | Adding metadata for KR.20240503.11394.51.fits
    INFO | 2026-08-26 01:11:54 | metadata.py:_build:235 | Adding metadata for KR.20240503.11489.37.fits
    INFO | 2026-08-26 01:11:54 | metadata.py:_build:235 | Adding metadata for KR.20240503.11564.85.fits
    INFO | 2026-08-26 01:11:54 | metadata.py:_build:235 | Adding metadata for KR.20240503.11640.33.fits
    INFO | 2026-08-26 01:11:54 | metadata.py:_build:235 | Adding metadata for KR.20240503.11696.43.fits
    INFO | 2026-08-26 01:11:54 | metadata.py:_build:235 | Adding metadata for KR.20240503.11747.43.fits
    INFO | 2026-08-26 01:11:54 | metadata.py:_build:235 | Adding metadata for KR.20240503.11798.43.fits
    INFO | 2026-08-26 01:11:54 | metadata.py:_build:235 | Adding metadata for KR.20240503.11849.43.fits
    INFO | 2026-08-26 01:11:54 | metadata.py:_build:235 | Adding metadata for KR.20240503.11900.43.fits
    INFO | 2026-08-26 01:11:54 | metadata.py:_build:235 | Adding metadata for KR.20240503.11951.43.fits
    INFO | 2026-08-26 01:11:54 | metadata.py:_build:235 | Adding metadata for KR.20240503.12161.55.fits
    INFO | 2026-08-26 01:11:54 | metadata.py:_build:235 | Adding metadata for KR.20240503.12239.70.fits
    INFO | 2026-08-26 01:11:54 | metadata.py:_build:235 | Adding metadata for KR.20240503.12317.61.fits
    INFO | 2026-08-26 01:11:54 | metadata.py:_build:235 | Adding metadata for KR.20240503.19774.85.fits
    INFO | 2026-08-26 01:11:54 | metadata.py:_build:235 | Adding metadata for KR.20240503.19870.73.fits
    INFO | 2026-08-26 01:11:54 | metadata.py:_build:235 | Adding metadata for KR.20240503.19977.83.fits
    INFO | 2026-08-26 01:11:54 | metadata.py:_build:235 | Adding metadata for KR.20240503.20101.25.fits
    INFO | 2026-08-26 01:11:54 | metadata.py:_build:235 | Adding metadata for KR.20240503.20289.95.fits
    INFO | 2026-08-26 01:11:54 | metadata.py:_build:235 | Adding metadata for KR.20240503.20460.29.fits
 WARNING | 2026-08-26 01:11:54 | metadata.py:_vet_instrument:180 | The instrument name in the headers of the raw files does not match the expected one! Found KCWI, expected KCRM.  You may have chosen the wrong PypeIt spectrograph name!
    INFO | 2026-08-26 01:11:54 | metadata.py:get_frame_types:1391 | Typing files
   DEBUG | 2026-08-26 01:11:54 | keck_kcwi.py:check_frame_type:433 | Cannot determine if frames are of type lampoffflats.
   DEBUG | 2026-08-26 01:11:54 | keck_kcwi.py:check_frame_type:433 | Cannot determine if frames are of type slitless_pixflat.
   DEBUG | 2026-08-26 01:11:54 | keck_kcwi.py:check_frame_type:433 | Cannot determine if frames are of type standard.
   DEBUG | 2026-08-26 01:11:54 | keck_kcwi.py:check_frame_type:433 | Cannot determine if frames are of type sky.
    INFO | 2026-08-26 01:11:54 | metadata.py:get_frame_types:1432 | Couldn't identify the following files:
    INFO | 2026-08-26 01:11:54 | metadata.py:get_frame_types:1434 | KR.20240503.03084.56.fits
 WARNING | 2026-08-26 01:11:54 | metadata.py:get_frame_types:1437 | These files are commented out and will be ignored during the reduction.
    INFO | 2026-08-26 01:11:54 | metadata.py:get_frame_types:1444 | Typing completed!
    INFO | 2026-08-26 01:11:54 | metadata.py:unique_configurations:709 | Using metadata to determine unique configurations.
    INFO | 2026-08-26 01:11:54 | metadata.py:ignore_frames:1203 | Unique configurations ignore frames with type: ['bias', 'dark']
    INFO | 2026-08-26 01:11:54 | metadata.py:unique_configurations:766 | Found 2 unique configuration(s).
    INFO | 2026-08-26 01:11:54 | metadata.py:ignore_frames:1203 | Unique configurations ignore frames with type: ['bias', 'dark']
    INFO | 2026-08-26 01:11:54 | inputfiles.py:vet:685 | PypeIt file successfully vetted.
    INFO | 2026-08-26 01:11:54 | inputfiles.py:write:592 | PypeIt input file written to: /Users/kaiwenzhang/PycharmProjects/KCWI/KCWI_RED_channel_characterization/RM1 pypeit run/2024-05-02/pypeit_run/keck_kcrm_A/keck_kcrm_A.pypeit
    INFO | 2026-08-26 01:11:54 | inputfiles.py:vet:685 | PypeIt file successfully vetted.
    INFO | 2026-08-26 01:11:54 | inputfiles.py:write:592 | PypeIt input file written to: /Users/kaiwenzhang/PycharmProjects/KCWI/KCWI_RED_channel_characterization/RM1 pypeit run/2024-05-02/pypeit_run/keck_kcrm_B/keck_kcrm_B.pypeit
    INFO | 2026-08-26 01:11:54 | calibrations.py:association_summary:1731 | Calibration association file written to: /Users/kaiwenzhang/PycharmProjects/KCWI/KCWI_RED_channel_characterization/RM1 pypeit run/2024-05-02/pypeit_run/keck_kcrm_A/keck_kcrm_A.calib
    INFO | 2026-08-26 01:11:54 | calibrations.py:association_summary:1731 | Calibration association file written to: /Users/kaiwenzhang/PycharmProjects/KCWI/KCWI_RED_channel_characterization/RM1 pypeit run/2024-05-02/pypeit_run/keck_kcrm_B/keck_kcrm_B.calib
