2023-07-16/keck_kcrm_A: cleared pre-template Calibrations
2023-07-16/keck_kcrm_A: Large, 1 science frames -- calibrations ...
2023-07-16/keck_kcrm_A: wavelength solutions on 24 slices
2023-07-16/keck_kcrm_A: user_regions = :0,100:
2023-07-16/keck_kcrm_A: science run ...
2023-07-16/keck_kcrm_A: DONE (1/1 spec2d)
2023-11-07/keck_kcrm_A: no science frames, skipped
2023-11-07/keck_kcrm_B: Large, 7 science frames -- calibrations ...
--- calibration child finished; driver restarted 12:10 ---
2023-11-07/keck_kcrm_A: no science frames, skipped
2023-11-07/keck_kcrm_B: Large, 6 science frames -- calibrations ...
2023-11-07/keck_kcrm_B: wavelength solutions on 24 slices
2023-11-07/keck_kcrm_B: user_regions = :35,65:
2023-11-07/keck_kcrm_B: science run ...
2023-11-07/keck_kcrm_B: DONE (6/6 spec2d)
2023-11-17/keck_kcrm_A: no science frames, skipped
2023-11-17/keck_kcrm_B: Large, 4 science frames -- calibrations ...
2023-11-17/keck_kcrm_B: wavelength solutions on 24 slices
2023-11-17/keck_kcrm_B: user_regions = :36,65:
2023-11-17/keck_kcrm_B: science run ...
2023-11-17/keck_kcrm_B: DONE (4/4 spec2d)
2023-11-17/keck_kcrm_C: Large, 3 science frames -- calibrations ...
2023-11-17/keck_kcrm_C: wavelength solutions on 24 slices
2023-11-17/keck_kcrm_C: user_regions = :38,65:
2023-11-17/keck_kcrm_C: science run ...
2023-11-17/keck_kcrm_C: DONE (3/3 spec2d)
2023-11-17/keck_kcrm_D: 1 science but no arc/trace/pixelflat frames -- incomplete config, skipped
2024-10-29/keck_kcrm_A: no science frames, skipped
2024-10-29/keck_kcrm_B: Medium, 5 science frames -- calibrations ...
2024-10-29/keck_kcrm_B: wavelength solutions on 24 slices
2024-10-29/keck_kcrm_B: user_regions = :36,62:
2024-10-29/keck_kcrm_B: science run ...
2024-10-29/keck_kcrm_B: DONE (5/5 spec2d)
2024-11-06/keck_kcrm_A: no science frames, skipped
2024-11-06/keck_kcrm_B: Medium, 2 science frames -- calibrations ...
2024-11-06/keck_kcrm_B: wavelength solutions on 24 slices
2024-11-06/keck_kcrm_B: user_regions = :29,61:
2024-11-06/keck_kcrm_B: science run ...
2024-11-06/keck_kcrm_B: DONE (2/2 spec2d)
2024-11-07/keck_kcrm_A: no science frames, skipped
2024-11-07/keck_kcrm_B: cleared pre-template Calibrations
2024-11-07/keck_kcrm_B: Medium, 3 science frames -- calibrations ...
2024-11-07/keck_kcrm_B: wavelength solutions on 24 slices
2024-11-07/keck_kcrm_B: user_regions = :32,65:
2024-11-07/keck_kcrm_B: science run ...
2024-11-07/keck_kcrm_B: DONE (3/3 spec2d)
ALL NIGHTS PROCESSED
2023-09-16/keck_kcrm_A: no science frames, skipped
2023-09-16/keck_kcrm_B: Large, 3 science frames -- calibrations ...
2023-09-16/keck_kcrm_B: wavelength solutions on 24 slices
2023-09-16/keck_kcrm_B: user_regions = :41,67:
2023-09-16/keck_kcrm_B: science run ...
2023-09-16/keck_kcrm_B: DONE (3/3 spec2d)
2023-09-16/keck_kcrm_C: Large, 3 science frames -- calibrations ...
2023-09-16/keck_kcrm_C: wavelength solutions on 24 slices
2023-09-16/keck_kcrm_C: user_regions = :41,68:
2023-09-16/keck_kcrm_C: science run ...
2023-09-16/keck_kcrm_C: DONE (3/3 spec2d)
2023-11-07/keck_kcrm_A: no science frames, skipped
2023-11-07/keck_kcrm_B: spec2d already present, skipped
2023-11-17/keck_kcrm_A: no science frames, skipped
2023-11-17/keck_kcrm_B: spec2d already present, skipped
2023-11-17/keck_kcrm_C: spec2d already present, skipped
2023-11-17/keck_kcrm_D: 1 science but no arc/trace/pixelflat frames -- incomplete config, skipped
2024-10-29/keck_kcrm_A: no science frames, skipped
2024-10-29/keck_kcrm_B: spec2d already present, skipped
2024-11-06/keck_kcrm_A: no science frames, skipped
2024-11-06/keck_kcrm_B: spec2d already present, skipped
2024-11-07/keck_kcrm_A: no science frames, skipped
2024-11-07/keck_kcrm_B: spec2d already present, skipped
ALL NIGHTS PROCESSED
