2023-11-07/keck_kcrm_B: coadd ...
2023-11-07/keck_kcrm_B: cube (2189, 24, 1289)  CDELT1/2 = 0.000377/0.000377 deg
2023-11-07/keck_kcrm_B: whitelight written
2023-11-07/keck_kcrm_B: extract ...
2023-11-07/keck_kcrm_B: DONE -> spec1d_feige110_2023-11-07_B.fits, BOX_COUNTS median 634 95th 767, 2189 bins
2023-11-17/keck_kcrm_B: coadd ...
2023-11-17/keck_kcrm_B: cube (2195, 553, 23)  CDELT1/2 = 0.000377/0.000377 deg
2023-11-17/keck_kcrm_B: whitelight written
2023-11-17/keck_kcrm_B: extract ...
2023-11-17/keck_kcrm_B: DONE -> spec1d_feige110_2023-11-17_B.fits, BOX_COUNTS median 704 95th 832, 2195 bins
2023-11-17/keck_kcrm_C: coadd ...
2023-11-17/keck_kcrm_C: cube (2195, 1307, 23)  CDELT1/2 = 0.000377/0.000377 deg
2023-11-17/keck_kcrm_C: whitelight written
2023-11-17/keck_kcrm_C: extract ...
2023-11-17/keck_kcrm_C: DONE -> spec1d_feige110_2023-11-17_C.fits, BOX_COUNTS median 679 95th 809, 2195 bins
2024-10-29/keck_kcrm_B: coadd ...
2024-10-29/keck_kcrm_B: cube (2234, 30, 23)  CDELT1/2 = 0.000189/0.000189 deg
2024-10-29/keck_kcrm_B: whitelight written
2024-10-29/keck_kcrm_B: extract ...
2024-10-29/keck_kcrm_B: DONE -> spec1d_feige110_2024-10-29_B.fits, BOX_COUNTS median 612 95th 797, 2234 bins
2024-11-06/keck_kcrm_B: coadd ...
2024-11-06/keck_kcrm_B: cube (2246, 30, 23)  CDELT1/2 = 0.000189/0.000189 deg
2024-11-06/keck_kcrm_B: whitelight written
2024-11-06/keck_kcrm_B: extract ...
2024-11-06/keck_kcrm_B: DONE -> spec1d_feige110_2024-11-06_B.fits, BOX_COUNTS median 605 95th 760, 2246 bins
2024-11-07/keck_kcrm_B: coadd ...
2024-11-07/keck_kcrm_B: cube (2259, 30, 23)  CDELT1/2 = 0.000189/0.000189 deg
2024-11-07/keck_kcrm_B: whitelight written
2024-11-07/keck_kcrm_B: extract ...
2024-11-07/keck_kcrm_B: DONE -> spec1d_feige110_2024-11-07_B.fits, BOX_COUNTS median 619 95th 778, 2259 bins
ALL CONFIGS COADDED AND EXTRACTED
--- pass 1 done; pass 2 for the rebuilt 2023-11-07 B $(date +%H:%M) ---
2023-11-07/keck_kcrm_B: coadd ...
2023-11-07/keck_kcrm_B: cube (2189, 24, 1289)  CDELT1/2 = 0.000377/0.000377 deg  field 1750" x 33"  flux in +/-8 spaxels of peak 97.82%
2023-11-07/keck_kcrm_B: whitelight written
2023-11-07/keck_kcrm_B: extract ...
2023-11-07/keck_kcrm_B: DONE -> spec1d_feige110_2023-11-07_B.fits, BOX_COUNTS median 637 95th 765, 2189 bins
2023-11-17/keck_kcrm_B: spec1d already present, skipped
2023-11-17/keck_kcrm_C: spec1d already present, skipped
2024-10-29/keck_kcrm_B: spec1d already present, skipped
2024-11-06/keck_kcrm_B: spec1d already present, skipped
2024-11-07/keck_kcrm_B: spec1d already present, skipped
ALL CONFIGS COADDED AND EXTRACTED
2023-09-16/B: wrote g191b2b.coadd3d
2023-09-16/C: wrote g191b2b.coadd3d
2023-09-16/keck_kcrm_B: coadd ...
2023-09-16/keck_kcrm_B: cube (2189, 23, 15)  CDELT1/2 = 0.000377/0.000377 deg  field 20" x 31"  flux in +/-8 spaxels of peak 104.73%
2023-09-16/keck_kcrm_B: whitelight written
2023-09-16/keck_kcrm_B: extract ...
2023-09-16/keck_kcrm_B: DONE -> spec1d_g191b2b_2023-09-16_B.fits, BOX_COUNTS median 702 95th 855, 2189 bins
2023-09-16/keck_kcrm_C: coadd ...
2023-09-16/keck_kcrm_C: cube (2194, 23, 15)  CDELT1/2 = 0.000377/0.000377 deg  field 20" x 31"  flux in +/-8 spaxels of peak 185.30%
2023-09-16/keck_kcrm_C: whitelight written
2023-09-16/keck_kcrm_C: extract ...
2023-09-16/keck_kcrm_C: DONE -> spec1d_g191b2b_2023-09-16_C.fits, BOX_COUNTS median 741 95th 837, 2194 bins
2023-11-07/keck_kcrm_B: spec1d already present, skipped
2023-11-17/keck_kcrm_B: spec1d already present, skipped
2023-11-17/keck_kcrm_C: spec1d already present, skipped
2024-10-29/keck_kcrm_B: spec1d already present, skipped
2024-11-06/keck_kcrm_B: spec1d already present, skipped
2024-11-07/keck_kcrm_B: spec1d already present, skipped
ALL CONFIGS COADDED AND EXTRACTED
