    INFO | 2026-08-24 11:08:58 | pypeitsetup.py:from_file_root:197 | Found 52 keck_kcrm raw files.
    INFO | 2026-08-24 11:08:58 | metadata.py:_build:206 | Building metadata for 52 files.
    INFO | 2026-08-24 11:08:58 | metadata.py:_build:235 | Adding metadata for KR.20231118.01796.61.fits
    INFO | 2026-08-24 11:08:58 | metadata.py:_build:235 | Adding metadata for KR.20231118.04534.90.fits
    INFO | 2026-08-24 11:08:58 | metadata.py:_build:235 | Adding metadata for KR.20231118.04578.77.fits
    INFO | 2026-08-24 11:08:58 | metadata.py:_build:235 | Adding metadata for KR.20231118.04622.64.fits
    INFO | 2026-08-24 11:08:58 | metadata.py:_build:235 | Adding metadata for KR.20231118.04665.51.fits
    INFO | 2026-08-24 11:08:58 | metadata.py:_build:235 | Adding metadata for KR.20231118.04709.38.fits
    INFO | 2026-08-24 11:08:58 | metadata.py:_build:235 | Adding metadata for KR.20231118.04753.25.fits
    INFO | 2026-08-24 11:08:58 | metadata.py:_build:235 | Adding metadata for KR.20231118.04797.11.fits
    INFO | 2026-08-24 11:08:58 | metadata.py:_build:235 | Adding metadata for KR.20231118.04992.98.fits
    INFO | 2026-08-24 11:08:58 | metadata.py:_build:235 | Adding metadata for KR.20231118.05027.67.fits
    INFO | 2026-08-24 11:08:58 | metadata.py:_build:235 | Adding metadata for KR.20231118.05062.36.fits
    INFO | 2026-08-24 11:08:58 | metadata.py:_build:235 | Adding metadata for KR.20231118.05148.90.fits
    INFO | 2026-08-24 11:08:58 | metadata.py:_build:235 | Adding metadata for KR.20231118.05194.10.fits
    INFO | 2026-08-24 11:08:58 | metadata.py:_build:235 | Adding metadata for KR.20231118.05239.92.fits
    INFO | 2026-08-24 11:08:58 | metadata.py:_build:235 | Adding metadata for KR.20231118.05305.21.fits
    INFO | 2026-08-24 11:08:58 | metadata.py:_build:235 | Adding metadata for KR.20231118.05351.13.fits
    INFO | 2026-08-24 11:08:58 | metadata.py:_build:235 | Adding metadata for KR.20231118.05397.40.fits
    INFO | 2026-08-24 11:08:58 | metadata.py:_build:235 | Adding metadata for KR.20231118.05457.22.fits
    INFO | 2026-08-24 11:08:58 | metadata.py:_build:235 | Adding metadata for KR.20231118.05511.35.fits
    INFO | 2026-08-24 11:08:58 | metadata.py:_build:235 | Adding metadata for KR.20231118.05565.42.fits
    INFO | 2026-08-24 11:08:58 | metadata.py:_build:235 | Adding metadata for KR.20231118.05620.52.fits
    INFO | 2026-08-24 11:08:58 | metadata.py:_build:235 | Adding metadata for KR.20231118.05674.59.fits
    INFO | 2026-08-24 11:08:58 | metadata.py:_build:235 | Adding metadata for KR.20231118.05729.67.fits
    INFO | 2026-08-24 11:08:58 | metadata.py:_build:235 | Adding metadata for KR.20231118.06012.29.fits
    INFO | 2026-08-24 11:08:58 | metadata.py:_build:235 | Adding metadata for KR.20231118.06051.50.fits
    INFO | 2026-08-24 11:08:58 | metadata.py:_build:235 | Adding metadata for KR.20231118.06090.84.fits
    INFO | 2026-08-24 11:08:58 | metadata.py:_build:235 | Adding metadata for KR.20231118.06168.37.fits
    INFO | 2026-08-24 11:08:58 | metadata.py:_build:235 | Adding metadata for KR.20231118.06209.17.fits
    INFO | 2026-08-24 11:08:58 | metadata.py:_build:235 | Adding metadata for KR.20231118.06249.99.fits
    INFO | 2026-08-24 11:08:58 | metadata.py:_build:235 | Adding metadata for KR.20231118.06310.22.fits
    INFO | 2026-08-24 11:08:58 | metadata.py:_build:235 | Adding metadata for KR.20231118.06350.10.fits
    INFO | 2026-08-24 11:08:58 | metadata.py:_build:235 | Adding metadata for KR.20231118.06390.81.fits
    INFO | 2026-08-24 11:08:58 | metadata.py:_build:235 | Adding metadata for KR.20231118.06454.50.fits
    INFO | 2026-08-24 11:08:58 | metadata.py:_build:235 | Adding metadata for KR.20231118.06513.24.fits
    INFO | 2026-08-24 11:08:58 | metadata.py:_build:235 | Adding metadata for KR.20231118.06572.41.fits
    INFO | 2026-08-24 11:08:58 | metadata.py:_build:235 | Adding metadata for KR.20231118.06631.60.fits
    INFO | 2026-08-24 11:08:58 | metadata.py:_build:235 | Adding metadata for KR.20231118.06690.76.fits
    INFO | 2026-08-24 11:08:58 | metadata.py:_build:235 | Adding metadata for KR.20231118.06749.92.fits
    INFO | 2026-08-24 11:08:58 | metadata.py:_build:235 | Adding metadata for KR.20231118.07070.34.fits
    INFO | 2026-08-24 11:08:58 | metadata.py:_build:235 | Adding metadata for KR.20231118.07174.39.fits
    INFO | 2026-08-24 11:08:58 | metadata.py:_build:235 | Adding metadata for KR.20231118.07278.47.fits
    INFO | 2026-08-24 11:08:58 | metadata.py:_build:235 | Adding metadata for KR.20231118.07498.85.fits
    INFO | 2026-08-24 11:08:58 | metadata.py:_build:235 | Adding metadata for KR.20231118.07602.91.fits
    INFO | 2026-08-24 11:08:58 | metadata.py:_build:235 | Adding metadata for KR.20231118.07706.99.fits
    INFO | 2026-08-24 11:08:58 | metadata.py:_build:235 | Adding metadata for KR.20231118.16474.87.fits
    INFO | 2026-08-24 11:08:58 | metadata.py:_build:235 | Adding metadata for KR.20231118.16592.17.fits
    INFO | 2026-08-24 11:08:58 | metadata.py:_build:235 | Adding metadata for KR.20231118.16800.25.fits
    INFO | 2026-08-24 11:08:58 | metadata.py:_build:235 | Adding metadata for KR.20231118.16964.48.fits
    INFO | 2026-08-24 11:08:58 | metadata.py:_build:235 | Adding metadata for KR.20231118.17128.70.fits
    INFO | 2026-08-24 11:08:58 | metadata.py:_build:235 | Adding metadata for KR.20231118.17316.41.fits
    INFO | 2026-08-24 11:08:58 | metadata.py:_build:235 | Adding metadata for KR.20231118.17480.68.fits
    INFO | 2026-08-24 11:08:58 | metadata.py:_build:235 | Adding metadata for KR.20231118.17644.91.fits
 WARNING | 2026-08-24 11:08:58 | metadata.py:_vet_instrument:180 | The instrument name in the headers of the raw files does not match the expected one! Found KCWI, expected KCRM.  You may have chosen the wrong PypeIt spectrograph name!
    INFO | 2026-08-24 11:08:58 | metadata.py:get_frame_types:1391 | Typing files
   DEBUG | 2026-08-24 11:08:58 | keck_kcwi.py:check_frame_type:433 | Cannot determine if frames are of type lampoffflats.
   DEBUG | 2026-08-24 11:08:58 | keck_kcwi.py:check_frame_type:433 | Cannot determine if frames are of type slitless_pixflat.
   DEBUG | 2026-08-24 11:08:58 | keck_kcwi.py:check_frame_type:433 | Cannot determine if frames are of type standard.
   DEBUG | 2026-08-24 11:08:58 | keck_kcwi.py:check_frame_type:433 | Cannot determine if frames are of type sky.
    INFO | 2026-08-24 11:08:58 | metadata.py:get_frame_types:1432 | Couldn't identify the following files:
    INFO | 2026-08-24 11:08:58 | metadata.py:get_frame_types:1434 | KR.20231118.01796.61.fits
 WARNING | 2026-08-24 11:08:58 | metadata.py:get_frame_types:1437 | These files are commented out and will be ignored during the reduction.
    INFO | 2026-08-24 11:08:58 | metadata.py:get_frame_types:1444 | Typing completed!
    INFO | 2026-08-24 11:08:58 | metadata.py:unique_configurations:709 | Using metadata to determine unique configurations.
    INFO | 2026-08-24 11:08:58 | metadata.py:ignore_frames:1203 | Unique configurations ignore frames with type: ['bias', 'dark']
    INFO | 2026-08-24 11:08:58 | metadata.py:unique_configurations:766 | Found 4 unique configuration(s).
    INFO | 2026-08-24 11:08:58 | metadata.py:ignore_frames:1203 | Unique configurations ignore frames with type: ['bias', 'dark']
    INFO | 2026-08-24 11:08:58 | inputfiles.py:vet:685 | PypeIt file successfully vetted.
    INFO | 2026-08-24 11:08:58 | inputfiles.py:write:592 | PypeIt input file written to: /Users/kaiwenzhang/PycharmProjects/KCWI/KCWI_RED_channel_characterization/RH2 pypeit run/2023-11-17/pypeit_run/keck_kcrm_A/keck_kcrm_A.pypeit
    INFO | 2026-08-24 11:08:58 | inputfiles.py:vet:685 | PypeIt file successfully vetted.
    INFO | 2026-08-24 11:08:58 | inputfiles.py:write:592 | PypeIt input file written to: /Users/kaiwenzhang/PycharmProjects/KCWI/KCWI_RED_channel_characterization/RH2 pypeit run/2023-11-17/pypeit_run/keck_kcrm_B/keck_kcrm_B.pypeit
    INFO | 2026-08-24 11:08:58 | inputfiles.py:vet:685 | PypeIt file successfully vetted.
    INFO | 2026-08-24 11:08:58 | inputfiles.py:write:592 | PypeIt input file written to: /Users/kaiwenzhang/PycharmProjects/KCWI/KCWI_RED_channel_characterization/RH2 pypeit run/2023-11-17/pypeit_run/keck_kcrm_C/keck_kcrm_C.pypeit
    INFO | 2026-08-24 11:08:58 | inputfiles.py:vet:685 | PypeIt file successfully vetted.
    INFO | 2026-08-24 11:08:58 | inputfiles.py:write:592 | PypeIt input file written to: /Users/kaiwenzhang/PycharmProjects/KCWI/KCWI_RED_channel_characterization/RH2 pypeit run/2023-11-17/pypeit_run/keck_kcrm_D/keck_kcrm_D.pypeit
    INFO | 2026-08-24 11:08:58 | calibrations.py:association_summary:1731 | Calibration association file written to: /Users/kaiwenzhang/PycharmProjects/KCWI/KCWI_RED_channel_characterization/RH2 pypeit run/2023-11-17/pypeit_run/keck_kcrm_A/keck_kcrm_A.calib
    INFO | 2026-08-24 11:08:58 | calibrations.py:association_summary:1731 | Calibration association file written to: /Users/kaiwenzhang/PycharmProjects/KCWI/KCWI_RED_channel_characterization/RH2 pypeit run/2023-11-17/pypeit_run/keck_kcrm_B/keck_kcrm_B.calib
    INFO | 2026-08-24 11:08:58 | calibrations.py:association_summary:1731 | Calibration association file written to: /Users/kaiwenzhang/PycharmProjects/KCWI/KCWI_RED_channel_characterization/RH2 pypeit run/2023-11-17/pypeit_run/keck_kcrm_C/keck_kcrm_C.calib
    INFO | 2026-08-24 11:08:58 | calibrations.py:association_summary:1731 | Calibration association file written to: /Users/kaiwenzhang/PycharmProjects/KCWI/KCWI_RED_channel_characterization/RH2 pypeit run/2023-11-17/pypeit_run/keck_kcrm_D/keck_kcrm_D.calib
