    INFO | 2026-08-24 11:09:09 | pypeitsetup.py:from_file_root:197 | Found 36 keck_kcrm raw files.
    INFO | 2026-08-24 11:09:09 | metadata.py:_build:206 | Building metadata for 36 files.
    INFO | 2026-08-24 11:09:09 | metadata.py:_build:235 | Adding metadata for KR.20241108.00885.80.fits
 WARNING | 2026-08-24 11:09:09 | spectrograph.py:get_meta_value:1634 | Encounter invalid value of your coordinates. Give zeros for both RA and DEC
 WARNING | 2026-08-24 11:09:09 | spectrograph.py:get_meta_value:1634 | Encounter invalid value of your coordinates. Give zeros for both RA and DEC
    INFO | 2026-08-24 11:09:09 | metadata.py:_build:235 | Adding metadata for KR.20241108.05576.27.fits
    INFO | 2026-08-24 11:09:09 | metadata.py:_build:235 | Adding metadata for KR.20241108.05620.13.fits
    INFO | 2026-08-24 11:09:09 | metadata.py:_build:235 | Adding metadata for KR.20241108.05663.99.fits
    INFO | 2026-08-24 11:09:09 | metadata.py:_build:235 | Adding metadata for KR.20241108.05706.83.fits
    INFO | 2026-08-24 11:09:09 | metadata.py:_build:235 | Adding metadata for KR.20241108.05750.69.fits
    INFO | 2026-08-24 11:09:09 | metadata.py:_build:235 | Adding metadata for KR.20241108.05794.55.fits
    INFO | 2026-08-24 11:09:09 | metadata.py:_build:235 | Adding metadata for KR.20241108.05838.41.fits
    INFO | 2026-08-24 11:09:09 | metadata.py:_build:235 | Adding metadata for KR.20241108.06113.81.fits
    INFO | 2026-08-24 11:09:09 | metadata.py:_build:235 | Adding metadata for KR.20241108.06230.90.fits
    INFO | 2026-08-24 11:09:09 | metadata.py:_build:235 | Adding metadata for KR.20241108.06344.33.fits
    INFO | 2026-08-24 11:09:09 | metadata.py:_build:235 | Adding metadata for KR.20241108.06430.10.fits
    INFO | 2026-08-24 11:09:09 | metadata.py:_build:235 | Adding metadata for KR.20241108.06475.91.fits
    INFO | 2026-08-24 11:09:09 | metadata.py:_build:235 | Adding metadata for KR.20241108.06521.81.fits
    INFO | 2026-08-24 11:09:09 | metadata.py:_build:235 | Adding metadata for KR.20241108.06587.90.fits
    INFO | 2026-08-24 11:09:09 | metadata.py:_build:235 | Adding metadata for KR.20241108.06632.99.fits
    INFO | 2026-08-24 11:09:09 | metadata.py:_build:235 | Adding metadata for KR.20241108.06678.89.fits
    INFO | 2026-08-24 11:09:09 | metadata.py:_build:235 | Adding metadata for KR.20241108.06817.61.fits
    INFO | 2026-08-24 11:09:09 | metadata.py:_build:235 | Adding metadata for KR.20241108.06953.27.fits
    INFO | 2026-08-24 11:09:09 | metadata.py:_build:235 | Adding metadata for KR.20241108.07086.89.fits
    INFO | 2026-08-24 11:09:09 | metadata.py:_build:235 | Adding metadata for KR.20241108.07221.53.fits
    INFO | 2026-08-24 11:09:09 | metadata.py:_build:235 | Adding metadata for KR.20241108.07356.17.fits
    INFO | 2026-08-24 11:09:09 | metadata.py:_build:235 | Adding metadata for KR.20241108.07489.79.fits
    INFO | 2026-08-24 11:09:09 | metadata.py:_build:235 | Adding metadata for KR.20241108.07711.13.fits
    INFO | 2026-08-24 11:09:09 | metadata.py:_build:235 | Adding metadata for KR.20241108.07795.79.fits
    INFO | 2026-08-24 11:09:09 | metadata.py:_build:235 | Adding metadata for KR.20241108.07880.45.fits
    INFO | 2026-08-24 11:09:09 | metadata.py:_build:235 | Adding metadata for KR.20241108.07983.47.fits
    INFO | 2026-08-24 11:09:09 | metadata.py:_build:235 | Adding metadata for KR.20241108.08068.13.fits
    INFO | 2026-08-24 11:09:09 | metadata.py:_build:235 | Adding metadata for KR.20241108.08152.79.fits
    INFO | 2026-08-24 11:09:09 | metadata.py:_build:235 | Adding metadata for KR.20241108.08753.57.fits
    INFO | 2026-08-24 11:09:09 | metadata.py:_build:235 | Adding metadata for KR.20241108.08917.79.fits
    INFO | 2026-08-24 11:09:09 | metadata.py:_build:235 | Adding metadata for KR.20241108.09082.20.fits
    INFO | 2026-08-24 11:09:09 | metadata.py:_build:235 | Adding metadata for KR.20241108.16097.59.fits
    INFO | 2026-08-24 11:09:09 | metadata.py:_build:235 | Adding metadata for KR.20241108.16644.31.fits
    INFO | 2026-08-24 11:09:09 | metadata.py:_build:235 | Adding metadata for KR.20241108.17348.12.fits
    INFO | 2026-08-24 11:09:09 | metadata.py:_build:235 | Adding metadata for KR.20241108.50294.21.fits
 WARNING | 2026-08-24 11:09:09 | metadata.py:_vet_instrument:180 | The instrument name in the headers of the raw files does not match the expected one! Found KCWI, expected KCRM.  You may have chosen the wrong PypeIt spectrograph name!
    INFO | 2026-08-24 11:09:09 | metadata.py:get_frame_types:1391 | Typing files
   DEBUG | 2026-08-24 11:09:09 | keck_kcwi.py:check_frame_type:433 | Cannot determine if frames are of type lampoffflats.
   DEBUG | 2026-08-24 11:09:09 | keck_kcwi.py:check_frame_type:433 | Cannot determine if frames are of type slitless_pixflat.
   DEBUG | 2026-08-24 11:09:09 | keck_kcwi.py:check_frame_type:433 | Cannot determine if frames are of type standard.
   DEBUG | 2026-08-24 11:09:09 | keck_kcwi.py:check_frame_type:433 | Cannot determine if frames are of type sky.
    INFO | 2026-08-24 11:09:09 | metadata.py:get_frame_types:1432 | Couldn't identify the following files:
    INFO | 2026-08-24 11:09:09 | metadata.py:get_frame_types:1434 | KR.20241108.00885.80.fits
 WARNING | 2026-08-24 11:09:09 | metadata.py:get_frame_types:1437 | These files are commented out and will be ignored during the reduction.
    INFO | 2026-08-24 11:09:09 | metadata.py:get_frame_types:1444 | Typing completed!
    INFO | 2026-08-24 11:09:09 | metadata.py:unique_configurations:709 | Using metadata to determine unique configurations.
    INFO | 2026-08-24 11:09:09 | metadata.py:ignore_frames:1203 | Unique configurations ignore frames with type: ['bias', 'dark']
    INFO | 2026-08-24 11:09:09 | metadata.py:unique_configurations:766 | Found 2 unique configuration(s).
    INFO | 2026-08-24 11:09:09 | metadata.py:ignore_frames:1203 | Unique configurations ignore frames with type: ['bias', 'dark']
    INFO | 2026-08-24 11:09:09 | inputfiles.py:vet:685 | PypeIt file successfully vetted.
    INFO | 2026-08-24 11:09:09 | inputfiles.py:write:592 | PypeIt input file written to: /Users/kaiwenzhang/PycharmProjects/KCWI/KCWI_RED_channel_characterization/RH2 pypeit run/2024-11-07/pypeit_run/keck_kcrm_A/keck_kcrm_A.pypeit
    INFO | 2026-08-24 11:09:09 | inputfiles.py:vet:685 | PypeIt file successfully vetted.
    INFO | 2026-08-24 11:09:09 | inputfiles.py:write:592 | PypeIt input file written to: /Users/kaiwenzhang/PycharmProjects/KCWI/KCWI_RED_channel_characterization/RH2 pypeit run/2024-11-07/pypeit_run/keck_kcrm_B/keck_kcrm_B.pypeit
    INFO | 2026-08-24 11:09:09 | calibrations.py:association_summary:1731 | Calibration association file written to: /Users/kaiwenzhang/PycharmProjects/KCWI/KCWI_RED_channel_characterization/RH2 pypeit run/2024-11-07/pypeit_run/keck_kcrm_A/keck_kcrm_A.calib
    INFO | 2026-08-24 11:09:09 | calibrations.py:association_summary:1731 | Calibration association file written to: /Users/kaiwenzhang/PycharmProjects/KCWI/KCWI_RED_channel_characterization/RH2 pypeit run/2024-11-07/pypeit_run/keck_kcrm_B/keck_kcrm_B.calib
