2023-11-17/keck_kcrm_B (Large, 6900 A): holy-grail ...
2023-11-17/keck_kcrm_B: rc=1 (non-zero expected), WaveCalib written

=== /Users/kaiwenzhang/PycharmProjects/KCWI/KCWI_RED_channel_characterization/RH2 pypeit run/2023-11-17/pypeit_run/keck_kcrm_B/Calibrations/WaveCalib_B_1_DET01.fits
  7 usable of 24 slices  (rms median 0.054, max 0.515 px)
  PASS slit  7 spat  583: rms=0.036 nlines= 28 6524.4-7288.0 A  disp=0.3712 A/px
  PASS slit  9 spat  730: rms=0.054 nlines= 29 6521.2-7285.0 A  disp=0.3714 A/px
  PASS slit 10 spat  804: rms=0.032 nlines= 29 6492.1-7255.8 A  disp=0.3714 A/px
  PASS slit 16 spat 1451: rms=0.051 nlines= 28 6494.9-7258.7 A  disp=0.3712 A/px
  PASS slit 23 spat 1988: rms=0.203 nlines= 26 6540.5-7289.0 A  disp=0.3707 A/px
  5 of those meet the stricter seed criteria for template building
  best seed = spat 804 (6492.1-7255.8 A, rms 0.032)
[1;38;2;49;54;149m    [INFO][0m - [38;2;116;173;209mdatamodel.py:from_file:1558[0m - Loading WaveCalib from /Users/kaiwenzhang/PycharmProjects/KCWI/KCWI_RED_channel_characterization/RH2 pypeit run/2023-11-17/pypeit_run/keck_kcrm_B/Calibrations/WaveCalib_B_1_DET01.fits
[1;38;2;49;54;149m    [INFO][0m - [38;2;116;173;209mdatamodel.py:from_file:1558[0m - Loading SlitTraceSet from /Users/kaiwenzhang/PycharmProjects/KCWI/KCWI_RED_channel_characterization/RH2 pypeit run/2023-11-17/pypeit_run/keck_kcrm_B/Calibrations/Slits_B_1_DET01.fits.gz
[1;38;2;49;54;149m    [INFO][0m - [38;2;116;173;209mdatamodel.py:from_file:1558[0m - Loading WaveCalib from /Users/kaiwenzhang/PycharmProjects/KCWI/KCWI_RED_channel_characterization/RH2 pypeit run/2023-11-17/pypeit_run/keck_kcrm_B/Calibrations/WaveCalib_B_1_DET01.fits

2023-07-16/keck_kcrm_A (Large, 7180 A): holy-grail ...
2023-07-16/keck_kcrm_A: rc=1 (non-zero expected), WaveCalib written

=== /Users/kaiwenzhang/PycharmProjects/KCWI/KCWI_RED_channel_characterization/RH2 pypeit run/2023-07-16/pypeit_run/keck_kcrm_A/Calibrations/WaveCalib_A_0_DET01.fits
  2 usable of 24 slices  (rms median 0.349, max 0.511 px)
  PASS slit 13 spat 1229: rms=0.187 nlines= 25 6813.4-7554.5 A  disp=0.3585 A/px
  1 of those meet the stricter seed criteria for template building
  best seed = spat 1229 (6813.4-7554.5 A, rms 0.187)
[1;38;2;49;54;149m    [INFO][0m - [38;2;116;173;209mdatamodel.py:from_file:1558[0m - Loading WaveCalib from /Users/kaiwenzhang/PycharmProjects/KCWI/KCWI_RED_channel_characterization/RH2 pypeit run/2023-07-16/pypeit_run/keck_kcrm_A/Calibrations/WaveCalib_A_0_DET01.fits
[1;38;2;49;54;149m    [INFO][0m - [38;2;116;173;209mdatamodel.py:from_file:1558[0m - Loading SlitTraceSet from /Users/kaiwenzhang/PycharmProjects/KCWI/KCWI_RED_channel_characterization/RH2 pypeit run/2023-07-16/pypeit_run/keck_kcrm_A/Calibrations/Slits_A_0_DET01.fits.gz
[1;38;2;49;54;149m    [INFO][0m - [38;2;116;173;209mdatamodel.py:from_file:1558[0m - Loading WaveCalib from /Users/kaiwenzhang/PycharmProjects/KCWI/KCWI_RED_channel_characterization/RH2 pypeit run/2023-07-16/pypeit_run/keck_kcrm_A/Calibrations/WaveCalib_A_0_DET01.fits

2024-11-07/keck_kcrm_B (Medium, 6750 A): holy-grail ...
2024-11-07/keck_kcrm_B: rc=1 (non-zero expected), WaveCalib written

=== /Users/kaiwenzhang/PycharmProjects/KCWI/KCWI_RED_channel_characterization/RH2 pypeit run/2024-11-07/pypeit_run/keck_kcrm_B/Calibrations/WaveCalib_B_1_DET01.fits
  4 usable of 24 slices  (rms median 0.275, max 0.305 px)
  PASS slit  0 spat   49: rms=0.305 nlines= 32 6343.2-7139.8 A  disp=0.3871 A/px
  PASS slit  5 spat  434: rms=0.254 nlines= 46 6367.0-7147.9 A  disp=0.3769 A/px
  PASS slit 19 spat 1672: rms=0.083 nlines= 46 6382.0-7158.2 A  disp=0.3773 A/px
  PASS slit 22 spat 1901: rms=0.296 nlines= 31 6358.2-7159.0 A  disp=0.3895 A/px
  4 of those meet the stricter seed criteria for template building
  best seed = spat 1672 (6382.0-7158.2 A, rms 0.083)
[1;38;2;49;54;149m    [INFO][0m - [38;2;116;173;209mdatamodel.py:from_file:1558[0m - Loading WaveCalib from /Users/kaiwenzhang/PycharmProjects/KCWI/KCWI_RED_channel_characterization/RH2 pypeit run/2024-11-07/pypeit_run/keck_kcrm_B/Calibrations/WaveCalib_B_1_DET01.fits
[1;38;2;49;54;149m    [INFO][0m - [38;2;116;173;209mdatamodel.py:from_file:1558[0m - Loading SlitTraceSet from /Users/kaiwenzhang/PycharmProjects/KCWI/KCWI_RED_channel_characterization/RH2 pypeit run/2024-11-07/pypeit_run/keck_kcrm_B/Calibrations/Slits_B_1_DET01.fits.gz
[1;38;2;49;54;149m    [INFO][0m - [38;2;116;173;209mdatamodel.py:from_file:1558[0m - Loading WaveCalib from /Users/kaiwenzhang/PycharmProjects/KCWI/KCWI_RED_channel_characterization/RH2 pypeit run/2024-11-07/pypeit_run/keck_kcrm_B/Calibrations/WaveCalib_B_1_DET01.fits

SEED PHASE DONE
