--- coadd/extract complete; sensfunc stage starting $(date +%H:%M) ---
2023-11-07/B: trim_std_pixs = 143, 141   (full coverage 6745.4-7442.5 A)
2023-11-07/B: sensfunc (algorithm IR, polyorder 15) ...
2023-11-07/B: wrote feige110_2023-11-07_B_sens_IR_p15cov.fits
2023-11-07/B: fit range 6749-7439 A  interior scatter 0.0359 mag  worst edge error 0.110 mag
2023-11-17/B: trim_std_pixs = 149, 251   (full coverage 6539.6-7251.2 A)
2023-11-17/B: sensfunc (algorithm IR, polyorder 15) ...
2023-11-17/B: wrote feige110_2023-11-17_B_sens_IR_p15cov.fits
2023-11-17/B: fit range 6543-7209 A  interior scatter 0.0269 mag  worst edge error 0.108 mag
2023-11-17/C: trim_std_pixs = 171, 141   (full coverage 6755.1-7442.5 A)
2023-11-17/C: sensfunc (algorithm IR, polyorder 15) ...
2023-11-17/C: wrote feige110_2023-11-17_C_sens_IR_p15cov.fits
2023-11-17/C: fit range 6759-7438 A  interior scatter 0.0219 mag  worst edge error 0.109 mag
2024-10-29/B: trim_std_pixs = 170, 206   (full coverage 6403.2-7136.2 A)
2024-10-29/B: sensfunc (algorithm IR, polyorder 15) ...
2024-10-29/B: wrote feige110_2024-10-29_B_sens_IR_p15cov.fits
2024-10-29/B: fit range 6408-7132 A  interior scatter 0.0143 mag  worst edge error 0.112 mag
2024-11-06/B: trim_std_pixs = 164, 225   (full coverage 6400.5-7132.1 A)
2024-11-06/B: sensfunc (algorithm IR, polyorder 15) ...
2024-11-06/B: wrote feige110_2024-11-06_B_sens_IR_p15cov.fits
2024-11-06/B: fit range 6405-7128 A  interior scatter 0.0042 mag  worst edge error 0.102 mag
2024-11-07/B: trim_std_pixs = 168, 234   (full coverage 6403.1-7136.9 A)
2024-11-07/B: sensfunc (algorithm IR, polyorder 15) ...
2024-11-07/B: wrote feige110_2024-11-07_B_sens_IR_p15cov.fits
2024-11-07/B: fit range 6407-7133 A  interior scatter 0.0202 mag  worst edge error 0.090 mag
ALL SENSFUNCS DONE
--- coadd/extract done; sensfunc stage ---
2023-09-16/B: trim_std_pixs = 143, 141   (full coverage 6746.8-7443.7 A)
2023-09-16/B: sensfunc (algorithm IR, polyorder 15) ...
2023-09-16/B: wrote g191b2b_2023-09-16_B_sens_IR_p15cov.fits
2023-09-16/B: fit range 6751-7440 A  interior scatter 0.0513 mag  worst edge error 0.204 mag
2023-09-16/C: trim_std_pixs = 149, 146   (full coverage 6592.6-7300.4 A)
2023-09-16/C: sensfunc (algorithm IR, polyorder 15) ...
2023-09-16/C: wrote g191b2b_2023-09-16_C_sens_IR_p15cov.fits
2023-09-16/C: fit range 6597-7296 A  interior scatter 0.0358 mag  worst edge error 0.142 mag
2023-11-07/B: feige110_2023-11-07_B_sens_IR_p15cov.fits already present, skipped
2023-11-17/B: feige110_2023-11-17_B_sens_IR_p15cov.fits already present, skipped
2023-11-17/C: feige110_2023-11-17_C_sens_IR_p15cov.fits already present, skipped
2024-10-29/B: feige110_2024-10-29_B_sens_IR_p15cov.fits already present, skipped
2024-11-06/B: feige110_2024-11-06_B_sens_IR_p15cov.fits already present, skipped
2024-11-07/B: feige110_2024-11-07_B_sens_IR_p15cov.fits already present, skipped
ALL SENSFUNCS DONE
