[1;38;2;49;54;149m    [INFO][0m - [38;2;116;173;209minputfiles.py:from_file:136[0m - Loading the reduction file
[1;38;2;49;54;149m    [INFO][0m - [38;2;116;173;209minputfiles.py:from_file:214[0m - PypeIt input file loaded successfully.
[1;38;2;49;54;149m    [INFO][0m - [38;2;116;173;209minputfiles.py:vet:685[0m - PypeIt file successfully vetted.
[1;38;2;49;54;149m    [INFO][0m - [38;2;116;173;209mpypeit.py:__init__:82[0m - Loaded spectrograph keck_kcrm
[1;38;2;49;54;149m    [INFO][0m - [38;2;116;173;209mpypeit.py:__init__:83[0m - Setting configuration-specific parameters using KR.20241002.55889.66.fits.
[1;38;2;253;174;97m [WARNING][0m - [38;2;116;173;209mparset.py:to_config:662[0m - Selected configuration file already exists and will be overwritten!
[1;38;2;49;54;149m    [INFO][0m - [38;2;116;173;209mpypeit.py:__init__:99[0m - Compiling metadata
[1;38;2;49;54;149m    [INFO][0m - [38;2;116;173;209mmetadata.py:_build:206[0m - Building metadata for 29 files.
[1;38;2;49;54;149m    [INFO][0m - [38;2;116;173;209mmetadata.py:_build:235[0m - Adding metadata for KR.20241002.09292.90.fits
[1;38;2;49;54;149m    [INFO][0m - [38;2;116;173;209mmetadata.py:_build:235[0m - Adding metadata for KR.20241002.09358.39.fits
[1;38;2;49;54;149m    [INFO][0m - [38;2;116;173;209mmetadata.py:_build:235[0m - Adding metadata for KR.20241002.09422.65.fits
[1;38;2;49;54;149m    [INFO][0m - [38;2;116;173;209mmetadata.py:_build:235[0m - Adding metadata for KR.20241002.09487.93.fits
[1;38;2;49;54;149m    [INFO][0m - [38;2;116;173;209mmetadata.py:_build:235[0m - Adding metadata for KR.20241002.09514.45.fits
[1;38;2;49;54;149m    [INFO][0m - [38;2;116;173;209mmetadata.py:_build:235[0m - Adding metadata for KR.20241002.09540.97.fits
[1;38;2;49;54;149m    [INFO][0m - [38;2;116;173;209mmetadata.py:_build:235[0m - Adding metadata for KR.20241002.08804.50.fits
[1;38;2;49;54;149m    [INFO][0m - [38;2;116;173;209mmetadata.py:_build:235[0m - Adding metadata for KR.20241002.08848.36.fits
[1;38;2;49;54;149m    [INFO][0m - [38;2;116;173;209mmetadata.py:_build:235[0m - Adding metadata for KR.20241002.08892.22.fits
[1;38;2;49;54;149m    [INFO][0m - [38;2;116;173;209mmetadata.py:_build:235[0m - Adding metadata for KR.20241002.08936.90.fits
[1;38;2;49;54;149m    [INFO][0m - [38;2;116;173;209mmetadata.py:_build:235[0m - Adding metadata for KR.20241002.08979.95.fits
[1;38;2;49;54;149m    [INFO][0m - [38;2;116;173;209mmetadata.py:_build:235[0m - Adding metadata for KR.20241002.09023.81.fits
[1;38;2;49;54;149m    [INFO][0m - [38;2;116;173;209mmetadata.py:_build:235[0m - Adding metadata for KR.20241002.09067.68.fits
[1;38;2;49;54;149m    [INFO][0m - [38;2;116;173;209mmetadata.py:_build:235[0m - Adding metadata for KR.20241002.10368.20.fits
[1;38;2;49;54;149m    [INFO][0m - [38;2;116;173;209mmetadata.py:_build:235[0m - Adding metadata for KR.20241002.10501.82.fits
[1;38;2;49;54;149m    [INFO][0m - [38;2;116;173;209mmetadata.py:_build:235[0m - Adding metadata for KR.20241002.10636.46.fits
[1;38;2;49;54;149m    [INFO][0m - [38;2;116;173;209mmetadata.py:_build:235[0m - Adding metadata for KR.20241002.09730.69.fits
[1;38;2;49;54;149m    [INFO][0m - [38;2;116;173;209mmetadata.py:_build:235[0m - Adding metadata for KR.20241002.09814.34.fits
[1;38;2;49;54;149m    [INFO][0m - [38;2;116;173;209mmetadata.py:_build:235[0m - Adding metadata for KR.20241002.09899.00.fits
[1;38;2;49;54;149m    [INFO][0m - [38;2;116;173;209mmetadata.py:_build:235[0m - Adding metadata for KR.20241002.09982.64.fits
[1;38;2;49;54;149m    [INFO][0m - [38;2;116;173;209mmetadata.py:_build:235[0m - Adding metadata for KR.20241002.10067.30.fits
[1;38;2;49;54;149m    [INFO][0m - [38;2;116;173;209mmetadata.py:_build:235[0m - Adding metadata for KR.20241002.10151.96.fits
[1;38;2;49;54;149m    [INFO][0m - [38;2;116;173;209mmetadata.py:_build:235[0m - Adding metadata for KR.20241002.55889.66.fits
[1;38;2;49;54;149m    [INFO][0m - [38;2;116;173;209mmetadata.py:_build:235[0m - Adding metadata for KR.20241002.56083.46.fits
[1;38;2;49;54;149m    [INFO][0m - [38;2;116;173;209mmetadata.py:_build:235[0m - Adding metadata for KR.20241002.56227.28.fits
[1;38;2;49;54;149m    [INFO][0m - [38;2;116;173;209mmetadata.py:_build:235[0m - Adding metadata for KR.20241002.56371.10.fits
[1;38;2;49;54;149m    [INFO][0m - [38;2;116;173;209mmetadata.py:_build:235[0m - Adding metadata for KR.20241002.09587.89.fits
[1;38;2;49;54;149m    [INFO][0m - [38;2;116;173;209mmetadata.py:_build:235[0m - Adding metadata for KR.20241002.09614.41.fits
[1;38;2;49;54;149m    [INFO][0m - [38;2;116;173;209mmetadata.py:_build:235[0m - Adding metadata for KR.20241002.09640.93.fits
[1;38;2;253;174;97m [WARNING][0m - [38;2;116;173;209mmetadata.py:_vet_instrument:180[0m - The instrument name in the headers of the raw files does not match the expected one! Found KCWI, expected KCRM.  You may have chosen the wrong PypeIt spectrograph name!
[1;38;2;253;174;97m [WARNING][0m - [38;2;116;173;209mmetadata.py:get_frame_types:1384[0m - Removing existing frametype and framebit columns.
[1;38;2;49;54;149m    [INFO][0m - [38;2;116;173;209mmetadata.py:get_frame_types:1391[0m - Typing files
[1;38;2;49;54;149m    [INFO][0m - [38;2;116;173;209mmetadata.py:get_frame_types:1401[0m - Using user-provided frame types.
[1;38;2;49;54;149m    [INFO][0m - [38;2;116;173;209mmetadata.py:unique_configurations:696[0m - Setup column already set.  Finding unique configurations.
[1;38;2;49;54;149m    [INFO][0m - [38;2;116;173;209mmetadata.py:unique_configurations:706[0m - Found 1 unique configurations.
[1;38;2;49;54;149m    [INFO][0m - [38;2;116;173;209mcalibrations.py:association_summary:1731[0m - Calibration association file written to: /Users/kaiwenzhang/PycharmProjects/KCWI/KCWI_RED_channel_characterization/RH3 pypeit run/2024-10-01/pypeit_run/keck_kcrm_B/keck_kcrm_B.calib
[1;38;2;49;54;149m    [INFO][0m - [38;2;116;173;209mpypeit.py:__init__:133[0m - Setting reduction path to /Users/kaiwenzhang/PycharmProjects/KCWI/KCWI_RED_channel_characterization/RH3 pypeit run/2024-10-01/pypeit_run/keck_kcrm_B
[1;38;2;49;54;149m    [INFO][0m - [38;2;116;173;209mpypeit.py:__init__:134[0m - Calibration frames saved to: /Users/kaiwenzhang/PycharmProjects/KCWI/KCWI_RED_channel_characterization/RH3 pypeit run/2024-10-01/pypeit_run/keck_kcrm_B/Calibrations
[1;38;2;49;54;149m    [INFO][0m - [38;2;116;173;209mpypeit.py:__init__:135[0m - Science data output to: /Users/kaiwenzhang/PycharmProjects/KCWI/KCWI_RED_channel_characterization/RH3 pypeit run/2024-10-01/pypeit_run/keck_kcrm_B/Science
[1;38;2;49;54;149m    [INFO][0m - [38;2;116;173;209mpypeit.py:__init__:136[0m - Quality assessment plots output to: /Users/kaiwenzhang/PycharmProjects/KCWI/KCWI_RED_channel_characterization/RH3 pypeit run/2024-10-01/pypeit_run/keck_kcrm_B/QA
[1;38;2;49;54;149m    [INFO][0m - [38;2;116;173;209mpypeit.py:calib_all:183[0m - Detectors to work on: [1]
[1;38;2;49;54;149m    [INFO][0m - [38;2;116;173;209mpypeit.py:calib_all:187[0m - Working on detector 1
[1;38;2;49;54;149m    [INFO][0m - [38;2;116;173;209mpypeit_steps.py:calib_one:173[0m - Building/loading calibrations for detector 1
[1;38;2;49;54;149m    [INFO][0m - [38;2;116;173;209mdatamodel.py:from_file:1558[0m - Loading BiasImage from /Users/kaiwenzhang/PycharmProjects/KCWI/KCWI_RED_channel_characterization/RH3 pypeit run/2024-10-01/pypeit_run/keck_kcrm_B/Calibrations/Bias_B_1_DET01.fits
[1;38;2;253;174;97m [WARNING][0m - [38;2;116;173;209mcalibrations.py:get_dark:606[0m - No raw dark frames found and unable to identify a relevant processed calibration frame.  Continuing...
[1;38;2;49;54;149m    [INFO][0m - [38;2;116;173;209mkeck_kcwi.py:get_rawimage:1426[0m - Reading KCWI file: /Users/kaiwenzhang/PycharmProjects/KCWI/KCWI_RED_channel_characterization/fits/by_night/RH3/2024-10-01/KR.20241002.09292.90.fits
[1;38;2;253;174;97m [WARNING][0m - [38;2;116;173;209mkeck_kcwi.py:bpm:820[0m - KCRM bad pixel mask is not available for ampmode=L2U2L1U1 binning=2,2
[1;38;2;49;54;149m    [INFO][0m - [38;2;116;173;209mdatamodel.py:from_file:1558[0m - Loading ArcImage from /Users/kaiwenzhang/PycharmProjects/KCWI/KCWI_RED_channel_characterization/RH3 pypeit run/2024-10-01/pypeit_run/keck_kcrm_B/Calibrations/Arc_B_1_DET01.fits
[1;38;2;49;54;149m    [INFO][0m - [38;2;116;173;209mdatamodel.py:from_file:1558[0m - Loading TiltImage from /Users/kaiwenzhang/PycharmProjects/KCWI/KCWI_RED_channel_characterization/RH3 pypeit run/2024-10-01/pypeit_run/keck_kcrm_B/Calibrations/Tiltimg_B_1_DET01.fits
[1;38;2;49;54;149m    [INFO][0m - [38;2;116;173;209mdatamodel.py:from_file:1558[0m - Loading SlitTraceSet from /Users/kaiwenzhang/PycharmProjects/KCWI/KCWI_RED_channel_characterization/RH3 pypeit run/2024-10-01/pypeit_run/keck_kcrm_B/Calibrations/Slits_B_1_DET01.fits.gz
[1;38;2;49;54;149m    [INFO][0m - [38;2;116;173;209mcalibrations.py:get_wv_calib:1263[0m - Preparing a WaveCalib calibration frame.
[1;38;2;49;54;149m    [INFO][0m - [38;2;116;173;209marc.py:get_censpec:491[0m - Extracting approximate arc spectrum of slit 1/24
[1;38;2;49;54;149m    [INFO][0m - [38;2;116;173;209marc.py:get_censpec:491[0m - Extracting approximate arc spectrum of slit 2/24
[1;38;2;49;54;149m    [INFO][0m - [38;2;116;173;209marc.py:get_censpec:491[0m - Extracting approximate arc spectrum of slit 3/24
[1;38;2;49;54;149m    [INFO][0m - [38;2;116;173;209marc.py:get_censpec:491[0m - Extracting approximate arc spectrum of slit 4/24
[1;38;2;49;54;149m    [INFO][0m - [38;2;116;173;209marc.py:get_censpec:491[0m - Extracting approximate arc spectrum of slit 5/24
[1;38;2;49;54;149m    [INFO][0m - [38;2;116;173;209marc.py:get_censpec:491[0m - Extracting approximate arc spectrum of slit 6/24
[1;38;2;49;54;149m    [INFO][0m - [38;2;116;173;209marc.py:get_censpec:491[0m - Extracting approximate arc spectrum of slit 7/24
[1;38;2;49;54;149m    [INFO][0m - [38;2;116;173;209marc.py:get_censpec:491[0m - Extracting approximate arc spectrum of slit 8/24
[1;38;2;49;54;149m    [INFO][0m - [38;2;116;173;209marc.py:get_censpec:491[0m - Extracting approximate arc spectrum of slit 9/24
[1;38;2;49;54;149m    [INFO][0m - [38;2;116;173;209marc.py:get_censpec:491[0m - Extracting approximate arc spectrum of slit 10/24
[1;38;2;49;54;149m    [INFO][0m - [38;2;116;173;209marc.py:get_censpec:491[0m - Extracting approximate arc spectrum of slit 11/24
[1;38;2;49;54;149m    [INFO][0m - [38;2;116;173;209marc.py:get_censpec:491[0m - Extracting approximate arc spectrum of slit 12/24
[1;38;2;49;54;149m    [INFO][0m - [38;2;116;173;209marc.py:get_censpec:491[0m - Extracting approximate arc spectrum of slit 13/24
[1;38;2;49;54;149m    [INFO][0m - [38;2;116;173;209marc.py:get_censpec:491[0m - Extracting approximate arc spectrum of slit 14/24
[1;38;2;49;54;149m    [INFO][0m - [38;2;116;173;209marc.py:get_censpec:491[0m - Extracting approximate arc spectrum of slit 15/24
[1;38;2;49;54;149m    [INFO][0m - [38;2;116;173;209marc.py:get_censpec:491[0m - Extracting approximate arc spectrum of slit 16/24
[1;38;2;49;54;149m    [INFO][0m - [38;2;116;173;209marc.py:get_censpec:491[0m - Extracting approximate arc spectrum of slit 17/24
[1;38;2;49;54;149m    [INFO][0m - [38;2;116;173;209marc.py:get_censpec:491[0m - Extracting approximate arc spectrum of slit 18/24
[1;38;2;49;54;149m    [INFO][0m - [38;2;116;173;209marc.py:get_censpec:491[0m - Extracting approximate arc spectrum of slit 19/24
[1;38;2;49;54;149m    [INFO][0m - [38;2;116;173;209marc.py:get_censpec:491[0m - Extracting approximate arc spectrum of slit 20/24
[1;38;2;49;54;149m    [INFO][0m - [38;2;116;173;209marc.py:get_censpec:491[0m - Extracting approximate arc spectrum of slit 21/24
[1;38;2;49;54;149m    [INFO][0m - [38;2;116;173;209marc.py:get_censpec:491[0m - Extracting approximate arc spectrum of slit 22/24
[1;38;2;49;54;149m    [INFO][0m - [38;2;116;173;209marc.py:get_censpec:491[0m - Extracting approximate arc spectrum of slit 23/24
[1;38;2;49;54;149m    [INFO][0m - [38;2;116;173;209marc.py:get_censpec:491[0m - Extracting approximate arc spectrum of slit 24/24
[1;38;2;49;54;149m    [INFO][0m - [38;2;116;173;209mautoid.py:map_fwhm:931[0m - Calculating spectral resolution of slit 1/24
[1;38;2;49;54;149m    [INFO][0m - [38;2;116;173;209mautoid.py:map_fwhm:931[0m - Calculating spectral resolution of slit 2/24
[1;38;2;49;54;149m    [INFO][0m - [38;2;116;173;209mautoid.py:map_fwhm:931[0m - Calculating spectral resolution of slit 3/24
[1;38;2;49;54;149m    [INFO][0m - [38;2;116;173;209mautoid.py:map_fwhm:931[0m - Calculating spectral resolution of slit 4/24
[1;38;2;49;54;149m    [INFO][0m - [38;2;116;173;209mautoid.py:map_fwhm:931[0m - Calculating spectral resolution of slit 5/24
[1;38;2;49;54;149m    [INFO][0m - [38;2;116;173;209mautoid.py:map_fwhm:931[0m - Calculating spectral resolution of slit 6/24
[1;38;2;49;54;149m    [INFO][0m - [38;2;116;173;209mautoid.py:map_fwhm:931[0m - Calculating spectral resolution of slit 7/24
[1;38;2;49;54;149m    [INFO][0m - [38;2;116;173;209mautoid.py:map_fwhm:931[0m - Calculating spectral resolution of slit 8/24
[1;38;2;49;54;149m    [INFO][0m - [38;2;116;173;209mautoid.py:map_fwhm:931[0m - Calculating spectral resolution of slit 9/24
[1;38;2;49;54;149m    [INFO][0m - [38;2;116;173;209mautoid.py:map_fwhm:931[0m - Calculating spectral resolution of slit 10/24
[1;38;2;49;54;149m    [INFO][0m - [38;2;116;173;209mautoid.py:map_fwhm:931[0m - Calculating spectral resolution of slit 11/24
[1;38;2;49;54;149m    [INFO][0m - [38;2;116;173;209mautoid.py:map_fwhm:931[0m - Calculating spectral resolution of slit 12/24
[1;38;2;49;54;149m    [INFO][0m - [38;2;116;173;209mautoid.py:map_fwhm:931[0m - Calculating spectral resolution of slit 13/24
[1;38;2;49;54;149m    [INFO][0m - [38;2;116;173;209mautoid.py:map_fwhm:931[0m - Calculating spectral resolution of slit 14/24
[1;38;2;49;54;149m    [INFO][0m - [38;2;116;173;209mautoid.py:map_fwhm:931[0m - Calculating spectral resolution of slit 15/24
[1;38;2;49;54;149m    [INFO][0m - [38;2;116;173;209mautoid.py:map_fwhm:931[0m - Calculating spectral resolution of slit 16/24
[1;38;2;49;54;149m    [INFO][0m - [38;2;116;173;209mautoid.py:map_fwhm:931[0m - Calculating spectral resolution of slit 17/24
[1;38;2;49;54;149m    [INFO][0m - [38;2;116;173;209mautoid.py:map_fwhm:931[0m - Calculating spectral resolution of slit 18/24
[1;38;2;49;54;149m    [INFO][0m - [38;2;116;173;209mautoid.py:map_fwhm:931[0m - Calculating spectral resolution of slit 19/24
[1;38;2;49;54;149m    [INFO][0m - [38;2;116;173;209mautoid.py:map_fwhm:931[0m - Calculating spectral resolution of slit 20/24
[1;38;2;49;54;149m    [INFO][0m - [38;2;116;173;209mautoid.py:map_fwhm:931[0m - Calculating spectral resolution of slit 21/24
[1;38;2;49;54;149m    [INFO][0m - [38;2;116;173;209mautoid.py:map_fwhm:931[0m - Calculating spectral resolution of slit 22/24
[1;38;2;49;54;149m    [INFO][0m - [38;2;116;173;209mautoid.py:map_fwhm:931[0m - Calculating spectral resolution of slit 23/24
[1;38;2;49;54;149m    [INFO][0m - [38;2;116;173;209mautoid.py:map_fwhm:931[0m - Calculating spectral resolution of slit 24/24
[1;38;2;49;54;149m    [INFO][0m - [38;2;116;173;209mwaveio.py:load_line_lists:223[0m - Arc lamps used: FeI, ArI, ArII
[1;38;2;49;54;149m    [INFO][0m - [38;2;116;173;209mautoid.py:__init__:1997[0m - Using brute force pattern matching algorithm to wavelength calibrate
[1;38;2;49;54;149m    [INFO][0m - [38;2;116;173;209mautoid.py:run_brute:2103[0m - Working on slit: 1
[1;38;2;49;54;149m    [INFO][0m - [38;2;116;173;209mautoid.py:run_brute:2107[0m - Using sigdetect =  5.0
[1;38;2;49;54;149m    [INFO][0m - [38;2;116;173;209mautoid.py:set_fwhm:1029[0m - Measured arc lines FWHM: 2.0 pixels
[1;38;2;49;54;149m    [INFO][0m - [38;2;116;173;209mautoid.py:run_brute_loop:2053[0m - Using RMS threshold = 0.307 (pixels); RMS/FWHM threshold = 0.15
[1;38;2;253;174;97m [WARNING][0m - [38;2;116;173;209mpolyutils.py:_fit:662[0m - RankWarning: The fit may be poorly conditioned
[1;38;2;253;174;97m [WARNING][0m - [38;2;116;173;209mfitting.py:robust_fit:456[0m - Maximum number of iterations maxiter=1 reached in robust_polyfit_djs
[1;38;2;49;54;149m    [INFO][0m - [38;2;116;173;209mwv_fitting.py:iterative_fitting:462[0m - RMS of the final wavelength fit: 0.578184 pixels
[1;38;2;253;174;97m [WARNING][0m - [38;2;116;173;209mwv_fitting.py:iterative_fitting:437[0m - Not enough lines for n_final! Fit order = 3
[1;38;2;253;174;97m [WARNING][0m - [38;2;116;173;209mfitting.py:robust_fit:435[0m - More parameters than data points - fit might be undesirable
[1;38;2;49;54;149m    [INFO][0m - [38;2;116;173;209mwv_fitting.py:iterative_fitting:462[0m - RMS of the final wavelength fit: 8.03877e-12 pixels
[1;38;2;253;174;97m [WARNING][0m - [38;2;116;173;209mwv_fitting.py:iterative_fitting:437[0m - Not enough lines for n_final! Fit order = 2
[1;38;2;253;174;97m [WARNING][0m - [38;2;116;173;209mfitting.py:robust_fit:435[0m - More parameters than data points - fit might be undesirable
[1;38;2;49;54;149m    [INFO][0m - [38;2;116;173;209mwv_fitting.py:iterative_fitting:462[0m - RMS of the final wavelength fit: 1.6028e-11 pixels
[1;38;2;253;174;97m [WARNING][0m - [38;2;116;173;209mwv_fitting.py:iterative_fitting:437[0m - Not enough lines for n_final! Fit order = 2
[1;38;2;253;174;97m [WARNING][0m - [38;2;116;173;209mfitting.py:robust_fit:435[0m - More parameters than data points - fit might be undesirable
[1;38;2;49;54;149m    [INFO][0m - [38;2;116;173;209mwv_fitting.py:iterative_fitting:462[0m - RMS of the final wavelength fit: 3.57776e-12 pixels
[1;38;2;253;174;97m [WARNING][0m - [38;2;116;173;209mfitting.py:robust_fit:456[0m - Maximum number of iterations maxiter=1 reached in robust_polyfit_djs
[1;38;2;49;54;149m    [INFO][0m - [38;2;116;173;209mwv_fitting.py:iterative_fitting:462[0m - RMS of the final wavelength fit: 0.0121599 pixels
[1;38;2;253;174;97m [WARNING][0m - [38;2;116;173;209mfitting.py:robust_fit:456[0m - Maximum number of iterations maxiter=1 reached in robust_polyfit_djs
[1;38;2;49;54;149m    [INFO][0m - [38;2;116;173;209mwv_fitting.py:iterative_fitting:462[0m - RMS of the final wavelength fit: 0.0121599 pixels
[1;38;2;253;174;97m [WARNING][0m - [38;2;116;173;209mwv_fitting.py:iterative_fitting:437[0m - Not enough lines for n_final! Fit order = 2
[1;38;2;253;174;97m [WARNING][0m - [38;2;116;173;209mfitting.py:robust_fit:435[0m - More parameters than data points - fit might be undesirable
[1;38;2;49;54;149m    [INFO][0m - [38;2;116;173;209mwv_fitting.py:iterative_fitting:462[0m - RMS of the final wavelength fit: 3.57776e-12 pixels
[1;38;2;253;174;97m [WARNING][0m - [38;2;116;173;209mfitting.py:robust_fit:456[0m - Maximum number of iterations maxiter=1 reached in robust_polyfit_djs
[1;38;2;49;54;149m    [INFO][0m - [38;2;116;173;209mwv_fitting.py:iterative_fitting:462[0m - RMS of the final wavelength fit: 0.0121599 pixels
[1;38;2;253;174;97m [WARNING][0m - [38;2;116;173;209mfitting.py:robust_fit:456[0m - Maximum number of iterations maxiter=1 reached in robust_polyfit_djs
[1;38;2;49;54;149m    [INFO][0m - [38;2;116;173;209mwv_fitting.py:iterative_fitting:462[0m - RMS of the final wavelength fit: 0.0121599 pixels
[1;38;2;253;174;97m [WARNING][0m - [38;2;116;173;209mfitting.py:robust_fit:456[0m - Maximum number of iterations maxiter=1 reached in robust_polyfit_djs
[1;38;2;49;54;149m    [INFO][0m - [38;2;116;173;209mwv_fitting.py:iterative_fitting:462[0m - RMS of the final wavelength fit: 0.0135763 pixels
[1;38;2;253;174;97m [WARNING][0m - [38;2;116;173;209mautoid.py:report_prelim:3031[0m - ---------------------------------------------------
Preliminary report for slit 1/24:
  Poor RMS (0.578)! Attempting to cross match.
---------------------------------------------------
[1;38;2;49;54;149m    [INFO][0m - [38;2;116;173;209mautoid.py:run_brute:2103[0m - Working on slit: 2
[1;38;2;49;54;149m    [INFO][0m - [38;2;116;173;209mautoid.py:run_brute:2107[0m - Using sigdetect =  5.0
[1;38;2;49;54;149m    [INFO][0m - [38;2;116;173;209mautoid.py:set_fwhm:1029[0m - Measured arc lines FWHM: 2.0 pixels
[1;38;2;49;54;149m    [INFO][0m - [38;2;116;173;209mautoid.py:run_brute_loop:2053[0m - Using RMS threshold = 0.303 (pixels); RMS/FWHM threshold = 0.15
[1;38;2;253;174;97m [WARNING][0m - [38;2;116;173;209mfitting.py:robust_fit:456[0m - Maximum number of iterations maxiter=1 reached in robust_polyfit_djs
[1;38;2;253;174;97m [WARNING][0m - [38;2;116;173;209mfitting.py:robust_fit:456[0m - Maximum number of iterations maxiter=1 reached in robust_polyfit_djs
[1;38;2;49;54;149m    [INFO][0m - [38;2;116;173;209mwv_fitting.py:iterative_fitting:462[0m - RMS of the final wavelength fit: 0.32827 pixels
[1;38;2;253;174;97m [WARNING][0m - [38;2;116;173;209mpolyutils.py:_fit:662[0m - RankWarning: The fit may be poorly conditioned
[1;38;2;253;174;97m [WARNING][0m - [38;2;116;173;209mwv_fitting.py:iterative_fitting:437[0m - Not enough lines for n_final! Fit order = 0
[1;38;2;253;174;97m [WARNING][0m - [38;2;116;173;209mfitting.py:robust_fit:435[0m - More parameters than data points - fit might be undesirable
[1;38;2;49;54;149m    [INFO][0m - [38;2;116;173;209mwv_fitting.py:iterative_fitting:462[0m - RMS of the final wavelength fit: 0 pixels
[1;38;2;49;54;149m    [INFO][0m - [38;2;116;173;209mwv_fitting.py:iterative_fitting:462[0m - RMS of the final wavelength fit: 0.000250537 pixels
[1;38;2;253;174;97m [WARNING][0m - [38;2;116;173;209mfitting.py:robust_fit:435[0m - More parameters than data points - fit might be undesirable
[1;38;2;49;54;149m    [INFO][0m - [38;2;116;173;209mwv_fitting.py:iterative_fitting:462[0m - RMS of the final wavelength fit: 1.33365e-11 pixels
[1;38;2;253;174;97m [WARNING][0m - [38;2;116;173;209mfitting.py:robust_fit:456[0m - Maximum number of iterations maxiter=1 reached in robust_polyfit_djs
[1;38;2;49;54;149m    [INFO][0m - [38;2;116;173;209mwv_fitting.py:iterative_fitting:462[0m - RMS of the final wavelength fit: 0.104379 pixels
[1;38;2;49;54;149m    [INFO][0m - [38;2;116;173;209mwv_fitting.py:iterative_fitting:462[0m - RMS of the final wavelength fit: 0.000250537 pixels
[1;38;2;253;174;97m [WARNING][0m - [38;2;116;173;209mfitting.py:robust_fit:435[0m - More parameters than data points - fit might be undesirable
[1;38;2;49;54;149m    [INFO][0m - [38;2;116;173;209mwv_fitting.py:iterative_fitting:462[0m - RMS of the final wavelength fit: 1.33365e-11 pixels
[1;38;2;253;174;97m [WARNING][0m - [38;2;116;173;209mfitting.py:robust_fit:456[0m - Maximum number of iterations maxiter=1 reached in robust_polyfit_djs
[1;38;2;49;54;149m    [INFO][0m - [38;2;116;173;209mwv_fitting.py:iterative_fitting:462[0m - RMS of the final wavelength fit: 0.104379 pixels
[1;38;2;253;174;97m [WARNING][0m - [38;2;116;173;209mfitting.py:robust_fit:456[0m - Maximum number of iterations maxiter=1 reached in robust_polyfit_djs
[1;38;2;49;54;149m    [INFO][0m - [38;2;116;173;209mwv_fitting.py:iterative_fitting:462[0m - RMS of the final wavelength fit: 0.104379 pixels
[1;38;2;253;174;97m [WARNING][0m - [38;2;116;173;209mfitting.py:robust_fit:456[0m - Maximum number of iterations maxiter=1 reached in robust_polyfit_djs
[1;38;2;49;54;149m    [INFO][0m - [38;2;116;173;209mwv_fitting.py:iterative_fitting:462[0m - RMS of the final wavelength fit: 0.118113 pixels
[1;38;2;253;174;97m [WARNING][0m - [38;2;116;173;209mautoid.py:report_prelim:3031[0m - ---------------------------------------------------
Preliminary report for slit 2/24:
  Poor RMS (0.328)! Attempting to cross match.
---------------------------------------------------
[1;38;2;49;54;149m    [INFO][0m - [38;2;116;173;209mautoid.py:run_brute:2103[0m - Working on slit: 3
[1;38;2;49;54;149m    [INFO][0m - [38;2;116;173;209mautoid.py:run_brute:2107[0m - Using sigdetect =  5.0
[1;38;2;49;54;149m    [INFO][0m - [38;2;116;173;209mautoid.py:set_fwhm:1029[0m - Measured arc lines FWHM: 2.0 pixels
[1;38;2;49;54;149m    [INFO][0m - [38;2;116;173;209mautoid.py:run_brute_loop:2053[0m - Using RMS threshold = 0.303 (pixels); RMS/FWHM threshold = 0.15
[1;38;2;253;174;97m [WARNING][0m - [38;2;116;173;209mpolyutils.py:_fit:662[0m - RankWarning: The fit may be poorly conditioned
[1;38;2;253;174;97m [WARNING][0m - [38;2;116;173;209mwv_fitting.py:iterative_fitting:437[0m - Not enough lines for n_final! Fit order = 3
[1;38;2;253;174;97m [WARNING][0m - [38;2;116;173;209mfitting.py:robust_fit:435[0m - More parameters than data points - fit might be undesirable
[1;38;2;253;174;97m [WARNING][0m - [38;2;116;173;209mfitting.py:robust_fit:435[0m - More parameters than data points - fit might be undesirable
[1;38;2;49;54;149m    [INFO][0m - [38;2;116;173;209mwv_fitting.py:iterative_fitting:462[0m - RMS of the final wavelength fit: 4.68935e-12 pixels
[1;38;2;253;174;97m [WARNING][0m - [38;2;116;173;209mwv_fitting.py:iterative_fitting:437[0m - Not enough lines for n_final! Fit order = 0
[1;38;2;253;174;97m [WARNING][0m - [38;2;116;173;209mfitting.py:robust_fit:435[0m - More parameters than data points - fit might be undesirable
[1;38;2;49;54;149m    [INFO][0m - [38;2;116;173;209mwv_fitting.py:iterative_fitting:462[0m - RMS of the final wavelength fit: 0 pixels
[1;38;2;253;174;97m [WARNING][0m - [38;2;116;173;209mwv_fitting.py:iterative_fitting:437[0m - Not enough lines for n_final! Fit order = 3
[1;38;2;253;174;97m [WARNING][0m - [38;2;116;173;209mfitting.py:robust_fit:435[0m - More parameters than data points - fit might be undesirable
[1;38;2;49;54;149m    [INFO][0m - [38;2;116;173;209mwv_fitting.py:iterative_fitting:462[0m - RMS of the final wavelength fit: 1.03103e-11 pixels
[1;38;2;253;174;97m [WARNING][0m - [38;2;116;173;209mwv_fitting.py:iterative_fitting:437[0m - Not enough lines for n_final! Fit order = 2
[1;38;2;253;174;97m [WARNING][0m - [38;2;116;173;209mfitting.py:robust_fit:435[0m - More parameters than data points - fit might be undesirable
[1;38;2;49;54;149m    [INFO][0m - [38;2;116;173;209mwv_fitting.py:iterative_fitting:462[0m - RMS of the final wavelength fit: 1.18939e-12 pixels
[1;38;2;253;174;97m [WARNING][0m - [38;2;116;173;209mfitting.py:robust_fit:456[0m - Maximum number of iterations maxiter=1 reached in robust_polyfit_djs
[1;38;2;49;54;149m    [INFO][0m - [38;2;116;173;209mwv_fitting.py:iterative_fitting:462[0m - RMS of the final wavelength fit: 0.000665257 pixels
[1;38;2;253;174;97m [WARNING][0m - [38;2;116;173;209mfitting.py:robust_fit:456[0m - Maximum number of iterations maxiter=1 reached in robust_polyfit_djs
[1;38;2;253;174;97m [WARNING][0m - [38;2;116;173;209mfitting.py:robust_fit:456[0m - Maximum number of iterations maxiter=1 reached in robust_polyfit_djs
[1;38;2;49;54;149m    [INFO][0m - [38;2;116;173;209mwv_fitting.py:iterative_fitting:462[0m - RMS of the final wavelength fit: 14.2702 pixels
[1;38;2;253;174;97m [WARNING][0m - [38;2;116;173;209mwv_fitting.py:iterative_fitting:437[0m - Not enough lines for n_final! Fit order = 2
[1;38;2;253;174;97m [WARNING][0m - [38;2;116;173;209mfitting.py:robust_fit:435[0m - More parameters than data points - fit might be undesirable
[1;38;2;49;54;149m    [INFO][0m - [38;2;116;173;209mwv_fitting.py:iterative_fitting:462[0m - RMS of the final wavelength fit: 1.18939e-12 pixels
[1;38;2;253;174;97m [WARNING][0m - [38;2;116;173;209mfitting.py:robust_fit:456[0m - Maximum number of iterations maxiter=1 reached in robust_polyfit_djs
[1;38;2;49;54;149m    [INFO][0m - [38;2;116;173;209mwv_fitting.py:iterative_fitting:462[0m - RMS of the final wavelength fit: 0.000665257 pixels
[1;38;2;253;174;97m [WARNING][0m - [38;2;116;173;209mfitting.py:robust_fit:456[0m - Maximum number of iterations maxiter=1 reached in robust_polyfit_djs
[1;38;2;49;54;149m    [INFO][0m - [38;2;116;173;209mwv_fitting.py:iterative_fitting:462[0m - RMS of the final wavelength fit: 0.000665257 pixels
[1;38;2;253;174;97m [WARNING][0m - [38;2;116;173;209mfitting.py:robust_fit:456[0m - Maximum number of iterations maxiter=1 reached in robust_polyfit_djs
[1;38;2;49;54;149m    [INFO][0m - [38;2;116;173;209mwv_fitting.py:iterative_fitting:462[0m - RMS of the final wavelength fit: 0.000744741 pixels
[1;38;2;49;54;149m    [INFO][0m - [38;2;116;173;209mautoid.py:report_prelim:3046[0m - ---------------------------------------------------
Preliminary report for slit 3/24:
  Pixels correlate with wavelength
  Number of weak lines       = 14
  Number of strong lines     = 14
  Number of lines analyzed   = 6
  Number of pattern matches  = 4
  Patt match cen wavelength  = 9648.040983946488A
  Patt match dispersion      = 1.118620809832929A/pix
  Best patt match wave/disp  = 8624.943232897183
  Final RMS of fit           = 0.00066525653237557
---------------------------------------------------
[1;38;2;49;54;149m    [INFO][0m - [38;2;116;173;209mautoid.py:run_brute:2103[0m - Working on slit: 4
[1;38;2;49;54;149m    [INFO][0m - [38;2;116;173;209mautoid.py:run_brute:2107[0m - Using sigdetect =  5.0
[1;38;2;49;54;149m    [INFO][0m - [38;2;116;173;209mautoid.py:set_fwhm:1029[0m - Measured arc lines FWHM: 2.0 pixels
[1;38;2;253;174;97m [WARNING][0m - [38;2;116;173;209m_minpack_py.py:curve_fit:1071[0m - OptimizeWarning: Covariance of the parameters could not be estimated
[1;38;2;253;174;97m [WARNING][0m - [38;2;116;173;209m_minpack_py.py:curve_fit:1071[0m - OptimizeWarning: Covariance of the parameters could not be estimated
[1;38;2;49;54;149m    [INFO][0m - [38;2;116;173;209mautoid.py:run_brute_loop:2053[0m - Using RMS threshold = 0.296 (pixels); RMS/FWHM threshold = 0.15
[1;38;2;253;174;97m [WARNING][0m - [38;2;116;173;209mpolyutils.py:_fit:662[0m - RankWarning: The fit may be poorly conditioned
[1;38;2;49;54;149m    [INFO][0m - [38;2;116;173;209mwv_fitting.py:iterative_fitting:462[0m - RMS of the final wavelength fit: 0.000709086 pixels
[1;38;2;253;174;97m [WARNING][0m - [38;2;116;173;209mfitting.py:robust_fit:456[0m - Maximum number of iterations maxiter=1 reached in robust_polyfit_djs
[1;38;2;49;54;149m    [INFO][0m - [38;2;116;173;209mwv_fitting.py:iterative_fitting:462[0m - RMS of the final wavelength fit: 0.38577 pixels
[1;38;2;253;174;97m [WARNING][0m - [38;2;116;173;209mfitting.py:robust_fit:456[0m - Maximum number of iterations maxiter=1 reached in robust_polyfit_djs
[1;38;2;253;174;97m [WARNING][0m - [38;2;116;173;209mfitting.py:robust_fit:456[0m - Maximum number of iterations maxiter=1 reached in robust_polyfit_djs
[1;38;2;253;174;97m [WARNING][0m - [38;2;116;173;209mfitting.py:robust_fit:456[0m - Maximum number of iterations maxiter=1 reached in robust_polyfit_djs
[1;38;2;49;54;149m    [INFO][0m - [38;2;116;173;209mwv_fitting.py:iterative_fitting:462[0m - RMS of the final wavelength fit: 0.00826418 pixels
[1;38;2;49;54;149m    [INFO][0m - [38;2;116;173;209mwv_fitting.py:iterative_fitting:462[0m - RMS of the final wavelength fit: 0.000709086 pixels
[1;38;2;49;54;149m    [INFO][0m - [38;2;116;173;209mwv_fitting.py:iterative_fitting:462[0m - RMS of the final wavelength fit: 0.000709086 pixels
[1;38;2;49;54;149m    [INFO][0m - [38;2;116;173;209mwv_fitting.py:iterative_fitting:462[0m - RMS of the final wavelength fit: 0.000709086 pixels
[1;38;2;49;54;149m    [INFO][0m - [38;2;116;173;209mwv_fitting.py:iterative_fitting:462[0m - RMS of the final wavelength fit: 0.000709086 pixels
[1;38;2;49;54;149m    [INFO][0m - [38;2;116;173;209mwv_fitting.py:iterative_fitting:462[0m - RMS of the final wavelength fit: 0.000709086 pixels
[1;38;2;253;174;97m [WARNING][0m - [38;2;116;173;209mfitting.py:robust_fit:456[0m - Maximum number of iterations maxiter=1 reached in robust_polyfit_djs
[1;38;2;253;174;97m [WARNING][0m - [38;2;116;173;209mfitting.py:robust_fit:456[0m - Maximum number of iterations maxiter=1 reached in robust_polyfit_djs
[1;38;2;49;54;149m    [INFO][0m - [38;2;116;173;209mwv_fitting.py:iterative_fitting:462[0m - RMS of the final wavelength fit: 0.444441 pixels
[1;38;2;253;174;97m [WARNING][0m - [38;2;116;173;209mfitting.py:robust_fit:456[0m - Maximum number of iterations maxiter=1 reached in robust_polyfit_djs
[1;38;2;49;54;149m    [INFO][0m - [38;2;116;173;209mwv_fitting.py:iterative_fitting:462[0m - RMS of the final wavelength fit: 0.0455245 pixels
[1;38;2;49;54;149m    [INFO][0m - [38;2;116;173;209mautoid.py:report_prelim:3046[0m - ---------------------------------------------------
Preliminary report for slit 4/24:
  Pixels correlate with wavelength
  Number of weak lines       = 16
  Number of strong lines     = 16
  Number of lines analyzed   = 7
  Number of pattern matches  = 3
  Patt match cen wavelength  = 9910.998221404683A
  Patt match dispersion      = 3.384619378193972A/pix
  Best patt match wave/disp  = 2928.246019407115
  Final RMS of fit           = 0.008264178556350981
---------------------------------------------------
[1;38;2;49;54;149m    [INFO][0m - [38;2;116;173;209mautoid.py:run_brute:2103[0m - Working on slit: 5
[1;38;2;49;54;149m    [INFO][0m - [38;2;116;173;209mautoid.py:run_brute:2107[0m - Using sigdetect =  5.0
[1;38;2;49;54;149m    [INFO][0m - [38;2;116;173;209mautoid.py:set_fwhm:1029[0m - Measured arc lines FWHM: 2.0 pixels
[1;38;2;49;54;149m    [INFO][0m - [38;2;116;173;209mautoid.py:run_brute_loop:2053[0m - Using RMS threshold = 0.301 (pixels); RMS/FWHM threshold = 0.15
[1;38;2;253;174;97m [WARNING][0m - [38;2;116;173;209mfitting.py:robust_fit:435[0m - More parameters than data points - fit might be undesirable
[1;38;2;49;54;149m    [INFO][0m - [38;2;116;173;209mwv_fitting.py:iterative_fitting:462[0m - RMS of the final wavelength fit: 1.05034e-11 pixels
[1;38;2;253;174;97m [WARNING][0m - [38;2;116;173;209mpolyutils.py:_fit:662[0m - RankWarning: The fit may be poorly conditioned
[1;38;2;253;174;97m [WARNING][0m - [38;2;116;173;209mwv_fitting.py:iterative_fitting:437[0m - Not enough lines for n_final! Fit order = 0
[1;38;2;253;174;97m [WARNING][0m - [38;2;116;173;209mfitting.py:robust_fit:435[0m - More parameters than data points - fit might be undesirable
[1;38;2;49;54;149m    [INFO][0m - [38;2;116;173;209mwv_fitting.py:iterative_fitting:462[0m - RMS of the final wavelength fit: 0 pixels
[1;38;2;253;174;97m [WARNING][0m - [38;2;116;173;209mfitting.py:robust_fit:456[0m - Maximum number of iterations maxiter=1 reached in robust_polyfit_djs
[1;38;2;253;174;97m [WARNING][0m - [38;2;116;173;209mfitting.py:robust_fit:435[0m - More parameters than data points - fit might be undesirable
[1;38;2;49;54;149m    [INFO][0m - [38;2;116;173;209mwv_fitting.py:iterative_fitting:462[0m - RMS of the final wavelength fit: 2.95708e-11 pixels
[1;38;2;253;174;97m [WARNING][0m - [38;2;116;173;209mfitting.py:robust_fit:435[0m - More parameters than data points - fit might be undesirable
[1;38;2;49;54;149m    [INFO][0m - [38;2;116;173;209mwv_fitting.py:iterative_fitting:462[0m - RMS of the final wavelength fit: 1.05034e-11 pixels
[1;38;2;253;174;97m [WARNING][0m - [38;2;116;173;209mfitting.py:robust_fit:456[0m - Maximum number of iterations maxiter=1 reached in robust_polyfit_djs
[1;38;2;253;174;97m [WARNING][0m - [38;2;116;173;209mfitting.py:robust_fit:456[0m - Maximum number of iterations maxiter=1 reached in robust_polyfit_djs
[1;38;2;49;54;149m    [INFO][0m - [38;2;116;173;209mwv_fitting.py:iterative_fitting:462[0m - RMS of the final wavelength fit: 0.437762 pixels
[1;38;2;253;174;97m [WARNING][0m - [38;2;116;173;209mfitting.py:robust_fit:456[0m - Maximum number of iterations maxiter=1 reached in robust_polyfit_djs
[1;38;2;253;174;97m [WARNING][0m - [38;2;116;173;209mfitting.py:robust_fit:435[0m - More parameters than data points - fit might be undesirable
[1;38;2;49;54;149m    [INFO][0m - [38;2;116;173;209mwv_fitting.py:iterative_fitting:462[0m - RMS of the final wavelength fit: 2.95708e-11 pixels
[1;38;2;253;174;97m [WARNING][0m - [38;2;116;173;209mfitting.py:robust_fit:435[0m - More parameters than data points - fit might be undesirable
[1;38;2;49;54;149m    [INFO][0m - [38;2;116;173;209mwv_fitting.py:iterative_fitting:462[0m - RMS of the final wavelength fit: 1.05034e-11 pixels
[1;38;2;253;174;97m [WARNING][0m - [38;2;116;173;209mfitting.py:robust_fit:456[0m - Maximum number of iterations maxiter=1 reached in robust_polyfit_djs
[1;38;2;253;174;97m [WARNING][0m - [38;2;116;173;209mfitting.py:robust_fit:456[0m - Maximum number of iterations maxiter=1 reached in robust_polyfit_djs
[1;38;2;49;54;149m    [INFO][0m - [38;2;116;173;209mwv_fitting.py:iterative_fitting:462[0m - RMS of the final wavelength fit: 0.437762 pixels
[1;38;2;253;174;97m [WARNING][0m - [38;2;116;173;209mfitting.py:robust_fit:456[0m - Maximum number of iterations maxiter=1 reached in robust_polyfit_djs
[1;38;2;253;174;97m [WARNING][0m - [38;2;116;173;209mfitting.py:robust_fit:456[0m - Maximum number of iterations maxiter=1 reached in robust_polyfit_djs
[1;38;2;49;54;149m    [INFO][0m - [38;2;116;173;209mwv_fitting.py:iterative_fitting:462[0m - RMS of the final wavelength fit: 0.437762 pixels
[1;38;2;253;174;97m [WARNING][0m - [38;2;116;173;209mfitting.py:robust_fit:456[0m - Maximum number of iterations maxiter=1 reached in robust_polyfit_djs
[1;38;2;49;54;149m    [INFO][0m - [38;2;116;173;209mwv_fitting.py:iterative_fitting:462[0m - RMS of the final wavelength fit: 0.00504561 pixels
[1;38;2;49;54;149m    [INFO][0m - [38;2;116;173;209mautoid.py:report_prelim:3046[0m - ---------------------------------------------------
Preliminary report for slit 5/24:
  Pixels correlate with wavelength
  Number of weak lines       = 16
  Number of strong lines     = 16
  Number of lines analyzed   = 7
  Number of pattern matches  = 3
  Patt match cen wavelength  = 5414.429460869565A
  Patt match dispersion      = 0.11991116430251449A/pix
  Best patt match wave/disp  = 45153.67265728423
  Final RMS of fit           = 2.9570750538323987e-11
---------------------------------------------------
[1;38;2;49;54;149m    [INFO][0m - [38;2;116;173;209mautoid.py:run_brute:2103[0m - Working on slit: 6
[1;38;2;49;54;149m    [INFO][0m - [38;2;116;173;209mautoid.py:run_brute:2107[0m - Using sigdetect =  5.0
[1;38;2;49;54;149m    [INFO][0m - [38;2;116;173;209mautoid.py:set_fwhm:1029[0m - Measured arc lines FWHM: 2.0 pixels
[1;38;2;253;174;97m [WARNING][0m - [38;2;116;173;209m_minpack_py.py:curve_fit:1071[0m - OptimizeWarning: Covariance of the parameters could not be estimated
[1;38;2;253;174;97m [WARNING][0m - [38;2;116;173;209m_minpack_py.py:curve_fit:1071[0m - OptimizeWarning: Covariance of the parameters could not be estimated
[1;38;2;49;54;149m    [INFO][0m - [38;2;116;173;209mautoid.py:run_brute_loop:2053[0m - Using RMS threshold = 0.294 (pixels); RMS/FWHM threshold = 0.15
[1;38;2;253;174;97m [WARNING][0m - [38;2;116;173;209mpolyutils.py:_fit:662[0m - RankWarning: The fit may be poorly conditioned
[1;38;2;253;174;97m [WARNING][0m - [38;2;116;173;209mwv_fitting.py:iterative_fitting:437[0m - Not enough lines for n_final! Fit order = 2
[1;38;2;253;174;97m [WARNING][0m - [38;2;116;173;209mfitting.py:robust_fit:435[0m - More parameters than data points - fit might be undesirable
[1;38;2;49;54;149m    [INFO][0m - [38;2;116;173;209mwv_fitting.py:iterative_fitting:462[0m - RMS of the final wavelength fit: 5.73185e-13 pixels
[1;38;2;253;174;97m [WARNING][0m - [38;2;116;173;209mfitting.py:robust_fit:456[0m - Maximum number of iterations maxiter=1 reached in robust_polyfit_djs
[1;38;2;253;174;97m [WARNING][0m - [38;2;116;173;209mfitting.py:robust_fit:456[0m - Maximum number of iterations maxiter=1 reached in robust_polyfit_djs
[1;38;2;253;174;97m [WARNING][0m - [38;2;116;173;209mfitting.py:robust_fit:456[0m - Maximum number of iterations maxiter=1 reached in robust_polyfit_djs
[1;38;2;49;54;149m    [INFO][0m - [38;2;116;173;209mwv_fitting.py:iterative_fitting:462[0m - RMS of the final wavelength fit: 0.0821502 pixels
[1;38;2;253;174;97m [WARNING][0m - [38;2;116;173;209mwv_fitting.py:iterative_fitting:437[0m - Not enough lines for n_final! Fit order = 1
[1;38;2;253;174;97m [WARNING][0m - [38;2;116;173;209mfitting.py:robust_fit:435[0m - More parameters than data points - fit might be undesirable
[1;38;2;49;54;149m    [INFO][0m - [38;2;116;173;209mwv_fitting.py:iterative_fitting:462[0m - RMS of the final wavelength fit: 1.04678e-12 pixels
[1;38;2;253;174;97m [WARNING][0m - [38;2;116;173;209mwv_fitting.py:iterative_fitting:437[0m - Not enough lines for n_final! Fit order = 3
[1;38;2;253;174;97m [WARNING][0m - [38;2;116;173;209mfitting.py:robust_fit:435[0m - More parameters than data points - fit might be undesirable
[1;38;2;49;54;149m    [INFO][0m - [38;2;116;173;209mwv_fitting.py:iterative_fitting:462[0m - RMS of the final wavelength fit: 5.82467e-11 pixels
[1;38;2;253;174;97m [WARNING][0m - [38;2;116;173;209mwv_fitting.py:iterative_fitting:437[0m - Not enough lines for n_final! Fit order = 1
[1;38;2;253;174;97m [WARNING][0m - [38;2;116;173;209mfitting.py:robust_fit:435[0m - More parameters than data points - fit might be undesirable
[1;38;2;49;54;149m    [INFO][0m - [38;2;116;173;209mwv_fitting.py:iterative_fitting:462[0m - RMS of the final wavelength fit: 0 pixels
[1;38;2;253;174;97m [WARNING][0m - [38;2;116;173;209mfitting.py:robust_fit:456[0m - Maximum number of iterations maxiter=1 reached in robust_polyfit_djs
[1;38;2;253;174;97m [WARNING][0m - [38;2;116;173;209mfitting.py:robust_fit:456[0m - Maximum number of iterations maxiter=1 reached in robust_polyfit_djs
[1;38;2;253;174;97m [WARNING][0m - [38;2;116;173;209mfitting.py:robust_fit:456[0m - Maximum number of iterations maxiter=1 reached in robust_polyfit_djs
[1;38;2;49;54;149m    [INFO][0m - [38;2;116;173;209mwv_fitting.py:iterative_fitting:462[0m - RMS of the final wavelength fit: 0.0821502 pixels
[1;38;2;253;174;97m [WARNING][0m - [38;2;116;173;209mwv_fitting.py:iterative_fitting:437[0m - Not enough lines for n_final! Fit order = 3
[1;38;2;253;174;97m [WARNING][0m - [38;2;116;173;209mfitting.py:robust_fit:435[0m - More parameters than data points - fit might be undesirable
[1;38;2;49;54;149m    [INFO][0m - [38;2;116;173;209mwv_fitting.py:iterative_fitting:462[0m - RMS of the final wavelength fit: 5.82467e-11 pixels
[1;38;2;253;174;97m [WARNING][0m - [38;2;116;173;209mwv_fitting.py:iterative_fitting:437[0m - Not enough lines for n_final! Fit order = 3
[1;38;2;253;174;97m [WARNING][0m - [38;2;116;173;209mfitting.py:robust_fit:435[0m - More parameters than data points - fit might be undesirable
[1;38;2;49;54;149m    [INFO][0m - [38;2;116;173;209mwv_fitting.py:iterative_fitting:462[0m - RMS of the final wavelength fit: 5.82467e-11 pixels
[1;38;2;253;174;97m [WARNING][0m - [38;2;116;173;209mwv_fitting.py:iterative_fitting:437[0m - Not enough lines for n_final! Fit order = 3
[1;38;2;253;174;97m [WARNING][0m - [38;2;116;173;209mfitting.py:robust_fit:435[0m - More parameters than data points - fit might be undesirable
[1;38;2;49;54;149m    [INFO][0m - [38;2;116;173;209mwv_fitting.py:iterative_fitting:462[0m - RMS of the final wavelength fit: 5.82467e-11 pixels
[1;38;2;49;54;149m    [INFO][0m - [38;2;116;173;209mautoid.py:report_prelim:3046[0m - ---------------------------------------------------
Preliminary report for slit 6/24:
  Pixels correlate with wavelength
  Number of weak lines       = 15
  Number of strong lines     = 15
  Number of lines analyzed   = 7
  Number of pattern matches  = 4
  Patt match cen wavelength  = 5966.639659531773A
  Patt match dispersion      = 0.17992231415403356A/pix
  Best patt match wave/disp  = 33162.31056490116
  Final RMS of fit           = 0.08215024021560316
---------------------------------------------------
[1;38;2;49;54;149m    [INFO][0m - [38;2;116;173;209mautoid.py:run_brute:2103[0m - Working on slit: 7
[1;38;2;49;54;149m    [INFO][0m - [38;2;116;173;209mautoid.py:run_brute:2107[0m - Using sigdetect =  5.0
[1;38;2;49;54;149m    [INFO][0m - [38;2;116;173;209mautoid.py:set_fwhm:1029[0m - Measured arc lines FWHM: 2.0 pixels
[1;38;2;49;54;149m    [INFO][0m - [38;2;116;173;209mautoid.py:run_brute_loop:2053[0m - Using RMS threshold = 0.303 (pixels); RMS/FWHM threshold = 0.15
[1;38;2;253;174;97m [WARNING][0m - [38;2;116;173;209mpolyutils.py:_fit:662[0m - RankWarning: The fit may be poorly conditioned
[1;38;2;49;54;149m    [INFO][0m - [38;2;116;173;209mwv_fitting.py:iterative_fitting:462[0m - RMS of the final wavelength fit: 0.00274762 pixels
[1;38;2;253;174;97m [WARNING][0m - [38;2;116;173;209mwv_fitting.py:iterative_fitting:437[0m - Not enough lines for n_final! Fit order = 0
[1;38;2;253;174;97m [WARNING][0m - [38;2;116;173;209mfitting.py:robust_fit:435[0m - More parameters than data points - fit might be undesirable
[1;38;2;49;54;149m    [INFO][0m - [38;2;116;173;209mwv_fitting.py:iterative_fitting:462[0m - RMS of the final wavelength fit: 0 pixels
[1;38;2;253;174;97m [WARNING][0m - [38;2;116;173;209mwv_fitting.py:iterative_fitting:437[0m - Not enough lines for n_final! Fit order = 0
[1;38;2;253;174;97m [WARNING][0m - [38;2;116;173;209mfitting.py:robust_fit:435[0m - More parameters than data points - fit might be undesirable
[1;38;2;49;54;149m    [INFO][0m - [38;2;116;173;209mwv_fitting.py:iterative_fitting:462[0m - RMS of the final wavelength fit: 0 pixels
[1;38;2;253;174;97m [WARNING][0m - [38;2;116;173;209mwv_fitting.py:iterative_fitting:437[0m - Not enough lines for n_final! Fit order = 2
[1;38;2;253;174;97m [WARNING][0m - [38;2;116;173;209mfitting.py:robust_fit:435[0m - More parameters than data points - fit might be undesirable
[1;38;2;49;54;149m    [INFO][0m - [38;2;116;173;209mwv_fitting.py:iterative_fitting:462[0m - RMS of the final wavelength fit: 3.14682e-12 pixels
[1;38;2;253;174;97m [WARNING][0m - [38;2;116;173;209mfitting.py:robust_fit:456[0m - Maximum number of iterations maxiter=1 reached in robust_polyfit_djs
[1;38;2;253;174;97m [WARNING][0m - [38;2;116;173;209mfitting.py:robust_fit:435[0m - More parameters than data points - fit might be undesirable
[1;38;2;49;54;149m    [INFO][0m - [38;2;116;173;209mwv_fitting.py:iterative_fitting:462[0m - RMS of the final wavelength fit: 4.90289e-12 pixels
[1;38;2;253;174;97m [WARNING][0m - [38;2;116;173;209mwv_fitting.py:iterative_fitting:437[0m - Not enough lines for n_final! Fit order = 3
[1;38;2;253;174;97m [WARNING][0m - [38;2;116;173;209mfitting.py:robust_fit:435[0m - More parameters than data points - fit might be undesirable
[1;38;2;49;54;149m    [INFO][0m - [38;2;116;173;209mwv_fitting.py:iterative_fitting:462[0m - RMS of the final wavelength fit: 8.42279e-12 pixels
[1;38;2;253;174;97m [WARNING][0m - [38;2;116;173;209mwv_fitting.py:iterative_fitting:437[0m - Not enough lines for n_final! Fit order = 2
[1;38;2;253;174;97m [WARNING][0m - [38;2;116;173;209mfitting.py:robust_fit:435[0m - More parameters than data points - fit might be undesirable
[1;38;2;49;54;149m    [INFO][0m - [38;2;116;173;209mwv_fitting.py:iterative_fitting:462[0m - RMS of the final wavelength fit: 3.14682e-12 pixels
[1;38;2;253;174;97m [WARNING][0m - [38;2;116;173;209mfitting.py:robust_fit:456[0m - Maximum number of iterations maxiter=1 reached in robust_polyfit_djs
[1;38;2;253;174;97m [WARNING][0m - [38;2;116;173;209mfitting.py:robust_fit:435[0m - More parameters than data points - fit might be undesirable
[1;38;2;49;54;149m    [INFO][0m - [38;2;116;173;209mwv_fitting.py:iterative_fitting:462[0m - RMS of the final wavelength fit: 4.90289e-12 pixels
[1;38;2;253;174;97m [WARNING][0m - [38;2;116;173;209mfitting.py:robust_fit:456[0m - Maximum number of iterations maxiter=1 reached in robust_polyfit_djs
[1;38;2;49;54;149m    [INFO][0m - [38;2;116;173;209mwv_fitting.py:iterative_fitting:462[0m - RMS of the final wavelength fit: 0.0392785 pixels
[1;38;2;253;174;97m [WARNING][0m - [38;2;116;173;209mfitting.py:robust_fit:456[0m - Maximum number of iterations maxiter=1 reached in robust_polyfit_djs
[1;38;2;49;54;149m    [INFO][0m - [38;2;116;173;209mwv_fitting.py:iterative_fitting:462[0m - RMS of the final wavelength fit: 0.0440898 pixels
[1;38;2;49;54;149m    [INFO][0m - [38;2;116;173;209mautoid.py:report_prelim:3046[0m - ---------------------------------------------------
Preliminary report for slit 7/24:
  Pixels correlate with wavelength
  Number of weak lines       = 14
  Number of strong lines     = 14
  Number of lines analyzed   = 7
  Number of pattern matches  = 3
  Patt match cen wavelength  = 9726.928155183947A
  Patt match dispersion      = 0.5145218248381868A/pix
  Best patt match wave/disp  = 18904.792149959805
  Final RMS of fit           = 0.002747624722517604
---------------------------------------------------
[1;38;2;49;54;149m    [INFO][0m - [38;2;116;173;209mautoid.py:run_brute:2103[0m - Working on slit: 8
[1;38;2;49;54;149m    [INFO][0m - [38;2;116;173;209mautoid.py:run_brute:2107[0m - Using sigdetect =  5.0
[1;38;2;49;54;149m    [INFO][0m - [38;2;116;173;209mautoid.py:set_fwhm:1029[0m - Measured arc lines FWHM: 2.0 pixels
[1;38;2;253;174;97m [WARNING][0m - [38;2;116;173;209m_minpack_py.py:curve_fit:1071[0m - OptimizeWarning: Covariance of the parameters could not be estimated
[1;38;2;253;174;97m [WARNING][0m - [38;2;116;173;209m_minpack_py.py:curve_fit:1071[0m - OptimizeWarning: Covariance of the parameters could not be estimated
[1;38;2;49;54;149m    [INFO][0m - [38;2;116;173;209mautoid.py:run_brute_loop:2053[0m - Using RMS threshold = 0.299 (pixels); RMS/FWHM threshold = 0.15
[1;38;2;253;174;97m [WARNING][0m - [38;2;116;173;209mpolyutils.py:_fit:662[0m - RankWarning: The fit may be poorly conditioned
[1;38;2;49;54;149m    [INFO][0m - [38;2;116;173;209mwv_fitting.py:iterative_fitting:462[0m - RMS of the final wavelength fit: 0.102175 pixels
[1;38;2;253;174;97m [WARNING][0m - [38;2;116;173;209mwv_fitting.py:iterative_fitting:437[0m - Not enough lines for n_final! Fit order = 0
[1;38;2;253;174;97m [WARNING][0m - [38;2;116;173;209mfitting.py:robust_fit:435[0m - More parameters than data points - fit might be undesirable
[1;38;2;49;54;149m    [INFO][0m - [38;2;116;173;209mwv_fitting.py:iterative_fitting:462[0m - RMS of the final wavelength fit: 0 pixels
[1;38;2;253;174;97m [WARNING][0m - [38;2;116;173;209mfitting.py:robust_fit:435[0m - More parameters than data points - fit might be undesirable
[1;38;2;49;54;149m    [INFO][0m - [38;2;116;173;209mwv_fitting.py:iterative_fitting:462[0m - RMS of the final wavelength fit: 4.55949e-13 pixels
[1;38;2;253;174;97m [WARNING][0m - [38;2;116;173;209mfitting.py:robust_fit:435[0m - More parameters than data points - fit might be undesirable
[1;38;2;49;54;149m    [INFO][0m - [38;2;116;173;209mwv_fitting.py:iterative_fitting:462[0m - RMS of the final wavelength fit: 9.11315e-11 pixels
[1;38;2;253;174;97m [WARNING][0m - [38;2;116;173;209mwv_fitting.py:iterative_fitting:437[0m - Not enough lines for n_final! Fit order = 0
[1;38;2;253;174;97m [WARNING][0m - [38;2;116;173;209mfitting.py:robust_fit:435[0m - More parameters than data points - fit might be undesirable
[1;38;2;49;54;149m    [INFO][0m - [38;2;116;173;209mwv_fitting.py:iterative_fitting:462[0m - RMS of the final wavelength fit: 0 pixels
[1;38;2;253;174;97m [WARNING][0m - [38;2;116;173;209mfitting.py:robust_fit:435[0m - More parameters than data points - fit might be undesirable
[1;38;2;49;54;149m    [INFO][0m - [38;2;116;173;209mwv_fitting.py:iterative_fitting:462[0m - RMS of the final wavelength fit: 4.55949e-13 pixels
[1;38;2;253;174;97m [WARNING][0m - [38;2;116;173;209mfitting.py:robust_fit:435[0m - More parameters than data points - fit might be undesirable
[1;38;2;49;54;149m    [INFO][0m - [38;2;116;173;209mwv_fitting.py:iterative_fitting:462[0m - RMS of the final wavelength fit: 7.00626e-11 pixels
[1;38;2;253;174;97m [WARNING][0m - [38;2;116;173;209mfitting.py:robust_fit:456[0m - Maximum number of iterations maxiter=1 reached in robust_polyfit_djs
[1;38;2;253;174;97m [WARNING][0m - [38;2;116;173;209mfitting.py:robust_fit:456[0m - Maximum number of iterations maxiter=1 reached in robust_polyfit_djs
[1;38;2;49;54;149m    [INFO][0m - [38;2;116;173;209mwv_fitting.py:iterative_fitting:462[0m - RMS of the final wavelength fit: 0.410008 pixels
[1;38;2;253;174;97m [WARNING][0m - [38;2;116;173;209mfitting.py:robust_fit:456[0m - Maximum number of iterations maxiter=1 reached in robust_polyfit_djs
[1;38;2;253;174;97m [WARNING][0m - [38;2;116;173;209mfitting.py:robust_fit:456[0m - Maximum number of iterations maxiter=1 reached in robust_polyfit_djs
[1;38;2;49;54;149m    [INFO][0m - [38;2;116;173;209mwv_fitting.py:iterative_fitting:462[0m - RMS of the final wavelength fit: 0.410008 pixels
[1;38;2;49;54;149m    [INFO][0m - [38;2;116;173;209mautoid.py:report_prelim:3046[0m - ---------------------------------------------------
Preliminary report for slit 8/24:
  Pixels anitcorrelate with wavelength
  Number of weak lines       = 16
  Number of strong lines     = 16
  Number of lines analyzed   = 8
  Number of pattern matches  = 3
  Patt match cen wavelength  = 10778.757105016723A
  Patt match dispersion      = 4.463921741045626A/pix
  Best patt match wave/disp  = 2414.638457011102
  Final RMS of fit           = 0.10217520031663913
---------------------------------------------------
[1;38;2;49;54;149m    [INFO][0m - [38;2;116;173;209mautoid.py:run_brute:2103[0m - Working on slit: 9
[1;38;2;49;54;149m    [INFO][0m - [38;2;116;173;209mautoid.py:run_brute:2107[0m - Using sigdetect =  5.0
[1;38;2;49;54;149m    [INFO][0m - [38;2;116;173;209mautoid.py:set_fwhm:1029[0m - Measured arc lines FWHM: 2.0 pixels
[1;38;2;253;174;97m [WARNING][0m - [38;2;116;173;209m_minpack_py.py:curve_fit:1071[0m - OptimizeWarning: Covariance of the parameters could not be estimated
[1;38;2;253;174;97m [WARNING][0m - [38;2;116;173;209m_minpack_py.py:curve_fit:1071[0m - OptimizeWarning: Covariance of the parameters could not be estimated
[1;38;2;49;54;149m    [INFO][0m - [38;2;116;173;209mautoid.py:run_brute_loop:2053[0m - Using RMS threshold = 0.299 (pixels); RMS/FWHM threshold = 0.15
[1;38;2;49;54;149m    [INFO][0m - [38;2;116;173;209mwv_fitting.py:iterative_fitting:462[0m - RMS of the final wavelength fit: 0.990482 pixels
[1;38;2;253;174;97m [WARNING][0m - [38;2;116;173;209mpolyutils.py:_fit:662[0m - RankWarning: The fit may be poorly conditioned
[1;38;2;253;174;97m [WARNING][0m - [38;2;116;173;209mwv_fitting.py:iterative_fitting:437[0m - Not enough lines for n_final! Fit order = 1
[1;38;2;253;174;97m [WARNING][0m - [38;2;116;173;209mfitting.py:robust_fit:435[0m - More parameters than data points - fit might be undesirable
[1;38;2;49;54;149m    [INFO][0m - [38;2;116;173;209mwv_fitting.py:iterative_fitting:462[0m - RMS of the final wavelength fit: 0 pixels
[1;38;2;253;174;97m [WARNING][0m - [38;2;116;173;209mfitting.py:robust_fit:435[0m - More parameters than data points - fit might be undesirable
[1;38;2;49;54;149m    [INFO][0m - [38;2;116;173;209mwv_fitting.py:iterative_fitting:462[0m - RMS of the final wavelength fit: 1.7991e-12 pixels
[1;38;2;253;174;97m [WARNING][0m - [38;2;116;173;209mfitting.py:robust_fit:456[0m - Maximum number of iterations maxiter=1 reached in robust_polyfit_djs
[1;38;2;253;174;97m [WARNING][0m - [38;2;116;173;209mfitting.py:robust_fit:435[0m - More parameters than data points - fit might be undesirable
[1;38;2;49;54;149m    [INFO][0m - [38;2;116;173;209mwv_fitting.py:iterative_fitting:462[0m - RMS of the final wavelength fit: 7.07402e-11 pixels
[1;38;2;253;174;97m [WARNING][0m - [38;2;116;173;209mfitting.py:robust_fit:456[0m - Maximum number of iterations maxiter=1 reached in robust_polyfit_djs
[1;38;2;253;174;97m [WARNING][0m - [38;2;116;173;209mfitting.py:robust_fit:456[0m - Maximum number of iterations maxiter=1 reached in robust_polyfit_djs
[1;38;2;49;54;149m    [INFO][0m - [38;2;116;173;209mwv_fitting.py:iterative_fitting:462[0m - RMS of the final wavelength fit: 0.403742 pixels
[1;38;2;253;174;97m [WARNING][0m - [38;2;116;173;209mwv_fitting.py:iterative_fitting:437[0m - Not enough lines for n_final! Fit order = 3
[1;38;2;253;174;97m [WARNING][0m - [38;2;116;173;209mfitting.py:robust_fit:435[0m - More parameters than data points - fit might be undesirable
[1;38;2;49;54;149m    [INFO][0m - [38;2;116;173;209mwv_fitting.py:iterative_fitting:462[0m - RMS of the final wavelength fit: 2.45774e-11 pixels
[1;38;2;253;174;97m [WARNING][0m - [38;2;116;173;209mfitting.py:robust_fit:456[0m - Maximum number of iterations maxiter=1 reached in robust_polyfit_djs
[1;38;2;253;174;97m [WARNING][0m - [38;2;116;173;209mfitting.py:robust_fit:435[0m - More parameters than data points - fit might be undesirable
[1;38;2;49;54;149m    [INFO][0m - [38;2;116;173;209mwv_fitting.py:iterative_fitting:462[0m - RMS of the final wavelength fit: 7.07402e-11 pixels
[1;38;2;253;174;97m [WARNING][0m - [38;2;116;173;209mfitting.py:robust_fit:456[0m - Maximum number of iterations maxiter=1 reached in robust_polyfit_djs
[1;38;2;253;174;97m [WARNING][0m - [38;2;116;173;209mfitting.py:robust_fit:456[0m - Maximum number of iterations maxiter=1 reached in robust_polyfit_djs
[1;38;2;49;54;149m    [INFO][0m - [38;2;116;173;209mwv_fitting.py:iterative_fitting:462[0m - RMS of the final wavelength fit: 50.704 pixels
[1;38;2;253;174;97m [WARNING][0m - [38;2;116;173;209mfitting.py:robust_fit:456[0m - Maximum number of iterations maxiter=1 reached in robust_polyfit_djs
[1;38;2;253;174;97m [WARNING][0m - [38;2;116;173;209mfitting.py:robust_fit:456[0m - Maximum number of iterations maxiter=1 reached in robust_polyfit_djs
[1;38;2;49;54;149m    [INFO][0m - [38;2;116;173;209mwv_fitting.py:iterative_fitting:462[0m - RMS of the final wavelength fit: 0.403742 pixels
[1;38;2;49;54;149m    [INFO][0m - [38;2;116;173;209mwv_fitting.py:iterative_fitting:462[0m - RMS of the final wavelength fit: 0.443571 pixels
[1;38;2;253;174;97m [WARNING][0m - [38;2;116;173;209mfitting.py:robust_fit:456[0m - Maximum number of iterations maxiter=1 reached in robust_polyfit_djs
[1;38;2;49;54;149m    [INFO][0m - [38;2;116;173;209mwv_fitting.py:iterative_fitting:462[0m - RMS of the final wavelength fit: 0.156846 pixels
[1;38;2;253;174;97m [WARNING][0m - [38;2;116;173;209mautoid.py:report_prelim:3031[0m - ---------------------------------------------------
Preliminary report for slit 9/24:
  Poor RMS (0.990)! Attempting to cross match.
---------------------------------------------------
[1;38;2;49;54;149m    [INFO][0m - [38;2;116;173;209mautoid.py:run_brute:2103[0m - Working on slit: 10
[1;38;2;49;54;149m    [INFO][0m - [38;2;116;173;209mautoid.py:run_brute:2107[0m - Using sigdetect =  5.0
[1;38;2;49;54;149m    [INFO][0m - [38;2;116;173;209mautoid.py:set_fwhm:1029[0m - Measured arc lines FWHM: 2.0 pixels
[1;38;2;253;174;97m [WARNING][0m - [38;2;116;173;209m_minpack_py.py:curve_fit:1071[0m - OptimizeWarning: Covariance of the parameters could not be estimated
[1;38;2;253;174;97m [WARNING][0m - [38;2;116;173;209m_minpack_py.py:curve_fit:1071[0m - OptimizeWarning: Covariance of the parameters could not be estimated
[1;38;2;49;54;149m    [INFO][0m - [38;2;116;173;209mautoid.py:run_brute_loop:2053[0m - Using RMS threshold = 0.296 (pixels); RMS/FWHM threshold = 0.15
[1;38;2;253;174;97m [WARNING][0m - [38;2;116;173;209mwv_fitting.py:iterative_fitting:394[0m - All points rejected !!
[1;38;2;253;174;97m [WARNING][0m - [38;2;116;173;209mpolyutils.py:_fit:662[0m - RankWarning: The fit may be poorly conditioned
[1;38;2;253;174;97m [WARNING][0m - [38;2;116;173;209mfitting.py:robust_fit:456[0m - Maximum number of iterations maxiter=3 reached in robust_polyfit_djs
[1;38;2;49;54;149m    [INFO][0m - [38;2;116;173;209mwv_fitting.py:iterative_fitting:462[0m - RMS of the final wavelength fit: 0.860828 pixels
[1;38;2;253;174;97m [WARNING][0m - [38;2;116;173;209mwv_fitting.py:iterative_fitting:437[0m - Not enough lines for n_final! Fit order = 2
[1;38;2;253;174;97m [WARNING][0m - [38;2;116;173;209mfitting.py:robust_fit:435[0m - More parameters than data points - fit might be undesirable
[1;38;2;49;54;149m    [INFO][0m - [38;2;116;173;209mwv_fitting.py:iterative_fitting:462[0m - RMS of the final wavelength fit: 9.632e-13 pixels
[1;38;2;253;174;97m [WARNING][0m - [38;2;116;173;209mwv_fitting.py:iterative_fitting:394[0m - All points rejected !!
[1;38;2;253;174;97m [WARNING][0m - [38;2;116;173;209mfitting.py:robust_fit:456[0m - Maximum number of iterations maxiter=3 reached in robust_polyfit_djs
[1;38;2;49;54;149m    [INFO][0m - [38;2;116;173;209mwv_fitting.py:iterative_fitting:462[0m - RMS of the final wavelength fit: 0.860828 pixels
[1;38;2;253;174;97m [WARNING][0m - [38;2;116;173;209mfitting.py:robust_fit:435[0m - More parameters than data points - fit might be undesirable
[1;38;2;49;54;149m    [INFO][0m - [38;2;116;173;209mwv_fitting.py:iterative_fitting:462[0m - RMS of the final wavelength fit: 6.87982e-12 pixels
[1;38;2;253;174;97m [WARNING][0m - [38;2;116;173;209mwv_fitting.py:iterative_fitting:437[0m - Not enough lines for n_final! Fit order = 3
[1;38;2;253;174;97m [WARNING][0m - [38;2;116;173;209mfitting.py:robust_fit:435[0m - More parameters than data points - fit might be undesirable
[1;38;2;49;54;149m    [INFO][0m - [38;2;116;173;209mwv_fitting.py:iterative_fitting:462[0m - RMS of the final wavelength fit: 7.42061e-11 pixels
[1;38;2;253;174;97m [WARNING][0m - [38;2;116;173;209mfitting.py:robust_fit:456[0m - Maximum number of iterations maxiter=3 reached in robust_polyfit_djs
[1;38;2;49;54;149m    [INFO][0m - [38;2;116;173;209mwv_fitting.py:iterative_fitting:462[0m - RMS of the final wavelength fit: 0.860828 pixels
[1;38;2;253;174;97m [WARNING][0m - [38;2;116;173;209mwv_fitting.py:iterative_fitting:437[0m - Not enough lines for n_final! Fit order = 1
[1;38;2;253;174;97m [WARNING][0m - [38;2;116;173;209mfitting.py:robust_fit:435[0m - More parameters than data points - fit might be undesirable
[1;38;2;49;54;149m    [INFO][0m - [38;2;116;173;209mwv_fitting.py:iterative_fitting:462[0m - RMS of the final wavelength fit: 3.21477e-11 pixels
[1;38;2;253;174;97m [WARNING][0m - [38;2;116;173;209mautoid.py:report_prelim:3031[0m - ---------------------------------------------------
Preliminary report for slit 10/24:
  Poor RMS (0.861)! Attempting to cross match.
---------------------------------------------------
[1;38;2;49;54;149m    [INFO][0m - [38;2;116;173;209mautoid.py:run_brute:2103[0m - Working on slit: 11
[1;38;2;49;54;149m    [INFO][0m - [38;2;116;173;209mautoid.py:run_brute:2107[0m - Using sigdetect =  5.0
[1;38;2;49;54;149m    [INFO][0m - [38;2;116;173;209mautoid.py:set_fwhm:1029[0m - Measured arc lines FWHM: 2.0 pixels
[1;38;2;49;54;149m    [INFO][0m - [38;2;116;173;209mautoid.py:run_brute_loop:2053[0m - Using RMS threshold = 0.305 (pixels); RMS/FWHM threshold = 0.15
[1;38;2;253;174;97m [WARNING][0m - [38;2;116;173;209mpolyutils.py:_fit:662[0m - RankWarning: The fit may be poorly conditioned
[1;38;2;253;174;97m [WARNING][0m - [38;2;116;173;209mwv_fitting.py:iterative_fitting:437[0m - Not enough lines for n_final! Fit order = 2
[1;38;2;253;174;97m [WARNING][0m - [38;2;116;173;209mfitting.py:robust_fit:435[0m - More parameters than data points - fit might be undesirable
[1;38;2;49;54;149m    [INFO][0m - [38;2;116;173;209mwv_fitting.py:iterative_fitting:462[0m - RMS of the final wavelength fit: 8.09768e-12 pixels
[1;38;2;253;174;97m [WARNING][0m - [38;2;116;173;209mwv_fitting.py:iterative_fitting:437[0m - Not enough lines for n_final! Fit order = 0
[1;38;2;253;174;97m [WARNING][0m - [38;2;116;173;209mfitting.py:robust_fit:435[0m - More parameters than data points - fit might be undesirable
[1;38;2;49;54;149m    [INFO][0m - [38;2;116;173;209mwv_fitting.py:iterative_fitting:462[0m - RMS of the final wavelength fit: 0 pixels
[1;38;2;253;174;97m [WARNING][0m - [38;2;116;173;209mwv_fitting.py:iterative_fitting:437[0m - Not enough lines for n_final! Fit order = 0
[1;38;2;253;174;97m [WARNING][0m - [38;2;116;173;209mfitting.py:robust_fit:435[0m - More parameters than data points - fit might be undesirable
[1;38;2;49;54;149m    [INFO][0m - [38;2;116;173;209mwv_fitting.py:iterative_fitting:462[0m - RMS of the final wavelength fit: 0 pixels
[1;38;2;253;174;97m [WARNING][0m - [38;2;116;173;209mwv_fitting.py:iterative_fitting:437[0m - Not enough lines for n_final! Fit order = 2
[1;38;2;253;174;97m [WARNING][0m - [38;2;116;173;209mfitting.py:robust_fit:435[0m - More parameters than data points - fit might be undesirable
[1;38;2;49;54;149m    [INFO][0m - [38;2;116;173;209mwv_fitting.py:iterative_fitting:462[0m - RMS of the final wavelength fit: 8.09768e-12 pixels
[1;38;2;253;174;97m [WARNING][0m - [38;2;116;173;209mfitting.py:robust_fit:456[0m - Maximum number of iterations maxiter=1 reached in robust_polyfit_djs
[1;38;2;253;174;97m [WARNING][0m - [38;2;116;173;209mfitting.py:robust_fit:435[0m - More parameters than data points - fit might be undesirable
[1;38;2;49;54;149m    [INFO][0m - [38;2;116;173;209mwv_fitting.py:iterative_fitting:462[0m - RMS of the final wavelength fit: 1.31035e-11 pixels
[1;38;2;253;174;97m [WARNING][0m - [38;2;116;173;209mfitting.py:robust_fit:435[0m - More parameters than data points - fit might be undesirable
[1;38;2;49;54;149m    [INFO][0m - [38;2;116;173;209mwv_fitting.py:iterative_fitting:462[0m - RMS of the final wavelength fit: 6.0825e-12 pixels
[1;38;2;49;54;149m    [INFO][0m - [38;2;116;173;209mwv_fitting.py:iterative_fitting:462[0m - RMS of the final wavelength fit: 0.167913 pixels
[1;38;2;253;174;97m [WARNING][0m - [38;2;116;173;209mfitting.py:robust_fit:456[0m - Maximum number of iterations maxiter=1 reached in robust_polyfit_djs
[1;38;2;253;174;97m [WARNING][0m - [38;2;116;173;209mfitting.py:robust_fit:435[0m - More parameters than data points - fit might be undesirable
[1;38;2;49;54;149m    [INFO][0m - [38;2;116;173;209mwv_fitting.py:iterative_fitting:462[0m - RMS of the final wavelength fit: 1.31035e-11 pixels
[1;38;2;253;174;97m [WARNING][0m - [38;2;116;173;209mfitting.py:robust_fit:456[0m - Maximum number of iterations maxiter=1 reached in robust_polyfit_djs
[1;38;2;253;174;97m [WARNING][0m - [38;2;116;173;209mfitting.py:robust_fit:456[0m - Maximum number of iterations maxiter=1 reached in robust_polyfit_djs
[1;38;2;49;54;149m    [INFO][0m - [38;2;116;173;209mwv_fitting.py:iterative_fitting:462[0m - RMS of the final wavelength fit: 0.436483 pixels
[1;38;2;253;174;97m [WARNING][0m - [38;2;116;173;209mfitting.py:robust_fit:456[0m - Maximum number of iterations maxiter=1 reached in robust_polyfit_djs
[1;38;2;49;54;149m    [INFO][0m - [38;2;116;173;209mwv_fitting.py:iterative_fitting:462[0m - RMS of the final wavelength fit: 0.0209923 pixels
[1;38;2;49;54;149m    [INFO][0m - [38;2;116;173;209mautoid.py:report_prelim:3046[0m - ---------------------------------------------------
Preliminary report for slit 11/24:
  Pixels anitcorrelate with wavelength
  Number of weak lines       = 16
  Number of strong lines     = 16
  Number of lines analyzed   = 6
  Number of pattern matches  = 4
  Patt match cen wavelength  = 3810.390312374582A
  Patt match dispersion      = 0.1552018757049091A/pix
  Best patt match wave/disp  = 24551.1872525266
  Final RMS of fit           = 1.3103527061792074e-11
---------------------------------------------------
[1;38;2;49;54;149m    [INFO][0m - [38;2;116;173;209mautoid.py:run_brute:2103[0m - Working on slit: 12
[1;38;2;49;54;149m    [INFO][0m - [38;2;116;173;209mautoid.py:run_brute:2107[0m - Using sigdetect =  5.0
[1;38;2;49;54;149m    [INFO][0m - [38;2;116;173;209mautoid.py:set_fwhm:1029[0m - Measured arc lines FWHM: 1.9 pixels
[1;38;2;253;174;97m [WARNING][0m - [38;2;116;173;209m_minpack_py.py:curve_fit:1071[0m - OptimizeWarning: Covariance of the parameters could not be estimated
[1;38;2;253;174;97m [WARNING][0m - [38;2;116;173;209m_minpack_py.py:curve_fit:1071[0m - OptimizeWarning: Covariance of the parameters could not be estimated
[1;38;2;49;54;149m    [INFO][0m - [38;2;116;173;209mautoid.py:run_brute_loop:2053[0m - Using RMS threshold = 0.292 (pixels); RMS/FWHM threshold = 0.15
[1;38;2;253;174;97m [WARNING][0m - [38;2;116;173;209mpolyutils.py:_fit:662[0m - RankWarning: The fit may be poorly conditioned
[1;38;2;253;174;97m [WARNING][0m - [38;2;116;173;209mwv_fitting.py:iterative_fitting:437[0m - Not enough lines for n_final! Fit order = 3
[1;38;2;253;174;97m [WARNING][0m - [38;2;116;173;209mfitting.py:robust_fit:435[0m - More parameters than data points - fit might be undesirable
[1;38;2;49;54;149m    [INFO][0m - [38;2;116;173;209mwv_fitting.py:iterative_fitting:462[0m - RMS of the final wavelength fit: 6.35308e-11 pixels
[1;38;2;253;174;97m [WARNING][0m - [38;2;116;173;209mfitting.py:robust_fit:435[0m - More parameters than data points - fit might be undesirable
[1;38;2;49;54;149m    [INFO][0m - [38;2;116;173;209mwv_fitting.py:iterative_fitting:462[0m - RMS of the final wavelength fit: 2.2616e-12 pixels
[1;38;2;49;54;149m    [INFO][0m - [38;2;116;173;209mwv_fitting.py:iterative_fitting:462[0m - RMS of the final wavelength fit: 0.00554257 pixels
[1;38;2;253;174;97m [WARNING][0m - [38;2;116;173;209mwv_fitting.py:iterative_fitting:437[0m - Not enough lines for n_final! Fit order = 3
[1;38;2;253;174;97m [WARNING][0m - [38;2;116;173;209mfitting.py:robust_fit:435[0m - More parameters than data points - fit might be undesirable
[1;38;2;49;54;149m    [INFO][0m - [38;2;116;173;209mwv_fitting.py:iterative_fitting:462[0m - RMS of the final wavelength fit: 6.35308e-11 pixels
[1;38;2;253;174;97m [WARNING][0m - [38;2;116;173;209mwv_fitting.py:iterative_fitting:437[0m - Not enough lines for n_final! Fit order = 3
[1;38;2;253;174;97m [WARNING][0m - [38;2;116;173;209mfitting.py:robust_fit:435[0m - More parameters than data points - fit might be undesirable
[1;38;2;49;54;149m    [INFO][0m - [38;2;116;173;209mwv_fitting.py:iterative_fitting:462[0m - RMS of the final wavelength fit: 6.35308e-11 pixels
[1;38;2;253;174;97m [WARNING][0m - [38;2;116;173;209mwv_fitting.py:iterative_fitting:437[0m - Not enough lines for n_final! Fit order = 3
[1;38;2;253;174;97m [WARNING][0m - [38;2;116;173;209mfitting.py:robust_fit:435[0m - More parameters than data points - fit might be undesirable
[1;38;2;49;54;149m    [INFO][0m - [38;2;116;173;209mwv_fitting.py:iterative_fitting:462[0m - RMS of the final wavelength fit: 6.35308e-11 pixels
[1;38;2;253;174;97m [WARNING][0m - [38;2;116;173;209mwv_fitting.py:iterative_fitting:437[0m - Not enough lines for n_final! Fit order = 3
[1;38;2;253;174;97m [WARNING][0m - [38;2;116;173;209mfitting.py:robust_fit:435[0m - More parameters than data points - fit might be undesirable
[1;38;2;49;54;149m    [INFO][0m - [38;2;116;173;209mwv_fitting.py:iterative_fitting:462[0m - RMS of the final wavelength fit: 6.35308e-11 pixels
[1;38;2;253;174;97m [WARNING][0m - [38;2;116;173;209mwv_fitting.py:iterative_fitting:437[0m - Not enough lines for n_final! Fit order = 3
[1;38;2;253;174;97m [WARNING][0m - [38;2;116;173;209mfitting.py:robust_fit:435[0m - More parameters than data points - fit might be undesirable
[1;38;2;49;54;149m    [INFO][0m - [38;2;116;173;209mwv_fitting.py:iterative_fitting:462[0m - RMS of the final wavelength fit: 6.35308e-11 pixels
[1;38;2;253;174;97m [WARNING][0m - [38;2;116;173;209mfitting.py:robust_fit:456[0m - Maximum number of iterations maxiter=1 reached in robust_polyfit_djs
[1;38;2;49;54;149m    [INFO][0m - [38;2;116;173;209mwv_fitting.py:iterative_fitting:462[0m - RMS of the final wavelength fit: 0.0263927 pixels
[1;38;2;253;174;97m [WARNING][0m - [38;2;116;173;209mfitting.py:robust_fit:456[0m - Maximum number of iterations maxiter=1 reached in robust_polyfit_djs
[1;38;2;49;54;149m    [INFO][0m - [38;2;116;173;209mwv_fitting.py:iterative_fitting:462[0m - RMS of the final wavelength fit: 0.0299458 pixels
[1;38;2;49;54;149m    [INFO][0m - [38;2;116;173;209mautoid.py:report_prelim:3046[0m - ---------------------------------------------------
Preliminary report for slit 12/24:
  Pixels correlate with wavelength
  Number of weak lines       = 17
  Number of strong lines     = 17
  Number of lines analyzed   = 6
  Number of pattern matches  = 3
  Patt match cen wavelength  = 5440.725184615385A
  Patt match dispersion      = 0.1215331902508339A/pix
  Best patt match wave/disp  = 44767.4020025822
  Final RMS of fit           = 0.005542574286940739
---------------------------------------------------
[1;38;2;49;54;149m    [INFO][0m - [38;2;116;173;209mautoid.py:run_brute:2103[0m - Working on slit: 13
[1;38;2;49;54;149m    [INFO][0m - [38;2;116;173;209mautoid.py:run_brute:2107[0m - Using sigdetect =  5.0
[1;38;2;49;54;149m    [INFO][0m - [38;2;116;173;209mautoid.py:set_fwhm:1029[0m - Measured arc lines FWHM: 2.0 pixels
[1;38;2;49;54;149m    [INFO][0m - [38;2;116;173;209mautoid.py:run_brute_loop:2053[0m - Using RMS threshold = 0.301 (pixels); RMS/FWHM threshold = 0.15
[1;38;2;253;174;97m [WARNING][0m - [38;2;116;173;209mpolyutils.py:_fit:662[0m - RankWarning: The fit may be poorly conditioned
[1;38;2;49;54;149m    [INFO][0m - [38;2;116;173;209mwv_fitting.py:iterative_fitting:462[0m - RMS of the final wavelength fit: 0.585475 pixels
[1;38;2;253;174;97m [WARNING][0m - [38;2;116;173;209mwv_fitting.py:iterative_fitting:437[0m - Not enough lines for n_final! Fit order = 3
[1;38;2;253;174;97m [WARNING][0m - [38;2;116;173;209mfitting.py:robust_fit:435[0m - More parameters than data points - fit might be undesirable
[1;38;2;49;54;149m    [INFO][0m - [38;2;116;173;209mwv_fitting.py:iterative_fitting:462[0m - RMS of the final wavelength fit: 8.82665e-12 pixels
[1;38;2;253;174;97m [WARNING][0m - [38;2;116;173;209mwv_fitting.py:iterative_fitting:437[0m - Not enough lines for n_final! Fit order = 3
[1;38;2;253;174;97m [WARNING][0m - [38;2;116;173;209mfitting.py:robust_fit:435[0m - More parameters than data points - fit might be undesirable
[1;38;2;49;54;149m    [INFO][0m - [38;2;116;173;209mwv_fitting.py:iterative_fitting:462[0m - RMS of the final wavelength fit: 1.91821e-11 pixels
[1;38;2;253;174;97m [WARNING][0m - [38;2;116;173;209mwv_fitting.py:iterative_fitting:437[0m - Not enough lines for n_final! Fit order = 2
[1;38;2;253;174;97m [WARNING][0m - [38;2;116;173;209mfitting.py:robust_fit:435[0m - More parameters than data points - fit might be undesirable
[1;38;2;49;54;149m    [INFO][0m - [38;2;116;173;209mwv_fitting.py:iterative_fitting:462[0m - RMS of the final wavelength fit: 2.7758e-11 pixels
[1;38;2;253;174;97m [WARNING][0m - [38;2;116;173;209mfitting.py:robust_fit:435[0m - More parameters than data points - fit might be undesirable
[1;38;2;49;54;149m    [INFO][0m - [38;2;116;173;209mwv_fitting.py:iterative_fitting:462[0m - RMS of the final wavelength fit: 6.73818e-11 pixels
[1;38;2;49;54;149m    [INFO][0m - [38;2;116;173;209mwv_fitting.py:iterative_fitting:462[0m - RMS of the final wavelength fit: 19.5391 pixels
[1;38;2;253;174;97m [WARNING][0m - [38;2;116;173;209mwv_fitting.py:iterative_fitting:437[0m - Not enough lines for n_final! Fit order = 2
[1;38;2;253;174;97m [WARNING][0m - [38;2;116;173;209mfitting.py:robust_fit:435[0m - More parameters than data points - fit might be undesirable
[1;38;2;49;54;149m    [INFO][0m - [38;2;116;173;209mwv_fitting.py:iterative_fitting:462[0m - RMS of the final wavelength fit: 2.7758e-11 pixels
[1;38;2;253;174;97m [WARNING][0m - [38;2;116;173;209mwv_fitting.py:iterative_fitting:437[0m - Not enough lines for n_final! Fit order = 2
[1;38;2;253;174;97m [WARNING][0m - [38;2;116;173;209mfitting.py:robust_fit:435[0m - More parameters than data points - fit might be undesirable
[1;38;2;49;54;149m    [INFO][0m - [38;2;116;173;209mwv_fitting.py:iterative_fitting:462[0m - RMS of the final wavelength fit: 2.7758e-11 pixels
[1;38;2;253;174;97m [WARNING][0m - [38;2;116;173;209mfitting.py:robust_fit:456[0m - Maximum number of iterations maxiter=1 reached in robust_polyfit_djs
[1;38;2;253;174;97m [WARNING][0m - [38;2;116;173;209mfitting.py:robust_fit:456[0m - Maximum number of iterations maxiter=1 reached in robust_polyfit_djs
[1;38;2;49;54;149m    [INFO][0m - [38;2;116;173;209mwv_fitting.py:iterative_fitting:462[0m - RMS of the final wavelength fit: 0.424297 pixels
[1;38;2;253;174;97m [WARNING][0m - [38;2;116;173;209mfitting.py:robust_fit:456[0m - Maximum number of iterations maxiter=1 reached in robust_polyfit_djs
[1;38;2;49;54;149m    [INFO][0m - [38;2;116;173;209mwv_fitting.py:iterative_fitting:462[0m - RMS of the final wavelength fit: 0.00842915 pixels
[1;38;2;253;174;97m [WARNING][0m - [38;2;116;173;209mautoid.py:report_prelim:3031[0m - ---------------------------------------------------
Preliminary report for slit 13/24:
  Poor RMS (0.585)! Attempting to cross match.
---------------------------------------------------
[1;38;2;49;54;149m    [INFO][0m - [38;2;116;173;209mautoid.py:run_brute:2103[0m - Working on slit: 14
[1;38;2;49;54;149m    [INFO][0m - [38;2;116;173;209mautoid.py:run_brute:2107[0m - Using sigdetect =  5.0
[1;38;2;49;54;149m    [INFO][0m - [38;2;116;173;209mautoid.py:set_fwhm:1029[0m - Measured arc lines FWHM: 2.0 pixels
[1;38;2;253;174;97m [WARNING][0m - [38;2;116;173;209m_minpack_py.py:curve_fit:1071[0m - OptimizeWarning: Covariance of the parameters could not be estimated
[1;38;2;253;174;97m [WARNING][0m - [38;2;116;173;209m_minpack_py.py:curve_fit:1071[0m - OptimizeWarning: Covariance of the parameters could not be estimated
[1;38;2;49;54;149m    [INFO][0m - [38;2;116;173;209mautoid.py:run_brute_loop:2053[0m - Using RMS threshold = 0.297 (pixels); RMS/FWHM threshold = 0.15
[1;38;2;253;174;97m [WARNING][0m - [38;2;116;173;209mpolyutils.py:_fit:662[0m - RankWarning: The fit may be poorly conditioned
[1;38;2;253;174;97m [WARNING][0m - [38;2;116;173;209mwv_fitting.py:iterative_fitting:437[0m - Not enough lines for n_final! Fit order = 3
[1;38;2;253;174;97m [WARNING][0m - [38;2;116;173;209mfitting.py:robust_fit:435[0m - More parameters than data points - fit might be undesirable
[1;38;2;49;54;149m    [INFO][0m - [38;2;116;173;209mwv_fitting.py:iterative_fitting:462[0m - RMS of the final wavelength fit: 5.5303e-12 pixels
[1;38;2;253;174;97m [WARNING][0m - [38;2;116;173;209mwv_fitting.py:iterative_fitting:437[0m - Not enough lines for n_final! Fit order = 1
[1;38;2;253;174;97m [WARNING][0m - [38;2;116;173;209mfitting.py:robust_fit:435[0m - More parameters than data points - fit might be undesirable
[1;38;2;49;54;149m    [INFO][0m - [38;2;116;173;209mwv_fitting.py:iterative_fitting:462[0m - RMS of the final wavelength fit: 2.80667e-11 pixels
[1;38;2;253;174;97m [WARNING][0m - [38;2;116;173;209mwv_fitting.py:iterative_fitting:437[0m - Not enough lines for n_final! Fit order = 0
[1;38;2;253;174;97m [WARNING][0m - [38;2;116;173;209mfitting.py:robust_fit:435[0m - More parameters than data points - fit might be undesirable
[1;38;2;49;54;149m    [INFO][0m - [38;2;116;173;209mwv_fitting.py:iterative_fitting:462[0m - RMS of the final wavelength fit: 0 pixels
[1;38;2;253;174;97m [WARNING][0m - [38;2;116;173;209mwv_fitting.py:iterative_fitting:437[0m - Not enough lines for n_final! Fit order = 3
[1;38;2;253;174;97m [WARNING][0m - [38;2;116;173;209mfitting.py:robust_fit:435[0m - More parameters than data points - fit might be undesirable
[1;38;2;49;54;149m    [INFO][0m - [38;2;116;173;209mwv_fitting.py:iterative_fitting:462[0m - RMS of the final wavelength fit: 1.15036e-11 pixels
[1;38;2;253;174;97m [WARNING][0m - [38;2;116;173;209mfitting.py:robust_fit:456[0m - Maximum number of iterations maxiter=1 reached in robust_polyfit_djs
[1;38;2;253;174;97m [WARNING][0m - [38;2;116;173;209mfitting.py:robust_fit:456[0m - Maximum number of iterations maxiter=1 reached in robust_polyfit_djs
[1;38;2;49;54;149m    [INFO][0m - [38;2;116;173;209mwv_fitting.py:iterative_fitting:462[0m - RMS of the final wavelength fit: 0.44294 pixels
[1;38;2;253;174;97m [WARNING][0m - [38;2;116;173;209mfitting.py:robust_fit:456[0m - Maximum number of iterations maxiter=1 reached in robust_polyfit_djs
[1;38;2;49;54;149m    [INFO][0m - [38;2;116;173;209mwv_fitting.py:iterative_fitting:462[0m - RMS of the final wavelength fit: 0.315338 pixels
[1;38;2;253;174;97m [WARNING][0m - [38;2;116;173;209mwv_fitting.py:iterative_fitting:437[0m - Not enough lines for n_final! Fit order = 3
[1;38;2;253;174;97m [WARNING][0m - [38;2;116;173;209mfitting.py:robust_fit:435[0m - More parameters than data points - fit might be undesirable
[1;38;2;49;54;149m    [INFO][0m - [38;2;116;173;209mwv_fitting.py:iterative_fitting:462[0m - RMS of the final wavelength fit: 1.15036e-11 pixels
[1;38;2;253;174;97m [WARNING][0m - [38;2;116;173;209mwv_fitting.py:iterative_fitting:437[0m - Not enough lines for n_final! Fit order = 3
[1;38;2;253;174;97m [WARNING][0m - [38;2;116;173;209mfitting.py:robust_fit:435[0m - More parameters than data points - fit might be undesirable
[1;38;2;49;54;149m    [INFO][0m - [38;2;116;173;209mwv_fitting.py:iterative_fitting:462[0m - RMS of the final wavelength fit: 1.15036e-11 pixels
[1;38;2;253;174;97m [WARNING][0m - [38;2;116;173;209mfitting.py:robust_fit:456[0m - Maximum number of iterations maxiter=1 reached in robust_polyfit_djs
[1;38;2;253;174;97m [WARNING][0m - [38;2;116;173;209mfitting.py:robust_fit:456[0m - Maximum number of iterations maxiter=1 reached in robust_polyfit_djs
[1;38;2;49;54;149m    [INFO][0m - [38;2;116;173;209mwv_fitting.py:iterative_fitting:462[0m - RMS of the final wavelength fit: 0.44294 pixels
[1;38;2;253;174;97m [WARNING][0m - [38;2;116;173;209mfitting.py:robust_fit:456[0m - Maximum number of iterations maxiter=1 reached in robust_polyfit_djs
[1;38;2;49;54;149m    [INFO][0m - [38;2;116;173;209mwv_fitting.py:iterative_fitting:462[0m - RMS of the final wavelength fit: 0.00252674 pixels
[1;38;2;49;54;149m    [INFO][0m - [38;2;116;173;209mautoid.py:report_prelim:3046[0m - ---------------------------------------------------
Preliminary report for slit 14/24:
  Pixels correlate with wavelength
  Number of weak lines       = 14
  Number of strong lines     = 14
  Number of lines analyzed   = 6
  Number of pattern matches  = 4
  Patt match cen wavelength  = 9779.519602675586A
  Patt match dispersion      = 0.9992325103785118A/pix
  Best patt match wave/disp  = 9787.031047429671
  Final RMS of fit           = 0.0025267438534212513
---------------------------------------------------
[1;38;2;49;54;149m    [INFO][0m - [38;2;116;173;209mautoid.py:run_brute:2103[0m - Working on slit: 15
[1;38;2;49;54;149m    [INFO][0m - [38;2;116;173;209mautoid.py:run_brute:2107[0m - Using sigdetect =  5.0
[1;38;2;49;54;149m    [INFO][0m - [38;2;116;173;209mautoid.py:set_fwhm:1029[0m - Measured arc lines FWHM: 2.0 pixels
[1;38;2;253;174;97m [WARNING][0m - [38;2;116;173;209m_minpack_py.py:curve_fit:1071[0m - OptimizeWarning: Covariance of the parameters could not be estimated
[1;38;2;253;174;97m [WARNING][0m - [38;2;116;173;209m_minpack_py.py:curve_fit:1071[0m - OptimizeWarning: Covariance of the parameters could not be estimated
[1;38;2;49;54;149m    [INFO][0m - [38;2;116;173;209mautoid.py:run_brute_loop:2053[0m - Using RMS threshold = 0.299 (pixels); RMS/FWHM threshold = 0.15
[1;38;2;253;174;97m [WARNING][0m - [38;2;116;173;209mfitting.py:robust_fit:435[0m - More parameters than data points - fit might be undesirable
[1;38;2;49;54;149m    [INFO][0m - [38;2;116;173;209mwv_fitting.py:iterative_fitting:462[0m - RMS of the final wavelength fit: 4.72486e-11 pixels
[1;38;2;253;174;97m [WARNING][0m - [38;2;116;173;209mpolyutils.py:_fit:662[0m - RankWarning: The fit may be poorly conditioned
[1;38;2;253;174;97m [WARNING][0m - [38;2;116;173;209mwv_fitting.py:iterative_fitting:437[0m - Not enough lines for n_final! Fit order = 3
[1;38;2;253;174;97m [WARNING][0m - [38;2;116;173;209mfitting.py:robust_fit:435[0m - More parameters than data points - fit might be undesirable
[1;38;2;49;54;149m    [INFO][0m - [38;2;116;173;209mwv_fitting.py:iterative_fitting:462[0m - RMS of the final wavelength fit: 2.25568e-12 pixels
[1;38;2;253;174;97m [WARNING][0m - [38;2;116;173;209mfitting.py:robust_fit:456[0m - Maximum number of iterations maxiter=4 reached in robust_polyfit_djs
[1;38;2;253;174;97m [WARNING][0m - [38;2;116;173;209mfitting.py:robust_fit:456[0m - Maximum number of iterations maxiter=5 reached in robust_polyfit_djs
[1;38;2;253;174;97m [WARNING][0m - [38;2;116;173;209mfitting.py:robust_fit:456[0m - Maximum number of iterations maxiter=4 reached in robust_polyfit_djs
[1;38;2;49;54;149m    [INFO][0m - [38;2;116;173;209mwv_fitting.py:iterative_fitting:462[0m - RMS of the final wavelength fit: 0.625362 pixels
[1;38;2;253;174;97m [WARNING][0m - [38;2;116;173;209mfitting.py:robust_fit:435[0m - More parameters than data points - fit might be undesirable
[1;38;2;49;54;149m    [INFO][0m - [38;2;116;173;209mwv_fitting.py:iterative_fitting:462[0m - RMS of the final wavelength fit: 4.72486e-11 pixels
[1;38;2;253;174;97m [WARNING][0m - [38;2;116;173;209mfitting.py:robust_fit:435[0m - More parameters than data points - fit might be undesirable
[1;38;2;49;54;149m    [INFO][0m - [38;2;116;173;209mwv_fitting.py:iterative_fitting:462[0m - RMS of the final wavelength fit: 4.72486e-11 pixels
[1;38;2;253;174;97m [WARNING][0m - [38;2;116;173;209mfitting.py:robust_fit:435[0m - More parameters than data points - fit might be undesirable
[1;38;2;49;54;149m    [INFO][0m - [38;2;116;173;209mwv_fitting.py:iterative_fitting:462[0m - RMS of the final wavelength fit: 4.72486e-11 pixels
[1;38;2;253;174;97m [WARNING][0m - [38;2;116;173;209mfitting.py:robust_fit:435[0m - More parameters than data points - fit might be undesirable
[1;38;2;49;54;149m    [INFO][0m - [38;2;116;173;209mwv_fitting.py:iterative_fitting:462[0m - RMS of the final wavelength fit: 4.72486e-11 pixels
[1;38;2;253;174;97m [WARNING][0m - [38;2;116;173;209mfitting.py:robust_fit:435[0m - More parameters than data points - fit might be undesirable
[1;38;2;49;54;149m    [INFO][0m - [38;2;116;173;209mwv_fitting.py:iterative_fitting:462[0m - RMS of the final wavelength fit: 4.72486e-11 pixels
[1;38;2;253;174;97m [WARNING][0m - [38;2;116;173;209mfitting.py:robust_fit:456[0m - Maximum number of iterations maxiter=2 reached in robust_polyfit_djs
[1;38;2;253;174;97m [WARNING][0m - [38;2;116;173;209mfitting.py:robust_fit:456[0m - Maximum number of iterations maxiter=2 reached in robust_polyfit_djs
[1;38;2;49;54;149m    [INFO][0m - [38;2;116;173;209mwv_fitting.py:iterative_fitting:462[0m - RMS of the final wavelength fit: 13.3676 pixels
[1;38;2;49;54;149m    [INFO][0m - [38;2;116;173;209mwv_fitting.py:iterative_fitting:462[0m - RMS of the final wavelength fit: 0.0694253 pixels
[1;38;2;253;174;97m [WARNING][0m - [38;2;116;173;209mfitting.py:robust_fit:435[0m - More parameters than data points - fit might be undesirable
[1;38;2;49;54;149m    [INFO][0m - [38;2;116;173;209mwv_fitting.py:iterative_fitting:462[0m - RMS of the final wavelength fit: 1.17552e-11 pixels
[1;38;2;49;54;149m    [INFO][0m - [38;2;116;173;209mwv_fitting.py:iterative_fitting:462[0m - RMS of the final wavelength fit: 0.714888 pixels
[1;38;2;253;174;97m [WARNING][0m - [38;2;116;173;209mfitting.py:robust_fit:435[0m - More parameters than data points - fit might be undesirable
[1;38;2;49;54;149m    [INFO][0m - [38;2;116;173;209mwv_fitting.py:iterative_fitting:462[0m - RMS of the final wavelength fit: 1.17552e-11 pixels
[1;38;2;49;54;149m    [INFO][0m - [38;2;116;173;209mautoid.py:report_prelim:3046[0m - ---------------------------------------------------
Preliminary report for slit 15/24:
  Pixels correlate with wavelength
  Number of weak lines       = 19
  Number of strong lines     = 19
  Number of lines analyzed   = 10
  Number of pattern matches  = 4
  Patt match cen wavelength  = 3100.405771237458A
  Patt match dispersion      = 2.9991095571282127A/pix
  Best patt match wave/disp  = 1033.7754297332976
  Final RMS of fit           = 0.06942532210946355
---------------------------------------------------
[1;38;2;49;54;149m    [INFO][0m - [38;2;116;173;209mautoid.py:run_brute:2103[0m - Working on slit: 16
[1;38;2;49;54;149m    [INFO][0m - [38;2;116;173;209mautoid.py:run_brute:2107[0m - Using sigdetect =  5.0
[1;38;2;49;54;149m    [INFO][0m - [38;2;116;173;209mautoid.py:set_fwhm:1029[0m - Measured arc lines FWHM: 2.0 pixels
[1;38;2;253;174;97m [WARNING][0m - [38;2;116;173;209m_minpack_py.py:curve_fit:1071[0m - OptimizeWarning: Covariance of the parameters could not be estimated
[1;38;2;253;174;97m [WARNING][0m - [38;2;116;173;209m_minpack_py.py:curve_fit:1071[0m - OptimizeWarning: Covariance of the parameters could not be estimated
[1;38;2;49;54;149m    [INFO][0m - [38;2;116;173;209mautoid.py:run_brute_loop:2053[0m - Using RMS threshold = 0.296 (pixels); RMS/FWHM threshold = 0.15
[1;38;2;253;174;97m [WARNING][0m - [38;2;116;173;209mpolyutils.py:_fit:662[0m - RankWarning: The fit may be poorly conditioned
[1;38;2;253;174;97m [WARNING][0m - [38;2;116;173;209mwv_fitting.py:iterative_fitting:437[0m - Not enough lines for n_final! Fit order = 0
[1;38;2;253;174;97m [WARNING][0m - [38;2;116;173;209mfitting.py:robust_fit:435[0m - More parameters than data points - fit might be undesirable
[1;38;2;49;54;149m    [INFO][0m - [38;2;116;173;209mwv_fitting.py:iterative_fitting:462[0m - RMS of the final wavelength fit: 0 pixels
[1;38;2;253;174;97m [WARNING][0m - [38;2;116;173;209mwv_fitting.py:iterative_fitting:437[0m - Not enough lines for n_final! Fit order = 0
[1;38;2;253;174;97m [WARNING][0m - [38;2;116;173;209mfitting.py:robust_fit:435[0m - More parameters than data points - fit might be undesirable
[1;38;2;49;54;149m    [INFO][0m - [38;2;116;173;209mwv_fitting.py:iterative_fitting:462[0m - RMS of the final wavelength fit: 0 pixels
[1;38;2;253;174;97m [WARNING][0m - [38;2;116;173;209mwv_fitting.py:iterative_fitting:437[0m - Not enough lines for n_final! Fit order = 0
[1;38;2;253;174;97m [WARNING][0m - [38;2;116;173;209mfitting.py:robust_fit:435[0m - More parameters than data points - fit might be undesirable
[1;38;2;49;54;149m    [INFO][0m - [38;2;116;173;209mwv_fitting.py:iterative_fitting:462[0m - RMS of the final wavelength fit: 0 pixels
[1;38;2;253;174;97m [WARNING][0m - [38;2;116;173;209mwv_fitting.py:iterative_fitting:437[0m - Not enough lines for n_final! Fit order = 2
[1;38;2;253;174;97m [WARNING][0m - [38;2;116;173;209mfitting.py:robust_fit:435[0m - More parameters than data points - fit might be undesirable
[1;38;2;49;54;149m    [INFO][0m - [38;2;116;173;209mwv_fitting.py:iterative_fitting:462[0m - RMS of the final wavelength fit: 1.95028e-12 pixels
