    INFO | 2026-08-26 14:49:33 | inputfiles.py:from_file:136 | Loading the reduction file
    INFO | 2026-08-26 14:49:33 | inputfiles.py:from_file:214 | Coadd3d input file loaded successfully.
    INFO | 2026-08-26 14:49:33 | inputfiles.py:vet:927 | .coadd3d file successfully vetted.
    INFO | 2026-08-26 14:49:33 | coadd_datacube.py:main:55 | Restricting to detector=1
    INFO | 2026-08-26 14:49:33 | coadd3d.py:__init__:495 | No RA or Dec offsets have been provided.
    INFO | 2026-08-26 14:49:33 | coadd3d.py:__init__:536 | Adopting the subpixel algorithm to generate the datacube, with subpixellation scales:
  Spectral: 5
  Spatial: 5
  Slices: 5
    INFO | 2026-08-26 14:49:33 | coadd3d.py:set_default_skysub:736 | The sky model in the spec2d science frames will be used for sky subtraction
(unless specific skysub frames have been specified)
    INFO | 2026-08-26 14:49:33 | coadd3d.py:load:1019 | Loading PypeIt spec2d frame (1/2):
Science/spec2d_KR.20240402.19809.27-Feige34_KCRM_20240402T053009.274.fits
    INFO | 2026-08-26 14:49:34 | coadd3d.py:load:1035 | Constructing slit image
    INFO | 2026-08-26 14:49:35 | coadd3d.py:get_current_skysub:829 | Using the following frame for sky subtraction:
image
    INFO | 2026-08-26 14:49:35 | coadd3d.py:get_current_scalecorr:718 | Relative spectral illumination correction will not be performed.
    INFO | 2026-08-26 14:49:35 | datacube.py:make_good_skymask:436 | Masking edge pixels where the sky model is poor
    INFO | 2026-08-26 14:49:37 | coadd3d.py:load:1090 | Using wavelength solution: wave0=5343.747, dispersion=0.358 Angstrom/pixel
    INFO | 2026-08-26 14:49:37 | coadd3d.py:get_alignments:962 | Loading alignments
    INFO | 2026-08-26 14:49:37 | datamodel.py:from_file:1558 | Loading Alignments from /Users/kaiwenzhang/PycharmProjects/KCWI/KCWI_RED_channel_characterization/RM1 pypeit run/2024-04-01/pypeit_run/keck_kcrm_A/Calibrations/Alignment_A_0_DET01.fits
    INFO | 2026-08-26 14:49:37 | coadd3d.py:get_alignments:978 | Generating alignment splines
   DEBUG | 2026-08-26 14:49:37 | alignframe.py:__init__:350 | Spatial flexure is not currently implemented for the astrometric alignment
    INFO | 2026-08-26 14:49:37 | alignframe.py:build_splines:375 | Calculating astrometric transform of slit 1/24
    INFO | 2026-08-26 14:49:38 | alignframe.py:build_splines:375 | Calculating astrometric transform of slit 2/24
    INFO | 2026-08-26 14:49:38 | alignframe.py:build_splines:375 | Calculating astrometric transform of slit 3/24
    INFO | 2026-08-26 14:49:38 | alignframe.py:build_splines:375 | Calculating astrometric transform of slit 4/24
    INFO | 2026-08-26 14:49:39 | alignframe.py:build_splines:375 | Calculating astrometric transform of slit 5/24
    INFO | 2026-08-26 14:49:39 | alignframe.py:build_splines:375 | Calculating astrometric transform of slit 6/24
    INFO | 2026-08-26 14:49:39 | alignframe.py:build_splines:375 | Calculating astrometric transform of slit 7/24
    INFO | 2026-08-26 14:49:39 | alignframe.py:build_splines:375 | Calculating astrometric transform of slit 8/24
    INFO | 2026-08-26 14:49:40 | alignframe.py:build_splines:375 | Calculating astrometric transform of slit 9/24
    INFO | 2026-08-26 14:49:40 | alignframe.py:build_splines:375 | Calculating astrometric transform of slit 10/24
    INFO | 2026-08-26 14:49:40 | alignframe.py:build_splines:375 | Calculating astrometric transform of slit 11/24
    INFO | 2026-08-26 14:49:41 | alignframe.py:build_splines:375 | Calculating astrometric transform of slit 12/24
    INFO | 2026-08-26 14:49:41 | alignframe.py:build_splines:375 | Calculating astrometric transform of slit 13/24
    INFO | 2026-08-26 14:49:41 | alignframe.py:build_splines:375 | Calculating astrometric transform of slit 14/24
    INFO | 2026-08-26 14:49:41 | alignframe.py:build_splines:375 | Calculating astrometric transform of slit 15/24
    INFO | 2026-08-26 14:49:42 | alignframe.py:build_splines:375 | Calculating astrometric transform of slit 16/24
    INFO | 2026-08-26 14:49:42 | alignframe.py:build_splines:375 | Calculating astrometric transform of slit 17/24
    INFO | 2026-08-26 14:49:42 | alignframe.py:build_splines:375 | Calculating astrometric transform of slit 18/24
    INFO | 2026-08-26 14:49:43 | alignframe.py:build_splines:375 | Calculating astrometric transform of slit 19/24
    INFO | 2026-08-26 14:49:43 | alignframe.py:build_splines:375 | Calculating astrometric transform of slit 20/24
    INFO | 2026-08-26 14:49:43 | alignframe.py:build_splines:375 | Calculating astrometric transform of slit 21/24
    INFO | 2026-08-26 14:49:44 | alignframe.py:build_splines:375 | Calculating astrometric transform of slit 22/24
    INFO | 2026-08-26 14:49:44 | alignframe.py:build_splines:375 | Calculating astrometric transform of slit 23/24
    INFO | 2026-08-26 14:49:44 | alignframe.py:build_splines:375 | Calculating astrometric transform of slit 24/24
    INFO | 2026-08-26 14:49:44 | keck_kcwi.py:get_wcs:634 | Generating KCRM WCS
    INFO | 2026-08-26 14:49:44 | slittrace.py:get_radec_image:536 | Generating an RA/DEC image
    INFO | 2026-08-26 14:49:50 | coadd3d.py:__init__:278 | Preparing the parameters for the DAR correction
    INFO | 2026-08-26 14:49:50 | coadd3d.py:__init__:294 | DAR correction parameters:
   Airmass = 1.35
   Pressure = 617.42 mbar
   Humidity = 36.50 %
   Temperature = 1.60 deg C
   Reference wavelength = 4500.00 Angstrom
    INFO | 2026-08-26 14:49:51 | coadd3d.py:load:1019 | Loading PypeIt spec2d frame (2/2):
Science/spec2d_KR.20240402.20060.19-Feige34_KCRM_20240402T053420.179.fits
    INFO | 2026-08-26 14:49:52 | coadd3d.py:load:1035 | Constructing slit image
    INFO | 2026-08-26 14:49:53 | coadd3d.py:get_current_skysub:829 | Using the following frame for sky subtraction:
image
    INFO | 2026-08-26 14:49:53 | coadd3d.py:get_current_scalecorr:718 | Relative spectral illumination correction will not be performed.
    INFO | 2026-08-26 14:49:53 | datacube.py:make_good_skymask:436 | Masking edge pixels where the sky model is poor
    INFO | 2026-08-26 14:49:55 | coadd3d.py:load:1090 | Using wavelength solution: wave0=5343.747, dispersion=0.358 Angstrom/pixel
    INFO | 2026-08-26 14:49:56 | coadd3d.py:get_alignments:962 | Loading alignments
    INFO | 2026-08-26 14:49:56 | datamodel.py:from_file:1558 | Loading Alignments from /Users/kaiwenzhang/PycharmProjects/KCWI/KCWI_RED_channel_characterization/RM1 pypeit run/2024-04-01/pypeit_run/keck_kcrm_A/Calibrations/Alignment_A_0_DET01.fits
    INFO | 2026-08-26 14:49:56 | coadd3d.py:get_alignments:978 | Generating alignment splines
   DEBUG | 2026-08-26 14:49:56 | alignframe.py:__init__:350 | Spatial flexure is not currently implemented for the astrometric alignment
    INFO | 2026-08-26 14:49:56 | alignframe.py:build_splines:375 | Calculating astrometric transform of slit 1/24
    INFO | 2026-08-26 14:49:56 | alignframe.py:build_splines:375 | Calculating astrometric transform of slit 2/24
    INFO | 2026-08-26 14:49:56 | alignframe.py:build_splines:375 | Calculating astrometric transform of slit 3/24
    INFO | 2026-08-26 14:49:57 | alignframe.py:build_splines:375 | Calculating astrometric transform of slit 4/24
    INFO | 2026-08-26 14:49:57 | alignframe.py:build_splines:375 | Calculating astrometric transform of slit 5/24
    INFO | 2026-08-26 14:49:57 | alignframe.py:build_splines:375 | Calculating astrometric transform of slit 6/24
    INFO | 2026-08-26 14:49:58 | alignframe.py:build_splines:375 | Calculating astrometric transform of slit 7/24
    INFO | 2026-08-26 14:49:58 | alignframe.py:build_splines:375 | Calculating astrometric transform of slit 8/24
    INFO | 2026-08-26 14:49:58 | alignframe.py:build_splines:375 | Calculating astrometric transform of slit 9/24
    INFO | 2026-08-26 14:49:58 | alignframe.py:build_splines:375 | Calculating astrometric transform of slit 10/24
    INFO | 2026-08-26 14:49:59 | alignframe.py:build_splines:375 | Calculating astrometric transform of slit 11/24
    INFO | 2026-08-26 14:49:59 | alignframe.py:build_splines:375 | Calculating astrometric transform of slit 12/24
    INFO | 2026-08-26 14:49:59 | alignframe.py:build_splines:375 | Calculating astrometric transform of slit 13/24
    INFO | 2026-08-26 14:50:00 | alignframe.py:build_splines:375 | Calculating astrometric transform of slit 14/24
    INFO | 2026-08-26 14:50:00 | alignframe.py:build_splines:375 | Calculating astrometric transform of slit 15/24
    INFO | 2026-08-26 14:50:00 | alignframe.py:build_splines:375 | Calculating astrometric transform of slit 16/24
    INFO | 2026-08-26 14:50:00 | alignframe.py:build_splines:375 | Calculating astrometric transform of slit 17/24
    INFO | 2026-08-26 14:50:01 | alignframe.py:build_splines:375 | Calculating astrometric transform of slit 18/24
    INFO | 2026-08-26 14:50:01 | alignframe.py:build_splines:375 | Calculating astrometric transform of slit 19/24
    INFO | 2026-08-26 14:50:01 | alignframe.py:build_splines:375 | Calculating astrometric transform of slit 20/24
    INFO | 2026-08-26 14:50:02 | alignframe.py:build_splines:375 | Calculating astrometric transform of slit 21/24
    INFO | 2026-08-26 14:50:02 | alignframe.py:build_splines:375 | Calculating astrometric transform of slit 22/24
    INFO | 2026-08-26 14:50:02 | alignframe.py:build_splines:375 | Calculating astrometric transform of slit 23/24
    INFO | 2026-08-26 14:50:03 | alignframe.py:build_splines:375 | Calculating astrometric transform of slit 24/24
    INFO | 2026-08-26 14:50:03 | keck_kcwi.py:get_wcs:634 | Generating KCRM WCS
    INFO | 2026-08-26 14:50:03 | slittrace.py:get_radec_image:536 | Generating an RA/DEC image
    INFO | 2026-08-26 14:50:09 | coadd3d.py:__init__:278 | Preparing the parameters for the DAR correction
    INFO | 2026-08-26 14:50:09 | coadd3d.py:__init__:294 | DAR correction parameters:
   Airmass = 1.33
   Pressure = 617.44 mbar
   Humidity = 37.80 %
   Temperature = 1.40 deg C
   Reference wavelength = 4500.00 Angstrom
    INFO | 2026-08-26 14:50:09 | datacube.py:set_voxel_sampling:776 | Adopting a square pixel spatial scale of 0.339462 arcsec
    INFO | 2026-08-26 14:50:09 | datacube.py:set_voxel_sampling:779 | Adopting a wavelength sampling of 0.358089 Angstrom
    INFO | 2026-08-26 14:50:09 | datacube.py:get_whitelight_range:606 | The white light images will cover the wavelength range: 5513.05A - 6818.24A
    INFO | 2026-08-26 14:50:10 | datacube.py:generate_WCS:1049 | Generating WCS
    INFO | 2026-08-26 14:50:10 | datacube.py:create_wcs:1008 | 
----------------------------------------
Parameters of the WCS:
RA   min = 159.89879586222062
DEC  min = 43.10094548070666
WAVE min, max = 5513.051049340552, 6818.2355830131555
Spaxel size = 0.33946200000000004 arcsec
Wavelength step = 1305.1845336726037 A
----------------------------------------
    INFO | 2026-08-26 14:50:10 | datacube.py:subpixellate:1772 | Resampling slit 1/24 of frame 1/2
    INFO | 2026-08-26 14:50:10 | slittrace.py:get_radec_image:536 | Generating an RA/DEC image with slice_offset=0.000
    INFO | 2026-08-26 14:50:11 | datacube.py:subpixellate:1772 | Resampling slit 2/24 of frame 1/2
    INFO | 2026-08-26 14:50:11 | slittrace.py:get_radec_image:536 | Generating an RA/DEC image with slice_offset=0.000
    INFO | 2026-08-26 14:50:13 | datacube.py:subpixellate:1772 | Resampling slit 3/24 of frame 1/2
    INFO | 2026-08-26 14:50:13 | slittrace.py:get_radec_image:536 | Generating an RA/DEC image with slice_offset=0.000
    INFO | 2026-08-26 14:50:14 | datacube.py:subpixellate:1772 | Resampling slit 4/24 of frame 1/2
    INFO | 2026-08-26 14:50:14 | slittrace.py:get_radec_image:536 | Generating an RA/DEC image with slice_offset=0.000
    INFO | 2026-08-26 14:50:16 | datacube.py:subpixellate:1772 | Resampling slit 5/24 of frame 1/2
    INFO | 2026-08-26 14:50:16 | slittrace.py:get_radec_image:536 | Generating an RA/DEC image with slice_offset=0.000
    INFO | 2026-08-26 14:50:17 | datacube.py:subpixellate:1772 | Resampling slit 6/24 of frame 1/2
    INFO | 2026-08-26 14:50:17 | slittrace.py:get_radec_image:536 | Generating an RA/DEC image with slice_offset=0.000
    INFO | 2026-08-26 14:50:19 | datacube.py:subpixellate:1772 | Resampling slit 7/24 of frame 1/2
    INFO | 2026-08-26 14:50:19 | slittrace.py:get_radec_image:536 | Generating an RA/DEC image with slice_offset=0.000
    INFO | 2026-08-26 14:50:20 | datacube.py:subpixellate:1772 | Resampling slit 8/24 of frame 1/2
    INFO | 2026-08-26 14:50:20 | slittrace.py:get_radec_image:536 | Generating an RA/DEC image with slice_offset=0.000
    INFO | 2026-08-26 14:50:22 | datacube.py:subpixellate:1772 | Resampling slit 9/24 of frame 1/2
    INFO | 2026-08-26 14:50:22 | slittrace.py:get_radec_image:536 | Generating an RA/DEC image with slice_offset=0.000
    INFO | 2026-08-26 14:50:23 | datacube.py:subpixellate:1772 | Resampling slit 10/24 of frame 1/2
    INFO | 2026-08-26 14:50:23 | slittrace.py:get_radec_image:536 | Generating an RA/DEC image with slice_offset=0.000
    INFO | 2026-08-26 14:50:25 | datacube.py:subpixellate:1772 | Resampling slit 11/24 of frame 1/2
    INFO | 2026-08-26 14:50:25 | slittrace.py:get_radec_image:536 | Generating an RA/DEC image with slice_offset=0.000
    INFO | 2026-08-26 14:50:26 | datacube.py:subpixellate:1772 | Resampling slit 12/24 of frame 1/2
    INFO | 2026-08-26 14:50:26 | slittrace.py:get_radec_image:536 | Generating an RA/DEC image with slice_offset=0.000
    INFO | 2026-08-26 14:50:28 | datacube.py:subpixellate:1772 | Resampling slit 13/24 of frame 1/2
    INFO | 2026-08-26 14:50:28 | slittrace.py:get_radec_image:536 | Generating an RA/DEC image with slice_offset=0.000
    INFO | 2026-08-26 14:50:29 | datacube.py:subpixellate:1772 | Resampling slit 14/24 of frame 1/2
    INFO | 2026-08-26 14:50:29 | slittrace.py:get_radec_image:536 | Generating an RA/DEC image with slice_offset=0.000
    INFO | 2026-08-26 14:50:31 | datacube.py:subpixellate:1772 | Resampling slit 15/24 of frame 1/2
    INFO | 2026-08-26 14:50:31 | slittrace.py:get_radec_image:536 | Generating an RA/DEC image with slice_offset=0.000
    INFO | 2026-08-26 14:50:32 | datacube.py:subpixellate:1772 | Resampling slit 16/24 of frame 1/2
    INFO | 2026-08-26 14:50:32 | slittrace.py:get_radec_image:536 | Generating an RA/DEC image with slice_offset=0.000
    INFO | 2026-08-26 14:50:34 | datacube.py:subpixellate:1772 | Resampling slit 17/24 of frame 1/2
    INFO | 2026-08-26 14:50:34 | slittrace.py:get_radec_image:536 | Generating an RA/DEC image with slice_offset=0.000
    INFO | 2026-08-26 14:50:35 | datacube.py:subpixellate:1772 | Resampling slit 18/24 of frame 1/2
    INFO | 2026-08-26 14:50:35 | slittrace.py:get_radec_image:536 | Generating an RA/DEC image with slice_offset=0.000
    INFO | 2026-08-26 14:50:37 | datacube.py:subpixellate:1772 | Resampling slit 19/24 of frame 1/2
    INFO | 2026-08-26 14:50:37 | slittrace.py:get_radec_image:536 | Generating an RA/DEC image with slice_offset=0.000
    INFO | 2026-08-26 14:50:38 | datacube.py:subpixellate:1772 | Resampling slit 20/24 of frame 1/2
    INFO | 2026-08-26 14:50:38 | slittrace.py:get_radec_image:536 | Generating an RA/DEC image with slice_offset=0.000
    INFO | 2026-08-26 14:50:40 | datacube.py:subpixellate:1772 | Resampling slit 21/24 of frame 1/2
    INFO | 2026-08-26 14:50:40 | slittrace.py:get_radec_image:536 | Generating an RA/DEC image with slice_offset=0.000
    INFO | 2026-08-26 14:50:41 | datacube.py:subpixellate:1772 | Resampling slit 22/24 of frame 1/2
    INFO | 2026-08-26 14:50:41 | slittrace.py:get_radec_image:536 | Generating an RA/DEC image with slice_offset=0.000
    INFO | 2026-08-26 14:50:43 | datacube.py:subpixellate:1772 | Resampling slit 23/24 of frame 1/2
    INFO | 2026-08-26 14:50:43 | slittrace.py:get_radec_image:536 | Generating an RA/DEC image with slice_offset=0.000
    INFO | 2026-08-26 14:50:44 | datacube.py:subpixellate:1772 | Resampling slit 24/24 of frame 1/2
    INFO | 2026-08-26 14:50:44 | slittrace.py:get_radec_image:536 | Generating an RA/DEC image with slice_offset=0.000
    INFO | 2026-08-26 14:50:46 | datacube.py:subpixellate:1772 | Resampling slit 1/24 of frame 2/2
    INFO | 2026-08-26 14:50:46 | slittrace.py:get_radec_image:536 | Generating an RA/DEC image with slice_offset=0.000
    INFO | 2026-08-26 14:50:47 | datacube.py:subpixellate:1772 | Resampling slit 2/24 of frame 2/2
    INFO | 2026-08-26 14:50:48 | slittrace.py:get_radec_image:536 | Generating an RA/DEC image with slice_offset=0.000
    INFO | 2026-08-26 14:50:49 | datacube.py:subpixellate:1772 | Resampling slit 3/24 of frame 2/2
    INFO | 2026-08-26 14:50:49 | slittrace.py:get_radec_image:536 | Generating an RA/DEC image with slice_offset=0.000
    INFO | 2026-08-26 14:50:51 | datacube.py:subpixellate:1772 | Resampling slit 4/24 of frame 2/2
    INFO | 2026-08-26 14:50:51 | slittrace.py:get_radec_image:536 | Generating an RA/DEC image with slice_offset=0.000
    INFO | 2026-08-26 14:50:52 | datacube.py:subpixellate:1772 | Resampling slit 5/24 of frame 2/2
    INFO | 2026-08-26 14:50:52 | slittrace.py:get_radec_image:536 | Generating an RA/DEC image with slice_offset=0.000
    INFO | 2026-08-26 14:50:54 | datacube.py:subpixellate:1772 | Resampling slit 6/24 of frame 2/2
    INFO | 2026-08-26 14:50:54 | slittrace.py:get_radec_image:536 | Generating an RA/DEC image with slice_offset=0.000
    INFO | 2026-08-26 14:50:55 | datacube.py:subpixellate:1772 | Resampling slit 7/24 of frame 2/2
    INFO | 2026-08-26 14:50:55 | slittrace.py:get_radec_image:536 | Generating an RA/DEC image with slice_offset=0.000
    INFO | 2026-08-26 14:50:57 | datacube.py:subpixellate:1772 | Resampling slit 8/24 of frame 2/2
    INFO | 2026-08-26 14:50:57 | slittrace.py:get_radec_image:536 | Generating an RA/DEC image with slice_offset=0.000
    INFO | 2026-08-26 14:50:59 | datacube.py:subpixellate:1772 | Resampling slit 9/24 of frame 2/2
    INFO | 2026-08-26 14:50:59 | slittrace.py:get_radec_image:536 | Generating an RA/DEC image with slice_offset=0.000
    INFO | 2026-08-26 14:51:00 | datacube.py:subpixellate:1772 | Resampling slit 10/24 of frame 2/2
    INFO | 2026-08-26 14:51:00 | slittrace.py:get_radec_image:536 | Generating an RA/DEC image with slice_offset=0.000
    INFO | 2026-08-26 14:51:02 | datacube.py:subpixellate:1772 | Resampling slit 11/24 of frame 2/2
    INFO | 2026-08-26 14:51:02 | slittrace.py:get_radec_image:536 | Generating an RA/DEC image with slice_offset=0.000
    INFO | 2026-08-26 14:51:03 | datacube.py:subpixellate:1772 | Resampling slit 12/24 of frame 2/2
    INFO | 2026-08-26 14:51:03 | slittrace.py:get_radec_image:536 | Generating an RA/DEC image with slice_offset=0.000
    INFO | 2026-08-26 14:51:05 | datacube.py:subpixellate:1772 | Resampling slit 13/24 of frame 2/2
    INFO | 2026-08-26 14:51:05 | slittrace.py:get_radec_image:536 | Generating an RA/DEC image with slice_offset=0.000
    INFO | 2026-08-26 14:51:06 | datacube.py:subpixellate:1772 | Resampling slit 14/24 of frame 2/2
    INFO | 2026-08-26 14:51:06 | slittrace.py:get_radec_image:536 | Generating an RA/DEC image with slice_offset=0.000
    INFO | 2026-08-26 14:51:08 | datacube.py:subpixellate:1772 | Resampling slit 15/24 of frame 2/2
    INFO | 2026-08-26 14:51:08 | slittrace.py:get_radec_image:536 | Generating an RA/DEC image with slice_offset=0.000
    INFO | 2026-08-26 14:51:09 | datacube.py:subpixellate:1772 | Resampling slit 16/24 of frame 2/2
    INFO | 2026-08-26 14:51:09 | slittrace.py:get_radec_image:536 | Generating an RA/DEC image with slice_offset=0.000
    INFO | 2026-08-26 14:51:11 | datacube.py:subpixellate:1772 | Resampling slit 17/24 of frame 2/2
    INFO | 2026-08-26 14:51:11 | slittrace.py:get_radec_image:536 | Generating an RA/DEC image with slice_offset=0.000
    INFO | 2026-08-26 14:51:12 | datacube.py:subpixellate:1772 | Resampling slit 18/24 of frame 2/2
    INFO | 2026-08-26 14:51:12 | slittrace.py:get_radec_image:536 | Generating an RA/DEC image with slice_offset=0.000
    INFO | 2026-08-26 14:51:14 | datacube.py:subpixellate:1772 | Resampling slit 19/24 of frame 2/2
    INFO | 2026-08-26 14:51:14 | slittrace.py:get_radec_image:536 | Generating an RA/DEC image with slice_offset=0.000
    INFO | 2026-08-26 14:51:15 | datacube.py:subpixellate:1772 | Resampling slit 20/24 of frame 2/2
    INFO | 2026-08-26 14:51:15 | slittrace.py:get_radec_image:536 | Generating an RA/DEC image with slice_offset=0.000
    INFO | 2026-08-26 14:51:17 | datacube.py:subpixellate:1772 | Resampling slit 21/24 of frame 2/2
    INFO | 2026-08-26 14:51:17 | slittrace.py:get_radec_image:536 | Generating an RA/DEC image with slice_offset=0.000
    INFO | 2026-08-26 14:51:18 | datacube.py:subpixellate:1772 | Resampling slit 22/24 of frame 2/2
    INFO | 2026-08-26 14:51:18 | slittrace.py:get_radec_image:536 | Generating an RA/DEC image with slice_offset=0.000
    INFO | 2026-08-26 14:51:20 | datacube.py:subpixellate:1772 | Resampling slit 23/24 of frame 2/2
    INFO | 2026-08-26 14:51:20 | slittrace.py:get_radec_image:536 | Generating an RA/DEC image with slice_offset=0.000
    INFO | 2026-08-26 14:51:21 | datacube.py:subpixellate:1772 | Resampling slit 24/24 of frame 2/2
    INFO | 2026-08-26 14:51:22 | slittrace.py:get_radec_image:536 | Generating an RA/DEC image with slice_offset=0.000
    INFO | 2026-08-26 14:51:23 | datacube.py:compute_weights:1304 | Calculating the optimal weights of each pixel
    INFO | 2026-08-26 14:51:23 | datacube.py:compute_weights:1329 | Highest S/N object located at spaxel (x, y) = 31, 19
    INFO | 2026-08-26 14:51:23 | datacube.py:generate_WCS:1049 | Generating WCS
    INFO | 2026-08-26 14:51:23 | datacube.py:compute_weights:1353 | Extracting spectrum of highest S/N detection from frame 1/2
    INFO | 2026-08-26 14:51:24 | datacube.py:subpixellate:1770 | Resampling slit 1/24
    INFO | 2026-08-26 14:51:24 | slittrace.py:get_radec_image:536 | Generating an RA/DEC image with slice_offset=0.000
    INFO | 2026-08-26 14:51:25 | datacube.py:subpixellate:1770 | Resampling slit 2/24
    INFO | 2026-08-26 14:51:25 | slittrace.py:get_radec_image:536 | Generating an RA/DEC image with slice_offset=0.000
    INFO | 2026-08-26 14:51:27 | datacube.py:subpixellate:1770 | Resampling slit 3/24
    INFO | 2026-08-26 14:51:27 | slittrace.py:get_radec_image:536 | Generating an RA/DEC image with slice_offset=0.000
    INFO | 2026-08-26 14:51:28 | datacube.py:subpixellate:1770 | Resampling slit 4/24
    INFO | 2026-08-26 14:51:28 | slittrace.py:get_radec_image:536 | Generating an RA/DEC image with slice_offset=0.000
    INFO | 2026-08-26 14:51:30 | datacube.py:subpixellate:1770 | Resampling slit 5/24
    INFO | 2026-08-26 14:51:30 | slittrace.py:get_radec_image:536 | Generating an RA/DEC image with slice_offset=0.000
    INFO | 2026-08-26 14:51:31 | datacube.py:subpixellate:1770 | Resampling slit 6/24
    INFO | 2026-08-26 14:51:32 | slittrace.py:get_radec_image:536 | Generating an RA/DEC image with slice_offset=0.000
    INFO | 2026-08-26 14:51:33 | datacube.py:subpixellate:1770 | Resampling slit 7/24
    INFO | 2026-08-26 14:51:33 | slittrace.py:get_radec_image:536 | Generating an RA/DEC image with slice_offset=0.000
    INFO | 2026-08-26 14:51:35 | datacube.py:subpixellate:1770 | Resampling slit 8/24
    INFO | 2026-08-26 14:51:35 | slittrace.py:get_radec_image:536 | Generating an RA/DEC image with slice_offset=0.000
    INFO | 2026-08-26 14:51:36 | datacube.py:subpixellate:1770 | Resampling slit 9/24
    INFO | 2026-08-26 14:51:36 | slittrace.py:get_radec_image:536 | Generating an RA/DEC image with slice_offset=0.000
    INFO | 2026-08-26 14:51:38 | datacube.py:subpixellate:1770 | Resampling slit 10/24
    INFO | 2026-08-26 14:51:38 | slittrace.py:get_radec_image:536 | Generating an RA/DEC image with slice_offset=0.000
    INFO | 2026-08-26 14:51:39 | datacube.py:subpixellate:1770 | Resampling slit 11/24
    INFO | 2026-08-26 14:51:39 | slittrace.py:get_radec_image:536 | Generating an RA/DEC image with slice_offset=0.000
    INFO | 2026-08-26 14:51:41 | datacube.py:subpixellate:1770 | Resampling slit 12/24
    INFO | 2026-08-26 14:51:41 | slittrace.py:get_radec_image:536 | Generating an RA/DEC image with slice_offset=0.000
    INFO | 2026-08-26 14:51:43 | datacube.py:subpixellate:1770 | Resampling slit 13/24
    INFO | 2026-08-26 14:51:43 | slittrace.py:get_radec_image:536 | Generating an RA/DEC image with slice_offset=0.000
    INFO | 2026-08-26 14:51:44 | datacube.py:subpixellate:1770 | Resampling slit 14/24
    INFO | 2026-08-26 14:51:44 | slittrace.py:get_radec_image:536 | Generating an RA/DEC image with slice_offset=0.000
    INFO | 2026-08-26 14:51:46 | datacube.py:subpixellate:1770 | Resampling slit 15/24
    INFO | 2026-08-26 14:51:46 | slittrace.py:get_radec_image:536 | Generating an RA/DEC image with slice_offset=0.000
    INFO | 2026-08-26 14:51:47 | datacube.py:subpixellate:1770 | Resampling slit 16/24
    INFO | 2026-08-26 14:51:47 | slittrace.py:get_radec_image:536 | Generating an RA/DEC image with slice_offset=0.000
    INFO | 2026-08-26 14:51:49 | datacube.py:subpixellate:1770 | Resampling slit 17/24
    INFO | 2026-08-26 14:51:49 | slittrace.py:get_radec_image:536 | Generating an RA/DEC image with slice_offset=0.000
    INFO | 2026-08-26 14:51:50 | datacube.py:subpixellate:1770 | Resampling slit 18/24
    INFO | 2026-08-26 14:51:51 | slittrace.py:get_radec_image:536 | Generating an RA/DEC image with slice_offset=0.000
    INFO | 2026-08-26 14:51:52 | datacube.py:subpixellate:1770 | Resampling slit 19/24
    INFO | 2026-08-26 14:51:52 | slittrace.py:get_radec_image:536 | Generating an RA/DEC image with slice_offset=0.000
    INFO | 2026-08-26 14:51:54 | datacube.py:subpixellate:1770 | Resampling slit 20/24
    INFO | 2026-08-26 14:51:54 | slittrace.py:get_radec_image:536 | Generating an RA/DEC image with slice_offset=0.000
    INFO | 2026-08-26 14:51:55 | datacube.py:subpixellate:1770 | Resampling slit 21/24
    INFO | 2026-08-26 14:51:55 | slittrace.py:get_radec_image:536 | Generating an RA/DEC image with slice_offset=0.000
    INFO | 2026-08-26 14:51:57 | datacube.py:subpixellate:1770 | Resampling slit 22/24
    INFO | 2026-08-26 14:51:57 | slittrace.py:get_radec_image:536 | Generating an RA/DEC image with slice_offset=0.000
    INFO | 2026-08-26 14:51:59 | datacube.py:subpixellate:1770 | Resampling slit 23/24
    INFO | 2026-08-26 14:51:59 | slittrace.py:get_radec_image:536 | Generating an RA/DEC image with slice_offset=0.000
    INFO | 2026-08-26 14:52:00 | datacube.py:subpixellate:1770 | Resampling slit 24/24
    INFO | 2026-08-26 14:52:00 | slittrace.py:get_radec_image:536 | Generating an RA/DEC image with slice_offset=0.000
    INFO | 2026-08-26 14:52:02 | datacube.py:compute_weights:1353 | Extracting spectrum of highest S/N detection from frame 2/2
    INFO | 2026-08-26 14:52:02 | datacube.py:subpixellate:1770 | Resampling slit 1/24
    INFO | 2026-08-26 14:52:02 | slittrace.py:get_radec_image:536 | Generating an RA/DEC image with slice_offset=0.000
    INFO | 2026-08-26 14:52:04 | datacube.py:subpixellate:1770 | Resampling slit 2/24
    INFO | 2026-08-26 14:52:04 | slittrace.py:get_radec_image:536 | Generating an RA/DEC image with slice_offset=0.000
    INFO | 2026-08-26 14:52:06 | datacube.py:subpixellate:1770 | Resampling slit 3/24
    INFO | 2026-08-26 14:52:06 | slittrace.py:get_radec_image:536 | Generating an RA/DEC image with slice_offset=0.000
    INFO | 2026-08-26 14:52:07 | datacube.py:subpixellate:1770 | Resampling slit 4/24
    INFO | 2026-08-26 14:52:07 | slittrace.py:get_radec_image:536 | Generating an RA/DEC image with slice_offset=0.000
    INFO | 2026-08-26 14:52:09 | datacube.py:subpixellate:1770 | Resampling slit 5/24
    INFO | 2026-08-26 14:52:09 | slittrace.py:get_radec_image:536 | Generating an RA/DEC image with slice_offset=0.000
    INFO | 2026-08-26 14:52:10 | datacube.py:subpixellate:1770 | Resampling slit 6/24
    INFO | 2026-08-26 14:52:10 | slittrace.py:get_radec_image:536 | Generating an RA/DEC image with slice_offset=0.000
    INFO | 2026-08-26 14:52:12 | datacube.py:subpixellate:1770 | Resampling slit 7/24
    INFO | 2026-08-26 14:52:12 | slittrace.py:get_radec_image:536 | Generating an RA/DEC image with slice_offset=0.000
    INFO | 2026-08-26 14:52:14 | datacube.py:subpixellate:1770 | Resampling slit 8/24
    INFO | 2026-08-26 14:52:14 | slittrace.py:get_radec_image:536 | Generating an RA/DEC image with slice_offset=0.000
    INFO | 2026-08-26 14:52:15 | datacube.py:subpixellate:1770 | Resampling slit 9/24
    INFO | 2026-08-26 14:52:15 | slittrace.py:get_radec_image:536 | Generating an RA/DEC image with slice_offset=0.000
    INFO | 2026-08-26 14:52:17 | datacube.py:subpixellate:1770 | Resampling slit 10/24
    INFO | 2026-08-26 14:52:17 | slittrace.py:get_radec_image:536 | Generating an RA/DEC image with slice_offset=0.000
    INFO | 2026-08-26 14:52:18 | datacube.py:subpixellate:1770 | Resampling slit 11/24
    INFO | 2026-08-26 14:52:18 | slittrace.py:get_radec_image:536 | Generating an RA/DEC image with slice_offset=0.000
    INFO | 2026-08-26 14:52:20 | datacube.py:subpixellate:1770 | Resampling slit 12/24
    INFO | 2026-08-26 14:52:20 | slittrace.py:get_radec_image:536 | Generating an RA/DEC image with slice_offset=0.000
    INFO | 2026-08-26 14:52:21 | datacube.py:subpixellate:1770 | Resampling slit 13/24
    INFO | 2026-08-26 14:52:21 | slittrace.py:get_radec_image:536 | Generating an RA/DEC image with slice_offset=0.000
    INFO | 2026-08-26 14:52:23 | datacube.py:subpixellate:1770 | Resampling slit 14/24
    INFO | 2026-08-26 14:52:23 | slittrace.py:get_radec_image:536 | Generating an RA/DEC image with slice_offset=0.000
    INFO | 2026-08-26 14:52:25 | datacube.py:subpixellate:1770 | Resampling slit 15/24
    INFO | 2026-08-26 14:52:25 | slittrace.py:get_radec_image:536 | Generating an RA/DEC image with slice_offset=0.000
    INFO | 2026-08-26 14:52:26 | datacube.py:subpixellate:1770 | Resampling slit 16/24
    INFO | 2026-08-26 14:52:26 | slittrace.py:get_radec_image:536 | Generating an RA/DEC image with slice_offset=0.000
    INFO | 2026-08-26 14:52:28 | datacube.py:subpixellate:1770 | Resampling slit 17/24
    INFO | 2026-08-26 14:52:28 | slittrace.py:get_radec_image:536 | Generating an RA/DEC image with slice_offset=0.000
    INFO | 2026-08-26 14:52:29 | datacube.py:subpixellate:1770 | Resampling slit 18/24
    INFO | 2026-08-26 14:52:29 | slittrace.py:get_radec_image:536 | Generating an RA/DEC image with slice_offset=0.000
    INFO | 2026-08-26 14:52:31 | datacube.py:subpixellate:1770 | Resampling slit 19/24
    INFO | 2026-08-26 14:52:31 | slittrace.py:get_radec_image:536 | Generating an RA/DEC image with slice_offset=0.000
    INFO | 2026-08-26 14:52:32 | datacube.py:subpixellate:1770 | Resampling slit 20/24
    INFO | 2026-08-26 14:52:32 | slittrace.py:get_radec_image:536 | Generating an RA/DEC image with slice_offset=0.000
    INFO | 2026-08-26 14:52:34 | datacube.py:subpixellate:1770 | Resampling slit 21/24
    INFO | 2026-08-26 14:52:34 | slittrace.py:get_radec_image:536 | Generating an RA/DEC image with slice_offset=0.000
    INFO | 2026-08-26 14:52:35 | datacube.py:subpixellate:1770 | Resampling slit 22/24
    INFO | 2026-08-26 14:52:35 | slittrace.py:get_radec_image:536 | Generating an RA/DEC image with slice_offset=0.000
    INFO | 2026-08-26 14:52:37 | datacube.py:subpixellate:1770 | Resampling slit 23/24
    INFO | 2026-08-26 14:52:37 | slittrace.py:get_radec_image:536 | Generating an RA/DEC image with slice_offset=0.000
    INFO | 2026-08-26 14:52:38 | datacube.py:subpixellate:1770 | Resampling slit 24/24
    INFO | 2026-08-26 14:52:38 | slittrace.py:get_radec_image:536 | Generating an RA/DEC image with slice_offset=0.000
    INFO | 2026-08-26 14:52:41 | datacube.py:compute_weights:1384 | Optimal weighting complete
    INFO | 2026-08-26 14:52:41 | datacube.py:generate_WCS:1049 | Generating WCS
    INFO | 2026-08-26 14:52:41 | datacube.py:create_wcs:1008 | 
----------------------------------------
Parameters of the WCS:
RA   min = 159.89879586222062
DEC  min = 43.10094548070666
WAVE min, max = 5343.836419148447, 6985.220037288608
Spaxel size = 0.33946200000000004 arcsec
Wavelength step = 0.3580886552726952 A
----------------------------------------
    INFO | 2026-08-26 14:52:41 | datacube.py:get_whitelight_range:606 | The white light images will cover the wavelength range: 5513.05A - 6818.24A
    INFO | 2026-08-26 14:52:41 | datacube.py:subpixellate:1772 | Resampling slit 1/24 of frame 1/2
    INFO | 2026-08-26 14:52:43 | datacube.py:subpixellate:1807 | Resampling subslice 1/5
    INFO | 2026-08-26 14:52:43 | slittrace.py:get_radec_image:536 | Generating an RA/DEC image with slice_offset=-0.400
    INFO | 2026-08-26 14:52:47 | datacube.py:subpixellate:1807 | Resampling subslice 2/5
    INFO | 2026-08-26 14:52:47 | slittrace.py:get_radec_image:536 | Generating an RA/DEC image with slice_offset=-0.200
    INFO | 2026-08-26 14:52:52 | datacube.py:subpixellate:1807 | Resampling subslice 3/5
    INFO | 2026-08-26 14:52:52 | slittrace.py:get_radec_image:536 | Generating an RA/DEC image with slice_offset=0.000
    INFO | 2026-08-26 14:52:56 | datacube.py:subpixellate:1807 | Resampling subslice 4/5
    INFO | 2026-08-26 14:52:56 | slittrace.py:get_radec_image:536 | Generating an RA/DEC image with slice_offset=0.200
    INFO | 2026-08-26 14:53:01 | datacube.py:subpixellate:1807 | Resampling subslice 5/5
    INFO | 2026-08-26 14:53:01 | slittrace.py:get_radec_image:536 | Generating an RA/DEC image with slice_offset=0.400
    INFO | 2026-08-26 14:53:05 | datacube.py:subpixellate:1832 | Preparing subpixel weights
    INFO | 2026-08-26 14:53:17 | datacube.py:subpixellate:1772 | Resampling slit 2/24 of frame 1/2
    INFO | 2026-08-26 14:53:19 | datacube.py:subpixellate:1807 | Resampling subslice 1/5
    INFO | 2026-08-26 14:53:19 | slittrace.py:get_radec_image:536 | Generating an RA/DEC image with slice_offset=-0.400
    INFO | 2026-08-26 14:53:23 | datacube.py:subpixellate:1807 | Resampling subslice 2/5
    INFO | 2026-08-26 14:53:23 | slittrace.py:get_radec_image:536 | Generating an RA/DEC image with slice_offset=-0.200
    INFO | 2026-08-26 14:53:27 | datacube.py:subpixellate:1807 | Resampling subslice 3/5
    INFO | 2026-08-26 14:53:27 | slittrace.py:get_radec_image:536 | Generating an RA/DEC image with slice_offset=0.000
    INFO | 2026-08-26 14:53:31 | datacube.py:subpixellate:1807 | Resampling subslice 4/5
    INFO | 2026-08-26 14:53:31 | slittrace.py:get_radec_image:536 | Generating an RA/DEC image with slice_offset=0.200
    INFO | 2026-08-26 14:53:35 | datacube.py:subpixellate:1807 | Resampling subslice 5/5
    INFO | 2026-08-26 14:53:35 | slittrace.py:get_radec_image:536 | Generating an RA/DEC image with slice_offset=0.400
    INFO | 2026-08-26 14:53:39 | datacube.py:subpixellate:1832 | Preparing subpixel weights
    INFO | 2026-08-26 14:53:50 | datacube.py:subpixellate:1772 | Resampling slit 3/24 of frame 1/2
    INFO | 2026-08-26 14:53:52 | datacube.py:subpixellate:1807 | Resampling subslice 1/5
    INFO | 2026-08-26 14:53:52 | slittrace.py:get_radec_image:536 | Generating an RA/DEC image with slice_offset=-0.400
    INFO | 2026-08-26 14:53:56 | datacube.py:subpixellate:1807 | Resampling subslice 2/5
    INFO | 2026-08-26 14:53:56 | slittrace.py:get_radec_image:536 | Generating an RA/DEC image with slice_offset=-0.200
    INFO | 2026-08-26 14:54:00 | datacube.py:subpixellate:1807 | Resampling subslice 3/5
    INFO | 2026-08-26 14:54:00 | slittrace.py:get_radec_image:536 | Generating an RA/DEC image with slice_offset=0.000
    INFO | 2026-08-26 14:54:04 | datacube.py:subpixellate:1807 | Resampling subslice 4/5
    INFO | 2026-08-26 14:54:04 | slittrace.py:get_radec_image:536 | Generating an RA/DEC image with slice_offset=0.200
    INFO | 2026-08-26 14:54:08 | datacube.py:subpixellate:1807 | Resampling subslice 5/5
    INFO | 2026-08-26 14:54:08 | slittrace.py:get_radec_image:536 | Generating an RA/DEC image with slice_offset=0.400
    INFO | 2026-08-26 14:54:12 | datacube.py:subpixellate:1832 | Preparing subpixel weights
    INFO | 2026-08-26 14:54:23 | datacube.py:subpixellate:1772 | Resampling slit 4/24 of frame 1/2
    INFO | 2026-08-26 14:54:25 | datacube.py:subpixellate:1807 | Resampling subslice 1/5
    INFO | 2026-08-26 14:54:25 | slittrace.py:get_radec_image:536 | Generating an RA/DEC image with slice_offset=-0.400
    INFO | 2026-08-26 14:54:29 | datacube.py:subpixellate:1807 | Resampling subslice 2/5
    INFO | 2026-08-26 14:54:29 | slittrace.py:get_radec_image:536 | Generating an RA/DEC image with slice_offset=-0.200
    INFO | 2026-08-26 14:54:33 | datacube.py:subpixellate:1807 | Resampling subslice 3/5
    INFO | 2026-08-26 14:54:33 | slittrace.py:get_radec_image:536 | Generating an RA/DEC image with slice_offset=0.000
    INFO | 2026-08-26 14:54:37 | datacube.py:subpixellate:1807 | Resampling subslice 4/5
    INFO | 2026-08-26 14:54:37 | slittrace.py:get_radec_image:536 | Generating an RA/DEC image with slice_offset=0.200
    INFO | 2026-08-26 14:54:41 | datacube.py:subpixellate:1807 | Resampling subslice 5/5
    INFO | 2026-08-26 14:54:41 | slittrace.py:get_radec_image:536 | Generating an RA/DEC image with slice_offset=0.400
    INFO | 2026-08-26 14:54:45 | datacube.py:subpixellate:1832 | Preparing subpixel weights
    INFO | 2026-08-26 14:54:56 | datacube.py:subpixellate:1772 | Resampling slit 5/24 of frame 1/2
    INFO | 2026-08-26 14:54:58 | datacube.py:subpixellate:1807 | Resampling subslice 1/5
    INFO | 2026-08-26 14:54:58 | slittrace.py:get_radec_image:536 | Generating an RA/DEC image with slice_offset=-0.400
    INFO | 2026-08-26 14:55:02 | datacube.py:subpixellate:1807 | Resampling subslice 2/5
    INFO | 2026-08-26 14:55:02 | slittrace.py:get_radec_image:536 | Generating an RA/DEC image with slice_offset=-0.200
    INFO | 2026-08-26 14:55:06 | datacube.py:subpixellate:1807 | Resampling subslice 3/5
    INFO | 2026-08-26 14:55:06 | slittrace.py:get_radec_image:536 | Generating an RA/DEC image with slice_offset=0.000
    INFO | 2026-08-26 14:55:10 | datacube.py:subpixellate:1807 | Resampling subslice 4/5
    INFO | 2026-08-26 14:55:10 | slittrace.py:get_radec_image:536 | Generating an RA/DEC image with slice_offset=0.200
    INFO | 2026-08-26 14:55:14 | datacube.py:subpixellate:1807 | Resampling subslice 5/5
    INFO | 2026-08-26 14:55:14 | slittrace.py:get_radec_image:536 | Generating an RA/DEC image with slice_offset=0.400
    INFO | 2026-08-26 14:55:18 | datacube.py:subpixellate:1832 | Preparing subpixel weights
    INFO | 2026-08-26 14:55:29 | datacube.py:subpixellate:1772 | Resampling slit 6/24 of frame 1/2
    INFO | 2026-08-26 14:55:31 | datacube.py:subpixellate:1807 | Resampling subslice 1/5
    INFO | 2026-08-26 14:55:31 | slittrace.py:get_radec_image:536 | Generating an RA/DEC image with slice_offset=-0.400
    INFO | 2026-08-26 14:55:35 | datacube.py:subpixellate:1807 | Resampling subslice 2/5
    INFO | 2026-08-26 14:55:35 | slittrace.py:get_radec_image:536 | Generating an RA/DEC image with slice_offset=-0.200
    INFO | 2026-08-26 14:55:38 | datacube.py:subpixellate:1807 | Resampling subslice 3/5
    INFO | 2026-08-26 14:55:38 | slittrace.py:get_radec_image:536 | Generating an RA/DEC image with slice_offset=0.000
    INFO | 2026-08-26 14:55:42 | datacube.py:subpixellate:1807 | Resampling subslice 4/5
    INFO | 2026-08-26 14:55:42 | slittrace.py:get_radec_image:536 | Generating an RA/DEC image with slice_offset=0.200
    INFO | 2026-08-26 14:55:46 | datacube.py:subpixellate:1807 | Resampling subslice 5/5
    INFO | 2026-08-26 14:55:46 | slittrace.py:get_radec_image:536 | Generating an RA/DEC image with slice_offset=0.400
    INFO | 2026-08-26 14:55:50 | datacube.py:subpixellate:1832 | Preparing subpixel weights
    INFO | 2026-08-26 14:56:02 | datacube.py:subpixellate:1772 | Resampling slit 7/24 of frame 1/2
    INFO | 2026-08-26 14:56:04 | datacube.py:subpixellate:1807 | Resampling subslice 1/5
    INFO | 2026-08-26 14:56:04 | slittrace.py:get_radec_image:536 | Generating an RA/DEC image with slice_offset=-0.400
    INFO | 2026-08-26 14:56:08 | datacube.py:subpixellate:1807 | Resampling subslice 2/5
    INFO | 2026-08-26 14:56:08 | slittrace.py:get_radec_image:536 | Generating an RA/DEC image with slice_offset=-0.200
    INFO | 2026-08-26 14:56:12 | datacube.py:subpixellate:1807 | Resampling subslice 3/5
    INFO | 2026-08-26 14:56:12 | slittrace.py:get_radec_image:536 | Generating an RA/DEC image with slice_offset=0.000
    INFO | 2026-08-26 14:56:16 | datacube.py:subpixellate:1807 | Resampling subslice 4/5
    INFO | 2026-08-26 14:56:16 | slittrace.py:get_radec_image:536 | Generating an RA/DEC image with slice_offset=0.200
    INFO | 2026-08-26 14:56:20 | datacube.py:subpixellate:1807 | Resampling subslice 5/5
    INFO | 2026-08-26 14:56:20 | slittrace.py:get_radec_image:536 | Generating an RA/DEC image with slice_offset=0.400
    INFO | 2026-08-26 14:56:24 | datacube.py:subpixellate:1832 | Preparing subpixel weights
    INFO | 2026-08-26 14:56:35 | datacube.py:subpixellate:1772 | Resampling slit 8/24 of frame 1/2
    INFO | 2026-08-26 14:56:37 | datacube.py:subpixellate:1807 | Resampling subslice 1/5
    INFO | 2026-08-26 14:56:37 | slittrace.py:get_radec_image:536 | Generating an RA/DEC image with slice_offset=-0.400
    INFO | 2026-08-26 14:56:41 | datacube.py:subpixellate:1807 | Resampling subslice 2/5
    INFO | 2026-08-26 14:56:41 | slittrace.py:get_radec_image:536 | Generating an RA/DEC image with slice_offset=-0.200
    INFO | 2026-08-26 14:56:45 | datacube.py:subpixellate:1807 | Resampling subslice 3/5
    INFO | 2026-08-26 14:56:45 | slittrace.py:get_radec_image:536 | Generating an RA/DEC image with slice_offset=0.000
    INFO | 2026-08-26 14:56:49 | datacube.py:subpixellate:1807 | Resampling subslice 4/5
    INFO | 2026-08-26 14:56:49 | slittrace.py:get_radec_image:536 | Generating an RA/DEC image with slice_offset=0.200
    INFO | 2026-08-26 14:56:52 | datacube.py:subpixellate:1807 | Resampling subslice 5/5
    INFO | 2026-08-26 14:56:52 | slittrace.py:get_radec_image:536 | Generating an RA/DEC image with slice_offset=0.400
    INFO | 2026-08-26 14:56:56 | datacube.py:subpixellate:1832 | Preparing subpixel weights
    INFO | 2026-08-26 14:57:08 | datacube.py:subpixellate:1772 | Resampling slit 9/24 of frame 1/2
    INFO | 2026-08-26 14:57:09 | datacube.py:subpixellate:1807 | Resampling subslice 1/5
    INFO | 2026-08-26 14:57:09 | slittrace.py:get_radec_image:536 | Generating an RA/DEC image with slice_offset=-0.400
    INFO | 2026-08-26 14:57:13 | datacube.py:subpixellate:1807 | Resampling subslice 2/5
    INFO | 2026-08-26 14:57:13 | slittrace.py:get_radec_image:536 | Generating an RA/DEC image with slice_offset=-0.200
    INFO | 2026-08-26 14:57:17 | datacube.py:subpixellate:1807 | Resampling subslice 3/5
    INFO | 2026-08-26 14:57:17 | slittrace.py:get_radec_image:536 | Generating an RA/DEC image with slice_offset=0.000
    INFO | 2026-08-26 14:57:21 | datacube.py:subpixellate:1807 | Resampling subslice 4/5
    INFO | 2026-08-26 14:57:21 | slittrace.py:get_radec_image:536 | Generating an RA/DEC image with slice_offset=0.200
    INFO | 2026-08-26 14:57:25 | datacube.py:subpixellate:1807 | Resampling subslice 5/5
    INFO | 2026-08-26 14:57:25 | slittrace.py:get_radec_image:536 | Generating an RA/DEC image with slice_offset=0.400
    INFO | 2026-08-26 14:57:29 | datacube.py:subpixellate:1832 | Preparing subpixel weights
    INFO | 2026-08-26 14:57:40 | datacube.py:subpixellate:1772 | Resampling slit 10/24 of frame 1/2
    INFO | 2026-08-26 14:57:42 | datacube.py:subpixellate:1807 | Resampling subslice 1/5
    INFO | 2026-08-26 14:57:42 | slittrace.py:get_radec_image:536 | Generating an RA/DEC image with slice_offset=-0.400
    INFO | 2026-08-26 14:57:46 | datacube.py:subpixellate:1807 | Resampling subslice 2/5
    INFO | 2026-08-26 14:57:46 | slittrace.py:get_radec_image:536 | Generating an RA/DEC image with slice_offset=-0.200
    INFO | 2026-08-26 14:57:50 | datacube.py:subpixellate:1807 | Resampling subslice 3/5
    INFO | 2026-08-26 14:57:50 | slittrace.py:get_radec_image:536 | Generating an RA/DEC image with slice_offset=0.000
    INFO | 2026-08-26 14:57:54 | datacube.py:subpixellate:1807 | Resampling subslice 4/5
    INFO | 2026-08-26 14:57:54 | slittrace.py:get_radec_image:536 | Generating an RA/DEC image with slice_offset=0.200
    INFO | 2026-08-26 14:57:58 | datacube.py:subpixellate:1807 | Resampling subslice 5/5
    INFO | 2026-08-26 14:57:58 | slittrace.py:get_radec_image:536 | Generating an RA/DEC image with slice_offset=0.400
    INFO | 2026-08-26 14:58:02 | datacube.py:subpixellate:1832 | Preparing subpixel weights
    INFO | 2026-08-26 14:58:13 | datacube.py:subpixellate:1772 | Resampling slit 11/24 of frame 1/2
    INFO | 2026-08-26 14:58:15 | datacube.py:subpixellate:1807 | Resampling subslice 1/5
    INFO | 2026-08-26 14:58:15 | slittrace.py:get_radec_image:536 | Generating an RA/DEC image with slice_offset=-0.400
    INFO | 2026-08-26 14:58:19 | datacube.py:subpixellate:1807 | Resampling subslice 2/5
    INFO | 2026-08-26 14:58:19 | slittrace.py:get_radec_image:536 | Generating an RA/DEC image with slice_offset=-0.200
    INFO | 2026-08-26 14:58:23 | datacube.py:subpixellate:1807 | Resampling subslice 3/5
    INFO | 2026-08-26 14:58:23 | slittrace.py:get_radec_image:536 | Generating an RA/DEC image with slice_offset=0.000
    INFO | 2026-08-26 14:58:27 | datacube.py:subpixellate:1807 | Resampling subslice 4/5
    INFO | 2026-08-26 14:58:27 | slittrace.py:get_radec_image:536 | Generating an RA/DEC image with slice_offset=0.200
    INFO | 2026-08-26 14:58:31 | datacube.py:subpixellate:1807 | Resampling subslice 5/5
    INFO | 2026-08-26 14:58:31 | slittrace.py:get_radec_image:536 | Generating an RA/DEC image with slice_offset=0.400
    INFO | 2026-08-26 14:58:34 | datacube.py:subpixellate:1832 | Preparing subpixel weights
    INFO | 2026-08-26 14:58:46 | datacube.py:subpixellate:1772 | Resampling slit 12/24 of frame 1/2
    INFO | 2026-08-26 14:58:47 | datacube.py:subpixellate:1807 | Resampling subslice 1/5
    INFO | 2026-08-26 14:58:47 | slittrace.py:get_radec_image:536 | Generating an RA/DEC image with slice_offset=-0.400
    INFO | 2026-08-26 14:58:52 | datacube.py:subpixellate:1807 | Resampling subslice 2/5
    INFO | 2026-08-26 14:58:52 | slittrace.py:get_radec_image:536 | Generating an RA/DEC image with slice_offset=-0.200
    INFO | 2026-08-26 14:58:55 | datacube.py:subpixellate:1807 | Resampling subslice 3/5
    INFO | 2026-08-26 14:58:55 | slittrace.py:get_radec_image:536 | Generating an RA/DEC image with slice_offset=0.000
    INFO | 2026-08-26 14:58:59 | datacube.py:subpixellate:1807 | Resampling subslice 4/5
    INFO | 2026-08-26 14:58:59 | slittrace.py:get_radec_image:536 | Generating an RA/DEC image with slice_offset=0.200
    INFO | 2026-08-26 14:59:03 | datacube.py:subpixellate:1807 | Resampling subslice 5/5
    INFO | 2026-08-26 14:59:03 | slittrace.py:get_radec_image:536 | Generating an RA/DEC image with slice_offset=0.400
    INFO | 2026-08-26 14:59:07 | datacube.py:subpixellate:1832 | Preparing subpixel weights
    INFO | 2026-08-26 14:59:18 | datacube.py:subpixellate:1772 | Resampling slit 13/24 of frame 1/2
    INFO | 2026-08-26 14:59:20 | datacube.py:subpixellate:1807 | Resampling subslice 1/5
    INFO | 2026-08-26 14:59:20 | slittrace.py:get_radec_image:536 | Generating an RA/DEC image with slice_offset=-0.400
    INFO | 2026-08-26 14:59:24 | datacube.py:subpixellate:1807 | Resampling subslice 2/5
    INFO | 2026-08-26 14:59:24 | slittrace.py:get_radec_image:536 | Generating an RA/DEC image with slice_offset=-0.200
    INFO | 2026-08-26 14:59:28 | datacube.py:subpixellate:1807 | Resampling subslice 3/5
    INFO | 2026-08-26 14:59:28 | slittrace.py:get_radec_image:536 | Generating an RA/DEC image with slice_offset=0.000
    INFO | 2026-08-26 14:59:32 | datacube.py:subpixellate:1807 | Resampling subslice 4/5
    INFO | 2026-08-26 14:59:32 | slittrace.py:get_radec_image:536 | Generating an RA/DEC image with slice_offset=0.200
    INFO | 2026-08-26 14:59:36 | datacube.py:subpixellate:1807 | Resampling subslice 5/5
    INFO | 2026-08-26 14:59:36 | slittrace.py:get_radec_image:536 | Generating an RA/DEC image with slice_offset=0.400
    INFO | 2026-08-26 14:59:40 | datacube.py:subpixellate:1832 | Preparing subpixel weights
    INFO | 2026-08-26 14:59:52 | datacube.py:subpixellate:1772 | Resampling slit 14/24 of frame 1/2
    INFO | 2026-08-26 14:59:53 | datacube.py:subpixellate:1807 | Resampling subslice 1/5
    INFO | 2026-08-26 14:59:53 | slittrace.py:get_radec_image:536 | Generating an RA/DEC image with slice_offset=-0.400
    INFO | 2026-08-26 14:59:58 | datacube.py:subpixellate:1807 | Resampling subslice 2/5
    INFO | 2026-08-26 14:59:58 | slittrace.py:get_radec_image:536 | Generating an RA/DEC image with slice_offset=-0.200
    INFO | 2026-08-26 15:00:02 | datacube.py:subpixellate:1807 | Resampling subslice 3/5
    INFO | 2026-08-26 15:00:02 | slittrace.py:get_radec_image:536 | Generating an RA/DEC image with slice_offset=0.000
    INFO | 2026-08-26 15:00:06 | datacube.py:subpixellate:1807 | Resampling subslice 4/5
    INFO | 2026-08-26 15:00:06 | slittrace.py:get_radec_image:536 | Generating an RA/DEC image with slice_offset=0.200
    INFO | 2026-08-26 15:00:10 | datacube.py:subpixellate:1807 | Resampling subslice 5/5
    INFO | 2026-08-26 15:00:10 | slittrace.py:get_radec_image:536 | Generating an RA/DEC image with slice_offset=0.400
    INFO | 2026-08-26 15:00:13 | datacube.py:subpixellate:1832 | Preparing subpixel weights
    INFO | 2026-08-26 15:00:25 | datacube.py:subpixellate:1772 | Resampling slit 15/24 of frame 1/2
    INFO | 2026-08-26 15:00:27 | datacube.py:subpixellate:1807 | Resampling subslice 1/5
    INFO | 2026-08-26 15:00:27 | slittrace.py:get_radec_image:536 | Generating an RA/DEC image with slice_offset=-0.400
    INFO | 2026-08-26 15:00:31 | datacube.py:subpixellate:1807 | Resampling subslice 2/5
    INFO | 2026-08-26 15:00:31 | slittrace.py:get_radec_image:536 | Generating an RA/DEC image with slice_offset=-0.200
    INFO | 2026-08-26 15:00:35 | datacube.py:subpixellate:1807 | Resampling subslice 3/5
    INFO | 2026-08-26 15:00:35 | slittrace.py:get_radec_image:536 | Generating an RA/DEC image with slice_offset=0.000
    INFO | 2026-08-26 15:00:39 | datacube.py:subpixellate:1807 | Resampling subslice 4/5
    INFO | 2026-08-26 15:00:39 | slittrace.py:get_radec_image:536 | Generating an RA/DEC image with slice_offset=0.200
    INFO | 2026-08-26 15:00:43 | datacube.py:subpixellate:1807 | Resampling subslice 5/5
    INFO | 2026-08-26 15:00:43 | slittrace.py:get_radec_image:536 | Generating an RA/DEC image with slice_offset=0.400
    INFO | 2026-08-26 15:00:47 | datacube.py:subpixellate:1832 | Preparing subpixel weights
    INFO | 2026-08-26 15:00:58 | datacube.py:subpixellate:1772 | Resampling slit 16/24 of frame 1/2
    INFO | 2026-08-26 15:01:00 | datacube.py:subpixellate:1807 | Resampling subslice 1/5
    INFO | 2026-08-26 15:01:00 | slittrace.py:get_radec_image:536 | Generating an RA/DEC image with slice_offset=-0.400
    INFO | 2026-08-26 15:01:04 | datacube.py:subpixellate:1807 | Resampling subslice 2/5
    INFO | 2026-08-26 15:01:04 | slittrace.py:get_radec_image:536 | Generating an RA/DEC image with slice_offset=-0.200
    INFO | 2026-08-26 15:01:08 | datacube.py:subpixellate:1807 | Resampling subslice 3/5
    INFO | 2026-08-26 15:01:08 | slittrace.py:get_radec_image:536 | Generating an RA/DEC image with slice_offset=0.000
    INFO | 2026-08-26 15:01:12 | datacube.py:subpixellate:1807 | Resampling subslice 4/5
    INFO | 2026-08-26 15:01:12 | slittrace.py:get_radec_image:536 | Generating an RA/DEC image with slice_offset=0.200
    INFO | 2026-08-26 15:01:16 | datacube.py:subpixellate:1807 | Resampling subslice 5/5
    INFO | 2026-08-26 15:01:16 | slittrace.py:get_radec_image:536 | Generating an RA/DEC image with slice_offset=0.400
    INFO | 2026-08-26 15:01:20 | datacube.py:subpixellate:1832 | Preparing subpixel weights
    INFO | 2026-08-26 15:01:31 | datacube.py:subpixellate:1772 | Resampling slit 17/24 of frame 1/2
    INFO | 2026-08-26 15:01:33 | datacube.py:subpixellate:1807 | Resampling subslice 1/5
    INFO | 2026-08-26 15:01:33 | slittrace.py:get_radec_image:536 | Generating an RA/DEC image with slice_offset=-0.400
    INFO | 2026-08-26 15:01:37 | datacube.py:subpixellate:1807 | Resampling subslice 2/5
    INFO | 2026-08-26 15:01:37 | slittrace.py:get_radec_image:536 | Generating an RA/DEC image with slice_offset=-0.200
    INFO | 2026-08-26 15:01:40 | datacube.py:subpixellate:1807 | Resampling subslice 3/5
    INFO | 2026-08-26 15:01:40 | slittrace.py:get_radec_image:536 | Generating an RA/DEC image with slice_offset=0.000
    INFO | 2026-08-26 15:01:44 | datacube.py:subpixellate:1807 | Resampling subslice 4/5
    INFO | 2026-08-26 15:01:44 | slittrace.py:get_radec_image:536 | Generating an RA/DEC image with slice_offset=0.200
    INFO | 2026-08-26 15:01:48 | datacube.py:subpixellate:1807 | Resampling subslice 5/5
    INFO | 2026-08-26 15:01:48 | slittrace.py:get_radec_image:536 | Generating an RA/DEC image with slice_offset=0.400
    INFO | 2026-08-26 15:01:52 | datacube.py:subpixellate:1832 | Preparing subpixel weights
    INFO | 2026-08-26 15:02:03 | datacube.py:subpixellate:1772 | Resampling slit 18/24 of frame 1/2
    INFO | 2026-08-26 15:02:05 | datacube.py:subpixellate:1807 | Resampling subslice 1/5
    INFO | 2026-08-26 15:02:05 | slittrace.py:get_radec_image:536 | Generating an RA/DEC image with slice_offset=-0.400
    INFO | 2026-08-26 15:02:10 | datacube.py:subpixellate:1807 | Resampling subslice 2/5
    INFO | 2026-08-26 15:02:10 | slittrace.py:get_radec_image:536 | Generating an RA/DEC image with slice_offset=-0.200
    INFO | 2026-08-26 15:02:14 | datacube.py:subpixellate:1807 | Resampling subslice 3/5
    INFO | 2026-08-26 15:02:14 | slittrace.py:get_radec_image:536 | Generating an RA/DEC image with slice_offset=0.000
    INFO | 2026-08-26 15:02:18 | datacube.py:subpixellate:1807 | Resampling subslice 4/5
    INFO | 2026-08-26 15:02:18 | slittrace.py:get_radec_image:536 | Generating an RA/DEC image with slice_offset=0.200
    INFO | 2026-08-26 15:02:22 | datacube.py:subpixellate:1807 | Resampling subslice 5/5
    INFO | 2026-08-26 15:02:22 | slittrace.py:get_radec_image:536 | Generating an RA/DEC image with slice_offset=0.400
    INFO | 2026-08-26 15:02:26 | datacube.py:subpixellate:1832 | Preparing subpixel weights
    INFO | 2026-08-26 15:02:37 | datacube.py:subpixellate:1772 | Resampling slit 19/24 of frame 1/2
    INFO | 2026-08-26 15:02:39 | datacube.py:subpixellate:1807 | Resampling subslice 1/5
    INFO | 2026-08-26 15:02:39 | slittrace.py:get_radec_image:536 | Generating an RA/DEC image with slice_offset=-0.400
    INFO | 2026-08-26 15:02:43 | datacube.py:subpixellate:1807 | Resampling subslice 2/5
    INFO | 2026-08-26 15:02:43 | slittrace.py:get_radec_image:536 | Generating an RA/DEC image with slice_offset=-0.200
    INFO | 2026-08-26 15:02:47 | datacube.py:subpixellate:1807 | Resampling subslice 3/5
    INFO | 2026-08-26 15:02:47 | slittrace.py:get_radec_image:536 | Generating an RA/DEC image with slice_offset=0.000
    INFO | 2026-08-26 15:02:51 | datacube.py:subpixellate:1807 | Resampling subslice 4/5
    INFO | 2026-08-26 15:02:51 | slittrace.py:get_radec_image:536 | Generating an RA/DEC image with slice_offset=0.200
    INFO | 2026-08-26 15:02:55 | datacube.py:subpixellate:1807 | Resampling subslice 5/5
    INFO | 2026-08-26 15:02:55 | slittrace.py:get_radec_image:536 | Generating an RA/DEC image with slice_offset=0.400
    INFO | 2026-08-26 15:02:59 | datacube.py:subpixellate:1832 | Preparing subpixel weights
    INFO | 2026-08-26 15:03:10 | datacube.py:subpixellate:1772 | Resampling slit 20/24 of frame 1/2
    INFO | 2026-08-26 15:03:12 | datacube.py:subpixellate:1807 | Resampling subslice 1/5
    INFO | 2026-08-26 15:03:12 | slittrace.py:get_radec_image:536 | Generating an RA/DEC image with slice_offset=-0.400
    INFO | 2026-08-26 15:03:16 | datacube.py:subpixellate:1807 | Resampling subslice 2/5
    INFO | 2026-08-26 15:03:16 | slittrace.py:get_radec_image:536 | Generating an RA/DEC image with slice_offset=-0.200
    INFO | 2026-08-26 15:03:20 | datacube.py:subpixellate:1807 | Resampling subslice 3/5
    INFO | 2026-08-26 15:03:20 | slittrace.py:get_radec_image:536 | Generating an RA/DEC image with slice_offset=0.000
    INFO | 2026-08-26 15:03:24 | datacube.py:subpixellate:1807 | Resampling subslice 4/5
    INFO | 2026-08-26 15:03:24 | slittrace.py:get_radec_image:536 | Generating an RA/DEC image with slice_offset=0.200
    INFO | 2026-08-26 15:03:28 | datacube.py:subpixellate:1807 | Resampling subslice 5/5
    INFO | 2026-08-26 15:03:28 | slittrace.py:get_radec_image:536 | Generating an RA/DEC image with slice_offset=0.400
    INFO | 2026-08-26 15:03:32 | datacube.py:subpixellate:1832 | Preparing subpixel weights
    INFO | 2026-08-26 15:03:43 | datacube.py:subpixellate:1772 | Resampling slit 21/24 of frame 1/2
    INFO | 2026-08-26 15:03:45 | datacube.py:subpixellate:1807 | Resampling subslice 1/5
    INFO | 2026-08-26 15:03:45 | slittrace.py:get_radec_image:536 | Generating an RA/DEC image with slice_offset=-0.400
    INFO | 2026-08-26 15:03:49 | datacube.py:subpixellate:1807 | Resampling subslice 2/5
    INFO | 2026-08-26 15:03:49 | slittrace.py:get_radec_image:536 | Generating an RA/DEC image with slice_offset=-0.200
    INFO | 2026-08-26 15:03:53 | datacube.py:subpixellate:1807 | Resampling subslice 3/5
    INFO | 2026-08-26 15:03:53 | slittrace.py:get_radec_image:536 | Generating an RA/DEC image with slice_offset=0.000
    INFO | 2026-08-26 15:03:57 | datacube.py:subpixellate:1807 | Resampling subslice 4/5
    INFO | 2026-08-26 15:03:57 | slittrace.py:get_radec_image:536 | Generating an RA/DEC image with slice_offset=0.200
    INFO | 2026-08-26 15:04:01 | datacube.py:subpixellate:1807 | Resampling subslice 5/5
    INFO | 2026-08-26 15:04:01 | slittrace.py:get_radec_image:536 | Generating an RA/DEC image with slice_offset=0.400
    INFO | 2026-08-26 15:04:04 | datacube.py:subpixellate:1832 | Preparing subpixel weights
    INFO | 2026-08-26 15:04:16 | datacube.py:subpixellate:1772 | Resampling slit 22/24 of frame 1/2
    INFO | 2026-08-26 15:04:18 | datacube.py:subpixellate:1807 | Resampling subslice 1/5
    INFO | 2026-08-26 15:04:18 | slittrace.py:get_radec_image:536 | Generating an RA/DEC image with slice_offset=-0.400
    INFO | 2026-08-26 15:04:21 | datacube.py:subpixellate:1807 | Resampling subslice 2/5
    INFO | 2026-08-26 15:04:21 | slittrace.py:get_radec_image:536 | Generating an RA/DEC image with slice_offset=-0.200
    INFO | 2026-08-26 15:04:25 | datacube.py:subpixellate:1807 | Resampling subslice 3/5
    INFO | 2026-08-26 15:04:25 | slittrace.py:get_radec_image:536 | Generating an RA/DEC image with slice_offset=0.000
    INFO | 2026-08-26 15:04:29 | datacube.py:subpixellate:1807 | Resampling subslice 4/5
    INFO | 2026-08-26 15:04:29 | slittrace.py:get_radec_image:536 | Generating an RA/DEC image with slice_offset=0.200
    INFO | 2026-08-26 15:04:33 | datacube.py:subpixellate:1807 | Resampling subslice 5/5
    INFO | 2026-08-26 15:04:33 | slittrace.py:get_radec_image:536 | Generating an RA/DEC image with slice_offset=0.400
    INFO | 2026-08-26 15:04:37 | datacube.py:subpixellate:1832 | Preparing subpixel weights
    INFO | 2026-08-26 15:04:48 | datacube.py:subpixellate:1772 | Resampling slit 23/24 of frame 1/2
    INFO | 2026-08-26 15:04:50 | datacube.py:subpixellate:1807 | Resampling subslice 1/5
    INFO | 2026-08-26 15:04:50 | slittrace.py:get_radec_image:536 | Generating an RA/DEC image with slice_offset=-0.400
    INFO | 2026-08-26 15:04:54 | datacube.py:subpixellate:1807 | Resampling subslice 2/5
    INFO | 2026-08-26 15:04:54 | slittrace.py:get_radec_image:536 | Generating an RA/DEC image with slice_offset=-0.200
    INFO | 2026-08-26 15:04:58 | datacube.py:subpixellate:1807 | Resampling subslice 3/5
    INFO | 2026-08-26 15:04:58 | slittrace.py:get_radec_image:536 | Generating an RA/DEC image with slice_offset=0.000
    INFO | 2026-08-26 15:05:02 | datacube.py:subpixellate:1807 | Resampling subslice 4/5
    INFO | 2026-08-26 15:05:02 | slittrace.py:get_radec_image:536 | Generating an RA/DEC image with slice_offset=0.200
    INFO | 2026-08-26 15:05:06 | datacube.py:subpixellate:1807 | Resampling subslice 5/5
    INFO | 2026-08-26 15:05:06 | slittrace.py:get_radec_image:536 | Generating an RA/DEC image with slice_offset=0.400
    INFO | 2026-08-26 15:05:10 | datacube.py:subpixellate:1832 | Preparing subpixel weights
    INFO | 2026-08-26 15:05:21 | datacube.py:subpixellate:1772 | Resampling slit 24/24 of frame 1/2
    INFO | 2026-08-26 15:05:23 | datacube.py:subpixellate:1807 | Resampling subslice 1/5
    INFO | 2026-08-26 15:05:23 | slittrace.py:get_radec_image:536 | Generating an RA/DEC image with slice_offset=-0.400
    INFO | 2026-08-26 15:05:27 | datacube.py:subpixellate:1807 | Resampling subslice 2/5
    INFO | 2026-08-26 15:05:27 | slittrace.py:get_radec_image:536 | Generating an RA/DEC image with slice_offset=-0.200
    INFO | 2026-08-26 15:05:31 | datacube.py:subpixellate:1807 | Resampling subslice 3/5
    INFO | 2026-08-26 15:05:31 | slittrace.py:get_radec_image:536 | Generating an RA/DEC image with slice_offset=0.000
    INFO | 2026-08-26 15:05:35 | datacube.py:subpixellate:1807 | Resampling subslice 4/5
    INFO | 2026-08-26 15:05:35 | slittrace.py:get_radec_image:536 | Generating an RA/DEC image with slice_offset=0.200
    INFO | 2026-08-26 15:05:38 | datacube.py:subpixellate:1807 | Resampling subslice 5/5
    INFO | 2026-08-26 15:05:38 | slittrace.py:get_radec_image:536 | Generating an RA/DEC image with slice_offset=0.400
    INFO | 2026-08-26 15:05:42 | datacube.py:subpixellate:1832 | Preparing subpixel weights
    INFO | 2026-08-26 15:05:54 | datacube.py:subpixellate:1772 | Resampling slit 1/24 of frame 2/2
    INFO | 2026-08-26 15:05:55 | datacube.py:subpixellate:1807 | Resampling subslice 1/5
    INFO | 2026-08-26 15:05:55 | slittrace.py:get_radec_image:536 | Generating an RA/DEC image with slice_offset=-0.400
    INFO | 2026-08-26 15:05:59 | datacube.py:subpixellate:1807 | Resampling subslice 2/5
    INFO | 2026-08-26 15:05:59 | slittrace.py:get_radec_image:536 | Generating an RA/DEC image with slice_offset=-0.200
    INFO | 2026-08-26 15:06:03 | datacube.py:subpixellate:1807 | Resampling subslice 3/5
    INFO | 2026-08-26 15:06:03 | slittrace.py:get_radec_image:536 | Generating an RA/DEC image with slice_offset=0.000
    INFO | 2026-08-26 15:06:07 | datacube.py:subpixellate:1807 | Resampling subslice 4/5
    INFO | 2026-08-26 15:06:07 | slittrace.py:get_radec_image:536 | Generating an RA/DEC image with slice_offset=0.200
    INFO | 2026-08-26 15:06:11 | datacube.py:subpixellate:1807 | Resampling subslice 5/5
    INFO | 2026-08-26 15:06:11 | slittrace.py:get_radec_image:536 | Generating an RA/DEC image with slice_offset=0.400
    INFO | 2026-08-26 15:06:15 | datacube.py:subpixellate:1832 | Preparing subpixel weights
    INFO | 2026-08-26 15:06:26 | datacube.py:subpixellate:1772 | Resampling slit 2/24 of frame 2/2
    INFO | 2026-08-26 15:06:28 | datacube.py:subpixellate:1807 | Resampling subslice 1/5
    INFO | 2026-08-26 15:06:28 | slittrace.py:get_radec_image:536 | Generating an RA/DEC image with slice_offset=-0.400
    INFO | 2026-08-26 15:06:32 | datacube.py:subpixellate:1807 | Resampling subslice 2/5
    INFO | 2026-08-26 15:06:32 | slittrace.py:get_radec_image:536 | Generating an RA/DEC image with slice_offset=-0.200
    INFO | 2026-08-26 15:06:36 | datacube.py:subpixellate:1807 | Resampling subslice 3/5
    INFO | 2026-08-26 15:06:36 | slittrace.py:get_radec_image:536 | Generating an RA/DEC image with slice_offset=0.000
    INFO | 2026-08-26 15:06:39 | datacube.py:subpixellate:1807 | Resampling subslice 4/5
    INFO | 2026-08-26 15:06:39 | slittrace.py:get_radec_image:536 | Generating an RA/DEC image with slice_offset=0.200
    INFO | 2026-08-26 15:06:43 | datacube.py:subpixellate:1807 | Resampling subslice 5/5
    INFO | 2026-08-26 15:06:43 | slittrace.py:get_radec_image:536 | Generating an RA/DEC image with slice_offset=0.400
    INFO | 2026-08-26 15:06:47 | datacube.py:subpixellate:1832 | Preparing subpixel weights
    INFO | 2026-08-26 15:06:58 | datacube.py:subpixellate:1772 | Resampling slit 3/24 of frame 2/2
    INFO | 2026-08-26 15:07:00 | datacube.py:subpixellate:1807 | Resampling subslice 1/5
    INFO | 2026-08-26 15:07:00 | slittrace.py:get_radec_image:536 | Generating an RA/DEC image with slice_offset=-0.400
    INFO | 2026-08-26 15:07:04 | datacube.py:subpixellate:1807 | Resampling subslice 2/5
    INFO | 2026-08-26 15:07:04 | slittrace.py:get_radec_image:536 | Generating an RA/DEC image with slice_offset=-0.200
    INFO | 2026-08-26 15:07:08 | datacube.py:subpixellate:1807 | Resampling subslice 3/5
    INFO | 2026-08-26 15:07:08 | slittrace.py:get_radec_image:536 | Generating an RA/DEC image with slice_offset=0.000
    INFO | 2026-08-26 15:07:12 | datacube.py:subpixellate:1807 | Resampling subslice 4/5
    INFO | 2026-08-26 15:07:12 | slittrace.py:get_radec_image:536 | Generating an RA/DEC image with slice_offset=0.200
    INFO | 2026-08-26 15:07:16 | datacube.py:subpixellate:1807 | Resampling subslice 5/5
    INFO | 2026-08-26 15:07:16 | slittrace.py:get_radec_image:536 | Generating an RA/DEC image with slice_offset=0.400
    INFO | 2026-08-26 15:07:19 | datacube.py:subpixellate:1832 | Preparing subpixel weights
    INFO | 2026-08-26 15:07:31 | datacube.py:subpixellate:1772 | Resampling slit 4/24 of frame 2/2
    INFO | 2026-08-26 15:07:33 | datacube.py:subpixellate:1807 | Resampling subslice 1/5
    INFO | 2026-08-26 15:07:33 | slittrace.py:get_radec_image:536 | Generating an RA/DEC image with slice_offset=-0.400
    INFO | 2026-08-26 15:07:37 | datacube.py:subpixellate:1807 | Resampling subslice 2/5
    INFO | 2026-08-26 15:07:37 | slittrace.py:get_radec_image:536 | Generating an RA/DEC image with slice_offset=-0.200
    INFO | 2026-08-26 15:07:41 | datacube.py:subpixellate:1807 | Resampling subslice 3/5
    INFO | 2026-08-26 15:07:41 | slittrace.py:get_radec_image:536 | Generating an RA/DEC image with slice_offset=0.000
    INFO | 2026-08-26 15:07:45 | datacube.py:subpixellate:1807 | Resampling subslice 4/5
    INFO | 2026-08-26 15:07:45 | slittrace.py:get_radec_image:536 | Generating an RA/DEC image with slice_offset=0.200
    INFO | 2026-08-26 15:07:49 | datacube.py:subpixellate:1807 | Resampling subslice 5/5
    INFO | 2026-08-26 15:07:49 | slittrace.py:get_radec_image:536 | Generating an RA/DEC image with slice_offset=0.400
    INFO | 2026-08-26 15:07:52 | datacube.py:subpixellate:1832 | Preparing subpixel weights
    INFO | 2026-08-26 15:08:04 | datacube.py:subpixellate:1772 | Resampling slit 5/24 of frame 2/2
    INFO | 2026-08-26 15:08:05 | datacube.py:subpixellate:1807 | Resampling subslice 1/5
    INFO | 2026-08-26 15:08:05 | slittrace.py:get_radec_image:536 | Generating an RA/DEC image with slice_offset=-0.400
    INFO | 2026-08-26 15:08:09 | datacube.py:subpixellate:1807 | Resampling subslice 2/5
    INFO | 2026-08-26 15:08:09 | slittrace.py:get_radec_image:536 | Generating an RA/DEC image with slice_offset=-0.200
    INFO | 2026-08-26 15:08:13 | datacube.py:subpixellate:1807 | Resampling subslice 3/5
    INFO | 2026-08-26 15:08:13 | slittrace.py:get_radec_image:536 | Generating an RA/DEC image with slice_offset=0.000
    INFO | 2026-08-26 15:08:17 | datacube.py:subpixellate:1807 | Resampling subslice 4/5
    INFO | 2026-08-26 15:08:17 | slittrace.py:get_radec_image:536 | Generating an RA/DEC image with slice_offset=0.200
    INFO | 2026-08-26 15:08:21 | datacube.py:subpixellate:1807 | Resampling subslice 5/5
    INFO | 2026-08-26 15:08:21 | slittrace.py:get_radec_image:536 | Generating an RA/DEC image with slice_offset=0.400
    INFO | 2026-08-26 15:08:25 | datacube.py:subpixellate:1832 | Preparing subpixel weights
    INFO | 2026-08-26 15:08:36 | datacube.py:subpixellate:1772 | Resampling slit 6/24 of frame 2/2
    INFO | 2026-08-26 15:08:38 | datacube.py:subpixellate:1807 | Resampling subslice 1/5
    INFO | 2026-08-26 15:08:38 | slittrace.py:get_radec_image:536 | Generating an RA/DEC image with slice_offset=-0.400
    INFO | 2026-08-26 15:08:42 | datacube.py:subpixellate:1807 | Resampling subslice 2/5
    INFO | 2026-08-26 15:08:42 | slittrace.py:get_radec_image:536 | Generating an RA/DEC image with slice_offset=-0.200
    INFO | 2026-08-26 15:08:46 | datacube.py:subpixellate:1807 | Resampling subslice 3/5
    INFO | 2026-08-26 15:08:46 | slittrace.py:get_radec_image:536 | Generating an RA/DEC image with slice_offset=0.000
    INFO | 2026-08-26 15:08:49 | datacube.py:subpixellate:1807 | Resampling subslice 4/5
    INFO | 2026-08-26 15:08:49 | slittrace.py:get_radec_image:536 | Generating an RA/DEC image with slice_offset=0.200
    INFO | 2026-08-26 15:08:53 | datacube.py:subpixellate:1807 | Resampling subslice 5/5
    INFO | 2026-08-26 15:08:53 | slittrace.py:get_radec_image:536 | Generating an RA/DEC image with slice_offset=0.400
    INFO | 2026-08-26 15:08:57 | datacube.py:subpixellate:1832 | Preparing subpixel weights
    INFO | 2026-08-26 15:09:08 | datacube.py:subpixellate:1772 | Resampling slit 7/24 of frame 2/2
    INFO | 2026-08-26 15:09:10 | datacube.py:subpixellate:1807 | Resampling subslice 1/5
    INFO | 2026-08-26 15:09:10 | slittrace.py:get_radec_image:536 | Generating an RA/DEC image with slice_offset=-0.400
    INFO | 2026-08-26 15:09:14 | datacube.py:subpixellate:1807 | Resampling subslice 2/5
    INFO | 2026-08-26 15:09:14 | slittrace.py:get_radec_image:536 | Generating an RA/DEC image with slice_offset=-0.200
    INFO | 2026-08-26 15:09:18 | datacube.py:subpixellate:1807 | Resampling subslice 3/5
    INFO | 2026-08-26 15:09:18 | slittrace.py:get_radec_image:536 | Generating an RA/DEC image with slice_offset=0.000
    INFO | 2026-08-26 15:09:21 | datacube.py:subpixellate:1807 | Resampling subslice 4/5
    INFO | 2026-08-26 15:09:21 | slittrace.py:get_radec_image:536 | Generating an RA/DEC image with slice_offset=0.200
    INFO | 2026-08-26 15:09:25 | datacube.py:subpixellate:1807 | Resampling subslice 5/5
    INFO | 2026-08-26 15:09:25 | slittrace.py:get_radec_image:536 | Generating an RA/DEC image with slice_offset=0.400
    INFO | 2026-08-26 15:09:29 | datacube.py:subpixellate:1832 | Preparing subpixel weights
    INFO | 2026-08-26 15:09:40 | datacube.py:subpixellate:1772 | Resampling slit 8/24 of frame 2/2
    INFO | 2026-08-26 15:09:42 | datacube.py:subpixellate:1807 | Resampling subslice 1/5
    INFO | 2026-08-26 15:09:42 | slittrace.py:get_radec_image:536 | Generating an RA/DEC image with slice_offset=-0.400
    INFO | 2026-08-26 15:09:46 | datacube.py:subpixellate:1807 | Resampling subslice 2/5
    INFO | 2026-08-26 15:09:46 | slittrace.py:get_radec_image:536 | Generating an RA/DEC image with slice_offset=-0.200
    INFO | 2026-08-26 15:09:50 | datacube.py:subpixellate:1807 | Resampling subslice 3/5
    INFO | 2026-08-26 15:09:50 | slittrace.py:get_radec_image:536 | Generating an RA/DEC image with slice_offset=0.000
    INFO | 2026-08-26 15:09:53 | datacube.py:subpixellate:1807 | Resampling subslice 4/5
    INFO | 2026-08-26 15:09:53 | slittrace.py:get_radec_image:536 | Generating an RA/DEC image with slice_offset=0.200
    INFO | 2026-08-26 15:09:57 | datacube.py:subpixellate:1807 | Resampling subslice 5/5
    INFO | 2026-08-26 15:09:57 | slittrace.py:get_radec_image:536 | Generating an RA/DEC image with slice_offset=0.400
    INFO | 2026-08-26 15:10:01 | datacube.py:subpixellate:1832 | Preparing subpixel weights
    INFO | 2026-08-26 15:10:12 | datacube.py:subpixellate:1772 | Resampling slit 9/24 of frame 2/2
    INFO | 2026-08-26 15:10:14 | datacube.py:subpixellate:1807 | Resampling subslice 1/5
    INFO | 2026-08-26 15:10:14 | slittrace.py:get_radec_image:536 | Generating an RA/DEC image with slice_offset=-0.400
    INFO | 2026-08-26 15:10:18 | datacube.py:subpixellate:1807 | Resampling subslice 2/5
    INFO | 2026-08-26 15:10:18 | slittrace.py:get_radec_image:536 | Generating an RA/DEC image with slice_offset=-0.200
    INFO | 2026-08-26 15:10:22 | datacube.py:subpixellate:1807 | Resampling subslice 3/5
    INFO | 2026-08-26 15:10:22 | slittrace.py:get_radec_image:536 | Generating an RA/DEC image with slice_offset=0.000
    INFO | 2026-08-26 15:10:26 | datacube.py:subpixellate:1807 | Resampling subslice 4/5
    INFO | 2026-08-26 15:10:26 | slittrace.py:get_radec_image:536 | Generating an RA/DEC image with slice_offset=0.200
    INFO | 2026-08-26 15:10:30 | datacube.py:subpixellate:1807 | Resampling subslice 5/5
    INFO | 2026-08-26 15:10:30 | slittrace.py:get_radec_image:536 | Generating an RA/DEC image with slice_offset=0.400
    INFO | 2026-08-26 15:10:33 | datacube.py:subpixellate:1832 | Preparing subpixel weights
    INFO | 2026-08-26 15:10:45 | datacube.py:subpixellate:1772 | Resampling slit 10/24 of frame 2/2
    INFO | 2026-08-26 15:10:46 | datacube.py:subpixellate:1807 | Resampling subslice 1/5
    INFO | 2026-08-26 15:10:46 | slittrace.py:get_radec_image:536 | Generating an RA/DEC image with slice_offset=-0.400
    INFO | 2026-08-26 15:10:50 | datacube.py:subpixellate:1807 | Resampling subslice 2/5
    INFO | 2026-08-26 15:10:50 | slittrace.py:get_radec_image:536 | Generating an RA/DEC image with slice_offset=-0.200
    INFO | 2026-08-26 15:10:54 | datacube.py:subpixellate:1807 | Resampling subslice 3/5
    INFO | 2026-08-26 15:10:54 | slittrace.py:get_radec_image:536 | Generating an RA/DEC image with slice_offset=0.000
    INFO | 2026-08-26 15:10:58 | datacube.py:subpixellate:1807 | Resampling subslice 4/5
    INFO | 2026-08-26 15:10:58 | slittrace.py:get_radec_image:536 | Generating an RA/DEC image with slice_offset=0.200
    INFO | 2026-08-26 15:11:02 | datacube.py:subpixellate:1807 | Resampling subslice 5/5
    INFO | 2026-08-26 15:11:02 | slittrace.py:get_radec_image:536 | Generating an RA/DEC image with slice_offset=0.400
    INFO | 2026-08-26 15:11:06 | datacube.py:subpixellate:1832 | Preparing subpixel weights
    INFO | 2026-08-26 15:11:17 | datacube.py:subpixellate:1772 | Resampling slit 11/24 of frame 2/2
    INFO | 2026-08-26 15:11:19 | datacube.py:subpixellate:1807 | Resampling subslice 1/5
    INFO | 2026-08-26 15:11:19 | slittrace.py:get_radec_image:536 | Generating an RA/DEC image with slice_offset=-0.400
    INFO | 2026-08-26 15:11:23 | datacube.py:subpixellate:1807 | Resampling subslice 2/5
    INFO | 2026-08-26 15:11:23 | slittrace.py:get_radec_image:536 | Generating an RA/DEC image with slice_offset=-0.200
    INFO | 2026-08-26 15:11:27 | datacube.py:subpixellate:1807 | Resampling subslice 3/5
    INFO | 2026-08-26 15:11:27 | slittrace.py:get_radec_image:536 | Generating an RA/DEC image with slice_offset=0.000
    INFO | 2026-08-26 15:11:31 | datacube.py:subpixellate:1807 | Resampling subslice 4/5
    INFO | 2026-08-26 15:11:31 | slittrace.py:get_radec_image:536 | Generating an RA/DEC image with slice_offset=0.200
    INFO | 2026-08-26 15:11:35 | datacube.py:subpixellate:1807 | Resampling subslice 5/5
    INFO | 2026-08-26 15:11:35 | slittrace.py:get_radec_image:536 | Generating an RA/DEC image with slice_offset=0.400
    INFO | 2026-08-26 15:11:39 | datacube.py:subpixellate:1832 | Preparing subpixel weights
    INFO | 2026-08-26 15:11:50 | datacube.py:subpixellate:1772 | Resampling slit 12/24 of frame 2/2
    INFO | 2026-08-26 15:11:52 | datacube.py:subpixellate:1807 | Resampling subslice 1/5
    INFO | 2026-08-26 15:11:52 | slittrace.py:get_radec_image:536 | Generating an RA/DEC image with slice_offset=-0.400
    INFO | 2026-08-26 15:11:56 | datacube.py:subpixellate:1807 | Resampling subslice 2/5
    INFO | 2026-08-26 15:11:56 | slittrace.py:get_radec_image:536 | Generating an RA/DEC image with slice_offset=-0.200
    INFO | 2026-08-26 15:12:00 | datacube.py:subpixellate:1807 | Resampling subslice 3/5
    INFO | 2026-08-26 15:12:00 | slittrace.py:get_radec_image:536 | Generating an RA/DEC image with slice_offset=0.000
    INFO | 2026-08-26 15:12:04 | datacube.py:subpixellate:1807 | Resampling subslice 4/5
    INFO | 2026-08-26 15:12:04 | slittrace.py:get_radec_image:536 | Generating an RA/DEC image with slice_offset=0.200
    INFO | 2026-08-26 15:12:08 | datacube.py:subpixellate:1807 | Resampling subslice 5/5
    INFO | 2026-08-26 15:12:08 | slittrace.py:get_radec_image:536 | Generating an RA/DEC image with slice_offset=0.400
    INFO | 2026-08-26 15:12:12 | datacube.py:subpixellate:1832 | Preparing subpixel weights
    INFO | 2026-08-26 15:12:23 | datacube.py:subpixellate:1772 | Resampling slit 13/24 of frame 2/2
    INFO | 2026-08-26 15:12:25 | datacube.py:subpixellate:1807 | Resampling subslice 1/5
    INFO | 2026-08-26 15:12:25 | slittrace.py:get_radec_image:536 | Generating an RA/DEC image with slice_offset=-0.400
    INFO | 2026-08-26 15:12:29 | datacube.py:subpixellate:1807 | Resampling subslice 2/5
    INFO | 2026-08-26 15:12:29 | slittrace.py:get_radec_image:536 | Generating an RA/DEC image with slice_offset=-0.200
    INFO | 2026-08-26 15:12:33 | datacube.py:subpixellate:1807 | Resampling subslice 3/5
    INFO | 2026-08-26 15:12:33 | slittrace.py:get_radec_image:536 | Generating an RA/DEC image with slice_offset=0.000
    INFO | 2026-08-26 15:12:37 | datacube.py:subpixellate:1807 | Resampling subslice 4/5
    INFO | 2026-08-26 15:12:37 | slittrace.py:get_radec_image:536 | Generating an RA/DEC image with slice_offset=0.200
    INFO | 2026-08-26 15:12:41 | datacube.py:subpixellate:1807 | Resampling subslice 5/5
    INFO | 2026-08-26 15:12:41 | slittrace.py:get_radec_image:536 | Generating an RA/DEC image with slice_offset=0.400
    INFO | 2026-08-26 15:12:45 | datacube.py:subpixellate:1832 | Preparing subpixel weights
    INFO | 2026-08-26 15:12:56 | datacube.py:subpixellate:1772 | Resampling slit 14/24 of frame 2/2
    INFO | 2026-08-26 15:12:58 | datacube.py:subpixellate:1807 | Resampling subslice 1/5
    INFO | 2026-08-26 15:12:58 | slittrace.py:get_radec_image:536 | Generating an RA/DEC image with slice_offset=-0.400
    INFO | 2026-08-26 15:13:02 | datacube.py:subpixellate:1807 | Resampling subslice 2/5
    INFO | 2026-08-26 15:13:02 | slittrace.py:get_radec_image:536 | Generating an RA/DEC image with slice_offset=-0.200
    INFO | 2026-08-26 15:13:06 | datacube.py:subpixellate:1807 | Resampling subslice 3/5
    INFO | 2026-08-26 15:13:06 | slittrace.py:get_radec_image:536 | Generating an RA/DEC image with slice_offset=0.000
    INFO | 2026-08-26 15:13:11 | datacube.py:subpixellate:1807 | Resampling subslice 4/5
    INFO | 2026-08-26 15:13:11 | slittrace.py:get_radec_image:536 | Generating an RA/DEC image with slice_offset=0.200
    INFO | 2026-08-26 15:13:15 | datacube.py:subpixellate:1807 | Resampling subslice 5/5
    INFO | 2026-08-26 15:13:15 | slittrace.py:get_radec_image:536 | Generating an RA/DEC image with slice_offset=0.400
    INFO | 2026-08-26 15:13:18 | datacube.py:subpixellate:1832 | Preparing subpixel weights
    INFO | 2026-08-26 15:13:30 | datacube.py:subpixellate:1772 | Resampling slit 15/24 of frame 2/2
    INFO | 2026-08-26 15:13:31 | datacube.py:subpixellate:1807 | Resampling subslice 1/5
    INFO | 2026-08-26 15:13:31 | slittrace.py:get_radec_image:536 | Generating an RA/DEC image with slice_offset=-0.400
    INFO | 2026-08-26 15:13:35 | datacube.py:subpixellate:1807 | Resampling subslice 2/5
    INFO | 2026-08-26 15:13:35 | slittrace.py:get_radec_image:536 | Generating an RA/DEC image with slice_offset=-0.200
    INFO | 2026-08-26 15:13:39 | datacube.py:subpixellate:1807 | Resampling subslice 3/5
    INFO | 2026-08-26 15:13:39 | slittrace.py:get_radec_image:536 | Generating an RA/DEC image with slice_offset=0.000
    INFO | 2026-08-26 15:13:43 | datacube.py:subpixellate:1807 | Resampling subslice 4/5
    INFO | 2026-08-26 15:13:43 | slittrace.py:get_radec_image:536 | Generating an RA/DEC image with slice_offset=0.200
    INFO | 2026-08-26 15:13:47 | datacube.py:subpixellate:1807 | Resampling subslice 5/5
    INFO | 2026-08-26 15:13:47 | slittrace.py:get_radec_image:536 | Generating an RA/DEC image with slice_offset=0.400
    INFO | 2026-08-26 15:13:51 | datacube.py:subpixellate:1832 | Preparing subpixel weights
    INFO | 2026-08-26 15:14:03 | datacube.py:subpixellate:1772 | Resampling slit 16/24 of frame 2/2
    INFO | 2026-08-26 15:14:05 | datacube.py:subpixellate:1807 | Resampling subslice 1/5
    INFO | 2026-08-26 15:14:05 | slittrace.py:get_radec_image:536 | Generating an RA/DEC image with slice_offset=-0.400
    INFO | 2026-08-26 15:14:10 | datacube.py:subpixellate:1807 | Resampling subslice 2/5
    INFO | 2026-08-26 15:14:10 | slittrace.py:get_radec_image:536 | Generating an RA/DEC image with slice_offset=-0.200
    INFO | 2026-08-26 15:14:14 | datacube.py:subpixellate:1807 | Resampling subslice 3/5
    INFO | 2026-08-26 15:14:14 | slittrace.py:get_radec_image:536 | Generating an RA/DEC image with slice_offset=0.000
    INFO | 2026-08-26 15:14:18 | datacube.py:subpixellate:1807 | Resampling subslice 4/5
    INFO | 2026-08-26 15:14:18 | slittrace.py:get_radec_image:536 | Generating an RA/DEC image with slice_offset=0.200
    INFO | 2026-08-26 15:14:22 | datacube.py:subpixellate:1807 | Resampling subslice 5/5
    INFO | 2026-08-26 15:14:22 | slittrace.py:get_radec_image:536 | Generating an RA/DEC image with slice_offset=0.400
    INFO | 2026-08-26 15:14:26 | datacube.py:subpixellate:1832 | Preparing subpixel weights
    INFO | 2026-08-26 15:14:37 | datacube.py:subpixellate:1772 | Resampling slit 17/24 of frame 2/2
    INFO | 2026-08-26 15:14:39 | datacube.py:subpixellate:1807 | Resampling subslice 1/5
    INFO | 2026-08-26 15:14:39 | slittrace.py:get_radec_image:536 | Generating an RA/DEC image with slice_offset=-0.400
    INFO | 2026-08-26 15:14:43 | datacube.py:subpixellate:1807 | Resampling subslice 2/5
    INFO | 2026-08-26 15:14:43 | slittrace.py:get_radec_image:536 | Generating an RA/DEC image with slice_offset=-0.200
    INFO | 2026-08-26 15:14:47 | datacube.py:subpixellate:1807 | Resampling subslice 3/5
    INFO | 2026-08-26 15:14:47 | slittrace.py:get_radec_image:536 | Generating an RA/DEC image with slice_offset=0.000
    INFO | 2026-08-26 15:14:51 | datacube.py:subpixellate:1807 | Resampling subslice 4/5
    INFO | 2026-08-26 15:14:51 | slittrace.py:get_radec_image:536 | Generating an RA/DEC image with slice_offset=0.200
    INFO | 2026-08-26 15:14:55 | datacube.py:subpixellate:1807 | Resampling subslice 5/5
    INFO | 2026-08-26 15:14:55 | slittrace.py:get_radec_image:536 | Generating an RA/DEC image with slice_offset=0.400
    INFO | 2026-08-26 15:14:59 | datacube.py:subpixellate:1832 | Preparing subpixel weights
    INFO | 2026-08-26 15:15:11 | datacube.py:subpixellate:1772 | Resampling slit 18/24 of frame 2/2
    INFO | 2026-08-26 15:15:12 | datacube.py:subpixellate:1807 | Resampling subslice 1/5
    INFO | 2026-08-26 15:15:12 | slittrace.py:get_radec_image:536 | Generating an RA/DEC image with slice_offset=-0.400
    INFO | 2026-08-26 15:15:16 | datacube.py:subpixellate:1807 | Resampling subslice 2/5
    INFO | 2026-08-26 15:15:16 | slittrace.py:get_radec_image:536 | Generating an RA/DEC image with slice_offset=-0.200
    INFO | 2026-08-26 15:15:20 | datacube.py:subpixellate:1807 | Resampling subslice 3/5
    INFO | 2026-08-26 15:15:20 | slittrace.py:get_radec_image:536 | Generating an RA/DEC image with slice_offset=0.000
    INFO | 2026-08-26 15:15:24 | datacube.py:subpixellate:1807 | Resampling subslice 4/5
    INFO | 2026-08-26 15:15:24 | slittrace.py:get_radec_image:536 | Generating an RA/DEC image with slice_offset=0.200
    INFO | 2026-08-26 15:15:28 | datacube.py:subpixellate:1807 | Resampling subslice 5/5
    INFO | 2026-08-26 15:15:28 | slittrace.py:get_radec_image:536 | Generating an RA/DEC image with slice_offset=0.400
    INFO | 2026-08-26 15:15:32 | datacube.py:subpixellate:1832 | Preparing subpixel weights
    INFO | 2026-08-26 15:15:43 | datacube.py:subpixellate:1772 | Resampling slit 19/24 of frame 2/2
    INFO | 2026-08-26 15:15:45 | datacube.py:subpixellate:1807 | Resampling subslice 1/5
    INFO | 2026-08-26 15:15:45 | slittrace.py:get_radec_image:536 | Generating an RA/DEC image with slice_offset=-0.400
    INFO | 2026-08-26 15:15:49 | datacube.py:subpixellate:1807 | Resampling subslice 2/5
    INFO | 2026-08-26 15:15:49 | slittrace.py:get_radec_image:536 | Generating an RA/DEC image with slice_offset=-0.200
    INFO | 2026-08-26 15:15:52 | datacube.py:subpixellate:1807 | Resampling subslice 3/5
    INFO | 2026-08-26 15:15:52 | slittrace.py:get_radec_image:536 | Generating an RA/DEC image with slice_offset=0.000
    INFO | 2026-08-26 15:15:56 | datacube.py:subpixellate:1807 | Resampling subslice 4/5
    INFO | 2026-08-26 15:15:56 | slittrace.py:get_radec_image:536 | Generating an RA/DEC image with slice_offset=0.200
    INFO | 2026-08-26 15:16:00 | datacube.py:subpixellate:1807 | Resampling subslice 5/5
    INFO | 2026-08-26 15:16:00 | slittrace.py:get_radec_image:536 | Generating an RA/DEC image with slice_offset=0.400
    INFO | 2026-08-26 15:16:04 | datacube.py:subpixellate:1832 | Preparing subpixel weights
    INFO | 2026-08-26 15:16:15 | datacube.py:subpixellate:1772 | Resampling slit 20/24 of frame 2/2
    INFO | 2026-08-26 15:16:17 | datacube.py:subpixellate:1807 | Resampling subslice 1/5
    INFO | 2026-08-26 15:16:17 | slittrace.py:get_radec_image:536 | Generating an RA/DEC image with slice_offset=-0.400
    INFO | 2026-08-26 15:16:21 | datacube.py:subpixellate:1807 | Resampling subslice 2/5
    INFO | 2026-08-26 15:16:21 | slittrace.py:get_radec_image:536 | Generating an RA/DEC image with slice_offset=-0.200
    INFO | 2026-08-26 15:16:25 | datacube.py:subpixellate:1807 | Resampling subslice 3/5
    INFO | 2026-08-26 15:16:25 | slittrace.py:get_radec_image:536 | Generating an RA/DEC image with slice_offset=0.000
    INFO | 2026-08-26 15:16:29 | datacube.py:subpixellate:1807 | Resampling subslice 4/5
    INFO | 2026-08-26 15:16:29 | slittrace.py:get_radec_image:536 | Generating an RA/DEC image with slice_offset=0.200
    INFO | 2026-08-26 15:16:33 | datacube.py:subpixellate:1807 | Resampling subslice 5/5
    INFO | 2026-08-26 15:16:33 | slittrace.py:get_radec_image:536 | Generating an RA/DEC image with slice_offset=0.400
    INFO | 2026-08-26 15:16:36 | datacube.py:subpixellate:1832 | Preparing subpixel weights
    INFO | 2026-08-26 15:16:48 | datacube.py:subpixellate:1772 | Resampling slit 21/24 of frame 2/2
    INFO | 2026-08-26 15:16:49 | datacube.py:subpixellate:1807 | Resampling subslice 1/5
    INFO | 2026-08-26 15:16:49 | slittrace.py:get_radec_image:536 | Generating an RA/DEC image with slice_offset=-0.400
    INFO | 2026-08-26 15:16:53 | datacube.py:subpixellate:1807 | Resampling subslice 2/5
    INFO | 2026-08-26 15:16:53 | slittrace.py:get_radec_image:536 | Generating an RA/DEC image with slice_offset=-0.200
    INFO | 2026-08-26 15:16:57 | datacube.py:subpixellate:1807 | Resampling subslice 3/5
    INFO | 2026-08-26 15:16:57 | slittrace.py:get_radec_image:536 | Generating an RA/DEC image with slice_offset=0.000
    INFO | 2026-08-26 15:17:01 | datacube.py:subpixellate:1807 | Resampling subslice 4/5
    INFO | 2026-08-26 15:17:01 | slittrace.py:get_radec_image:536 | Generating an RA/DEC image with slice_offset=0.200
    INFO | 2026-08-26 15:17:05 | datacube.py:subpixellate:1807 | Resampling subslice 5/5
    INFO | 2026-08-26 15:17:05 | slittrace.py:get_radec_image:536 | Generating an RA/DEC image with slice_offset=0.400
    INFO | 2026-08-26 15:17:09 | datacube.py:subpixellate:1832 | Preparing subpixel weights
    INFO | 2026-08-26 15:17:20 | datacube.py:subpixellate:1772 | Resampling slit 22/24 of frame 2/2
    INFO | 2026-08-26 15:17:22 | datacube.py:subpixellate:1807 | Resampling subslice 1/5
    INFO | 2026-08-26 15:17:22 | slittrace.py:get_radec_image:536 | Generating an RA/DEC image with slice_offset=-0.400
    INFO | 2026-08-26 15:17:26 | datacube.py:subpixellate:1807 | Resampling subslice 2/5
    INFO | 2026-08-26 15:17:26 | slittrace.py:get_radec_image:536 | Generating an RA/DEC image with slice_offset=-0.200
    INFO | 2026-08-26 15:17:29 | datacube.py:subpixellate:1807 | Resampling subslice 3/5
    INFO | 2026-08-26 15:17:29 | slittrace.py:get_radec_image:536 | Generating an RA/DEC image with slice_offset=0.000
    INFO | 2026-08-26 15:17:33 | datacube.py:subpixellate:1807 | Resampling subslice 4/5
    INFO | 2026-08-26 15:17:33 | slittrace.py:get_radec_image:536 | Generating an RA/DEC image with slice_offset=0.200
    INFO | 2026-08-26 15:17:37 | datacube.py:subpixellate:1807 | Resampling subslice 5/5
    INFO | 2026-08-26 15:17:37 | slittrace.py:get_radec_image:536 | Generating an RA/DEC image with slice_offset=0.400
    INFO | 2026-08-26 15:17:41 | datacube.py:subpixellate:1832 | Preparing subpixel weights
    INFO | 2026-08-26 15:17:52 | datacube.py:subpixellate:1772 | Resampling slit 23/24 of frame 2/2
    INFO | 2026-08-26 15:17:54 | datacube.py:subpixellate:1807 | Resampling subslice 1/5
    INFO | 2026-08-26 15:17:54 | slittrace.py:get_radec_image:536 | Generating an RA/DEC image with slice_offset=-0.400
    INFO | 2026-08-26 15:17:58 | datacube.py:subpixellate:1807 | Resampling subslice 2/5
    INFO | 2026-08-26 15:17:58 | slittrace.py:get_radec_image:536 | Generating an RA/DEC image with slice_offset=-0.200
    INFO | 2026-08-26 15:18:02 | datacube.py:subpixellate:1807 | Resampling subslice 3/5
    INFO | 2026-08-26 15:18:02 | slittrace.py:get_radec_image:536 | Generating an RA/DEC image with slice_offset=0.000
    INFO | 2026-08-26 15:18:06 | datacube.py:subpixellate:1807 | Resampling subslice 4/5
    INFO | 2026-08-26 15:18:06 | slittrace.py:get_radec_image:536 | Generating an RA/DEC image with slice_offset=0.200
    INFO | 2026-08-26 15:18:10 | datacube.py:subpixellate:1807 | Resampling subslice 5/5
    INFO | 2026-08-26 15:18:10 | slittrace.py:get_radec_image:536 | Generating an RA/DEC image with slice_offset=0.400
    INFO | 2026-08-26 15:18:14 | datacube.py:subpixellate:1832 | Preparing subpixel weights
    INFO | 2026-08-26 15:18:26 | datacube.py:subpixellate:1772 | Resampling slit 24/24 of frame 2/2
    INFO | 2026-08-26 15:18:27 | datacube.py:subpixellate:1807 | Resampling subslice 1/5
    INFO | 2026-08-26 15:18:27 | slittrace.py:get_radec_image:536 | Generating an RA/DEC image with slice_offset=-0.400
    INFO | 2026-08-26 15:18:31 | datacube.py:subpixellate:1807 | Resampling subslice 2/5
    INFO | 2026-08-26 15:18:31 | slittrace.py:get_radec_image:536 | Generating an RA/DEC image with slice_offset=-0.200
    INFO | 2026-08-26 15:18:35 | datacube.py:subpixellate:1807 | Resampling subslice 3/5
    INFO | 2026-08-26 15:18:35 | slittrace.py:get_radec_image:536 | Generating an RA/DEC image with slice_offset=0.000
    INFO | 2026-08-26 15:18:39 | datacube.py:subpixellate:1807 | Resampling subslice 4/5
    INFO | 2026-08-26 15:18:39 | slittrace.py:get_radec_image:536 | Generating an RA/DEC image with slice_offset=0.200
    INFO | 2026-08-26 15:18:43 | datacube.py:subpixellate:1807 | Resampling subslice 5/5
    INFO | 2026-08-26 15:18:43 | slittrace.py:get_radec_image:536 | Generating an RA/DEC image with slice_offset=0.400
    INFO | 2026-08-26 15:18:47 | datacube.py:subpixellate:1832 | Preparing subpixel weights
    INFO | 2026-08-26 15:18:58 | datacube.py:generate_cube_subpixel:1625 | White light image covers the wavelength range 5513.05 A - 6818.24 A
    INFO | 2026-08-26 15:18:58 | datacube.py:generate_cube_subpixel:1630 | Saving white light image as: feige34_2024-04-01_A_whitelight.fits
    INFO | 2026-08-26 15:18:58 | coadd3d.py:run:1479 | Saving datacube as: feige34_2024-04-01_A.fits
    INFO | 2026-08-26 15:18:59 | io.py:write_to_fits:672 | File written to: feige34_2024-04-01_A.fits
    INFO | 2026-08-26 15:18:59 | coadd_datacube.py:main:75 | Execution time: 29m 26.68s
