    INFO | 2026-08-18 10:19:06 | pypeitsetup.py:from_file_root:197 | Found 37 keck_kcrm raw files.
    INFO | 2026-08-18 10:19:07 | metadata.py:_build:206 | Building metadata for 37 files.
    INFO | 2026-08-18 10:19:07 | metadata.py:_build:235 | Adding metadata for KR.20241102.06908.66.fits
    INFO | 2026-08-18 10:19:07 | metadata.py:_build:235 | Adding metadata for KR.20241102.10636.82.fits
    INFO | 2026-08-18 10:19:07 | metadata.py:_build:235 | Adding metadata for KR.20241102.11736.39.fits
    INFO | 2026-08-18 10:19:07 | metadata.py:_build:235 | Adding metadata for KR.20241102.15271.77.fits
    INFO | 2026-08-18 10:19:07 | metadata.py:_build:235 | Adding metadata for KR.20241102.15380.91.fits
    INFO | 2026-08-18 10:19:07 | metadata.py:_build:235 | Adding metadata for KR.20241102.15491.70.fits
    INFO | 2026-08-18 10:19:07 | metadata.py:_build:235 | Adding metadata for KR.20241102.15606.33.fits
    INFO | 2026-08-18 10:19:07 | metadata.py:_build:235 | Adding metadata for KR.20241102.15737.91.fits
    INFO | 2026-08-18 10:19:07 | metadata.py:_build:235 | Adding metadata for KR.20241102.15897.30.fits
    INFO | 2026-08-18 10:19:07 | metadata.py:_build:235 | Adding metadata for KR.20241102.23934.73.fits
    INFO | 2026-08-18 10:19:07 | metadata.py:_build:235 | Adding metadata for KR.20241102.23997.97.fits
    INFO | 2026-08-18 10:19:07 | metadata.py:_build:235 | Adding metadata for KR.20241102.24052.30.fits
    INFO | 2026-08-18 10:19:07 | metadata.py:_build:235 | Adding metadata for KR.20241102.57169.89.fits
    INFO | 2026-08-18 10:19:07 | metadata.py:_build:235 | Adding metadata for KR.20241102.57223.95.fits
    INFO | 2026-08-18 10:19:07 | metadata.py:_build:235 | Adding metadata for KR.20241102.57278.10.fits
    INFO | 2026-08-18 10:19:07 | metadata.py:_build:235 | Adding metadata for KR.20241102.57754.35.fits
    INFO | 2026-08-18 10:19:07 | metadata.py:_build:235 | Adding metadata for KR.20241102.57798.21.fits
    INFO | 2026-08-18 10:19:07 | metadata.py:_build:235 | Adding metadata for KR.20241102.57842.70.fits
    INFO | 2026-08-18 10:19:07 | metadata.py:_build:235 | Adding metadata for KR.20241102.57885.93.fits
    INFO | 2026-08-18 10:19:07 | metadata.py:_build:235 | Adding metadata for KR.20241102.57929.79.fits
    INFO | 2026-08-18 10:19:07 | metadata.py:_build:235 | Adding metadata for KR.20241102.57973.65.fits
    INFO | 2026-08-18 10:19:07 | metadata.py:_build:235 | Adding metadata for KR.20241102.58016.49.fits
    INFO | 2026-08-18 10:19:07 | metadata.py:_build:235 | Adding metadata for KR.20241102.58205.19.fits
    INFO | 2026-08-18 10:19:07 | metadata.py:_build:235 | Adding metadata for KR.20241102.58233.75.fits
    INFO | 2026-08-18 10:19:07 | metadata.py:_build:235 | Adding metadata for KR.20241102.58261.29.fits
    INFO | 2026-08-18 10:19:07 | metadata.py:_build:235 | Adding metadata for KR.20241102.58328.61.fits
    INFO | 2026-08-18 10:19:07 | metadata.py:_build:235 | Adding metadata for KR.20241102.58358.19.fits
    INFO | 2026-08-18 10:19:07 | metadata.py:_build:235 | Adding metadata for KR.20241102.58387.77.fits
    INFO | 2026-08-18 10:19:07 | metadata.py:_build:235 | Adding metadata for KR.20241102.58435.71.fits
    INFO | 2026-08-18 10:19:07 | metadata.py:_build:235 | Adding metadata for KR.20241102.58465.29.fits
    INFO | 2026-08-18 10:19:07 | metadata.py:_build:235 | Adding metadata for KR.20241102.58493.85.fits
    INFO | 2026-08-18 10:19:07 | metadata.py:_build:235 | Adding metadata for KR.20241102.58546.89.fits
    INFO | 2026-08-18 10:19:07 | metadata.py:_build:235 | Adding metadata for KR.20241102.58593.81.fits
    INFO | 2026-08-18 10:19:07 | metadata.py:_build:235 | Adding metadata for KR.20241102.58640.73.fits
    INFO | 2026-08-18 10:19:07 | metadata.py:_build:235 | Adding metadata for KR.20241102.58687.65.fits
    INFO | 2026-08-18 10:19:07 | metadata.py:_build:235 | Adding metadata for KR.20241102.58734.57.fits
    INFO | 2026-08-18 10:19:07 | metadata.py:_build:235 | Adding metadata for KR.20241102.58781.49.fits
 WARNING | 2026-08-18 10:19:07 | metadata.py:_vet_instrument:180 | The instrument name in the headers of the raw files does not match the expected one! Found KCWI, expected KCRM.  You may have chosen the wrong PypeIt spectrograph name!
    INFO | 2026-08-18 10:19:07 | metadata.py:get_frame_types:1391 | Typing files
   DEBUG | 2026-08-18 10:19:07 | keck_kcwi.py:check_frame_type:433 | Cannot determine if frames are of type lampoffflats.
   DEBUG | 2026-08-18 10:19:07 | keck_kcwi.py:check_frame_type:433 | Cannot determine if frames are of type slitless_pixflat.
   DEBUG | 2026-08-18 10:19:07 | keck_kcwi.py:check_frame_type:433 | Cannot determine if frames are of type standard.
   DEBUG | 2026-08-18 10:19:07 | keck_kcwi.py:check_frame_type:433 | Cannot determine if frames are of type sky.
    INFO | 2026-08-18 10:19:07 | metadata.py:get_frame_types:1432 | Couldn't identify the following files:
    INFO | 2026-08-18 10:19:07 | metadata.py:get_frame_types:1434 | KR.20241102.06908.66.fits
    INFO | 2026-08-18 10:19:07 | metadata.py:get_frame_types:1434 | KR.20241102.10636.82.fits
    INFO | 2026-08-18 10:19:07 | metadata.py:get_frame_types:1434 | KR.20241102.11736.39.fits
    INFO | 2026-08-18 10:19:07 | metadata.py:get_frame_types:1434 | KR.20241102.15271.77.fits
    INFO | 2026-08-18 10:19:07 | metadata.py:get_frame_types:1434 | KR.20241102.15380.91.fits
    INFO | 2026-08-18 10:19:07 | metadata.py:get_frame_types:1434 | KR.20241102.15491.70.fits
    INFO | 2026-08-18 10:19:07 | metadata.py:get_frame_types:1434 | KR.20241102.15606.33.fits
    INFO | 2026-08-18 10:19:07 | metadata.py:get_frame_types:1434 | KR.20241102.15737.91.fits
    INFO | 2026-08-18 10:19:07 | metadata.py:get_frame_types:1434 | KR.20241102.15897.30.fits
 WARNING | 2026-08-18 10:19:07 | metadata.py:get_frame_types:1437 | These files are commented out and will be ignored during the reduction.
    INFO | 2026-08-18 10:19:07 | metadata.py:get_frame_types:1444 | Typing completed!
    INFO | 2026-08-18 10:19:07 | metadata.py:unique_configurations:709 | Using metadata to determine unique configurations.
    INFO | 2026-08-18 10:19:07 | metadata.py:ignore_frames:1203 | Unique configurations ignore frames with type: ['bias', 'dark']
    INFO | 2026-08-18 10:19:07 | metadata.py:unique_configurations:766 | Found 3 unique configuration(s).
    INFO | 2026-08-18 10:19:07 | metadata.py:ignore_frames:1203 | Unique configurations ignore frames with type: ['bias', 'dark']
    INFO | 2026-08-18 10:19:07 | inputfiles.py:vet:685 | PypeIt file successfully vetted.
    INFO | 2026-08-18 10:19:07 | inputfiles.py:write:592 | PypeIt input file written to: /Users/kaiwenzhang/PycharmProjects/KCWI/KCWI_RED_channel_characterization/2024-11-01/pypeit_run/keck_kcrm_A/keck_kcrm_A.pypeit
    INFO | 2026-08-18 10:19:07 | inputfiles.py:vet:685 | PypeIt file successfully vetted.
    INFO | 2026-08-18 10:19:07 | inputfiles.py:write:592 | PypeIt input file written to: /Users/kaiwenzhang/PycharmProjects/KCWI/KCWI_RED_channel_characterization/2024-11-01/pypeit_run/keck_kcrm_B/keck_kcrm_B.pypeit
    INFO | 2026-08-18 10:19:07 | inputfiles.py:vet:685 | PypeIt file successfully vetted.
    INFO | 2026-08-18 10:19:07 | inputfiles.py:write:592 | PypeIt input file written to: /Users/kaiwenzhang/PycharmProjects/KCWI/KCWI_RED_channel_characterization/2024-11-01/pypeit_run/keck_kcrm_C/keck_kcrm_C.pypeit
    INFO | 2026-08-18 10:19:07 | calibrations.py:association_summary:1731 | Calibration association file written to: /Users/kaiwenzhang/PycharmProjects/KCWI/KCWI_RED_channel_characterization/2024-11-01/pypeit_run/keck_kcrm_A/keck_kcrm_A.calib
    INFO | 2026-08-18 10:19:07 | calibrations.py:association_summary:1731 | Calibration association file written to: /Users/kaiwenzhang/PycharmProjects/KCWI/KCWI_RED_channel_characterization/2024-11-01/pypeit_run/keck_kcrm_B/keck_kcrm_B.calib
    INFO | 2026-08-18 10:19:07 | calibrations.py:association_summary:1731 | Calibration association file written to: /Users/kaiwenzhang/PycharmProjects/KCWI/KCWI_RED_channel_characterization/2024-11-01/pypeit_run/keck_kcrm_C/keck_kcrm_C.calib
