2023-09-16/keck_kcrm_A: no science frames, skipped
2023-09-16/keck_kcrm_B: 4 science frames -- calibrations ...
2023-09-16/keck_kcrm_B: wavelength solutions on 24 slices
2023-09-16/keck_kcrm_B: user_regions = :40,66:
2023-09-16/keck_kcrm_B: science run ...
2023-09-16/keck_kcrm_B: DONE (4/4 spec2d)
2023-10-15/keck_kcrm_A: no science frames, skipped
2023-10-15/keck_kcrm_B: cleared pre-template Calibrations
2023-10-15/keck_kcrm_B: 5 science frames -- calibrations ...
2023-10-15/keck_kcrm_B: wavelength solutions on 24 slices
2023-10-15/keck_kcrm_B: user_regions = :21,48:
2023-10-15/keck_kcrm_B: science run ...
2023-10-15/keck_kcrm_B: DONE (5/5 spec2d)
2023-10-16/keck_kcrm_A: no science frames, skipped
2023-10-16/keck_kcrm_B: 6 science frames -- calibrations ...
2023-10-16/keck_kcrm_B: wavelength solutions on 20 slices
2023-10-16/keck_kcrm_B: user_regions = :42,69:
2023-10-16/keck_kcrm_B: science run ...
2023-10-16/keck_kcrm_B: DONE (6/6 spec2d)
2023-10-17/keck_kcrm_A: no science frames, skipped
2023-10-17/keck_kcrm_B: no science frames, skipped
2023-10-17/keck_kcrm_C: 6 science frames -- calibrations ...
2023-10-17/keck_kcrm_C: wavelength solutions on 24 slices
2023-10-17/keck_kcrm_C: user_regions = :35,65:
2023-10-17/keck_kcrm_C: science run ...
2023-10-17/keck_kcrm_C: DONE (6/6 spec2d)
2023-10-20/keck_kcrm_A: no science frames, skipped
2023-10-20/keck_kcrm_B: 6 science frames -- calibrations ...
2023-10-20/keck_kcrm_B: wavelength solutions on 24 slices
2023-10-20/keck_kcrm_B: user_regions = :39,65:
2023-10-20/keck_kcrm_B: science run ...
2023-10-20/keck_kcrm_B: DONE (6/6 spec2d)
2023-11-07/keck_kcrm_A: no science frames, skipped
2023-11-07/keck_kcrm_B: 4 science frames -- calibrations ...
2023-11-07/keck_kcrm_B: wavelength solutions on 24 slices
2023-11-07/keck_kcrm_B: user_regions = :35,62:
2023-11-07/keck_kcrm_B: science run ...
2023-11-07/keck_kcrm_B: DONE (4/4 spec2d)
2023-11-08/keck_kcrm_A: cleared pre-template Calibrations
2023-11-08/keck_kcrm_A: 5 science frames -- calibrations ...
2023-11-08/keck_kcrm_A: CALIB RUN FAILED, night continues with next setup
2023-11-17/keck_kcrm_A: no science frames, skipped
2023-11-17/keck_kcrm_B: 3 science frames -- calibrations ...
2023-11-17/keck_kcrm_B: wavelength solutions on 24 slices
2023-11-17/keck_kcrm_B: user_regions = :23,52:
2023-11-17/keck_kcrm_B: science run ...
2023-11-17/keck_kcrm_B: DONE (3/3 spec2d)
2023-11-17/keck_kcrm_C: 2 science frames -- calibrations ...
2023-11-17/keck_kcrm_C: wavelength solutions on 24 slices
2023-11-17/keck_kcrm_C: user_regions = :25,54:
2023-11-17/keck_kcrm_C: science run ...
2023-11-17/keck_kcrm_C: DONE (2/2 spec2d)
2024-03-13/keck_kcrm_A: no science frames, skipped
2024-03-13/keck_kcrm_B: 3 science frames -- calibrations ...
2024-03-13/keck_kcrm_B: wavelength solutions on 24 slices
2024-03-13/keck_kcrm_B: user_regions = :32,74:
2024-03-13/keck_kcrm_B: science run ...
2024-03-13/keck_kcrm_B: DONE (3/3 spec2d)
2024-03-13/keck_kcrm_C: no science frames, skipped
ALL NIGHTS PROCESSED
