
=== g191b2b_2023-09-16_B: 4 frames, airmass 1.20-1.20 (spread 0.00), span 7 min
  reusing existing cube
  trim 135,132  -> sensfunc OK: g191b2b_2023-09-16_B_sens_IR_p15cov.fits

=== G191B2b_2023-10-15_B_v1: 2 frames, airmass 1.59-1.60 (spread 0.01), span 3 min
  reusing existing cube
  trim 125,126  -> sensfunc OK: G191B2b_2023-10-15_B_v1_sens_IR_p15cov.fits

=== G191B2b_2023-10-15_B_v2: 3 frames, airmass 1.24-1.25 (spread 0.01), span 4 min
  reusing existing cube
  trim 125,126  -> sensfunc OK: G191B2b_2023-10-15_B_v2_sens_IR_p15cov.fits

=== g191b2b_2023-10-16_B_v1: 3 frames, airmass 1.58-1.61 (spread 0.03), span 4 min
  reusing existing cube
  trim 120,126  -> sensfunc OK: g191b2b_2023-10-16_B_v1_sens_IR_p15cov.fits

=== g191b2b_2023-10-16_B_v2: 3 frames, airmass 1.25-1.26 (spread 0.01), span 4 min
  reusing existing cube
  trim 120,126  -> sensfunc OK: g191b2b_2023-10-16_B_v2_sens_IR_p15cov.fits

=== g191b2b_2023-10-17_C_v1: 3 frames, airmass 1.55-1.57 (spread 0.02), span 4 min
  reusing existing cube
  trim 126,126  -> sensfunc OK: g191b2b_2023-10-17_C_v1_sens_IR_p15cov.fits

=== g191b2b_2023-10-17_C_v2: 3 frames, airmass 1.28-1.29 (spread 0.01), span 4 min
  reusing existing cube
  trim 126,126  -> sensfunc OK: g191b2b_2023-10-17_C_v2_sens_IR_p15cov.fits

=== g191b2b_2023-10-20_B_v1: 3 frames, airmass 1.49-1.51 (spread 0.02), span 5 min
  reusing existing cube
  trim 125,125  -> sensfunc OK: g191b2b_2023-10-20_B_v1_sens_IR_p15cov.fits

=== g191b2b_2023-10-20_B_v2: 3 frames, airmass 1.21-1.22 (spread 0.01), span 4 min
  reusing existing cube
  trim 125,125  -> sensfunc OK: g191b2b_2023-10-20_B_v2_sens_IR_p15cov.fits

=== g191b2b_2023-11-07_B: 4 frames, airmass 1.44-1.46 (spread 0.02), span 6 min
  reusing existing cube
  trim 135,132  -> sensfunc OK: g191b2b_2023-11-07_B_sens_IR_p15cov.fits

=== g191b2b_2023-11-08_A_v1: 3 frames, airmass 1.21-1.22 (spread 0.01), span 10 min
  reusing existing cube
  trim 368,381  -> sensfunc OK: g191b2b_2023-11-08_A_v1_sens_IR_p15cov.fits

=== g191b2b_2023-11-08_A_v2: 2 frames, airmass 1.61-1.63 (spread 0.02), span 5 min
  reusing existing cube
  trim 368,381  -> sensfunc OK: g191b2b_2023-11-08_A_v2_sens_IR_p15cov.fits

=== feige34_2023-11-17_B: 3 frames, airmass 1.19-1.19 (spread 0.00), span 4 min
  reusing existing cube
  trim 138,135  -> sensfunc OK: feige34_2023-11-17_B_sens_IR_p15cov.fits

=== feige34_2023-11-17_C: 2 frames, airmass 1.18-1.18 (spread 0.00), span 2 min
  reusing existing cube
  trim 125,131  -> sensfunc OK: feige34_2023-11-17_C_sens_IR_p15cov.fits

=== feige34_2024-03-13_B: 3 frames, airmass 1.25-1.27 (spread 0.02), span 4 min
  reusing existing cube
  trim 138,134  -> sensfunc OK: feige34_2024-03-13_B_sens_IR_p15cov.fits

ALL SETUPS PROCESSED
