    INFO | 2026-08-18 16:05:45 | inputfiles.py:from_file:136 | Loading the reduction file
    INFO | 2026-08-18 16:05:45 | inputfiles.py:from_file:214 | PypeIt input file loaded successfully.
    INFO | 2026-08-18 16:05:45 | inputfiles.py:vet:685 | PypeIt file successfully vetted.
    INFO | 2026-08-18 16:05:45 | pypeit.py:__init__:82 | Loaded spectrograph keck_kcrm
    INFO | 2026-08-18 16:05:45 | pypeit.py:__init__:83 | Setting configuration-specific parameters using KR.20250526.52448.50.fits.
    INFO | 2026-08-18 16:05:45 | pypeit.py:__init__:99 | Compiling metadata
    INFO | 2026-08-18 16:05:45 | metadata.py:_build:206 | Building metadata for 33 files.
    INFO | 2026-08-18 16:05:45 | metadata.py:_build:235 | Adding metadata for KR.20250526.12763.31.fits
    INFO | 2026-08-18 16:05:45 | metadata.py:_build:235 | Adding metadata for KR.20250526.12795.95.fits
    INFO | 2026-08-18 16:05:45 | metadata.py:_build:235 | Adding metadata for KR.20250526.12825.53.fits
    INFO | 2026-08-18 16:05:45 | metadata.py:_build:235 | Adding metadata for KR.20250526.12893.87.fits
    INFO | 2026-08-18 16:05:45 | metadata.py:_build:235 | Adding metadata for KR.20250526.12923.45.fits
    INFO | 2026-08-18 16:05:45 | metadata.py:_build:235 | Adding metadata for KR.20250526.12952.10.fits
    INFO | 2026-08-18 16:05:45 | metadata.py:_build:235 | Adding metadata for KR.20250526.10331.62.fits
    INFO | 2026-08-18 16:05:45 | metadata.py:_build:235 | Adding metadata for KR.20250526.10375.48.fits
    INFO | 2026-08-18 16:05:45 | metadata.py:_build:235 | Adding metadata for KR.20250526.10419.34.fits
    INFO | 2026-08-18 16:05:45 | metadata.py:_build:235 | Adding metadata for KR.20250526.10463.20.fits
    INFO | 2026-08-18 16:05:45 | metadata.py:_build:235 | Adding metadata for KR.20250526.10507.60.fits
    INFO | 2026-08-18 16:05:45 | metadata.py:_build:235 | Adding metadata for KR.20250526.10550.92.fits
    INFO | 2026-08-18 16:05:45 | metadata.py:_build:235 | Adding metadata for KR.20250526.10594.78.fits
    INFO | 2026-08-18 16:05:45 | metadata.py:_build:235 | Adding metadata for KR.20250526.12309.40.fits
    INFO | 2026-08-18 16:05:45 | metadata.py:_build:235 | Adding metadata for KR.20250526.12353.26.fits
    INFO | 2026-08-18 16:05:45 | metadata.py:_build:235 | Adding metadata for KR.20250526.12397.13.fits
    INFO | 2026-08-18 16:05:45 | metadata.py:_build:235 | Adding metadata for KR.20250526.12440.99.fits
    INFO | 2026-08-18 16:05:45 | metadata.py:_build:235 | Adding metadata for KR.20250526.12484.85.fits
    INFO | 2026-08-18 16:05:45 | metadata.py:_build:235 | Adding metadata for KR.20250526.12528.71.fits
    INFO | 2026-08-18 16:05:45 | metadata.py:_build:235 | Adding metadata for KR.20250526.12572.57.fits
    INFO | 2026-08-18 16:05:45 | metadata.py:_build:235 | Adding metadata for KR.20250526.13566.50.fits
    INFO | 2026-08-18 16:05:45 | metadata.py:_build:235 | Adding metadata for KR.20250526.13630.31.fits
    INFO | 2026-08-18 16:05:45 | metadata.py:_build:235 | Adding metadata for KR.20250526.13694.57.fits
    INFO | 2026-08-18 16:05:45 | metadata.py:_build:235 | Adding metadata for KR.20250526.13114.19.fits
    INFO | 2026-08-18 16:05:45 | metadata.py:_build:235 | Adding metadata for KR.20250526.13165.19.fits
    INFO | 2026-08-18 16:05:45 | metadata.py:_build:235 | Adding metadata for KR.20250526.13215.17.fits
    INFO | 2026-08-18 16:05:45 | metadata.py:_build:235 | Adding metadata for KR.20250526.13265.15.fits
    INFO | 2026-08-18 16:05:45 | metadata.py:_build:235 | Adding metadata for KR.20250526.13315.13.fits
    INFO | 2026-08-18 16:05:45 | metadata.py:_build:235 | Adding metadata for KR.20250526.13365.11.fits
    INFO | 2026-08-18 16:05:45 | metadata.py:_build:235 | Adding metadata for KR.20250526.52448.50.fits
    INFO | 2026-08-18 16:05:45 | metadata.py:_build:235 | Adding metadata for KR.20250526.12999.95.fits
    INFO | 2026-08-18 16:05:45 | metadata.py:_build:235 | Adding metadata for KR.20250526.13029.53.fits
    INFO | 2026-08-18 16:05:45 | metadata.py:_build:235 | Adding metadata for KR.20250526.13059.11.fits
 WARNING | 2026-08-18 16:05:45 | metadata.py:_vet_instrument:180 | The instrument name in the headers of the raw files does not match the expected one! Found KCWI, expected KCRM.  You may have chosen the wrong PypeIt spectrograph name!
 WARNING | 2026-08-18 16:05:45 | metadata.py:get_frame_types:1384 | Removing existing frametype and framebit columns.
    INFO | 2026-08-18 16:05:45 | metadata.py:get_frame_types:1391 | Typing files
    INFO | 2026-08-18 16:05:45 | metadata.py:get_frame_types:1401 | Using user-provided frame types.
    INFO | 2026-08-18 16:05:45 | calibrations.py:check_for_calibs:1862 | Congrats!!  You passed the calibrations inspection!!
    INFO | 2026-08-18 16:05:45 | metadata.py:unique_configurations:696 | Setup column already set.  Finding unique configurations.
    INFO | 2026-08-18 16:05:45 | metadata.py:unique_configurations:706 | Found 1 unique configurations.
    INFO | 2026-08-18 16:05:45 | calibrations.py:association_summary:1731 | Calibration association file written to: /Users/kaiwenzhang/PycharmProjects/KCWI/KCWI_RED_channel_characterization/2025-05-25/pypeit_run/keck_kcrm_B/keck_kcrm_B.calib
    INFO | 2026-08-18 16:05:45 | pypeit.py:__init__:133 | Setting reduction path to /Users/kaiwenzhang/PycharmProjects/KCWI/KCWI_RED_channel_characterization/2025-05-25/pypeit_run/keck_kcrm_B
    INFO | 2026-08-18 16:05:45 | pypeit.py:__init__:134 | Calibration frames saved to: /Users/kaiwenzhang/PycharmProjects/KCWI/KCWI_RED_channel_characterization/2025-05-25/pypeit_run/keck_kcrm_B/Calibrations
    INFO | 2026-08-18 16:05:45 | pypeit.py:__init__:135 | Science data output to: /Users/kaiwenzhang/PycharmProjects/KCWI/KCWI_RED_channel_characterization/2025-05-25/pypeit_run/keck_kcrm_B/Science
    INFO | 2026-08-18 16:05:45 | pypeit.py:__init__:136 | Quality assessment plots output to: /Users/kaiwenzhang/PycharmProjects/KCWI/KCWI_RED_channel_characterization/2025-05-25/pypeit_run/keck_kcrm_B/QA
    INFO | 2026-08-18 16:05:45 | pypeit.py:reduce_calibID:311 | Found 1 science frames in calibration group 1.
    INFO | 2026-08-18 16:05:45 | exposure.py:reduce_exposure:406 | Reducing target feige110
Combining frames:
KR.20250526.52448.50.fits

    INFO | 2026-08-18 16:05:45 | exposure.py:reduce_exposure:417 | Detectors to work on: [1]
    INFO | 2026-08-18 16:05:45 | exposure.py:reduce_exposure:422 | Calibrating detector 1
    INFO | 2026-08-18 16:05:45 | pypeit_steps.py:calib_one:173 | Building/loading calibrations for detector 1
    INFO | 2026-08-18 16:05:45 | datamodel.py:from_file:1558 | Loading BiasImage from /Users/kaiwenzhang/PycharmProjects/KCWI/KCWI_RED_channel_characterization/2025-05-25/pypeit_run/keck_kcrm_B/Calibrations/Bias_B_1_DET01.fits
 WARNING | 2026-08-18 16:05:45 | calibrations.py:get_dark:606 | No raw dark frames found and unable to identify a relevant processed calibration frame.  Continuing...
    INFO | 2026-08-18 16:05:45 | keck_kcwi.py:get_rawimage:1426 | Reading KCWI file: /Users/kaiwenzhang/PycharmProjects/KCWI/KCWI_RED_channel_characterization/fits/by_night/2025-05-25/KR.20250526.12763.31.fits
 WARNING | 2026-08-18 16:05:45 | keck_kcwi.py:bpm:820 | KCRM bad pixel mask is not available for ampmode=L2U2L1U1 binning=2,2
    INFO | 2026-08-18 16:05:45 | datamodel.py:from_file:1558 | Loading ArcImage from /Users/kaiwenzhang/PycharmProjects/KCWI/KCWI_RED_channel_characterization/2025-05-25/pypeit_run/keck_kcrm_B/Calibrations/Arc_B_1_DET01.fits
    INFO | 2026-08-18 16:05:45 | datamodel.py:from_file:1558 | Loading TiltImage from /Users/kaiwenzhang/PycharmProjects/KCWI/KCWI_RED_channel_characterization/2025-05-25/pypeit_run/keck_kcrm_B/Calibrations/Tiltimg_B_1_DET01.fits
    INFO | 2026-08-18 16:05:45 | datamodel.py:from_file:1558 | Loading SlitTraceSet from /Users/kaiwenzhang/PycharmProjects/KCWI/KCWI_RED_channel_characterization/2025-05-25/pypeit_run/keck_kcrm_B/Calibrations/Slits_B_1_DET01.fits.gz
    INFO | 2026-08-18 16:05:45 | datamodel.py:from_file:1558 | Loading WaveCalib from /Users/kaiwenzhang/PycharmProjects/KCWI/KCWI_RED_channel_characterization/2025-05-25/pypeit_run/keck_kcrm_B/Calibrations/WaveCalib_B_1_DET01.fits
    INFO | 2026-08-18 16:05:46 | datamodel.py:from_file:1558 | Loading WaveTilts from /Users/kaiwenzhang/PycharmProjects/KCWI/KCWI_RED_channel_characterization/2025-05-25/pypeit_run/keck_kcrm_B/Calibrations/Tilts_B_1_DET01.fits
    INFO | 2026-08-18 16:05:46 | datamodel.py:from_file:1558 | Loading Alignments from /Users/kaiwenzhang/PycharmProjects/KCWI/KCWI_RED_channel_characterization/2025-05-25/pypeit_run/keck_kcrm_B/Calibrations/Alignment_B_1_DET01.fits
    INFO | 2026-08-18 16:05:46 | datamodel.py:from_file:1558 | Loading ScatteredLight from /Users/kaiwenzhang/PycharmProjects/KCWI/KCWI_RED_channel_characterization/2025-05-25/pypeit_run/keck_kcrm_B/Calibrations/ScatteredLight_B_1_DET01.fits.gz
    INFO | 2026-08-18 16:05:46 | datamodel.py:from_file:1558 | Loading FlatImages from /Users/kaiwenzhang/PycharmProjects/KCWI/KCWI_RED_channel_characterization/2025-05-25/pypeit_run/keck_kcrm_B/Calibrations/Flat_B_1_DET01.fits
    INFO | 2026-08-18 16:05:47 | calibrations.py:run_the_steps:1459 | Calibration complete and/or fully loaded!
    INFO | 2026-08-18 16:05:47 | calibrations.py:run_the_steps:1460 | #######################################################################
    INFO | 2026-08-18 16:05:47 | exposure.py:process_exposure:126 | Reducing detector 1
    INFO | 2026-08-18 16:05:47 | datamodel.py:from_file:1558 | Loading BiasImage from /Users/kaiwenzhang/PycharmProjects/KCWI/KCWI_RED_channel_characterization/2025-05-25/pypeit_run/keck_kcrm_B/Calibrations/Bias_B_1_DET01.fits
 WARNING | 2026-08-18 16:05:47 | calibrations.py:get_dark:606 | No raw dark frames found and unable to identify a relevant processed calibration frame.  Continuing...
    INFO | 2026-08-18 16:05:47 | keck_kcwi.py:get_rawimage:1426 | Reading KCWI file: /Users/kaiwenzhang/PycharmProjects/KCWI/KCWI_RED_channel_characterization/fits/by_night/2025-05-25/KR.20250526.52448.50.fits
    INFO | 2026-08-18 16:05:47 | datamodel.py:from_file:1558 | Loading ArcImage from /Users/kaiwenzhang/PycharmProjects/KCWI/KCWI_RED_channel_characterization/2025-05-25/pypeit_run/keck_kcrm_B/Calibrations/Arc_B_1_DET01.fits
    INFO | 2026-08-18 16:05:47 | datamodel.py:from_file:1558 | Loading TiltImage from /Users/kaiwenzhang/PycharmProjects/KCWI/KCWI_RED_channel_characterization/2025-05-25/pypeit_run/keck_kcrm_B/Calibrations/Tiltimg_B_1_DET01.fits
    INFO | 2026-08-18 16:05:47 | datamodel.py:from_file:1558 | Loading SlitTraceSet from /Users/kaiwenzhang/PycharmProjects/KCWI/KCWI_RED_channel_characterization/2025-05-25/pypeit_run/keck_kcrm_B/Calibrations/Slits_B_1_DET01.fits.gz
    INFO | 2026-08-18 16:05:47 | datamodel.py:from_file:1558 | Loading WaveCalib from /Users/kaiwenzhang/PycharmProjects/KCWI/KCWI_RED_channel_characterization/2025-05-25/pypeit_run/keck_kcrm_B/Calibrations/WaveCalib_B_1_DET01.fits
    INFO | 2026-08-18 16:05:48 | datamodel.py:from_file:1558 | Loading WaveTilts from /Users/kaiwenzhang/PycharmProjects/KCWI/KCWI_RED_channel_characterization/2025-05-25/pypeit_run/keck_kcrm_B/Calibrations/Tilts_B_1_DET01.fits
    INFO | 2026-08-18 16:05:48 | datamodel.py:from_file:1558 | Loading Alignments from /Users/kaiwenzhang/PycharmProjects/KCWI/KCWI_RED_channel_characterization/2025-05-25/pypeit_run/keck_kcrm_B/Calibrations/Alignment_B_1_DET01.fits
    INFO | 2026-08-18 16:05:48 | datamodel.py:from_file:1558 | Loading ScatteredLight from /Users/kaiwenzhang/PycharmProjects/KCWI/KCWI_RED_channel_characterization/2025-05-25/pypeit_run/keck_kcrm_B/Calibrations/ScatteredLight_B_1_DET01.fits.gz
    INFO | 2026-08-18 16:05:48 | datamodel.py:from_file:1558 | Loading FlatImages from /Users/kaiwenzhang/PycharmProjects/KCWI/KCWI_RED_channel_characterization/2025-05-25/pypeit_run/keck_kcrm_B/Calibrations/Flat_B_1_DET01.fits
    INFO | 2026-08-18 16:05:48 | calibrations.py:run_the_steps:1459 | Calibration complete and/or fully loaded!
    INFO | 2026-08-18 16:05:48 | calibrations.py:run_the_steps:1460 | #######################################################################
    INFO | 2026-08-18 16:05:48 | pypeit_steps.py:process_one_det:260 | Image processing begins for KR.20250526.52448.50-feige110_KCRM_20250526T143408.515 on det=1
    INFO | 2026-08-18 16:05:48 | keck_kcwi.py:get_rawimage:1426 | Reading KCWI file: /Users/kaiwenzhang/PycharmProjects/KCWI/KCWI_RED_channel_characterization/fits/by_night/2025-05-25/KR.20250526.52448.50.fits
    INFO | 2026-08-18 16:05:48 | rawimage.py:process:564 | Performing basic image processing on KR.20250526.52448.50.fits.
    INFO | 2026-08-18 16:05:49 | rawimage.py:estimate_readnoise:359 | Estimated readnoise of amplifier 1 = 3.919 e-
    INFO | 2026-08-18 16:05:49 | rawimage.py:estimate_readnoise:359 | Estimated readnoise of amplifier 2 = 3.913 e-
    INFO | 2026-08-18 16:05:52 | procimg.py:lacosmic:170 | Detecting cosmic rays with the L.A.Cosmic algorithm
    INFO | 2026-08-18 16:05:52 | procimg.py:lacosmic:218 | Convolving image with Laplacian kernel
    INFO | 2026-08-18 16:05:54 | procimg.py:lacosmic:229 | Found 12964 candidate cosmic-ray pixels
    INFO | 2026-08-18 16:05:54 | procimg.py:lacosmic:235 | Reduced to 12964 candidates after excluding known bad pixels.
    INFO | 2026-08-18 16:05:56 | procimg.py:lacosmic:246 | Reduced to 5170 candidates after excluding compact objects.
    INFO | 2026-08-18 16:05:56 | procimg.py:lacosmic:250 | Finding neighboring pixels affected by cosmic rays
    INFO | 2026-08-18 16:05:56 | procimg.py:lacosmic:260 | Changed to 14193 candidates after evaluating neighboring pixels.
    INFO | 2026-08-18 16:05:56 | procimg.py:lacosmic:266 | Reduced to 14193 candidates after excluding known bad pixels.
    INFO | 2026-08-18 16:05:56 | procimg.py:lacosmic:271 | Iteration 1: 14193 pixels identified as cosmic rays (14193 are new)
    INFO | 2026-08-18 16:05:57 | procimg.py:lacosmic:300 | 12800 pixels identified as cosmic rays after removing false positives
    INFO | 2026-08-18 16:05:57 | pypeit_steps.py:findobj_on_det:381 | Object finding begins for KR.20250526.52448.50-feige110_KCRM_20250526T143408.515 on det=1
    INFO | 2026-08-18 16:05:57 | datamodel.py:from_file:1558 | Loading BiasImage from /Users/kaiwenzhang/PycharmProjects/KCWI/KCWI_RED_channel_characterization/2025-05-25/pypeit_run/keck_kcrm_B/Calibrations/Bias_B_1_DET01.fits
 WARNING | 2026-08-18 16:05:57 | calibrations.py:get_dark:606 | No raw dark frames found and unable to identify a relevant processed calibration frame.  Continuing...
    INFO | 2026-08-18 16:05:57 | keck_kcwi.py:get_rawimage:1426 | Reading KCWI file: /Users/kaiwenzhang/PycharmProjects/KCWI/KCWI_RED_channel_characterization/fits/by_night/2025-05-25/KR.20250526.52448.50.fits
    INFO | 2026-08-18 16:05:57 | datamodel.py:from_file:1558 | Loading ArcImage from /Users/kaiwenzhang/PycharmProjects/KCWI/KCWI_RED_channel_characterization/2025-05-25/pypeit_run/keck_kcrm_B/Calibrations/Arc_B_1_DET01.fits
    INFO | 2026-08-18 16:05:57 | datamodel.py:from_file:1558 | Loading TiltImage from /Users/kaiwenzhang/PycharmProjects/KCWI/KCWI_RED_channel_characterization/2025-05-25/pypeit_run/keck_kcrm_B/Calibrations/Tiltimg_B_1_DET01.fits
    INFO | 2026-08-18 16:05:57 | datamodel.py:from_file:1558 | Loading SlitTraceSet from /Users/kaiwenzhang/PycharmProjects/KCWI/KCWI_RED_channel_characterization/2025-05-25/pypeit_run/keck_kcrm_B/Calibrations/Slits_B_1_DET01.fits.gz
    INFO | 2026-08-18 16:05:57 | datamodel.py:from_file:1558 | Loading WaveCalib from /Users/kaiwenzhang/PycharmProjects/KCWI/KCWI_RED_channel_characterization/2025-05-25/pypeit_run/keck_kcrm_B/Calibrations/WaveCalib_B_1_DET01.fits
    INFO | 2026-08-18 16:05:57 | datamodel.py:from_file:1558 | Loading WaveTilts from /Users/kaiwenzhang/PycharmProjects/KCWI/KCWI_RED_channel_characterization/2025-05-25/pypeit_run/keck_kcrm_B/Calibrations/Tilts_B_1_DET01.fits
    INFO | 2026-08-18 16:05:57 | datamodel.py:from_file:1558 | Loading Alignments from /Users/kaiwenzhang/PycharmProjects/KCWI/KCWI_RED_channel_characterization/2025-05-25/pypeit_run/keck_kcrm_B/Calibrations/Alignment_B_1_DET01.fits
    INFO | 2026-08-18 16:05:57 | datamodel.py:from_file:1558 | Loading ScatteredLight from /Users/kaiwenzhang/PycharmProjects/KCWI/KCWI_RED_channel_characterization/2025-05-25/pypeit_run/keck_kcrm_B/Calibrations/ScatteredLight_B_1_DET01.fits.gz
    INFO | 2026-08-18 16:05:58 | datamodel.py:from_file:1558 | Loading FlatImages from /Users/kaiwenzhang/PycharmProjects/KCWI/KCWI_RED_channel_characterization/2025-05-25/pypeit_run/keck_kcrm_B/Calibrations/Flat_B_1_DET01.fits
    INFO | 2026-08-18 16:05:58 | calibrations.py:run_the_steps:1459 | Calibration complete and/or fully loaded!
    INFO | 2026-08-18 16:05:58 | calibrations.py:run_the_steps:1460 | #######################################################################
    INFO | 2026-08-18 16:05:58 | pypeit_steps.py:findobj_on_det:387 | Reducing detector 1
    INFO | 2026-08-18 16:05:58 | pypeit_steps.py:load_skyregions:606 | Generating skysub mask based on the user defined regions: :35,64:
    INFO | 2026-08-18 16:05:59 | find_objects.py:__init__:164 | Initializing slits
    INFO | 2026-08-18 16:05:59 | find_objects.py:__init__:232 | Generating tilts image from fit in waveTilts
    INFO | 2026-08-18 16:05:59 | wavetilts.py:fit2tiltimg:143 | Generating a tilts image from the fit parameters
    INFO | 2026-08-18 16:06:11 | find_objects.py:global_skysub:583 | Global sky subtraction for slit: 48
    INFO | 2026-08-18 16:06:11 | skysub.py:global_skysub:195 | Full fit in global sky sub.
    INFO | 2026-08-18 16:06:11 | fitting.py:bspline_profile:1156 | B-spline fit:
    INFO | 2026-08-18 16:06:11 | fitting.py:bspline_profile:1157 |     npoly = 2 profile basis functions
    INFO | 2026-08-18 16:06:11 | fitting.py:bspline_profile:1158 |     ngood = 89695/144434 measurements
    INFO | 2026-08-18 16:06:11 | fitting.py:bspline_profile:1159 | ***************** Iter     Chi^2    N Rej  R. Fac *****************
    INFO | 2026-08-18 16:06:11 | fitting.py:bspline_profile:1163 |                   ----  --------  -------  ------                  
    INFO | 2026-08-18 16:06:11 | fitting.py:bspline_profile:1257 |                      1     1.007    54902    1.00                  
    INFO | 2026-08-18 16:06:11 | fitting.py:bspline_profile:1257 |                      2     0.981    54904    1.00                  
    INFO | 2026-08-18 16:06:12 | fitting.py:bspline_profile:1257 |                      3     0.981    54904    1.00                  
    INFO | 2026-08-18 16:06:12 | fitting.py:bspline_profile:1272 |                   DONE     0.981    54904    1.00                  
    INFO | 2026-08-18 16:06:12 | fitting.py:bspline_profile:1275 | *******************************************************************
    INFO | 2026-08-18 16:06:12 | find_objects.py:global_skysub:583 | Global sky subtraction for slit: 128
    INFO | 2026-08-18 16:06:12 | skysub.py:global_skysub:195 | Full fit in global sky sub.
    INFO | 2026-08-18 16:06:12 | fitting.py:bspline_profile:1156 | B-spline fit:
    INFO | 2026-08-18 16:06:12 | fitting.py:bspline_profile:1157 |     npoly = 2 profile basis functions
    INFO | 2026-08-18 16:06:12 | fitting.py:bspline_profile:1158 |     ngood = 89435/144667 measurements
    INFO | 2026-08-18 16:06:12 | fitting.py:bspline_profile:1159 | ***************** Iter     Chi^2    N Rej  R. Fac *****************
    INFO | 2026-08-18 16:06:12 | fitting.py:bspline_profile:1163 |                   ----  --------  -------  ------                  
    INFO | 2026-08-18 16:06:12 | fitting.py:bspline_profile:1257 |                      1     1.003    55391    1.00                  
    INFO | 2026-08-18 16:06:12 | fitting.py:bspline_profile:1257 |                      2     0.979    55396    1.00                  
    INFO | 2026-08-18 16:06:12 | fitting.py:bspline_profile:1257 |                      3     0.978    55397    1.00                  
    INFO | 2026-08-18 16:06:12 | fitting.py:bspline_profile:1257 |                      4     0.978    55397    1.00                  
    INFO | 2026-08-18 16:06:12 | fitting.py:bspline_profile:1272 |                   DONE     0.978    55397    1.00                  
    INFO | 2026-08-18 16:06:12 | fitting.py:bspline_profile:1275 | *******************************************************************
    INFO | 2026-08-18 16:06:12 | find_objects.py:global_skysub:583 | Global sky subtraction for slit: 205
    INFO | 2026-08-18 16:06:12 | skysub.py:global_skysub:195 | Full fit in global sky sub.
    INFO | 2026-08-18 16:06:12 | fitting.py:bspline_profile:1156 | B-spline fit:
    INFO | 2026-08-18 16:06:12 | fitting.py:bspline_profile:1157 |     npoly = 2 profile basis functions
    INFO | 2026-08-18 16:06:12 | fitting.py:bspline_profile:1158 |     ngood = 90015/145173 measurements
    INFO | 2026-08-18 16:06:12 | fitting.py:bspline_profile:1159 | ***************** Iter     Chi^2    N Rej  R. Fac *****************
    INFO | 2026-08-18 16:06:12 | fitting.py:bspline_profile:1163 |                   ----  --------  -------  ------                  
    INFO | 2026-08-18 16:06:13 | fitting.py:bspline_profile:1257 |                      1     1.011    55321    1.00                  
    INFO | 2026-08-18 16:06:13 | fitting.py:bspline_profile:1257 |                      2     0.983    55323    1.00                  
    INFO | 2026-08-18 16:06:13 | fitting.py:bspline_profile:1257 |                      3     0.983    55323    1.00                  
    INFO | 2026-08-18 16:06:13 | fitting.py:bspline_profile:1272 |                   DONE     0.983    55323    1.00                  
    INFO | 2026-08-18 16:06:13 | fitting.py:bspline_profile:1275 | *******************************************************************
    INFO | 2026-08-18 16:06:13 | find_objects.py:global_skysub:583 | Global sky subtraction for slit: 283
    INFO | 2026-08-18 16:06:13 | skysub.py:global_skysub:195 | Full fit in global sky sub.
    INFO | 2026-08-18 16:06:13 | fitting.py:bspline_profile:1156 | B-spline fit:
    INFO | 2026-08-18 16:06:13 | fitting.py:bspline_profile:1157 |     npoly = 2 profile basis functions
    INFO | 2026-08-18 16:06:13 | fitting.py:bspline_profile:1158 |     ngood = 88970/144738 measurements
    INFO | 2026-08-18 16:06:13 | fitting.py:bspline_profile:1159 | ***************** Iter     Chi^2    N Rej  R. Fac *****************
    INFO | 2026-08-18 16:06:13 | fitting.py:bspline_profile:1163 |                   ----  --------  -------  ------                  
    INFO | 2026-08-18 16:06:13 | fitting.py:bspline_profile:1257 |                      1     1.323    56006    1.00                  
    INFO | 2026-08-18 16:06:13 | fitting.py:bspline_profile:1257 |                      2     0.999    56011    1.00                  
    INFO | 2026-08-18 16:06:14 | fitting.py:bspline_profile:1257 |                      3     0.998    56011    1.00                  
    INFO | 2026-08-18 16:06:14 | fitting.py:bspline_profile:1272 |                   DONE     0.998    56011    1.00                  
    INFO | 2026-08-18 16:06:14 | fitting.py:bspline_profile:1275 | *******************************************************************
    INFO | 2026-08-18 16:06:14 | find_objects.py:global_skysub:583 | Global sky subtraction for slit: 358
    INFO | 2026-08-18 16:06:14 | skysub.py:global_skysub:195 | Full fit in global sky sub.
    INFO | 2026-08-18 16:06:14 | fitting.py:bspline_profile:1156 | B-spline fit:
    INFO | 2026-08-18 16:06:14 | fitting.py:bspline_profile:1157 |     npoly = 2 profile basis functions
    INFO | 2026-08-18 16:06:14 | fitting.py:bspline_profile:1158 |     ngood = 89866/145084 measurements
    INFO | 2026-08-18 16:06:14 | fitting.py:bspline_profile:1159 | ***************** Iter     Chi^2    N Rej  R. Fac *****************
    INFO | 2026-08-18 16:06:14 | fitting.py:bspline_profile:1163 |                   ----  --------  -------  ------                  
    INFO | 2026-08-18 16:06:14 | fitting.py:bspline_profile:1257 |                      1     1.111    55452    1.00                  
    INFO | 2026-08-18 16:06:14 | fitting.py:bspline_profile:1257 |                      2     1.012    55455    1.00                  
    INFO | 2026-08-18 16:06:14 | fitting.py:bspline_profile:1257 |                      3     1.012    55455    1.00                  
    INFO | 2026-08-18 16:06:14 | fitting.py:bspline_profile:1272 |                   DONE     1.012    55455    1.00                  
    INFO | 2026-08-18 16:06:14 | fitting.py:bspline_profile:1275 | *******************************************************************
    INFO | 2026-08-18 16:06:14 | find_objects.py:global_skysub:583 | Global sky subtraction for slit: 433
    INFO | 2026-08-18 16:06:14 | skysub.py:global_skysub:195 | Full fit in global sky sub.
    INFO | 2026-08-18 16:06:14 | fitting.py:bspline_profile:1156 | B-spline fit:
    INFO | 2026-08-18 16:06:14 | fitting.py:bspline_profile:1157 |     npoly = 2 profile basis functions
    INFO | 2026-08-18 16:06:14 | fitting.py:bspline_profile:1158 |     ngood = 90215/145203 measurements
    INFO | 2026-08-18 16:06:14 | fitting.py:bspline_profile:1159 | ***************** Iter     Chi^2    N Rej  R. Fac *****************
    INFO | 2026-08-18 16:06:14 | fitting.py:bspline_profile:1163 |                   ----  --------  -------  ------                  
    INFO | 2026-08-18 16:06:15 | fitting.py:bspline_profile:1257 |                      1     1.058    55210    1.00                  
    INFO | 2026-08-18 16:06:15 | fitting.py:bspline_profile:1257 |                      2     1.025    55216    1.00                  
    INFO | 2026-08-18 16:06:15 | fitting.py:bspline_profile:1257 |                      3     1.025    55216    1.00                  
    INFO | 2026-08-18 16:06:15 | fitting.py:bspline_profile:1272 |                   DONE     1.025    55216    1.00                  
    INFO | 2026-08-18 16:06:15 | fitting.py:bspline_profile:1275 | *******************************************************************
    INFO | 2026-08-18 16:06:15 | find_objects.py:global_skysub:583 | Global sky subtraction for slit: 506
    INFO | 2026-08-18 16:06:15 | skysub.py:global_skysub:195 | Full fit in global sky sub.
    INFO | 2026-08-18 16:06:15 | fitting.py:bspline_profile:1156 | B-spline fit:
    INFO | 2026-08-18 16:06:15 | fitting.py:bspline_profile:1157 |     npoly = 2 profile basis functions
    INFO | 2026-08-18 16:06:15 | fitting.py:bspline_profile:1158 |     ngood = 89373/144990 measurements
    INFO | 2026-08-18 16:06:15 | fitting.py:bspline_profile:1159 | ***************** Iter     Chi^2    N Rej  R. Fac *****************
    INFO | 2026-08-18 16:06:15 | fitting.py:bspline_profile:1163 |                   ----  --------  -------  ------                  
    INFO | 2026-08-18 16:06:15 | fitting.py:bspline_profile:1257 |                      1     1.113    55869    1.00                  
    INFO | 2026-08-18 16:06:15 | fitting.py:bspline_profile:1257 |                      2     1.049    55877    1.00                  
    INFO | 2026-08-18 16:06:16 | fitting.py:bspline_profile:1257 |                      3     1.048    55878    1.00                  
    INFO | 2026-08-18 16:06:16 | fitting.py:bspline_profile:1257 |                      4     1.048    55878    1.00                  
    INFO | 2026-08-18 16:06:16 | fitting.py:bspline_profile:1272 |                   DONE     1.048    55878    1.00                  
    INFO | 2026-08-18 16:06:16 | fitting.py:bspline_profile:1275 | *******************************************************************
    INFO | 2026-08-18 16:06:16 | find_objects.py:global_skysub:583 | Global sky subtraction for slit: 580
    INFO | 2026-08-18 16:06:16 | skysub.py:global_skysub:195 | Full fit in global sky sub.
    INFO | 2026-08-18 16:06:16 | fitting.py:bspline_profile:1156 | B-spline fit:
    INFO | 2026-08-18 16:06:16 | fitting.py:bspline_profile:1157 |     npoly = 2 profile basis functions
    INFO | 2026-08-18 16:06:16 | fitting.py:bspline_profile:1158 |     ngood = 90535/145407 measurements
    INFO | 2026-08-18 16:06:16 | fitting.py:bspline_profile:1159 | ***************** Iter     Chi^2    N Rej  R. Fac *****************
    INFO | 2026-08-18 16:06:16 | fitting.py:bspline_profile:1163 |                   ----  --------  -------  ------                  
    INFO | 2026-08-18 16:06:16 | fitting.py:bspline_profile:1257 |                      1     1.189    55137    1.00                  
    INFO | 2026-08-18 16:06:16 | fitting.py:bspline_profile:1257 |                      2     1.032    55145    1.00                  
    INFO | 2026-08-18 16:06:16 | fitting.py:bspline_profile:1257 |                      3     1.031    55145    1.00                  
    INFO | 2026-08-18 16:06:16 | fitting.py:bspline_profile:1272 |                   DONE     1.031    55145    1.00                  
    INFO | 2026-08-18 16:06:16 | fitting.py:bspline_profile:1275 | *******************************************************************
    INFO | 2026-08-18 16:06:16 | find_objects.py:global_skysub:583 | Global sky subtraction for slit: 653
    INFO | 2026-08-18 16:06:17 | skysub.py:global_skysub:195 | Full fit in global sky sub.
    INFO | 2026-08-18 16:06:17 | fitting.py:bspline_profile:1156 | B-spline fit:
    INFO | 2026-08-18 16:06:17 | fitting.py:bspline_profile:1157 |     npoly = 2 profile basis functions
    INFO | 2026-08-18 16:06:17 | fitting.py:bspline_profile:1158 |     ngood = 89688/144774 measurements
    INFO | 2026-08-18 16:06:17 | fitting.py:bspline_profile:1159 | ***************** Iter     Chi^2    N Rej  R. Fac *****************
    INFO | 2026-08-18 16:06:17 | fitting.py:bspline_profile:1163 |                   ----  --------  -------  ------                  
    INFO | 2026-08-18 16:06:17 | fitting.py:bspline_profile:1257 |                      1     1.189    55380    1.00                  
    INFO | 2026-08-18 16:06:17 | fitting.py:bspline_profile:1257 |                      2     1.060    55390    1.00                  
    INFO | 2026-08-18 16:06:17 | fitting.py:bspline_profile:1257 |                      3     1.059    55390    1.00                  
    INFO | 2026-08-18 16:06:17 | fitting.py:bspline_profile:1272 |                   DONE     1.059    55390    1.00                  
    INFO | 2026-08-18 16:06:17 | fitting.py:bspline_profile:1275 | *******************************************************************
    INFO | 2026-08-18 16:06:17 | find_objects.py:global_skysub:583 | Global sky subtraction for slit: 728
    INFO | 2026-08-18 16:06:17 | skysub.py:global_skysub:195 | Full fit in global sky sub.
    INFO | 2026-08-18 16:06:17 | fitting.py:bspline_profile:1156 | B-spline fit:
    INFO | 2026-08-18 16:06:17 | fitting.py:bspline_profile:1157 |     npoly = 2 profile basis functions
    INFO | 2026-08-18 16:06:17 | fitting.py:bspline_profile:1158 |     ngood = 91024/145537 measurements
    INFO | 2026-08-18 16:06:17 | fitting.py:bspline_profile:1159 | ***************** Iter     Chi^2    N Rej  R. Fac *****************
    INFO | 2026-08-18 16:06:17 | fitting.py:bspline_profile:1163 |                   ----  --------  -------  ------                  
    INFO | 2026-08-18 16:06:17 | fitting.py:bspline_profile:1257 |                      1     1.194    55033    1.00                  
    INFO | 2026-08-18 16:06:18 | fitting.py:bspline_profile:1257 |                      2     1.118    55052    1.00                  
    INFO | 2026-08-18 16:06:18 | fitting.py:bspline_profile:1257 |                      3     1.116    55053    1.00                  
    INFO | 2026-08-18 16:06:18 | fitting.py:bspline_profile:1257 |                      4     1.116    55053    1.00                  
    INFO | 2026-08-18 16:06:18 | fitting.py:bspline_profile:1272 |                   DONE     1.116    55053    1.00                  
    INFO | 2026-08-18 16:06:18 | fitting.py:bspline_profile:1275 | *******************************************************************
    INFO | 2026-08-18 16:06:18 | find_objects.py:global_skysub:583 | Global sky subtraction for slit: 801
    INFO | 2026-08-18 16:06:18 | skysub.py:global_skysub:195 | Full fit in global sky sub.
    INFO | 2026-08-18 16:06:18 | fitting.py:bspline_profile:1156 | B-spline fit:
    INFO | 2026-08-18 16:06:18 | fitting.py:bspline_profile:1157 |     npoly = 2 profile basis functions
    INFO | 2026-08-18 16:06:18 | fitting.py:bspline_profile:1158 |     ngood = 90606/145322 measurements
    INFO | 2026-08-18 16:06:18 | fitting.py:bspline_profile:1159 | ***************** Iter     Chi^2    N Rej  R. Fac *****************
    INFO | 2026-08-18 16:06:18 | fitting.py:bspline_profile:1163 |                   ----  --------  -------  ------                  
    INFO | 2026-08-18 16:06:18 | fitting.py:bspline_profile:1257 |                      1     1.205    55236    1.00                  
    INFO | 2026-08-18 16:06:18 | fitting.py:bspline_profile:1257 |                      2     1.106    55253    1.00                  
    INFO | 2026-08-18 16:06:19 | fitting.py:bspline_profile:1257 |                      3     1.104    55254    1.00                  
    INFO | 2026-08-18 16:06:19 | fitting.py:bspline_profile:1257 |                      4     1.104    55254    1.00                  
    INFO | 2026-08-18 16:06:19 | fitting.py:bspline_profile:1272 |                   DONE     1.104    55254    1.00                  
    INFO | 2026-08-18 16:06:19 | fitting.py:bspline_profile:1275 | *******************************************************************
    INFO | 2026-08-18 16:06:19 | find_objects.py:global_skysub:583 | Global sky subtraction for slit: 875
    INFO | 2026-08-18 16:06:19 | skysub.py:global_skysub:195 | Full fit in global sky sub.
    INFO | 2026-08-18 16:06:19 | fitting.py:bspline_profile:1156 | B-spline fit:
    INFO | 2026-08-18 16:06:19 | fitting.py:bspline_profile:1157 |     npoly = 2 profile basis functions
    INFO | 2026-08-18 16:06:19 | fitting.py:bspline_profile:1158 |     ngood = 90397/145591 measurements
    INFO | 2026-08-18 16:06:19 | fitting.py:bspline_profile:1159 | ***************** Iter     Chi^2    N Rej  R. Fac *****************
    INFO | 2026-08-18 16:06:19 | fitting.py:bspline_profile:1163 |                   ----  --------  -------  ------                  
    INFO | 2026-08-18 16:06:19 | fitting.py:bspline_profile:1257 |                      1     1.363    56028    1.00                  
    INFO | 2026-08-18 16:06:19 | fitting.py:bspline_profile:1257 |                      2     1.233    56121    1.00                  
    INFO | 2026-08-18 16:06:19 | fitting.py:bspline_profile:1257 |                      3     1.222    56134    1.00                  
    INFO | 2026-08-18 16:06:20 | fitting.py:bspline_profile:1257 |                      4     1.220    56135    1.00                  
    INFO | 2026-08-18 16:06:20 | fitting.py:bspline_profile:1257 |                      5     1.220    56135    1.00                  
    INFO | 2026-08-18 16:06:20 | fitting.py:bspline_profile:1272 |                   DONE     1.220    56135    1.00                  
    INFO | 2026-08-18 16:06:20 | fitting.py:bspline_profile:1275 | *******************************************************************
    INFO | 2026-08-18 16:06:20 | find_objects.py:global_skysub:583 | Global sky subtraction for slit: 1154
    INFO | 2026-08-18 16:06:20 | skysub.py:global_skysub:195 | Full fit in global sky sub.
    INFO | 2026-08-18 16:06:20 | fitting.py:bspline_profile:1156 | B-spline fit:
    INFO | 2026-08-18 16:06:20 | fitting.py:bspline_profile:1157 |     npoly = 2 profile basis functions
    INFO | 2026-08-18 16:06:20 | fitting.py:bspline_profile:1158 |     ngood = 89952/145211 measurements
    INFO | 2026-08-18 16:06:20 | fitting.py:bspline_profile:1159 | ***************** Iter     Chi^2    N Rej  R. Fac *****************
    INFO | 2026-08-18 16:06:20 | fitting.py:bspline_profile:1163 |                   ----  --------  -------  ------                  
    INFO | 2026-08-18 16:06:20 | fitting.py:bspline_profile:1257 |                      1     1.374    56157    1.00                  
    INFO | 2026-08-18 16:06:20 | fitting.py:bspline_profile:1257 |                      2     1.225    56228    1.00                  
    INFO | 2026-08-18 16:06:20 | fitting.py:bspline_profile:1257 |                      3     1.216    56236    1.00                  
    INFO | 2026-08-18 16:06:21 | fitting.py:bspline_profile:1257 |                      4     1.215    56236    1.00                  
    INFO | 2026-08-18 16:06:21 | fitting.py:bspline_profile:1272 |                   DONE     1.215    56236    1.00                  
    INFO | 2026-08-18 16:06:21 | fitting.py:bspline_profile:1275 | *******************************************************************
    INFO | 2026-08-18 16:06:21 | find_objects.py:global_skysub:583 | Global sky subtraction for slit: 1227
    INFO | 2026-08-18 16:06:21 | skysub.py:global_skysub:195 | Full fit in global sky sub.
    INFO | 2026-08-18 16:06:21 | fitting.py:bspline_profile:1156 | B-spline fit:
    INFO | 2026-08-18 16:06:21 | fitting.py:bspline_profile:1157 |     npoly = 2 profile basis functions
    INFO | 2026-08-18 16:06:21 | fitting.py:bspline_profile:1158 |     ngood = 90723/145720 measurements
    INFO | 2026-08-18 16:06:21 | fitting.py:bspline_profile:1159 | ***************** Iter     Chi^2    N Rej  R. Fac *****************
    INFO | 2026-08-18 16:06:21 | fitting.py:bspline_profile:1163 |                   ----  --------  -------  ------                  
    INFO | 2026-08-18 16:06:21 | fitting.py:bspline_profile:1257 |                      1     1.270    55632    1.00                  
    INFO | 2026-08-18 16:06:21 | fitting.py:bspline_profile:1257 |                      2     1.172    55673    1.00                  
    INFO | 2026-08-18 16:06:21 | fitting.py:bspline_profile:1257 |                      3     1.167    55676    1.00                  
    INFO | 2026-08-18 16:06:22 | fitting.py:bspline_profile:1257 |                      4     1.167    55676    1.00                  
    INFO | 2026-08-18 16:06:22 | fitting.py:bspline_profile:1272 |                   DONE     1.167    55676    1.00                  
    INFO | 2026-08-18 16:06:22 | fitting.py:bspline_profile:1275 | *******************************************************************
    INFO | 2026-08-18 16:06:22 | find_objects.py:global_skysub:583 | Global sky subtraction for slit: 1301
    INFO | 2026-08-18 16:06:22 | skysub.py:global_skysub:195 | Full fit in global sky sub.
    INFO | 2026-08-18 16:06:22 | fitting.py:bspline_profile:1156 | B-spline fit:
    INFO | 2026-08-18 16:06:22 | fitting.py:bspline_profile:1157 |     npoly = 2 profile basis functions
    INFO | 2026-08-18 16:06:22 | fitting.py:bspline_profile:1158 |     ngood = 90680/145616 measurements
    INFO | 2026-08-18 16:06:22 | fitting.py:bspline_profile:1159 | ***************** Iter     Chi^2    N Rej  R. Fac *****************
    INFO | 2026-08-18 16:06:22 | fitting.py:bspline_profile:1163 |                   ----  --------  -------  ------                  
    INFO | 2026-08-18 16:06:22 | fitting.py:bspline_profile:1257 |                      1     1.328    55825    1.00                  
    INFO | 2026-08-18 16:06:22 | fitting.py:bspline_profile:1257 |                      2     1.186    55903    1.00                  
    INFO | 2026-08-18 16:06:22 | fitting.py:bspline_profile:1257 |                      3     1.176    55910    1.00                  
    INFO | 2026-08-18 16:06:22 | fitting.py:bspline_profile:1257 |                      4     1.175    55911    1.00                  
    INFO | 2026-08-18 16:06:23 | fitting.py:bspline_profile:1257 |                      5     1.175    55911    1.00                  
    INFO | 2026-08-18 16:06:23 | fitting.py:bspline_profile:1272 |                   DONE     1.175    55911    1.00                  
    INFO | 2026-08-18 16:06:23 | fitting.py:bspline_profile:1275 | *******************************************************************
    INFO | 2026-08-18 16:06:23 | find_objects.py:global_skysub:583 | Global sky subtraction for slit: 1375
    INFO | 2026-08-18 16:06:23 | skysub.py:global_skysub:195 | Full fit in global sky sub.
    INFO | 2026-08-18 16:06:23 | fitting.py:bspline_profile:1156 | B-spline fit:
    INFO | 2026-08-18 16:06:23 | fitting.py:bspline_profile:1157 |     npoly = 2 profile basis functions
    INFO | 2026-08-18 16:06:23 | fitting.py:bspline_profile:1158 |     ngood = 89304/145124 measurements
    INFO | 2026-08-18 16:06:23 | fitting.py:bspline_profile:1159 | ***************** Iter     Chi^2    N Rej  R. Fac *****************
    INFO | 2026-08-18 16:06:23 | fitting.py:bspline_profile:1163 |                   ----  --------  -------  ------                  
    INFO | 2026-08-18 16:06:23 | fitting.py:bspline_profile:1257 |                      1     1.153    56133    1.00                  
    INFO | 2026-08-18 16:06:23 | fitting.py:bspline_profile:1257 |                      2     1.107    56144    1.00                  
    INFO | 2026-08-18 16:06:23 | fitting.py:bspline_profile:1257 |                      3     1.105    56144    1.00                  
    INFO | 2026-08-18 16:06:23 | fitting.py:bspline_profile:1272 |                   DONE     1.105    56144    1.00                  
    INFO | 2026-08-18 16:06:23 | fitting.py:bspline_profile:1275 | *******************************************************************
    INFO | 2026-08-18 16:06:23 | find_objects.py:global_skysub:583 | Global sky subtraction for slit: 1448
    INFO | 2026-08-18 16:06:23 | skysub.py:global_skysub:195 | Full fit in global sky sub.
    INFO | 2026-08-18 16:06:23 | fitting.py:bspline_profile:1156 | B-spline fit:
    INFO | 2026-08-18 16:06:23 | fitting.py:bspline_profile:1157 |     npoly = 2 profile basis functions
    INFO | 2026-08-18 16:06:23 | fitting.py:bspline_profile:1158 |     ngood = 91021/145884 measurements
    INFO | 2026-08-18 16:06:23 | fitting.py:bspline_profile:1159 | ***************** Iter     Chi^2    N Rej  R. Fac *****************
    INFO | 2026-08-18 16:06:23 | fitting.py:bspline_profile:1163 |                   ----  --------  -------  ------                  
    INFO | 2026-08-18 16:06:23 | fitting.py:bspline_profile:1257 |                      1     3.241    55391    1.00                  
    INFO | 2026-08-18 16:06:24 | fitting.py:bspline_profile:1257 |                      2     1.111    55413    1.00                  
    INFO | 2026-08-18 16:06:24 | fitting.py:bspline_profile:1257 |                      3     1.108    55413    1.00                  
    INFO | 2026-08-18 16:06:24 | fitting.py:bspline_profile:1272 |                   DONE     1.108    55413    1.00                  
    INFO | 2026-08-18 16:06:24 | fitting.py:bspline_profile:1275 | *******************************************************************
    INFO | 2026-08-18 16:06:24 | find_objects.py:global_skysub:583 | Global sky subtraction for slit: 1522
    INFO | 2026-08-18 16:06:24 | skysub.py:global_skysub:195 | Full fit in global sky sub.
    INFO | 2026-08-18 16:06:24 | fitting.py:bspline_profile:1156 | B-spline fit:
    INFO | 2026-08-18 16:06:24 | fitting.py:bspline_profile:1157 |     npoly = 2 profile basis functions
    INFO | 2026-08-18 16:06:24 | fitting.py:bspline_profile:1158 |     ngood = 90043/145599 measurements
    INFO | 2026-08-18 16:06:24 | fitting.py:bspline_profile:1159 | ***************** Iter     Chi^2    N Rej  R. Fac *****************
    INFO | 2026-08-18 16:06:24 | fitting.py:bspline_profile:1163 |                   ----  --------  -------  ------                  
    INFO | 2026-08-18 16:06:24 | fitting.py:bspline_profile:1257 |                      1     1.160    55924    1.00                  
    INFO | 2026-08-18 16:06:24 | fitting.py:bspline_profile:1257 |                      2     1.108    55942    1.00                  
    INFO | 2026-08-18 16:06:24 | fitting.py:bspline_profile:1257 |                      3     1.105    55942    1.00                  
    INFO | 2026-08-18 16:06:24 | fitting.py:bspline_profile:1272 |                   DONE     1.105    55942    1.00                  
    INFO | 2026-08-18 16:06:24 | fitting.py:bspline_profile:1275 | *******************************************************************
    INFO | 2026-08-18 16:06:25 | find_objects.py:global_skysub:583 | Global sky subtraction for slit: 1596
    INFO | 2026-08-18 16:06:25 | skysub.py:global_skysub:195 | Full fit in global sky sub.
    INFO | 2026-08-18 16:06:25 | fitting.py:bspline_profile:1156 | B-spline fit:
    INFO | 2026-08-18 16:06:25 | fitting.py:bspline_profile:1157 |     npoly = 2 profile basis functions
    INFO | 2026-08-18 16:06:25 | fitting.py:bspline_profile:1158 |     ngood = 89434/145167 measurements
    INFO | 2026-08-18 16:06:25 | fitting.py:bspline_profile:1159 | ***************** Iter     Chi^2    N Rej  R. Fac *****************
    INFO | 2026-08-18 16:06:25 | fitting.py:bspline_profile:1163 |                   ----  --------  -------  ------                  
    INFO | 2026-08-18 16:06:25 | fitting.py:bspline_profile:1257 |                      1     1.217    56129    1.00                  
    INFO | 2026-08-18 16:06:25 | fitting.py:bspline_profile:1257 |                      2     1.084    56136    1.00                  
    INFO | 2026-08-18 16:06:25 | fitting.py:bspline_profile:1257 |                      3     1.083    56136    1.00                  
    INFO | 2026-08-18 16:06:25 | fitting.py:bspline_profile:1272 |                   DONE     1.083    56136    1.00                  
    INFO | 2026-08-18 16:06:25 | fitting.py:bspline_profile:1275 | *******************************************************************
    INFO | 2026-08-18 16:06:25 | find_objects.py:global_skysub:583 | Global sky subtraction for slit: 1670
    INFO | 2026-08-18 16:06:25 | skysub.py:global_skysub:195 | Full fit in global sky sub.
    INFO | 2026-08-18 16:06:25 | fitting.py:bspline_profile:1156 | B-spline fit:
    INFO | 2026-08-18 16:06:25 | fitting.py:bspline_profile:1157 |     npoly = 2 profile basis functions
    INFO | 2026-08-18 16:06:25 | fitting.py:bspline_profile:1158 |     ngood = 90889/145857 measurements
    INFO | 2026-08-18 16:06:25 | fitting.py:bspline_profile:1159 | ***************** Iter     Chi^2    N Rej  R. Fac *****************
    INFO | 2026-08-18 16:06:25 | fitting.py:bspline_profile:1163 |                   ----  --------  -------  ------                  
    INFO | 2026-08-18 16:06:25 | fitting.py:bspline_profile:1257 |                      1     1.121    55249    1.00                  
    INFO | 2026-08-18 16:06:26 | fitting.py:bspline_profile:1257 |                      2     1.080    55252    1.00                  
    INFO | 2026-08-18 16:06:26 | fitting.py:bspline_profile:1257 |                      3     1.079    55252    1.00                  
    INFO | 2026-08-18 16:06:26 | fitting.py:bspline_profile:1272 |                   DONE     1.079    55252    1.00                  
    INFO | 2026-08-18 16:06:26 | fitting.py:bspline_profile:1275 | *******************************************************************
    INFO | 2026-08-18 16:06:26 | find_objects.py:global_skysub:583 | Global sky subtraction for slit: 1745
    INFO | 2026-08-18 16:06:26 | skysub.py:global_skysub:195 | Full fit in global sky sub.
    INFO | 2026-08-18 16:06:26 | fitting.py:bspline_profile:1156 | B-spline fit:
    INFO | 2026-08-18 16:06:26 | fitting.py:bspline_profile:1157 |     npoly = 2 profile basis functions
    INFO | 2026-08-18 16:06:26 | fitting.py:bspline_profile:1158 |     ngood = 90792/145676 measurements
    INFO | 2026-08-18 16:06:26 | fitting.py:bspline_profile:1159 | ***************** Iter     Chi^2    N Rej  R. Fac *****************
    INFO | 2026-08-18 16:06:26 | fitting.py:bspline_profile:1163 |                   ----  --------  -------  ------                  
    INFO | 2026-08-18 16:06:26 | fitting.py:bspline_profile:1257 |                      1     1.089    55103    1.00                  
    INFO | 2026-08-18 16:06:26 | fitting.py:bspline_profile:1257 |                      2     1.055    55109    1.00                  
    INFO | 2026-08-18 16:06:26 | fitting.py:bspline_profile:1257 |                      3     1.054    55110    1.00                  
    INFO | 2026-08-18 16:06:27 | fitting.py:bspline_profile:1257 |                      4     1.054    55110    1.00                  
    INFO | 2026-08-18 16:06:27 | fitting.py:bspline_profile:1272 |                   DONE     1.054    55110    1.00                  
    INFO | 2026-08-18 16:06:27 | fitting.py:bspline_profile:1275 | *******************************************************************
    INFO | 2026-08-18 16:06:27 | find_objects.py:global_skysub:583 | Global sky subtraction for slit: 1823
    INFO | 2026-08-18 16:06:27 | skysub.py:global_skysub:195 | Full fit in global sky sub.
    INFO | 2026-08-18 16:06:27 | fitting.py:bspline_profile:1156 | B-spline fit:
    INFO | 2026-08-18 16:06:27 | fitting.py:bspline_profile:1157 |     npoly = 2 profile basis functions
    INFO | 2026-08-18 16:06:27 | fitting.py:bspline_profile:1158 |     ngood = 89676/145179 measurements
    INFO | 2026-08-18 16:06:27 | fitting.py:bspline_profile:1159 | ***************** Iter     Chi^2    N Rej  R. Fac *****************
    INFO | 2026-08-18 16:06:27 | fitting.py:bspline_profile:1163 |                   ----  --------  -------  ------                  
    INFO | 2026-08-18 16:06:27 | fitting.py:bspline_profile:1257 |                      1     1.091    55741    1.00                  
    INFO | 2026-08-18 16:06:27 | fitting.py:bspline_profile:1257 |                      2     1.025    55747    1.00                  
    INFO | 2026-08-18 16:06:27 | fitting.py:bspline_profile:1257 |                      3     1.024    55747    1.00                  
    INFO | 2026-08-18 16:06:27 | fitting.py:bspline_profile:1272 |                   DONE     1.024    55747    1.00                  
    INFO | 2026-08-18 16:06:27 | fitting.py:bspline_profile:1275 | *******************************************************************
    INFO | 2026-08-18 16:06:27 | find_objects.py:global_skysub:583 | Global sky subtraction for slit: 1900
    INFO | 2026-08-18 16:06:27 | skysub.py:global_skysub:195 | Full fit in global sky sub.
    INFO | 2026-08-18 16:06:27 | fitting.py:bspline_profile:1156 | B-spline fit:
    INFO | 2026-08-18 16:06:27 | fitting.py:bspline_profile:1157 |     npoly = 2 profile basis functions
    INFO | 2026-08-18 16:06:27 | fitting.py:bspline_profile:1158 |     ngood = 89793/144956 measurements
    INFO | 2026-08-18 16:06:27 | fitting.py:bspline_profile:1159 | ***************** Iter     Chi^2    N Rej  R. Fac *****************
    INFO | 2026-08-18 16:06:27 | fitting.py:bspline_profile:1163 |                   ----  --------  -------  ------                  
    INFO | 2026-08-18 16:06:28 | fitting.py:bspline_profile:1257 |                      1     1.153    55398    1.00                  
    INFO | 2026-08-18 16:06:28 | fitting.py:bspline_profile:1257 |                      2     1.013    55405    1.00                  
    INFO | 2026-08-18 16:06:28 | fitting.py:bspline_profile:1257 |                      3     1.012    55407    1.00                  
    INFO | 2026-08-18 16:06:28 | fitting.py:bspline_profile:1257 |                      4     1.012    55407    1.00                  
    INFO | 2026-08-18 16:06:28 | fitting.py:bspline_profile:1272 |                   DONE     1.012    55407    1.00                  
    INFO | 2026-08-18 16:06:28 | fitting.py:bspline_profile:1275 | *******************************************************************
    INFO | 2026-08-18 16:06:28 | find_objects.py:global_skysub:583 | Global sky subtraction for slit: 1980
    INFO | 2026-08-18 16:06:28 | skysub.py:global_skysub:195 | Full fit in global sky sub.
    INFO | 2026-08-18 16:06:28 | fitting.py:bspline_profile:1156 | B-spline fit:
    INFO | 2026-08-18 16:06:28 | fitting.py:bspline_profile:1157 |     npoly = 2 profile basis functions
    INFO | 2026-08-18 16:06:28 | fitting.py:bspline_profile:1158 |     ngood = 90575/145183 measurements
    INFO | 2026-08-18 16:06:28 | fitting.py:bspline_profile:1159 | ***************** Iter     Chi^2    N Rej  R. Fac *****************
    INFO | 2026-08-18 16:06:28 | fitting.py:bspline_profile:1163 |                   ----  --------  -------  ------                  
    INFO | 2026-08-18 16:06:28 | fitting.py:bspline_profile:1257 |                      1     1.084    54821    1.00                  
    INFO | 2026-08-18 16:06:29 | fitting.py:bspline_profile:1257 |                      2     1.006    54825    1.00                  
    INFO | 2026-08-18 16:06:29 | fitting.py:bspline_profile:1257 |                      3     1.006    54825    1.00                  
    INFO | 2026-08-18 16:06:29 | fitting.py:bspline_profile:1272 |                   DONE     1.006    54825    1.00                  
    INFO | 2026-08-18 16:06:29 | fitting.py:bspline_profile:1275 | *******************************************************************
    INFO | 2026-08-18 16:06:29 | find_objects.py:find_objects_pypeline:788 | Finding objects on slit # 48
    INFO | 2026-08-18 16:06:29 | findobj_skymask.py:objs_in_slit:2095 | No objects found automatically.  Consider manual extraction.
    INFO | 2026-08-18 16:06:29 | find_objects.py:find_objects_pypeline:788 | Finding objects on slit # 128
    INFO | 2026-08-18 16:06:30 | findobj_skymask.py:objs_in_slit:2095 | No objects found automatically.  Consider manual extraction.
    INFO | 2026-08-18 16:06:30 | find_objects.py:find_objects_pypeline:788 | Finding objects on slit # 205
    INFO | 2026-08-18 16:06:30 | findobj_skymask.py:objs_in_slit:2095 | No objects found automatically.  Consider manual extraction.
    INFO | 2026-08-18 16:06:30 | find_objects.py:find_objects_pypeline:788 | Finding objects on slit # 283
    INFO | 2026-08-18 16:06:30 | findobj_skymask.py:objs_in_slit:2095 | No objects found automatically.  Consider manual extraction.
    INFO | 2026-08-18 16:06:30 | find_objects.py:find_objects_pypeline:788 | Finding objects on slit # 358
    INFO | 2026-08-18 16:06:30 | findobj_skymask.py:objs_in_slit:2073 | Using slit edges as crutch for object tracing
    INFO | 2026-08-18 16:06:30 | findobj_skymask.py:objs_in_slit:2098 | Automatic finding routine found 2 objects
    INFO | 2026-08-18 16:06:30 | findobj_skymask.py:objs_in_slit:2102 | Fitting the traces
 WARNING | 2026-08-18 16:06:30 | polyutils.py:_fit:662 | RankWarning: The fit may be poorly conditioned
    INFO | 2026-08-18 16:06:31 | findobj_skymask.py:objs_in_slit:2254 | Successfully traced a total of 2 objects
    INFO | 2026-08-18 16:06:31 | find_objects.py:find_objects_pypeline:788 | Finding objects on slit # 433
    INFO | 2026-08-18 16:06:31 | findobj_skymask.py:objs_in_slit:2073 | Using slit edges as crutch for object tracing
    INFO | 2026-08-18 16:06:31 | findobj_skymask.py:objs_in_slit:2098 | Automatic finding routine found 2 objects
    INFO | 2026-08-18 16:06:31 | findobj_skymask.py:objs_in_slit:2102 | Fitting the traces
 WARNING | 2026-08-18 16:06:31 | polyutils.py:_fit:662 | RankWarning: The fit may be poorly conditioned
    INFO | 2026-08-18 16:06:31 | findobj_skymask.py:objs_in_slit:2254 | Successfully traced a total of 2 objects
    INFO | 2026-08-18 16:06:31 | find_objects.py:find_objects_pypeline:788 | Finding objects on slit # 506
    INFO | 2026-08-18 16:06:32 | findobj_skymask.py:objs_in_slit:2073 | Using slit edges as crutch for object tracing
    INFO | 2026-08-18 16:06:32 | findobj_skymask.py:objs_in_slit:2098 | Automatic finding routine found 1 objects
    INFO | 2026-08-18 16:06:32 | findobj_skymask.py:objs_in_slit:2102 | Fitting the traces
 WARNING | 2026-08-18 16:06:32 | polyutils.py:_fit:662 | RankWarning: The fit may be poorly conditioned
    INFO | 2026-08-18 16:06:32 | findobj_skymask.py:objs_in_slit:2254 | Successfully traced a total of 1 objects
    INFO | 2026-08-18 16:06:32 | find_objects.py:find_objects_pypeline:788 | Finding objects on slit # 580
    INFO | 2026-08-18 16:06:32 | findobj_skymask.py:objs_in_slit:2073 | Using slit edges as crutch for object tracing
    INFO | 2026-08-18 16:06:32 | findobj_skymask.py:objs_in_slit:2098 | Automatic finding routine found 1 objects
    INFO | 2026-08-18 16:06:32 | findobj_skymask.py:objs_in_slit:2102 | Fitting the traces
 WARNING | 2026-08-18 16:06:32 | polyutils.py:_fit:662 | RankWarning: The fit may be poorly conditioned
    INFO | 2026-08-18 16:06:32 | findobj_skymask.py:objs_in_slit:2254 | Successfully traced a total of 1 objects
    INFO | 2026-08-18 16:06:32 | find_objects.py:find_objects_pypeline:788 | Finding objects on slit # 653
    INFO | 2026-08-18 16:06:33 | findobj_skymask.py:objs_in_slit:2073 | Using slit edges as crutch for object tracing
    INFO | 2026-08-18 16:06:33 | findobj_skymask.py:objs_in_slit:2098 | Automatic finding routine found 1 objects
    INFO | 2026-08-18 16:06:33 | findobj_skymask.py:objs_in_slit:2102 | Fitting the traces
 WARNING | 2026-08-18 16:06:33 | polyutils.py:_fit:662 | RankWarning: The fit may be poorly conditioned
    INFO | 2026-08-18 16:06:33 | findobj_skymask.py:objs_in_slit:2254 | Successfully traced a total of 1 objects
    INFO | 2026-08-18 16:06:33 | find_objects.py:find_objects_pypeline:788 | Finding objects on slit # 728
    INFO | 2026-08-18 16:06:33 | findobj_skymask.py:objs_in_slit:2073 | Using slit edges as crutch for object tracing
    INFO | 2026-08-18 16:06:33 | findobj_skymask.py:objs_in_slit:2098 | Automatic finding routine found 1 objects
    INFO | 2026-08-18 16:06:33 | findobj_skymask.py:objs_in_slit:2102 | Fitting the traces
 WARNING | 2026-08-18 16:06:33 | polyutils.py:_fit:662 | RankWarning: The fit may be poorly conditioned
    INFO | 2026-08-18 16:06:33 | findobj_skymask.py:objs_in_slit:2254 | Successfully traced a total of 1 objects
    INFO | 2026-08-18 16:06:33 | find_objects.py:find_objects_pypeline:788 | Finding objects on slit # 801
    INFO | 2026-08-18 16:06:34 | findobj_skymask.py:objs_in_slit:2073 | Using slit edges as crutch for object tracing
    INFO | 2026-08-18 16:06:34 | findobj_skymask.py:objs_in_slit:2098 | Automatic finding routine found 1 objects
    INFO | 2026-08-18 16:06:34 | findobj_skymask.py:objs_in_slit:2102 | Fitting the traces
 WARNING | 2026-08-18 16:06:34 | polyutils.py:_fit:662 | RankWarning: The fit may be poorly conditioned
    INFO | 2026-08-18 16:06:34 | findobj_skymask.py:objs_in_slit:2254 | Successfully traced a total of 1 objects
    INFO | 2026-08-18 16:06:34 | find_objects.py:find_objects_pypeline:788 | Finding objects on slit # 875
    INFO | 2026-08-18 16:06:34 | findobj_skymask.py:objs_in_slit:2073 | Using slit edges as crutch for object tracing
    INFO | 2026-08-18 16:06:34 | findobj_skymask.py:objs_in_slit:2098 | Automatic finding routine found 1 objects
    INFO | 2026-08-18 16:06:34 | findobj_skymask.py:objs_in_slit:2102 | Fitting the traces
 WARNING | 2026-08-18 16:06:34 | polyutils.py:_fit:662 | RankWarning: The fit may be poorly conditioned
    INFO | 2026-08-18 16:06:34 | findobj_skymask.py:objs_in_slit:2254 | Successfully traced a total of 1 objects
    INFO | 2026-08-18 16:06:34 | find_objects.py:find_objects_pypeline:788 | Finding objects on slit # 1154
    INFO | 2026-08-18 16:06:35 | findobj_skymask.py:objs_in_slit:2073 | Using slit edges as crutch for object tracing
    INFO | 2026-08-18 16:06:35 | findobj_skymask.py:objs_in_slit:2098 | Automatic finding routine found 1 objects
    INFO | 2026-08-18 16:06:35 | findobj_skymask.py:objs_in_slit:2102 | Fitting the traces
 WARNING | 2026-08-18 16:06:35 | polyutils.py:_fit:662 | RankWarning: The fit may be poorly conditioned
    INFO | 2026-08-18 16:06:35 | findobj_skymask.py:objs_in_slit:2254 | Successfully traced a total of 1 objects
    INFO | 2026-08-18 16:06:35 | find_objects.py:find_objects_pypeline:788 | Finding objects on slit # 1227
    INFO | 2026-08-18 16:06:35 | findobj_skymask.py:objs_in_slit:2073 | Using slit edges as crutch for object tracing
    INFO | 2026-08-18 16:06:35 | findobj_skymask.py:objs_in_slit:2098 | Automatic finding routine found 1 objects
    INFO | 2026-08-18 16:06:35 | findobj_skymask.py:objs_in_slit:2102 | Fitting the traces
 WARNING | 2026-08-18 16:06:35 | polyutils.py:_fit:662 | RankWarning: The fit may be poorly conditioned
    INFO | 2026-08-18 16:06:35 | findobj_skymask.py:objs_in_slit:2254 | Successfully traced a total of 1 objects
    INFO | 2026-08-18 16:06:35 | find_objects.py:find_objects_pypeline:788 | Finding objects on slit # 1301
    INFO | 2026-08-18 16:06:35 | findobj_skymask.py:objs_in_slit:2073 | Using slit edges as crutch for object tracing
    INFO | 2026-08-18 16:06:35 | findobj_skymask.py:objs_in_slit:2098 | Automatic finding routine found 1 objects
    INFO | 2026-08-18 16:06:35 | findobj_skymask.py:objs_in_slit:2102 | Fitting the traces
 WARNING | 2026-08-18 16:06:35 | polyutils.py:_fit:662 | RankWarning: The fit may be poorly conditioned
    INFO | 2026-08-18 16:06:36 | findobj_skymask.py:objs_in_slit:2254 | Successfully traced a total of 1 objects
    INFO | 2026-08-18 16:06:36 | find_objects.py:find_objects_pypeline:788 | Finding objects on slit # 1375
    INFO | 2026-08-18 16:06:36 | findobj_skymask.py:objs_in_slit:2073 | Using slit edges as crutch for object tracing
    INFO | 2026-08-18 16:06:36 | findobj_skymask.py:objs_in_slit:2098 | Automatic finding routine found 1 objects
    INFO | 2026-08-18 16:06:36 | findobj_skymask.py:objs_in_slit:2102 | Fitting the traces
 WARNING | 2026-08-18 16:06:36 | polyutils.py:_fit:662 | RankWarning: The fit may be poorly conditioned
    INFO | 2026-08-18 16:06:36 | findobj_skymask.py:objs_in_slit:2254 | Successfully traced a total of 1 objects
    INFO | 2026-08-18 16:06:36 | find_objects.py:find_objects_pypeline:788 | Finding objects on slit # 1448
    INFO | 2026-08-18 16:06:36 | findobj_skymask.py:objs_in_slit:2073 | Using slit edges as crutch for object tracing
    INFO | 2026-08-18 16:06:36 | findobj_skymask.py:objs_in_slit:2098 | Automatic finding routine found 1 objects
    INFO | 2026-08-18 16:06:36 | findobj_skymask.py:objs_in_slit:2102 | Fitting the traces
 WARNING | 2026-08-18 16:06:36 | polyutils.py:_fit:662 | RankWarning: The fit may be poorly conditioned
    INFO | 2026-08-18 16:06:37 | findobj_skymask.py:objs_in_slit:2254 | Successfully traced a total of 1 objects
    INFO | 2026-08-18 16:06:37 | find_objects.py:find_objects_pypeline:788 | Finding objects on slit # 1522
    INFO | 2026-08-18 16:06:37 | findobj_skymask.py:objs_in_slit:2073 | Using slit edges as crutch for object tracing
    INFO | 2026-08-18 16:06:37 | findobj_skymask.py:objs_in_slit:2098 | Automatic finding routine found 1 objects
    INFO | 2026-08-18 16:06:37 | findobj_skymask.py:objs_in_slit:2102 | Fitting the traces
 WARNING | 2026-08-18 16:06:37 | polyutils.py:_fit:662 | RankWarning: The fit may be poorly conditioned
    INFO | 2026-08-18 16:06:37 | findobj_skymask.py:objs_in_slit:2254 | Successfully traced a total of 1 objects
    INFO | 2026-08-18 16:06:37 | find_objects.py:find_objects_pypeline:788 | Finding objects on slit # 1596
    INFO | 2026-08-18 16:06:37 | findobj_skymask.py:objs_in_slit:2073 | Using slit edges as crutch for object tracing
    INFO | 2026-08-18 16:06:37 | findobj_skymask.py:objs_in_slit:2098 | Automatic finding routine found 2 objects
    INFO | 2026-08-18 16:06:37 | findobj_skymask.py:objs_in_slit:2102 | Fitting the traces
 WARNING | 2026-08-18 16:06:37 | polyutils.py:_fit:662 | RankWarning: The fit may be poorly conditioned
    INFO | 2026-08-18 16:06:38 | findobj_skymask.py:objs_in_slit:2254 | Successfully traced a total of 2 objects
    INFO | 2026-08-18 16:06:38 | find_objects.py:find_objects_pypeline:788 | Finding objects on slit # 1670
    INFO | 2026-08-18 16:06:38 | findobj_skymask.py:objs_in_slit:2073 | Using slit edges as crutch for object tracing
    INFO | 2026-08-18 16:06:38 | findobj_skymask.py:objs_in_slit:2098 | Automatic finding routine found 2 objects
    INFO | 2026-08-18 16:06:38 | findobj_skymask.py:objs_in_slit:2102 | Fitting the traces
 WARNING | 2026-08-18 16:06:38 | polyutils.py:_fit:662 | RankWarning: The fit may be poorly conditioned
    INFO | 2026-08-18 16:06:38 | findobj_skymask.py:objs_in_slit:2254 | Successfully traced a total of 2 objects
    INFO | 2026-08-18 16:06:38 | find_objects.py:find_objects_pypeline:788 | Finding objects on slit # 1745
    INFO | 2026-08-18 16:06:38 | findobj_skymask.py:objs_in_slit:2073 | Using slit edges as crutch for object tracing
    INFO | 2026-08-18 16:06:38 | findobj_skymask.py:objs_in_slit:2098 | Automatic finding routine found 2 objects
    INFO | 2026-08-18 16:06:38 | findobj_skymask.py:objs_in_slit:2102 | Fitting the traces
 WARNING | 2026-08-18 16:06:38 | polyutils.py:_fit:662 | RankWarning: The fit may be poorly conditioned
    INFO | 2026-08-18 16:06:39 | findobj_skymask.py:objs_in_slit:2254 | Successfully traced a total of 2 objects
    INFO | 2026-08-18 16:06:39 | find_objects.py:find_objects_pypeline:788 | Finding objects on slit # 1823
    INFO | 2026-08-18 16:06:39 | findobj_skymask.py:objs_in_slit:2095 | No objects found automatically.  Consider manual extraction.
    INFO | 2026-08-18 16:06:39 | find_objects.py:find_objects_pypeline:788 | Finding objects on slit # 1900
    INFO | 2026-08-18 16:06:39 | findobj_skymask.py:objs_in_slit:2095 | No objects found automatically.  Consider manual extraction.
    INFO | 2026-08-18 16:06:39 | find_objects.py:find_objects_pypeline:788 | Finding objects on slit # 1980
    INFO | 2026-08-18 16:06:40 | findobj_skymask.py:objs_in_slit:2095 | No objects found automatically.  Consider manual extraction.
    INFO | 2026-08-18 16:06:40 | find_objects.py:run:373 | Either no objects were found or a user-provided sky mask was used.  Skipping second pass of sky-subtraction and object finding.
    INFO | 2026-08-18 16:06:40 | datamodel.py:from_file:1558 | Loading BiasImage from /Users/kaiwenzhang/PycharmProjects/KCWI/KCWI_RED_channel_characterization/2025-05-25/pypeit_run/keck_kcrm_B/Calibrations/Bias_B_1_DET01.fits
 WARNING | 2026-08-18 16:06:40 | calibrations.py:get_dark:606 | No raw dark frames found and unable to identify a relevant processed calibration frame.  Continuing...
    INFO | 2026-08-18 16:06:40 | keck_kcwi.py:get_rawimage:1426 | Reading KCWI file: /Users/kaiwenzhang/PycharmProjects/KCWI/KCWI_RED_channel_characterization/fits/by_night/2025-05-25/KR.20250526.52448.50.fits
    INFO | 2026-08-18 16:06:40 | datamodel.py:from_file:1558 | Loading ArcImage from /Users/kaiwenzhang/PycharmProjects/KCWI/KCWI_RED_channel_characterization/2025-05-25/pypeit_run/keck_kcrm_B/Calibrations/Arc_B_1_DET01.fits
    INFO | 2026-08-18 16:06:40 | datamodel.py:from_file:1558 | Loading TiltImage from /Users/kaiwenzhang/PycharmProjects/KCWI/KCWI_RED_channel_characterization/2025-05-25/pypeit_run/keck_kcrm_B/Calibrations/Tiltimg_B_1_DET01.fits
    INFO | 2026-08-18 16:06:40 | datamodel.py:from_file:1558 | Loading SlitTraceSet from /Users/kaiwenzhang/PycharmProjects/KCWI/KCWI_RED_channel_characterization/2025-05-25/pypeit_run/keck_kcrm_B/Calibrations/Slits_B_1_DET01.fits.gz
    INFO | 2026-08-18 16:06:40 | datamodel.py:from_file:1558 | Loading WaveCalib from /Users/kaiwenzhang/PycharmProjects/KCWI/KCWI_RED_channel_characterization/2025-05-25/pypeit_run/keck_kcrm_B/Calibrations/WaveCalib_B_1_DET01.fits
    INFO | 2026-08-18 16:06:40 | datamodel.py:from_file:1558 | Loading WaveTilts from /Users/kaiwenzhang/PycharmProjects/KCWI/KCWI_RED_channel_characterization/2025-05-25/pypeit_run/keck_kcrm_B/Calibrations/Tilts_B_1_DET01.fits
    INFO | 2026-08-18 16:06:40 | datamodel.py:from_file:1558 | Loading Alignments from /Users/kaiwenzhang/PycharmProjects/KCWI/KCWI_RED_channel_characterization/2025-05-25/pypeit_run/keck_kcrm_B/Calibrations/Alignment_B_1_DET01.fits
    INFO | 2026-08-18 16:06:41 | datamodel.py:from_file:1558 | Loading ScatteredLight from /Users/kaiwenzhang/PycharmProjects/KCWI/KCWI_RED_channel_characterization/2025-05-25/pypeit_run/keck_kcrm_B/Calibrations/ScatteredLight_B_1_DET01.fits.gz
    INFO | 2026-08-18 16:06:41 | datamodel.py:from_file:1558 | Loading FlatImages from /Users/kaiwenzhang/PycharmProjects/KCWI/KCWI_RED_channel_characterization/2025-05-25/pypeit_run/keck_kcrm_B/Calibrations/Flat_B_1_DET01.fits
    INFO | 2026-08-18 16:06:42 | calibrations.py:run_the_steps:1459 | Calibration complete and/or fully loaded!
    INFO | 2026-08-18 16:06:42 | calibrations.py:run_the_steps:1460 | #######################################################################
    INFO | 2026-08-18 16:06:42 | pypeit_steps.py:extract_det:732 | Extraction skipped for KR.20250526.52448.50-feige110_KCRM_20250526T143408.515 on det=1
    INFO | 2026-08-18 16:06:43 | wavetilts.py:fit2tiltimg:143 | Generating a tilts image from the fit parameters
    INFO | 2026-08-18 16:06:52 | pypeit_steps.py:refframe_correct:906 | Performing a heliocentric correction
    INFO | 2026-08-18 16:06:53 | pypeit_steps.py:refframe_correct:915 | Applying heliocentric correction = 28.84216 km/s
    INFO | 2026-08-18 16:06:54 | spec2dobj.py:write_to_fits:721 | Wrote: /Users/kaiwenzhang/PycharmProjects/KCWI/KCWI_RED_channel_characterization/2025-05-25/pypeit_run/keck_kcrm_B/Science/spec2d_KR.20250526.52448.50-feige110_KCRM_20250526T143408.515.fits
    INFO | 2026-08-18 16:06:54 | pypeit.py:reduce_all:232 | Finished calibration group 1
    INFO | 2026-08-18 16:06:54 | pypeit.py:print_end_time:243 | Execution time: 1m 9.44s
    INFO | 2026-08-18 16:06:54 | run_pypeit.py:main:97 | Data reduction complete
    INFO | 2026-08-18 16:06:54 | run_pypeit.py:main:100 | Generating QA HTML
