    INFO | 2026-08-18 17:32:50 | inputfiles.py:from_file:136 | Loading the reduction file
    INFO | 2026-08-18 17:32:50 | inputfiles.py:from_file:214 | Coadd3d input file loaded successfully.
    INFO | 2026-08-18 17:32:50 | inputfiles.py:vet:927 | .coadd3d file successfully vetted.
    INFO | 2026-08-18 17:32:50 | coadd_datacube.py:main:55 | Restricting to detector=1
    INFO | 2026-08-18 17:32:50 | coadd3d.py:__init__:495 | No RA or Dec offsets have been provided.
    INFO | 2026-08-18 17:32:50 | coadd3d.py:__init__:536 | Adopting the subpixel algorithm to generate the datacube, with subpixellation scales:
  Spectral: 5
  Spatial: 5
  Slices: 5
    INFO | 2026-08-18 17:32:50 | coadd3d.py:set_default_skysub:736 | The sky model in the spec2d science frames will be used for sky subtraction
(unless specific skysub frames have been specified)
    INFO | 2026-08-18 17:32:50 | coadd3d.py:load:1019 | Loading PypeIt spec2d frame (1/1):
Science/spec2d_KR.20250526.52448.50-feige110_KCRM_20250526T143408.515.fits
    INFO | 2026-08-18 17:32:50 | coadd3d.py:load:1035 | Constructing slit image
    INFO | 2026-08-18 17:32:50 | coadd3d.py:get_current_skysub:829 | Using the following frame for sky subtraction:
image
    INFO | 2026-08-18 17:32:50 | coadd3d.py:get_current_scalecorr:718 | Relative spectral illumination correction will not be performed.
    INFO | 2026-08-18 17:32:50 | datacube.py:make_good_skymask:436 | Masking edge pixels where the sky model is poor
    INFO | 2026-08-18 17:32:51 | coadd3d.py:load:1090 | Using wavelength solution: wave0=5135.392, dispersion=1.845 Angstrom/pixel
    INFO | 2026-08-18 17:32:51 | coadd3d.py:get_alignments:962 | Loading alignments
    INFO | 2026-08-18 17:32:51 | datamodel.py:from_file:1558 | Loading Alignments from /Users/kaiwenzhang/PycharmProjects/KCWI/KCWI_RED_channel_characterization/2025-05-25/pypeit_run/keck_kcrm_B/Calibrations/Alignment_B_1_DET01.fits
    INFO | 2026-08-18 17:32:51 | coadd3d.py:get_alignments:978 | Generating alignment splines
   DEBUG | 2026-08-18 17:32:51 | alignframe.py:__init__:350 | Spatial flexure is not currently implemented for the astrometric alignment
    INFO | 2026-08-18 17:32:51 | alignframe.py:build_splines:375 | Calculating astrometric transform of slit 1/24
    INFO | 2026-08-18 17:32:51 | alignframe.py:build_splines:375 | Calculating astrometric transform of slit 2/24
    INFO | 2026-08-18 17:32:51 | alignframe.py:build_splines:375 | Calculating astrometric transform of slit 3/24
    INFO | 2026-08-18 17:32:51 | alignframe.py:build_splines:375 | Calculating astrometric transform of slit 4/24
    INFO | 2026-08-18 17:32:51 | alignframe.py:build_splines:375 | Calculating astrometric transform of slit 5/24
    INFO | 2026-08-18 17:32:52 | alignframe.py:build_splines:375 | Calculating astrometric transform of slit 6/24
    INFO | 2026-08-18 17:32:52 | alignframe.py:build_splines:375 | Calculating astrometric transform of slit 7/24
    INFO | 2026-08-18 17:32:52 | alignframe.py:build_splines:375 | Calculating astrometric transform of slit 8/24
    INFO | 2026-08-18 17:32:52 | alignframe.py:build_splines:375 | Calculating astrometric transform of slit 9/24
    INFO | 2026-08-18 17:32:52 | alignframe.py:build_splines:375 | Calculating astrometric transform of slit 10/24
    INFO | 2026-08-18 17:32:52 | alignframe.py:build_splines:375 | Calculating astrometric transform of slit 11/24
    INFO | 2026-08-18 17:32:52 | alignframe.py:build_splines:375 | Calculating astrometric transform of slit 12/24
    INFO | 2026-08-18 17:32:53 | alignframe.py:build_splines:375 | Calculating astrometric transform of slit 13/24
    INFO | 2026-08-18 17:32:53 | alignframe.py:build_splines:375 | Calculating astrometric transform of slit 14/24
    INFO | 2026-08-18 17:32:53 | alignframe.py:build_splines:375 | Calculating astrometric transform of slit 15/24
    INFO | 2026-08-18 17:32:53 | alignframe.py:build_splines:375 | Calculating astrometric transform of slit 16/24
    INFO | 2026-08-18 17:32:53 | alignframe.py:build_splines:375 | Calculating astrometric transform of slit 17/24
    INFO | 2026-08-18 17:32:53 | alignframe.py:build_splines:375 | Calculating astrometric transform of slit 18/24
    INFO | 2026-08-18 17:32:53 | alignframe.py:build_splines:375 | Calculating astrometric transform of slit 19/24
    INFO | 2026-08-18 17:32:54 | alignframe.py:build_splines:375 | Calculating astrometric transform of slit 20/24
    INFO | 2026-08-18 17:32:54 | alignframe.py:build_splines:375 | Calculating astrometric transform of slit 21/24
    INFO | 2026-08-18 17:32:54 | alignframe.py:build_splines:375 | Calculating astrometric transform of slit 22/24
    INFO | 2026-08-18 17:32:54 | alignframe.py:build_splines:375 | Calculating astrometric transform of slit 23/24
    INFO | 2026-08-18 17:32:54 | alignframe.py:build_splines:375 | Calculating astrometric transform of slit 24/24
    INFO | 2026-08-18 17:32:54 | keck_kcwi.py:get_wcs:634 | Generating KCRM WCS
    INFO | 2026-08-18 17:32:54 | slittrace.py:get_radec_image:536 | Generating an RA/DEC image
    INFO | 2026-08-18 17:32:56 | coadd3d.py:__init__:278 | Preparing the parameters for the DAR correction
    INFO | 2026-08-18 17:32:56 | coadd3d.py:__init__:294 | DAR correction parameters:
   Airmass = 1.52
   Pressure = 618.88 mbar
   Humidity = 8.80 %
   Temperature = 0.50 deg C
   Reference wavelength = 4500.00 Angstrom
    INFO | 2026-08-18 17:32:56 | datacube.py:set_voxel_sampling:776 | Adopting a square pixel spatial scale of 0.678924 arcsec
    INFO | 2026-08-18 17:32:56 | datacube.py:set_voxel_sampling:779 | Adopting a wavelength sampling of 1.845134 Angstrom
    INFO | 2026-08-18 17:32:56 | datacube.py:generate_WCS:1049 | Generating WCS
    INFO | 2026-08-18 17:32:56 | datacube.py:create_wcs:1008 | 
----------------------------------------
Parameters of the WCS:
RA   min = 349.99093601464455
DEC  min = -5.1683929655183025
WAVE min, max = 5135.6180785486295, 9399.83798925901
Spaxel size = 0.6789240000000001 arcsec
Wavelength step = 1.8451341367454006 A
----------------------------------------
    INFO | 2026-08-18 17:32:56 | datacube.py:get_whitelight_range:606 | The white light images will cover the wavelength range: 5604.29A - 8936.06A
   ERROR | 2026-08-18 17:32:56 | datacube.py:check_inputs:813 | PypeItError: The input arguments should all be of type 'list', or all not be of type 'list':
