[1;38;2;49;54;149m    [INFO][0m - [38;2;116;173;209minputfiles.py:from_file:136[0m - Loading the reduction file
[1;38;2;49;54;149m    [INFO][0m - [38;2;116;173;209minputfiles.py:from_file:214[0m - PypeIt input file loaded successfully.
[1;38;2;49;54;149m    [INFO][0m - [38;2;116;173;209minputfiles.py:vet:685[0m - PypeIt file successfully vetted.
[1;38;2;49;54;149m    [INFO][0m - [38;2;116;173;209mpypeit.py:__init__:82[0m - Loaded spectrograph keck_kcrm
[1;38;2;49;54;149m    [INFO][0m - [38;2;116;173;209mpypeit.py:__init__:83[0m - Setting configuration-specific parameters using KR.20250526.52448.50.fits.
[1;38;2;49;54;149m    [INFO][0m - [38;2;116;173;209mpypeit.py:__init__:99[0m - Compiling metadata
[1;38;2;49;54;149m    [INFO][0m - [38;2;116;173;209mmetadata.py:_build:206[0m - Building metadata for 33 files.
[1;38;2;49;54;149m    [INFO][0m - [38;2;116;173;209mmetadata.py:_build:235[0m - Adding metadata for KR.20250526.12763.31.fits
[1;38;2;49;54;149m    [INFO][0m - [38;2;116;173;209mmetadata.py:_build:235[0m - Adding metadata for KR.20250526.12795.95.fits
[1;38;2;49;54;149m    [INFO][0m - [38;2;116;173;209mmetadata.py:_build:235[0m - Adding metadata for KR.20250526.12825.53.fits
[1;38;2;49;54;149m    [INFO][0m - [38;2;116;173;209mmetadata.py:_build:235[0m - Adding metadata for KR.20250526.12893.87.fits
[1;38;2;49;54;149m    [INFO][0m - [38;2;116;173;209mmetadata.py:_build:235[0m - Adding metadata for KR.20250526.12923.45.fits
[1;38;2;49;54;149m    [INFO][0m - [38;2;116;173;209mmetadata.py:_build:235[0m - Adding metadata for KR.20250526.12952.10.fits
[1;38;2;49;54;149m    [INFO][0m - [38;2;116;173;209mmetadata.py:_build:235[0m - Adding metadata for KR.20250526.10331.62.fits
[1;38;2;49;54;149m    [INFO][0m - [38;2;116;173;209mmetadata.py:_build:235[0m - Adding metadata for KR.20250526.10375.48.fits
[1;38;2;49;54;149m    [INFO][0m - [38;2;116;173;209mmetadata.py:_build:235[0m - Adding metadata for KR.20250526.10419.34.fits
[1;38;2;49;54;149m    [INFO][0m - [38;2;116;173;209mmetadata.py:_build:235[0m - Adding metadata for KR.20250526.10463.20.fits
[1;38;2;49;54;149m    [INFO][0m - [38;2;116;173;209mmetadata.py:_build:235[0m - Adding metadata for KR.20250526.10507.60.fits
[1;38;2;49;54;149m    [INFO][0m - [38;2;116;173;209mmetadata.py:_build:235[0m - Adding metadata for KR.20250526.10550.92.fits
[1;38;2;49;54;149m    [INFO][0m - [38;2;116;173;209mmetadata.py:_build:235[0m - Adding metadata for KR.20250526.10594.78.fits
[1;38;2;49;54;149m    [INFO][0m - [38;2;116;173;209mmetadata.py:_build:235[0m - Adding metadata for KR.20250526.12309.40.fits
[1;38;2;49;54;149m    [INFO][0m - [38;2;116;173;209mmetadata.py:_build:235[0m - Adding metadata for KR.20250526.12353.26.fits
[1;38;2;49;54;149m    [INFO][0m - [38;2;116;173;209mmetadata.py:_build:235[0m - Adding metadata for KR.20250526.12397.13.fits
[1;38;2;49;54;149m    [INFO][0m - [38;2;116;173;209mmetadata.py:_build:235[0m - Adding metadata for KR.20250526.12440.99.fits
[1;38;2;49;54;149m    [INFO][0m - [38;2;116;173;209mmetadata.py:_build:235[0m - Adding metadata for KR.20250526.12484.85.fits
[1;38;2;49;54;149m    [INFO][0m - [38;2;116;173;209mmetadata.py:_build:235[0m - Adding metadata for KR.20250526.12528.71.fits
[1;38;2;49;54;149m    [INFO][0m - [38;2;116;173;209mmetadata.py:_build:235[0m - Adding metadata for KR.20250526.12572.57.fits
[1;38;2;49;54;149m    [INFO][0m - [38;2;116;173;209mmetadata.py:_build:235[0m - Adding metadata for KR.20250526.13566.50.fits
[1;38;2;49;54;149m    [INFO][0m - [38;2;116;173;209mmetadata.py:_build:235[0m - Adding metadata for KR.20250526.13630.31.fits
[1;38;2;49;54;149m    [INFO][0m - [38;2;116;173;209mmetadata.py:_build:235[0m - Adding metadata for KR.20250526.13694.57.fits
[1;38;2;49;54;149m    [INFO][0m - [38;2;116;173;209mmetadata.py:_build:235[0m - Adding metadata for KR.20250526.13114.19.fits
[1;38;2;49;54;149m    [INFO][0m - [38;2;116;173;209mmetadata.py:_build:235[0m - Adding metadata for KR.20250526.13165.19.fits
[1;38;2;49;54;149m    [INFO][0m - [38;2;116;173;209mmetadata.py:_build:235[0m - Adding metadata for KR.20250526.13215.17.fits
[1;38;2;49;54;149m    [INFO][0m - [38;2;116;173;209mmetadata.py:_build:235[0m - Adding metadata for KR.20250526.13265.15.fits
[1;38;2;49;54;149m    [INFO][0m - [38;2;116;173;209mmetadata.py:_build:235[0m - Adding metadata for KR.20250526.13315.13.fits
[1;38;2;49;54;149m    [INFO][0m - [38;2;116;173;209mmetadata.py:_build:235[0m - Adding metadata for KR.20250526.13365.11.fits
[1;38;2;49;54;149m    [INFO][0m - [38;2;116;173;209mmetadata.py:_build:235[0m - Adding metadata for KR.20250526.52448.50.fits
[1;38;2;49;54;149m    [INFO][0m - [38;2;116;173;209mmetadata.py:_build:235[0m - Adding metadata for KR.20250526.12999.95.fits
[1;38;2;49;54;149m    [INFO][0m - [38;2;116;173;209mmetadata.py:_build:235[0m - Adding metadata for KR.20250526.13029.53.fits
[1;38;2;49;54;149m    [INFO][0m - [38;2;116;173;209mmetadata.py:_build:235[0m - Adding metadata for KR.20250526.13059.11.fits
[1;38;2;253;174;97m [WARNING][0m - [38;2;116;173;209mmetadata.py:_vet_instrument:180[0m - The instrument name in the headers of the raw files does not match the expected one! Found KCWI, expected KCRM.  You may have chosen the wrong PypeIt spectrograph name!
[1;38;2;253;174;97m [WARNING][0m - [38;2;116;173;209mmetadata.py:get_frame_types:1384[0m - Removing existing frametype and framebit columns.
[1;38;2;49;54;149m    [INFO][0m - [38;2;116;173;209mmetadata.py:get_frame_types:1391[0m - Typing files
[1;38;2;49;54;149m    [INFO][0m - [38;2;116;173;209mmetadata.py:get_frame_types:1401[0m - Using user-provided frame types.
[1;38;2;49;54;149m    [INFO][0m - [38;2;116;173;209mcalibrations.py:check_for_calibs:1862[0m - Congrats!!  You passed the calibrations inspection!!
[1;38;2;49;54;149m    [INFO][0m - [38;2;116;173;209mmetadata.py:unique_configurations:696[0m - Setup column already set.  Finding unique configurations.
[1;38;2;49;54;149m    [INFO][0m - [38;2;116;173;209mmetadata.py:unique_configurations:706[0m - Found 1 unique configurations.
[1;38;2;49;54;149m    [INFO][0m - [38;2;116;173;209mcalibrations.py:association_summary:1731[0m - Calibration association file written to: /Users/kaiwenzhang/PycharmProjects/KCWI/KCWI_RED_channel_characterization/2025-05-25/pypeit_run/keck_kcrm_B/keck_kcrm_B.calib
[1;38;2;49;54;149m    [INFO][0m - [38;2;116;173;209mpypeit.py:__init__:133[0m - Setting reduction path to /Users/kaiwenzhang/PycharmProjects/KCWI/KCWI_RED_channel_characterization/2025-05-25/pypeit_run/keck_kcrm_B
[1;38;2;49;54;149m    [INFO][0m - [38;2;116;173;209mpypeit.py:__init__:134[0m - Calibration frames saved to: /Users/kaiwenzhang/PycharmProjects/KCWI/KCWI_RED_channel_characterization/2025-05-25/pypeit_run/keck_kcrm_B/Calibrations
[1;38;2;49;54;149m    [INFO][0m - [38;2;116;173;209mpypeit.py:__init__:135[0m - Science data output to: /Users/kaiwenzhang/PycharmProjects/KCWI/KCWI_RED_channel_characterization/2025-05-25/pypeit_run/keck_kcrm_B/Science
[1;38;2;49;54;149m    [INFO][0m - [38;2;116;173;209mpypeit.py:__init__:136[0m - Quality assessment plots output to: /Users/kaiwenzhang/PycharmProjects/KCWI/KCWI_RED_channel_characterization/2025-05-25/pypeit_run/keck_kcrm_B/QA
[1;38;2;49;54;149m    [INFO][0m - [38;2;116;173;209mpypeit.py:reduce_calibID:311[0m - Found 1 science frames in calibration group 1.
[1;38;2;49;54;149m    [INFO][0m - [38;2;116;173;209mexposure.py:reduce_exposure:406[0m - Reducing target feige110
Combining frames:
KR.20250526.52448.50.fits

[1;38;2;49;54;149m    [INFO][0m - [38;2;116;173;209mexposure.py:reduce_exposure:417[0m - Detectors to work on: [1]
[1;38;2;49;54;149m    [INFO][0m - [38;2;116;173;209mexposure.py:reduce_exposure:422[0m - Calibrating detector 1
[1;38;2;49;54;149m    [INFO][0m - [38;2;116;173;209mpypeit_steps.py:calib_one:173[0m - Building/loading calibrations for detector 1
[1;38;2;49;54;149m    [INFO][0m - [38;2;116;173;209mdatamodel.py:from_file:1558[0m - Loading BiasImage from /Users/kaiwenzhang/PycharmProjects/KCWI/KCWI_RED_channel_characterization/2025-05-25/pypeit_run/keck_kcrm_B/Calibrations/Bias_B_1_DET01.fits
[1;38;2;253;174;97m [WARNING][0m - [38;2;116;173;209mcalibrations.py:get_dark:606[0m - No raw dark frames found and unable to identify a relevant processed calibration frame.  Continuing...
[1;38;2;49;54;149m    [INFO][0m - [38;2;116;173;209mkeck_kcwi.py:get_rawimage:1426[0m - Reading KCWI file: /Users/kaiwenzhang/PycharmProjects/KCWI/KCWI_RED_channel_characterization/fits/by_night/2025-05-25/KR.20250526.12763.31.fits
[1;38;2;253;174;97m [WARNING][0m - [38;2;116;173;209mkeck_kcwi.py:bpm:820[0m - KCRM bad pixel mask is not available for ampmode=L2U2L1U1 binning=2,2
[1;38;2;49;54;149m    [INFO][0m - [38;2;116;173;209mdatamodel.py:from_file:1558[0m - Loading ArcImage from /Users/kaiwenzhang/PycharmProjects/KCWI/KCWI_RED_channel_characterization/2025-05-25/pypeit_run/keck_kcrm_B/Calibrations/Arc_B_1_DET01.fits
[1;38;2;49;54;149m    [INFO][0m - [38;2;116;173;209mdatamodel.py:from_file:1558[0m - Loading TiltImage from /Users/kaiwenzhang/PycharmProjects/KCWI/KCWI_RED_channel_characterization/2025-05-25/pypeit_run/keck_kcrm_B/Calibrations/Tiltimg_B_1_DET01.fits
[1;38;2;49;54;149m    [INFO][0m - [38;2;116;173;209mdatamodel.py:from_file:1558[0m - Loading SlitTraceSet from /Users/kaiwenzhang/PycharmProjects/KCWI/KCWI_RED_channel_characterization/2025-05-25/pypeit_run/keck_kcrm_B/Calibrations/Slits_B_1_DET01.fits.gz
[1;38;2;49;54;149m    [INFO][0m - [38;2;116;173;209mdatamodel.py:from_file:1558[0m - Loading WaveCalib from /Users/kaiwenzhang/PycharmProjects/KCWI/KCWI_RED_channel_characterization/2025-05-25/pypeit_run/keck_kcrm_B/Calibrations/WaveCalib_B_1_DET01.fits
[1;38;2;49;54;149m    [INFO][0m - [38;2;116;173;209mdatamodel.py:from_file:1558[0m - Loading WaveTilts from /Users/kaiwenzhang/PycharmProjects/KCWI/KCWI_RED_channel_characterization/2025-05-25/pypeit_run/keck_kcrm_B/Calibrations/Tilts_B_1_DET01.fits
[1;38;2;49;54;149m    [INFO][0m - [38;2;116;173;209mdatamodel.py:from_file:1558[0m - Loading Alignments from /Users/kaiwenzhang/PycharmProjects/KCWI/KCWI_RED_channel_characterization/2025-05-25/pypeit_run/keck_kcrm_B/Calibrations/Alignment_B_1_DET01.fits
[1;38;2;49;54;149m    [INFO][0m - [38;2;116;173;209mdatamodel.py:from_file:1558[0m - Loading ScatteredLight from /Users/kaiwenzhang/PycharmProjects/KCWI/KCWI_RED_channel_characterization/2025-05-25/pypeit_run/keck_kcrm_B/Calibrations/ScatteredLight_B_1_DET01.fits.gz
[1;38;2;49;54;149m    [INFO][0m - [38;2;116;173;209mdatamodel.py:from_file:1558[0m - Loading FlatImages from /Users/kaiwenzhang/PycharmProjects/KCWI/KCWI_RED_channel_characterization/2025-05-25/pypeit_run/keck_kcrm_B/Calibrations/Flat_B_1_DET01.fits
[1;38;2;49;54;149m    [INFO][0m - [38;2;116;173;209mcalibrations.py:run_the_steps:1459[0m - Calibration complete and/or fully loaded!
[1;38;2;49;54;149m    [INFO][0m - [38;2;116;173;209mcalibrations.py:run_the_steps:1460[0m - #######################################################################
[1;38;2;49;54;149m    [INFO][0m - [38;2;116;173;209mexposure.py:process_exposure:126[0m - Reducing detector 1
[1;38;2;49;54;149m    [INFO][0m - [38;2;116;173;209mdatamodel.py:from_file:1558[0m - Loading BiasImage from /Users/kaiwenzhang/PycharmProjects/KCWI/KCWI_RED_channel_characterization/2025-05-25/pypeit_run/keck_kcrm_B/Calibrations/Bias_B_1_DET01.fits
[1;38;2;253;174;97m [WARNING][0m - [38;2;116;173;209mcalibrations.py:get_dark:606[0m - No raw dark frames found and unable to identify a relevant processed calibration frame.  Continuing...
[1;38;2;49;54;149m    [INFO][0m - [38;2;116;173;209mkeck_kcwi.py:get_rawimage:1426[0m - Reading KCWI file: /Users/kaiwenzhang/PycharmProjects/KCWI/KCWI_RED_channel_characterization/fits/by_night/2025-05-25/KR.20250526.52448.50.fits
[1;38;2;49;54;149m    [INFO][0m - [38;2;116;173;209mdatamodel.py:from_file:1558[0m - Loading ArcImage from /Users/kaiwenzhang/PycharmProjects/KCWI/KCWI_RED_channel_characterization/2025-05-25/pypeit_run/keck_kcrm_B/Calibrations/Arc_B_1_DET01.fits
[1;38;2;49;54;149m    [INFO][0m - [38;2;116;173;209mdatamodel.py:from_file:1558[0m - Loading TiltImage from /Users/kaiwenzhang/PycharmProjects/KCWI/KCWI_RED_channel_characterization/2025-05-25/pypeit_run/keck_kcrm_B/Calibrations/Tiltimg_B_1_DET01.fits
[1;38;2;49;54;149m    [INFO][0m - [38;2;116;173;209mdatamodel.py:from_file:1558[0m - Loading SlitTraceSet from /Users/kaiwenzhang/PycharmProjects/KCWI/KCWI_RED_channel_characterization/2025-05-25/pypeit_run/keck_kcrm_B/Calibrations/Slits_B_1_DET01.fits.gz
[1;38;2;49;54;149m    [INFO][0m - [38;2;116;173;209mdatamodel.py:from_file:1558[0m - Loading WaveCalib from /Users/kaiwenzhang/PycharmProjects/KCWI/KCWI_RED_channel_characterization/2025-05-25/pypeit_run/keck_kcrm_B/Calibrations/WaveCalib_B_1_DET01.fits
[1;38;2;49;54;149m    [INFO][0m - [38;2;116;173;209mdatamodel.py:from_file:1558[0m - Loading WaveTilts from /Users/kaiwenzhang/PycharmProjects/KCWI/KCWI_RED_channel_characterization/2025-05-25/pypeit_run/keck_kcrm_B/Calibrations/Tilts_B_1_DET01.fits
[1;38;2;49;54;149m    [INFO][0m - [38;2;116;173;209mdatamodel.py:from_file:1558[0m - Loading Alignments from /Users/kaiwenzhang/PycharmProjects/KCWI/KCWI_RED_channel_characterization/2025-05-25/pypeit_run/keck_kcrm_B/Calibrations/Alignment_B_1_DET01.fits
[1;38;2;49;54;149m    [INFO][0m - [38;2;116;173;209mdatamodel.py:from_file:1558[0m - Loading ScatteredLight from /Users/kaiwenzhang/PycharmProjects/KCWI/KCWI_RED_channel_characterization/2025-05-25/pypeit_run/keck_kcrm_B/Calibrations/ScatteredLight_B_1_DET01.fits.gz
[1;38;2;49;54;149m    [INFO][0m - [38;2;116;173;209mdatamodel.py:from_file:1558[0m - Loading FlatImages from /Users/kaiwenzhang/PycharmProjects/KCWI/KCWI_RED_channel_characterization/2025-05-25/pypeit_run/keck_kcrm_B/Calibrations/Flat_B_1_DET01.fits
[1;38;2;49;54;149m    [INFO][0m - [38;2;116;173;209mcalibrations.py:run_the_steps:1459[0m - Calibration complete and/or fully loaded!
[1;38;2;49;54;149m    [INFO][0m - [38;2;116;173;209mcalibrations.py:run_the_steps:1460[0m - #######################################################################
[1;38;2;49;54;149m    [INFO][0m - [38;2;116;173;209mpypeit_steps.py:process_one_det:260[0m - Image processing begins for KR.20250526.52448.50-feige110_KCRM_20250526T143408.515 on det=1
[1;38;2;49;54;149m    [INFO][0m - [38;2;116;173;209mkeck_kcwi.py:get_rawimage:1426[0m - Reading KCWI file: /Users/kaiwenzhang/PycharmProjects/KCWI/KCWI_RED_channel_characterization/fits/by_night/2025-05-25/KR.20250526.52448.50.fits
[1;38;2;49;54;149m    [INFO][0m - [38;2;116;173;209mrawimage.py:process:564[0m - Performing basic image processing on KR.20250526.52448.50.fits.
[1;38;2;49;54;149m    [INFO][0m - [38;2;116;173;209mrawimage.py:estimate_readnoise:359[0m - Estimated readnoise of amplifier 1 = 3.919 e-
[1;38;2;49;54;149m    [INFO][0m - [38;2;116;173;209mrawimage.py:estimate_readnoise:359[0m - Estimated readnoise of amplifier 2 = 3.913 e-
[1;38;2;49;54;149m    [INFO][0m - [38;2;116;173;209mprocimg.py:lacosmic:170[0m - Detecting cosmic rays with the L.A.Cosmic algorithm
[1;38;2;49;54;149m    [INFO][0m - [38;2;116;173;209mprocimg.py:lacosmic:218[0m - Convolving image with Laplacian kernel
[1;38;2;49;54;149m    [INFO][0m - [38;2;116;173;209mprocimg.py:lacosmic:229[0m - Found 12964 candidate cosmic-ray pixels
[1;38;2;49;54;149m    [INFO][0m - [38;2;116;173;209mprocimg.py:lacosmic:235[0m - Reduced to 12964 candidates after excluding known bad pixels.
[1;38;2;49;54;149m    [INFO][0m - [38;2;116;173;209mprocimg.py:lacosmic:246[0m - Reduced to 5170 candidates after excluding compact objects.
[1;38;2;49;54;149m    [INFO][0m - [38;2;116;173;209mprocimg.py:lacosmic:250[0m - Finding neighboring pixels affected by cosmic rays
[1;38;2;49;54;149m    [INFO][0m - [38;2;116;173;209mprocimg.py:lacosmic:260[0m - Changed to 14193 candidates after evaluating neighboring pixels.
[1;38;2;49;54;149m    [INFO][0m - [38;2;116;173;209mprocimg.py:lacosmic:266[0m - Reduced to 14193 candidates after excluding known bad pixels.
[1;38;2;49;54;149m    [INFO][0m - [38;2;116;173;209mprocimg.py:lacosmic:271[0m - Iteration 1: 14193 pixels identified as cosmic rays (14193 are new)
[1;38;2;49;54;149m    [INFO][0m - [38;2;116;173;209mprocimg.py:lacosmic:300[0m - 12800 pixels identified as cosmic rays after removing false positives
[1;38;2;49;54;149m    [INFO][0m - [38;2;116;173;209mpypeit_steps.py:findobj_on_det:381[0m - Object finding begins for KR.20250526.52448.50-feige110_KCRM_20250526T143408.515 on det=1
[1;38;2;49;54;149m    [INFO][0m - [38;2;116;173;209mdatamodel.py:from_file:1558[0m - Loading BiasImage from /Users/kaiwenzhang/PycharmProjects/KCWI/KCWI_RED_channel_characterization/2025-05-25/pypeit_run/keck_kcrm_B/Calibrations/Bias_B_1_DET01.fits
[1;38;2;253;174;97m [WARNING][0m - [38;2;116;173;209mcalibrations.py:get_dark:606[0m - No raw dark frames found and unable to identify a relevant processed calibration frame.  Continuing...
[1;38;2;49;54;149m    [INFO][0m - [38;2;116;173;209mkeck_kcwi.py:get_rawimage:1426[0m - Reading KCWI file: /Users/kaiwenzhang/PycharmProjects/KCWI/KCWI_RED_channel_characterization/fits/by_night/2025-05-25/KR.20250526.52448.50.fits
[1;38;2;49;54;149m    [INFO][0m - [38;2;116;173;209mdatamodel.py:from_file:1558[0m - Loading ArcImage from /Users/kaiwenzhang/PycharmProjects/KCWI/KCWI_RED_channel_characterization/2025-05-25/pypeit_run/keck_kcrm_B/Calibrations/Arc_B_1_DET01.fits
[1;38;2;49;54;149m    [INFO][0m - [38;2;116;173;209mdatamodel.py:from_file:1558[0m - Loading TiltImage from /Users/kaiwenzhang/PycharmProjects/KCWI/KCWI_RED_channel_characterization/2025-05-25/pypeit_run/keck_kcrm_B/Calibrations/Tiltimg_B_1_DET01.fits
[1;38;2;49;54;149m    [INFO][0m - [38;2;116;173;209mdatamodel.py:from_file:1558[0m - Loading SlitTraceSet from /Users/kaiwenzhang/PycharmProjects/KCWI/KCWI_RED_channel_characterization/2025-05-25/pypeit_run/keck_kcrm_B/Calibrations/Slits_B_1_DET01.fits.gz
[1;38;2;49;54;149m    [INFO][0m - [38;2;116;173;209mdatamodel.py:from_file:1558[0m - Loading WaveCalib from /Users/kaiwenzhang/PycharmProjects/KCWI/KCWI_RED_channel_characterization/2025-05-25/pypeit_run/keck_kcrm_B/Calibrations/WaveCalib_B_1_DET01.fits
[1;38;2;49;54;149m    [INFO][0m - [38;2;116;173;209mdatamodel.py:from_file:1558[0m - Loading WaveTilts from /Users/kaiwenzhang/PycharmProjects/KCWI/KCWI_RED_channel_characterization/2025-05-25/pypeit_run/keck_kcrm_B/Calibrations/Tilts_B_1_DET01.fits
[1;38;2;49;54;149m    [INFO][0m - [38;2;116;173;209mdatamodel.py:from_file:1558[0m - Loading Alignments from /Users/kaiwenzhang/PycharmProjects/KCWI/KCWI_RED_channel_characterization/2025-05-25/pypeit_run/keck_kcrm_B/Calibrations/Alignment_B_1_DET01.fits
[1;38;2;49;54;149m    [INFO][0m - [38;2;116;173;209mdatamodel.py:from_file:1558[0m - Loading ScatteredLight from /Users/kaiwenzhang/PycharmProjects/KCWI/KCWI_RED_channel_characterization/2025-05-25/pypeit_run/keck_kcrm_B/Calibrations/ScatteredLight_B_1_DET01.fits.gz
[1;38;2;49;54;149m    [INFO][0m - [38;2;116;173;209mdatamodel.py:from_file:1558[0m - Loading FlatImages from /Users/kaiwenzhang/PycharmProjects/KCWI/KCWI_RED_channel_characterization/2025-05-25/pypeit_run/keck_kcrm_B/Calibrations/Flat_B_1_DET01.fits
[1;38;2;49;54;149m    [INFO][0m - [38;2;116;173;209mcalibrations.py:run_the_steps:1459[0m - Calibration complete and/or fully loaded!
[1;38;2;49;54;149m    [INFO][0m - [38;2;116;173;209mcalibrations.py:run_the_steps:1460[0m - #######################################################################
[1;38;2;49;54;149m    [INFO][0m - [38;2;116;173;209mpypeit_steps.py:findobj_on_det:387[0m - Reducing detector 1
[1;38;2;49;54;149m    [INFO][0m - [38;2;116;173;209mpypeit_steps.py:load_skyregions:606[0m - Generating skysub mask based on the user defined regions: :35,64:
[1;38;2;49;54;149m    [INFO][0m - [38;2;116;173;209mfind_objects.py:__init__:164[0m - Initializing slits
[1;38;2;49;54;149m    [INFO][0m - [38;2;116;173;209mfind_objects.py:__init__:232[0m - Generating tilts image from fit in waveTilts
[1;38;2;49;54;149m    [INFO][0m - [38;2;116;173;209mwavetilts.py:fit2tiltimg:143[0m - Generating a tilts image from the fit parameters
[1;38;2;49;54;149m    [INFO][0m - [38;2;116;173;209mfind_objects.py:global_skysub:583[0m - Global sky subtraction for slit: 48
[1;38;2;49;54;149m    [INFO][0m - [38;2;116;173;209mskysub.py:global_skysub:195[0m - Full fit in global sky sub.
[1;38;2;49;54;149m    [INFO][0m - [38;2;116;173;209mfitting.py:bspline_profile:1156[0m - B-spline fit:
[1;38;2;49;54;149m    [INFO][0m - [38;2;116;173;209mfitting.py:bspline_profile:1157[0m -     npoly = 2 profile basis functions
[1;38;2;49;54;149m    [INFO][0m - [38;2;116;173;209mfitting.py:bspline_profile:1158[0m -     ngood = 89695/144434 measurements
[1;38;2;49;54;149m    [INFO][0m - [38;2;116;173;209mfitting.py:bspline_profile:1159[0m - ***************** Iter     Chi^2    N Rej  R. Fac *****************
[1;38;2;49;54;149m    [INFO][0m - [38;2;116;173;209mfitting.py:bspline_profile:1163[0m -                   ----  --------  -------  ------                  
[1;38;2;49;54;149m    [INFO][0m - [38;2;116;173;209mfitting.py:bspline_profile:1257[0m -                      1     1.007    54902    1.00                  
[1;38;2;49;54;149m    [INFO][0m - [38;2;116;173;209mfitting.py:bspline_profile:1257[0m -                      2     0.981    54904    1.00                  
[1;38;2;49;54;149m    [INFO][0m - [38;2;116;173;209mfitting.py:bspline_profile:1257[0m -                      3     0.981    54904    1.00                  
[1;38;2;49;54;149m    [INFO][0m - [38;2;116;173;209mfitting.py:bspline_profile:1272[0m -                   DONE     0.981    54904    1.00                  
[1;38;2;49;54;149m    [INFO][0m - [38;2;116;173;209mfitting.py:bspline_profile:1275[0m - *******************************************************************
[1;38;2;49;54;149m    [INFO][0m - [38;2;116;173;209mfind_objects.py:global_skysub:583[0m - Global sky subtraction for slit: 128
[1;38;2;49;54;149m    [INFO][0m - [38;2;116;173;209mskysub.py:global_skysub:195[0m - Full fit in global sky sub.
[1;38;2;49;54;149m    [INFO][0m - [38;2;116;173;209mfitting.py:bspline_profile:1156[0m - B-spline fit:
[1;38;2;49;54;149m    [INFO][0m - [38;2;116;173;209mfitting.py:bspline_profile:1157[0m -     npoly = 2 profile basis functions
[1;38;2;49;54;149m    [INFO][0m - [38;2;116;173;209mfitting.py:bspline_profile:1158[0m -     ngood = 89435/144667 measurements
[1;38;2;49;54;149m    [INFO][0m - [38;2;116;173;209mfitting.py:bspline_profile:1159[0m - ***************** Iter     Chi^2    N Rej  R. Fac *****************
[1;38;2;49;54;149m    [INFO][0m - [38;2;116;173;209mfitting.py:bspline_profile:1163[0m -                   ----  --------  -------  ------                  
[1;38;2;49;54;149m    [INFO][0m - [38;2;116;173;209mfitting.py:bspline_profile:1257[0m -                      1     1.003    55391    1.00                  
[1;38;2;49;54;149m    [INFO][0m - [38;2;116;173;209mfitting.py:bspline_profile:1257[0m -                      2     0.979    55396    1.00                  
[1;38;2;49;54;149m    [INFO][0m - [38;2;116;173;209mfitting.py:bspline_profile:1257[0m -                      3     0.978    55397    1.00                  
[1;38;2;49;54;149m    [INFO][0m - [38;2;116;173;209mfitting.py:bspline_profile:1257[0m -                      4     0.978    55397    1.00                  
[1;38;2;49;54;149m    [INFO][0m - [38;2;116;173;209mfitting.py:bspline_profile:1272[0m -                   DONE     0.978    55397    1.00                  
[1;38;2;49;54;149m    [INFO][0m - [38;2;116;173;209mfitting.py:bspline_profile:1275[0m - *******************************************************************
[1;38;2;49;54;149m    [INFO][0m - [38;2;116;173;209mfind_objects.py:global_skysub:583[0m - Global sky subtraction for slit: 205
[1;38;2;49;54;149m    [INFO][0m - [38;2;116;173;209mskysub.py:global_skysub:195[0m - Full fit in global sky sub.
[1;38;2;49;54;149m    [INFO][0m - [38;2;116;173;209mfitting.py:bspline_profile:1156[0m - B-spline fit:
[1;38;2;49;54;149m    [INFO][0m - [38;2;116;173;209mfitting.py:bspline_profile:1157[0m -     npoly = 2 profile basis functions
[1;38;2;49;54;149m    [INFO][0m - [38;2;116;173;209mfitting.py:bspline_profile:1158[0m -     ngood = 90015/145173 measurements
[1;38;2;49;54;149m    [INFO][0m - [38;2;116;173;209mfitting.py:bspline_profile:1159[0m - ***************** Iter     Chi^2    N Rej  R. Fac *****************
[1;38;2;49;54;149m    [INFO][0m - [38;2;116;173;209mfitting.py:bspline_profile:1163[0m -                   ----  --------  -------  ------                  
[1;38;2;49;54;149m    [INFO][0m - [38;2;116;173;209mfitting.py:bspline_profile:1257[0m -                      1     1.011    55321    1.00                  
[1;38;2;49;54;149m    [INFO][0m - [38;2;116;173;209mfitting.py:bspline_profile:1257[0m -                      2     0.983    55323    1.00                  
[1;38;2;49;54;149m    [INFO][0m - [38;2;116;173;209mfitting.py:bspline_profile:1257[0m -                      3     0.983    55323    1.00                  
[1;38;2;49;54;149m    [INFO][0m - [38;2;116;173;209mfitting.py:bspline_profile:1272[0m -                   DONE     0.983    55323    1.00                  
[1;38;2;49;54;149m    [INFO][0m - [38;2;116;173;209mfitting.py:bspline_profile:1275[0m - *******************************************************************
[1;38;2;49;54;149m    [INFO][0m - [38;2;116;173;209mfind_objects.py:global_skysub:583[0m - Global sky subtraction for slit: 283
[1;38;2;49;54;149m    [INFO][0m - [38;2;116;173;209mskysub.py:global_skysub:195[0m - Full fit in global sky sub.
[1;38;2;49;54;149m    [INFO][0m - [38;2;116;173;209mfitting.py:bspline_profile:1156[0m - B-spline fit:
[1;38;2;49;54;149m    [INFO][0m - [38;2;116;173;209mfitting.py:bspline_profile:1157[0m -     npoly = 2 profile basis functions
[1;38;2;49;54;149m    [INFO][0m - [38;2;116;173;209mfitting.py:bspline_profile:1158[0m -     ngood = 88970/144738 measurements
[1;38;2;49;54;149m    [INFO][0m - [38;2;116;173;209mfitting.py:bspline_profile:1159[0m - ***************** Iter     Chi^2    N Rej  R. Fac *****************
[1;38;2;49;54;149m    [INFO][0m - [38;2;116;173;209mfitting.py:bspline_profile:1163[0m -                   ----  --------  -------  ------                  
[1;38;2;49;54;149m    [INFO][0m - [38;2;116;173;209mfitting.py:bspline_profile:1257[0m -                      1     1.323    56006    1.00                  
[1;38;2;49;54;149m    [INFO][0m - [38;2;116;173;209mfitting.py:bspline_profile:1257[0m -                      2     0.999    56011    1.00                  
[1;38;2;49;54;149m    [INFO][0m - [38;2;116;173;209mfitting.py:bspline_profile:1257[0m -                      3     0.998    56011    1.00                  
[1;38;2;49;54;149m    [INFO][0m - [38;2;116;173;209mfitting.py:bspline_profile:1272[0m -                   DONE     0.998    56011    1.00                  
[1;38;2;49;54;149m    [INFO][0m - [38;2;116;173;209mfitting.py:bspline_profile:1275[0m - *******************************************************************
[1;38;2;49;54;149m    [INFO][0m - [38;2;116;173;209mfind_objects.py:global_skysub:583[0m - Global sky subtraction for slit: 358
[1;38;2;49;54;149m    [INFO][0m - [38;2;116;173;209mskysub.py:global_skysub:195[0m - Full fit in global sky sub.
[1;38;2;49;54;149m    [INFO][0m - [38;2;116;173;209mfitting.py:bspline_profile:1156[0m - B-spline fit:
[1;38;2;49;54;149m    [INFO][0m - [38;2;116;173;209mfitting.py:bspline_profile:1157[0m -     npoly = 2 profile basis functions
[1;38;2;49;54;149m    [INFO][0m - [38;2;116;173;209mfitting.py:bspline_profile:1158[0m -     ngood = 89866/145084 measurements
[1;38;2;49;54;149m    [INFO][0m - [38;2;116;173;209mfitting.py:bspline_profile:1159[0m - ***************** Iter     Chi^2    N Rej  R. Fac *****************
[1;38;2;49;54;149m    [INFO][0m - [38;2;116;173;209mfitting.py:bspline_profile:1163[0m -                   ----  --------  -------  ------                  
[1;38;2;49;54;149m    [INFO][0m - [38;2;116;173;209mfitting.py:bspline_profile:1257[0m -                      1     1.111    55452    1.00                  
[1;38;2;49;54;149m    [INFO][0m - [38;2;116;173;209mfitting.py:bspline_profile:1257[0m -                      2     1.012    55455    1.00                  
[1;38;2;49;54;149m    [INFO][0m - [38;2;116;173;209mfitting.py:bspline_profile:1257[0m -                      3     1.012    55455    1.00                  
[1;38;2;49;54;149m    [INFO][0m - [38;2;116;173;209mfitting.py:bspline_profile:1272[0m -                   DONE     1.012    55455    1.00                  
[1;38;2;49;54;149m    [INFO][0m - [38;2;116;173;209mfitting.py:bspline_profile:1275[0m - *******************************************************************
[1;38;2;49;54;149m    [INFO][0m - [38;2;116;173;209mfind_objects.py:global_skysub:583[0m - Global sky subtraction for slit: 433
[1;38;2;49;54;149m    [INFO][0m - [38;2;116;173;209mskysub.py:global_skysub:195[0m - Full fit in global sky sub.
[1;38;2;49;54;149m    [INFO][0m - [38;2;116;173;209mfitting.py:bspline_profile:1156[0m - B-spline fit:
[1;38;2;49;54;149m    [INFO][0m - [38;2;116;173;209mfitting.py:bspline_profile:1157[0m -     npoly = 2 profile basis functions
[1;38;2;49;54;149m    [INFO][0m - [38;2;116;173;209mfitting.py:bspline_profile:1158[0m -     ngood = 90215/145203 measurements
[1;38;2;49;54;149m    [INFO][0m - [38;2;116;173;209mfitting.py:bspline_profile:1159[0m - ***************** Iter     Chi^2    N Rej  R. Fac *****************
[1;38;2;49;54;149m    [INFO][0m - [38;2;116;173;209mfitting.py:bspline_profile:1163[0m -                   ----  --------  -------  ------                  
[1;38;2;49;54;149m    [INFO][0m - [38;2;116;173;209mfitting.py:bspline_profile:1257[0m -                      1     1.058    55210    1.00                  
[1;38;2;49;54;149m    [INFO][0m - [38;2;116;173;209mfitting.py:bspline_profile:1257[0m -                      2     1.025    55216    1.00                  
[1;38;2;49;54;149m    [INFO][0m - [38;2;116;173;209mfitting.py:bspline_profile:1257[0m -                      3     1.025    55216    1.00                  
[1;38;2;49;54;149m    [INFO][0m - [38;2;116;173;209mfitting.py:bspline_profile:1272[0m -                   DONE     1.025    55216    1.00                  
[1;38;2;49;54;149m    [INFO][0m - [38;2;116;173;209mfitting.py:bspline_profile:1275[0m - *******************************************************************
[1;38;2;49;54;149m    [INFO][0m - [38;2;116;173;209mfind_objects.py:global_skysub:583[0m - Global sky subtraction for slit: 506
[1;38;2;49;54;149m    [INFO][0m - [38;2;116;173;209mskysub.py:global_skysub:195[0m - Full fit in global sky sub.
[1;38;2;49;54;149m    [INFO][0m - [38;2;116;173;209mfitting.py:bspline_profile:1156[0m - B-spline fit:
[1;38;2;49;54;149m    [INFO][0m - [38;2;116;173;209mfitting.py:bspline_profile:1157[0m -     npoly = 2 profile basis functions
[1;38;2;49;54;149m    [INFO][0m - [38;2;116;173;209mfitting.py:bspline_profile:1158[0m -     ngood = 89373/144990 measurements
[1;38;2;49;54;149m    [INFO][0m - [38;2;116;173;209mfitting.py:bspline_profile:1159[0m - ***************** Iter     Chi^2    N Rej  R. Fac *****************
[1;38;2;49;54;149m    [INFO][0m - [38;2;116;173;209mfitting.py:bspline_profile:1163[0m -                   ----  --------  -------  ------                  
[1;38;2;49;54;149m    [INFO][0m - [38;2;116;173;209mfitting.py:bspline_profile:1257[0m -                      1     1.113    55869    1.00                  
[1;38;2;49;54;149m    [INFO][0m - [38;2;116;173;209mfitting.py:bspline_profile:1257[0m -                      2     1.049    55877    1.00                  
[1;38;2;49;54;149m    [INFO][0m - [38;2;116;173;209mfitting.py:bspline_profile:1257[0m -                      3     1.048    55878    1.00                  
[1;38;2;49;54;149m    [INFO][0m - [38;2;116;173;209mfitting.py:bspline_profile:1257[0m -                      4     1.048    55878    1.00                  
[1;38;2;49;54;149m    [INFO][0m - [38;2;116;173;209mfitting.py:bspline_profile:1272[0m -                   DONE     1.048    55878    1.00                  
[1;38;2;49;54;149m    [INFO][0m - [38;2;116;173;209mfitting.py:bspline_profile:1275[0m - *******************************************************************
[1;38;2;49;54;149m    [INFO][0m - [38;2;116;173;209mfind_objects.py:global_skysub:583[0m - Global sky subtraction for slit: 580
[1;38;2;49;54;149m    [INFO][0m - [38;2;116;173;209mskysub.py:global_skysub:195[0m - Full fit in global sky sub.
[1;38;2;49;54;149m    [INFO][0m - [38;2;116;173;209mfitting.py:bspline_profile:1156[0m - B-spline fit:
[1;38;2;49;54;149m    [INFO][0m - [38;2;116;173;209mfitting.py:bspline_profile:1157[0m -     npoly = 2 profile basis functions
[1;38;2;49;54;149m    [INFO][0m - [38;2;116;173;209mfitting.py:bspline_profile:1158[0m -     ngood = 90535/145407 measurements
[1;38;2;49;54;149m    [INFO][0m - [38;2;116;173;209mfitting.py:bspline_profile:1159[0m - ***************** Iter     Chi^2    N Rej  R. Fac *****************
[1;38;2;49;54;149m    [INFO][0m - [38;2;116;173;209mfitting.py:bspline_profile:1163[0m -                   ----  --------  -------  ------                  
[1;38;2;49;54;149m    [INFO][0m - [38;2;116;173;209mfitting.py:bspline_profile:1257[0m -                      1     1.189    55137    1.00                  
[1;38;2;49;54;149m    [INFO][0m - [38;2;116;173;209mfitting.py:bspline_profile:1257[0m -                      2     1.032    55145    1.00                  
[1;38;2;49;54;149m    [INFO][0m - [38;2;116;173;209mfitting.py:bspline_profile:1257[0m -                      3     1.031    55145    1.00                  
[1;38;2;49;54;149m    [INFO][0m - [38;2;116;173;209mfitting.py:bspline_profile:1272[0m -                   DONE     1.031    55145    1.00                  
[1;38;2;49;54;149m    [INFO][0m - [38;2;116;173;209mfitting.py:bspline_profile:1275[0m - *******************************************************************
[1;38;2;49;54;149m    [INFO][0m - [38;2;116;173;209mfind_objects.py:global_skysub:583[0m - Global sky subtraction for slit: 653
[1;38;2;49;54;149m    [INFO][0m - [38;2;116;173;209mskysub.py:global_skysub:195[0m - Full fit in global sky sub.
[1;38;2;49;54;149m    [INFO][0m - [38;2;116;173;209mfitting.py:bspline_profile:1156[0m - B-spline fit:
[1;38;2;49;54;149m    [INFO][0m - [38;2;116;173;209mfitting.py:bspline_profile:1157[0m -     npoly = 2 profile basis functions
[1;38;2;49;54;149m    [INFO][0m - [38;2;116;173;209mfitting.py:bspline_profile:1158[0m -     ngood = 89688/144774 measurements
[1;38;2;49;54;149m    [INFO][0m - [38;2;116;173;209mfitting.py:bspline_profile:1159[0m - ***************** Iter     Chi^2    N Rej  R. Fac *****************
[1;38;2;49;54;149m    [INFO][0m - [38;2;116;173;209mfitting.py:bspline_profile:1163[0m -                   ----  --------  -------  ------                  
[1;38;2;49;54;149m    [INFO][0m - [38;2;116;173;209mfitting.py:bspline_profile:1257[0m -                      1     1.189    55380    1.00                  
[1;38;2;49;54;149m    [INFO][0m - [38;2;116;173;209mfitting.py:bspline_profile:1257[0m -                      2     1.060    55390    1.00                  
[1;38;2;49;54;149m    [INFO][0m - [38;2;116;173;209mfitting.py:bspline_profile:1257[0m -                      3     1.059    55390    1.00                  
[1;38;2;49;54;149m    [INFO][0m - [38;2;116;173;209mfitting.py:bspline_profile:1272[0m -                   DONE     1.059    55390    1.00                  
[1;38;2;49;54;149m    [INFO][0m - [38;2;116;173;209mfitting.py:bspline_profile:1275[0m - *******************************************************************
[1;38;2;49;54;149m    [INFO][0m - [38;2;116;173;209mfind_objects.py:global_skysub:583[0m - Global sky subtraction for slit: 728
[1;38;2;49;54;149m    [INFO][0m - [38;2;116;173;209mskysub.py:global_skysub:195[0m - Full fit in global sky sub.
[1;38;2;49;54;149m    [INFO][0m - [38;2;116;173;209mfitting.py:bspline_profile:1156[0m - B-spline fit:
[1;38;2;49;54;149m    [INFO][0m - [38;2;116;173;209mfitting.py:bspline_profile:1157[0m -     npoly = 2 profile basis functions
[1;38;2;49;54;149m    [INFO][0m - [38;2;116;173;209mfitting.py:bspline_profile:1158[0m -     ngood = 91024/145537 measurements
[1;38;2;49;54;149m    [INFO][0m - [38;2;116;173;209mfitting.py:bspline_profile:1159[0m - ***************** Iter     Chi^2    N Rej  R. Fac *****************
[1;38;2;49;54;149m    [INFO][0m - [38;2;116;173;209mfitting.py:bspline_profile:1163[0m -                   ----  --------  -------  ------                  
[1;38;2;49;54;149m    [INFO][0m - [38;2;116;173;209mfitting.py:bspline_profile:1257[0m -                      1     1.194    55033    1.00                  
[1;38;2;49;54;149m    [INFO][0m - [38;2;116;173;209mfitting.py:bspline_profile:1257[0m -                      2     1.118    55052    1.00                  
[1;38;2;49;54;149m    [INFO][0m - [38;2;116;173;209mfitting.py:bspline_profile:1257[0m -                      3     1.116    55053    1.00                  
[1;38;2;49;54;149m    [INFO][0m - [38;2;116;173;209mfitting.py:bspline_profile:1257[0m -                      4     1.116    55053    1.00                  
[1;38;2;49;54;149m    [INFO][0m - [38;2;116;173;209mfitting.py:bspline_profile:1272[0m -                   DONE     1.116    55053    1.00                  
[1;38;2;49;54;149m    [INFO][0m - [38;2;116;173;209mfitting.py:bspline_profile:1275[0m - *******************************************************************
[1;38;2;49;54;149m    [INFO][0m - [38;2;116;173;209mfind_objects.py:global_skysub:583[0m - Global sky subtraction for slit: 801
[1;38;2;49;54;149m    [INFO][0m - [38;2;116;173;209mskysub.py:global_skysub:195[0m - Full fit in global sky sub.
[1;38;2;49;54;149m    [INFO][0m - [38;2;116;173;209mfitting.py:bspline_profile:1156[0m - B-spline fit:
[1;38;2;49;54;149m    [INFO][0m - [38;2;116;173;209mfitting.py:bspline_profile:1157[0m -     npoly = 2 profile basis functions
[1;38;2;49;54;149m    [INFO][0m - [38;2;116;173;209mfitting.py:bspline_profile:1158[0m -     ngood = 90606/145322 measurements
[1;38;2;49;54;149m    [INFO][0m - [38;2;116;173;209mfitting.py:bspline_profile:1159[0m - ***************** Iter     Chi^2    N Rej  R. Fac *****************
[1;38;2;49;54;149m    [INFO][0m - [38;2;116;173;209mfitting.py:bspline_profile:1163[0m -                   ----  --------  -------  ------                  
[1;38;2;49;54;149m    [INFO][0m - [38;2;116;173;209mfitting.py:bspline_profile:1257[0m -                      1     1.205    55236    1.00                  
[1;38;2;49;54;149m    [INFO][0m - [38;2;116;173;209mfitting.py:bspline_profile:1257[0m -                      2     1.106    55253    1.00                  
[1;38;2;49;54;149m    [INFO][0m - [38;2;116;173;209mfitting.py:bspline_profile:1257[0m -                      3     1.104    55254    1.00                  
[1;38;2;49;54;149m    [INFO][0m - [38;2;116;173;209mfitting.py:bspline_profile:1257[0m -                      4     1.104    55254    1.00                  
[1;38;2;49;54;149m    [INFO][0m - [38;2;116;173;209mfitting.py:bspline_profile:1272[0m -                   DONE     1.104    55254    1.00                  
[1;38;2;49;54;149m    [INFO][0m - [38;2;116;173;209mfitting.py:bspline_profile:1275[0m - *******************************************************************
[1;38;2;49;54;149m    [INFO][0m - [38;2;116;173;209mfind_objects.py:global_skysub:583[0m - Global sky subtraction for slit: 875
[1;38;2;49;54;149m    [INFO][0m - [38;2;116;173;209mskysub.py:global_skysub:195[0m - Full fit in global sky sub.
[1;38;2;49;54;149m    [INFO][0m - [38;2;116;173;209mfitting.py:bspline_profile:1156[0m - B-spline fit:
[1;38;2;49;54;149m    [INFO][0m - [38;2;116;173;209mfitting.py:bspline_profile:1157[0m -     npoly = 2 profile basis functions
[1;38;2;49;54;149m    [INFO][0m - [38;2;116;173;209mfitting.py:bspline_profile:1158[0m -     ngood = 90397/145591 measurements
[1;38;2;49;54;149m    [INFO][0m - [38;2;116;173;209mfitting.py:bspline_profile:1159[0m - ***************** Iter     Chi^2    N Rej  R. Fac *****************
[1;38;2;49;54;149m    [INFO][0m - [38;2;116;173;209mfitting.py:bspline_profile:1163[0m -                   ----  --------  -------  ------                  
[1;38;2;49;54;149m    [INFO][0m - [38;2;116;173;209mfitting.py:bspline_profile:1257[0m -                      1     1.363    56028    1.00                  
[1;38;2;49;54;149m    [INFO][0m - [38;2;116;173;209mfitting.py:bspline_profile:1257[0m -                      2     1.233    56121    1.00                  
[1;38;2;49;54;149m    [INFO][0m - [38;2;116;173;209mfitting.py:bspline_profile:1257[0m -                      3     1.222    56134    1.00                  
[1;38;2;49;54;149m    [INFO][0m - [38;2;116;173;209mfitting.py:bspline_profile:1257[0m -                      4     1.220    56135    1.00                  
[1;38;2;49;54;149m    [INFO][0m - [38;2;116;173;209mfitting.py:bspline_profile:1257[0m -                      5     1.220    56135    1.00                  
[1;38;2;49;54;149m    [INFO][0m - [38;2;116;173;209mfitting.py:bspline_profile:1272[0m -                   DONE     1.220    56135    1.00                  
[1;38;2;49;54;149m    [INFO][0m - [38;2;116;173;209mfitting.py:bspline_profile:1275[0m - *******************************************************************
[1;38;2;49;54;149m    [INFO][0m - [38;2;116;173;209mfind_objects.py:global_skysub:583[0m - Global sky subtraction for slit: 1154
[1;38;2;49;54;149m    [INFO][0m - [38;2;116;173;209mskysub.py:global_skysub:195[0m - Full fit in global sky sub.
[1;38;2;49;54;149m    [INFO][0m - [38;2;116;173;209mfitting.py:bspline_profile:1156[0m - B-spline fit:
[1;38;2;49;54;149m    [INFO][0m - [38;2;116;173;209mfitting.py:bspline_profile:1157[0m -     npoly = 2 profile basis functions
[1;38;2;49;54;149m    [INFO][0m - [38;2;116;173;209mfitting.py:bspline_profile:1158[0m -     ngood = 89952/145211 measurements
[1;38;2;49;54;149m    [INFO][0m - [38;2;116;173;209mfitting.py:bspline_profile:1159[0m - ***************** Iter     Chi^2    N Rej  R. Fac *****************
[1;38;2;49;54;149m    [INFO][0m - [38;2;116;173;209mfitting.py:bspline_profile:1163[0m -                   ----  --------  -------  ------                  
[1;38;2;49;54;149m    [INFO][0m - [38;2;116;173;209mfitting.py:bspline_profile:1257[0m -                      1     1.374    56157    1.00                  
[1;38;2;49;54;149m    [INFO][0m - [38;2;116;173;209mfitting.py:bspline_profile:1257[0m -                      2     1.225    56228    1.00                  
[1;38;2;49;54;149m    [INFO][0m - [38;2;116;173;209mfitting.py:bspline_profile:1257[0m -                      3     1.216    56236    1.00                  
[1;38;2;49;54;149m    [INFO][0m - [38;2;116;173;209mfitting.py:bspline_profile:1257[0m -                      4     1.215    56236    1.00                  
[1;38;2;49;54;149m    [INFO][0m - [38;2;116;173;209mfitting.py:bspline_profile:1272[0m -                   DONE     1.215    56236    1.00                  
[1;38;2;49;54;149m    [INFO][0m - [38;2;116;173;209mfitting.py:bspline_profile:1275[0m - *******************************************************************
[1;38;2;49;54;149m    [INFO][0m - [38;2;116;173;209mfind_objects.py:global_skysub:583[0m - Global sky subtraction for slit: 1227
[1;38;2;49;54;149m    [INFO][0m - [38;2;116;173;209mskysub.py:global_skysub:195[0m - Full fit in global sky sub.
[1;38;2;49;54;149m    [INFO][0m - [38;2;116;173;209mfitting.py:bspline_profile:1156[0m - B-spline fit:
[1;38;2;49;54;149m    [INFO][0m - [38;2;116;173;209mfitting.py:bspline_profile:1157[0m -     npoly = 2 profile basis functions
[1;38;2;49;54;149m    [INFO][0m - [38;2;116;173;209mfitting.py:bspline_profile:1158[0m -     ngood = 90723/145720 measurements
[1;38;2;49;54;149m    [INFO][0m - [38;2;116;173;209mfitting.py:bspline_profile:1159[0m - ***************** Iter     Chi^2    N Rej  R. Fac *****************
[1;38;2;49;54;149m    [INFO][0m - [38;2;116;173;209mfitting.py:bspline_profile:1163[0m -                   ----  --------  -------  ------                  
[1;38;2;49;54;149m    [INFO][0m - [38;2;116;173;209mfitting.py:bspline_profile:1257[0m -                      1     1.270    55632    1.00                  
[1;38;2;49;54;149m    [INFO][0m - [38;2;116;173;209mfitting.py:bspline_profile:1257[0m -                      2     1.172    55673    1.00                  
[1;38;2;49;54;149m    [INFO][0m - [38;2;116;173;209mfitting.py:bspline_profile:1257[0m -                      3     1.167    55676    1.00                  
[1;38;2;49;54;149m    [INFO][0m - [38;2;116;173;209mfitting.py:bspline_profile:1257[0m -                      4     1.167    55676    1.00                  
[1;38;2;49;54;149m    [INFO][0m - [38;2;116;173;209mfitting.py:bspline_profile:1272[0m -                   DONE     1.167    55676    1.00                  
[1;38;2;49;54;149m    [INFO][0m - [38;2;116;173;209mfitting.py:bspline_profile:1275[0m - *******************************************************************
[1;38;2;49;54;149m    [INFO][0m - [38;2;116;173;209mfind_objects.py:global_skysub:583[0m - Global sky subtraction for slit: 1301
[1;38;2;49;54;149m    [INFO][0m - [38;2;116;173;209mskysub.py:global_skysub:195[0m - Full fit in global sky sub.
[1;38;2;49;54;149m    [INFO][0m - [38;2;116;173;209mfitting.py:bspline_profile:1156[0m - B-spline fit:
[1;38;2;49;54;149m    [INFO][0m - [38;2;116;173;209mfitting.py:bspline_profile:1157[0m -     npoly = 2 profile basis functions
[1;38;2;49;54;149m    [INFO][0m - [38;2;116;173;209mfitting.py:bspline_profile:1158[0m -     ngood = 90680/145616 measurements
[1;38;2;49;54;149m    [INFO][0m - [38;2;116;173;209mfitting.py:bspline_profile:1159[0m - ***************** Iter     Chi^2    N Rej  R. Fac *****************
[1;38;2;49;54;149m    [INFO][0m - [38;2;116;173;209mfitting.py:bspline_profile:1163[0m -                   ----  --------  -------  ------                  
[1;38;2;49;54;149m    [INFO][0m - [38;2;116;173;209mfitting.py:bspline_profile:1257[0m -                      1     1.328    55825    1.00                  
[1;38;2;49;54;149m    [INFO][0m - [38;2;116;173;209mfitting.py:bspline_profile:1257[0m -                      2     1.186    55903    1.00                  
[1;38;2;49;54;149m    [INFO][0m - [38;2;116;173;209mfitting.py:bspline_profile:1257[0m -                      3     1.176    55910    1.00                  
[1;38;2;49;54;149m    [INFO][0m - [38;2;116;173;209mfitting.py:bspline_profile:1257[0m -                      4     1.175    55911    1.00                  
[1;38;2;49;54;149m    [INFO][0m - [38;2;116;173;209mfitting.py:bspline_profile:1257[0m -                      5     1.175    55911    1.00                  
[1;38;2;49;54;149m    [INFO][0m - [38;2;116;173;209mfitting.py:bspline_profile:1272[0m -                   DONE     1.175    55911    1.00                  
[1;38;2;49;54;149m    [INFO][0m - [38;2;116;173;209mfitting.py:bspline_profile:1275[0m - *******************************************************************
[1;38;2;49;54;149m    [INFO][0m - [38;2;116;173;209mfind_objects.py:global_skysub:583[0m - Global sky subtraction for slit: 1375
[1;38;2;49;54;149m    [INFO][0m - [38;2;116;173;209mskysub.py:global_skysub:195[0m - Full fit in global sky sub.
[1;38;2;49;54;149m    [INFO][0m - [38;2;116;173;209mfitting.py:bspline_profile:1156[0m - B-spline fit:
[1;38;2;49;54;149m    [INFO][0m - [38;2;116;173;209mfitting.py:bspline_profile:1157[0m -     npoly = 2 profile basis functions
[1;38;2;49;54;149m    [INFO][0m - [38;2;116;173;209mfitting.py:bspline_profile:1158[0m -     ngood = 89304/145124 measurements
[1;38;2;49;54;149m    [INFO][0m - [38;2;116;173;209mfitting.py:bspline_profile:1159[0m - ***************** Iter     Chi^2    N Rej  R. Fac *****************
[1;38;2;49;54;149m    [INFO][0m - [38;2;116;173;209mfitting.py:bspline_profile:1163[0m -                   ----  --------  -------  ------                  
[1;38;2;49;54;149m    [INFO][0m - [38;2;116;173;209mfitting.py:bspline_profile:1257[0m -                      1     1.153    56133    1.00                  
[1;38;2;49;54;149m    [INFO][0m - [38;2;116;173;209mfitting.py:bspline_profile:1257[0m -                      2     1.107    56144    1.00                  
[1;38;2;49;54;149m    [INFO][0m - [38;2;116;173;209mfitting.py:bspline_profile:1257[0m -                      3     1.105    56144    1.00                  
[1;38;2;49;54;149m    [INFO][0m - [38;2;116;173;209mfitting.py:bspline_profile:1272[0m -                   DONE     1.105    56144    1.00                  
[1;38;2;49;54;149m    [INFO][0m - [38;2;116;173;209mfitting.py:bspline_profile:1275[0m - *******************************************************************
[1;38;2;49;54;149m    [INFO][0m - [38;2;116;173;209mfind_objects.py:global_skysub:583[0m - Global sky subtraction for slit: 1448
[1;38;2;49;54;149m    [INFO][0m - [38;2;116;173;209mskysub.py:global_skysub:195[0m - Full fit in global sky sub.
[1;38;2;49;54;149m    [INFO][0m - [38;2;116;173;209mfitting.py:bspline_profile:1156[0m - B-spline fit:
[1;38;2;49;54;149m    [INFO][0m - [38;2;116;173;209mfitting.py:bspline_profile:1157[0m -     npoly = 2 profile basis functions
[1;38;2;49;54;149m    [INFO][0m - [38;2;116;173;209mfitting.py:bspline_profile:1158[0m -     ngood = 91021/145884 measurements
[1;38;2;49;54;149m    [INFO][0m - [38;2;116;173;209mfitting.py:bspline_profile:1159[0m - ***************** Iter     Chi^2    N Rej  R. Fac *****************
[1;38;2;49;54;149m    [INFO][0m - [38;2;116;173;209mfitting.py:bspline_profile:1163[0m -                   ----  --------  -------  ------                  
[1;38;2;49;54;149m    [INFO][0m - [38;2;116;173;209mfitting.py:bspline_profile:1257[0m -                      1     3.241    55391    1.00                  
[1;38;2;49;54;149m    [INFO][0m - [38;2;116;173;209mfitting.py:bspline_profile:1257[0m -                      2     1.111    55413    1.00                  
[1;38;2;49;54;149m    [INFO][0m - [38;2;116;173;209mfitting.py:bspline_profile:1257[0m -                      3     1.108    55413    1.00                  
[1;38;2;49;54;149m    [INFO][0m - [38;2;116;173;209mfitting.py:bspline_profile:1272[0m -                   DONE     1.108    55413    1.00                  
[1;38;2;49;54;149m    [INFO][0m - [38;2;116;173;209mfitting.py:bspline_profile:1275[0m - *******************************************************************
[1;38;2;49;54;149m    [INFO][0m - [38;2;116;173;209mfind_objects.py:global_skysub:583[0m - Global sky subtraction for slit: 1522
[1;38;2;49;54;149m    [INFO][0m - [38;2;116;173;209mskysub.py:global_skysub:195[0m - Full fit in global sky sub.
[1;38;2;49;54;149m    [INFO][0m - [38;2;116;173;209mfitting.py:bspline_profile:1156[0m - B-spline fit:
[1;38;2;49;54;149m    [INFO][0m - [38;2;116;173;209mfitting.py:bspline_profile:1157[0m -     npoly = 2 profile basis functions
[1;38;2;49;54;149m    [INFO][0m - [38;2;116;173;209mfitting.py:bspline_profile:1158[0m -     ngood = 90043/145599 measurements
[1;38;2;49;54;149m    [INFO][0m - [38;2;116;173;209mfitting.py:bspline_profile:1159[0m - ***************** Iter     Chi^2    N Rej  R. Fac *****************
[1;38;2;49;54;149m    [INFO][0m - [38;2;116;173;209mfitting.py:bspline_profile:1163[0m -                   ----  --------  -------  ------                  
[1;38;2;49;54;149m    [INFO][0m - [38;2;116;173;209mfitting.py:bspline_profile:1257[0m -                      1     1.160    55924    1.00                  
[1;38;2;49;54;149m    [INFO][0m - [38;2;116;173;209mfitting.py:bspline_profile:1257[0m -                      2     1.108    55942    1.00                  
[1;38;2;49;54;149m    [INFO][0m - [38;2;116;173;209mfitting.py:bspline_profile:1257[0m -                      3     1.105    55942    1.00                  
[1;38;2;49;54;149m    [INFO][0m - [38;2;116;173;209mfitting.py:bspline_profile:1272[0m -                   DONE     1.105    55942    1.00                  
[1;38;2;49;54;149m    [INFO][0m - [38;2;116;173;209mfitting.py:bspline_profile:1275[0m - *******************************************************************
[1;38;2;49;54;149m    [INFO][0m - [38;2;116;173;209mfind_objects.py:global_skysub:583[0m - Global sky subtraction for slit: 1596
[1;38;2;49;54;149m    [INFO][0m - [38;2;116;173;209mskysub.py:global_skysub:195[0m - Full fit in global sky sub.
[1;38;2;49;54;149m    [INFO][0m - [38;2;116;173;209mfitting.py:bspline_profile:1156[0m - B-spline fit:
[1;38;2;49;54;149m    [INFO][0m - [38;2;116;173;209mfitting.py:bspline_profile:1157[0m -     npoly = 2 profile basis functions
[1;38;2;49;54;149m    [INFO][0m - [38;2;116;173;209mfitting.py:bspline_profile:1158[0m -     ngood = 89434/145167 measurements
[1;38;2;49;54;149m    [INFO][0m - [38;2;116;173;209mfitting.py:bspline_profile:1159[0m - ***************** Iter     Chi^2    N Rej  R. Fac *****************
[1;38;2;49;54;149m    [INFO][0m - [38;2;116;173;209mfitting.py:bspline_profile:1163[0m -                   ----  --------  -------  ------                  
[1;38;2;49;54;149m    [INFO][0m - [38;2;116;173;209mfitting.py:bspline_profile:1257[0m -                      1     1.217    56129    1.00                  
[1;38;2;49;54;149m    [INFO][0m - [38;2;116;173;209mfitting.py:bspline_profile:1257[0m -                      2     1.084    56136    1.00                  
[1;38;2;49;54;149m    [INFO][0m - [38;2;116;173;209mfitting.py:bspline_profile:1257[0m -                      3     1.083    56136    1.00                  
[1;38;2;49;54;149m    [INFO][0m - [38;2;116;173;209mfitting.py:bspline_profile:1272[0m -                   DONE     1.083    56136    1.00                  
[1;38;2;49;54;149m    [INFO][0m - [38;2;116;173;209mfitting.py:bspline_profile:1275[0m - *******************************************************************
[1;38;2;49;54;149m    [INFO][0m - [38;2;116;173;209mfind_objects.py:global_skysub:583[0m - Global sky subtraction for slit: 1670
[1;38;2;49;54;149m    [INFO][0m - [38;2;116;173;209mskysub.py:global_skysub:195[0m - Full fit in global sky sub.
[1;38;2;49;54;149m    [INFO][0m - [38;2;116;173;209mfitting.py:bspline_profile:1156[0m - B-spline fit:
[1;38;2;49;54;149m    [INFO][0m - [38;2;116;173;209mfitting.py:bspline_profile:1157[0m -     npoly = 2 profile basis functions
[1;38;2;49;54;149m    [INFO][0m - [38;2;116;173;209mfitting.py:bspline_profile:1158[0m -     ngood = 90889/145857 measurements
[1;38;2;49;54;149m    [INFO][0m - [38;2;116;173;209mfitting.py:bspline_profile:1159[0m - ***************** Iter     Chi^2    N Rej  R. Fac *****************
[1;38;2;49;54;149m    [INFO][0m - [38;2;116;173;209mfitting.py:bspline_profile:1163[0m -                   ----  --------  -------  ------                  
[1;38;2;49;54;149m    [INFO][0m - [38;2;116;173;209mfitting.py:bspline_profile:1257[0m -                      1     1.121    55249    1.00                  
[1;38;2;49;54;149m    [INFO][0m - [38;2;116;173;209mfitting.py:bspline_profile:1257[0m -                      2     1.080    55252    1.00                  
[1;38;2;49;54;149m    [INFO][0m - [38;2;116;173;209mfitting.py:bspline_profile:1257[0m -                      3     1.079    55252    1.00                  
[1;38;2;49;54;149m    [INFO][0m - [38;2;116;173;209mfitting.py:bspline_profile:1272[0m -                   DONE     1.079    55252    1.00                  
[1;38;2;49;54;149m    [INFO][0m - [38;2;116;173;209mfitting.py:bspline_profile:1275[0m - *******************************************************************
[1;38;2;49;54;149m    [INFO][0m - [38;2;116;173;209mfind_objects.py:global_skysub:583[0m - Global sky subtraction for slit: 1745
[1;38;2;49;54;149m    [INFO][0m - [38;2;116;173;209mskysub.py:global_skysub:195[0m - Full fit in global sky sub.
[1;38;2;49;54;149m    [INFO][0m - [38;2;116;173;209mfitting.py:bspline_profile:1156[0m - B-spline fit:
[1;38;2;49;54;149m    [INFO][0m - [38;2;116;173;209mfitting.py:bspline_profile:1157[0m -     npoly = 2 profile basis functions
[1;38;2;49;54;149m    [INFO][0m - [38;2;116;173;209mfitting.py:bspline_profile:1158[0m -     ngood = 90792/145676 measurements
[1;38;2;49;54;149m    [INFO][0m - [38;2;116;173;209mfitting.py:bspline_profile:1159[0m - ***************** Iter     Chi^2    N Rej  R. Fac *****************
[1;38;2;49;54;149m    [INFO][0m - [38;2;116;173;209mfitting.py:bspline_profile:1163[0m -                   ----  --------  -------  ------                  
[1;38;2;49;54;149m    [INFO][0m - [38;2;116;173;209mfitting.py:bspline_profile:1257[0m -                      1     1.089    55103    1.00                  
[1;38;2;49;54;149m    [INFO][0m - [38;2;116;173;209mfitting.py:bspline_profile:1257[0m -                      2     1.055    55109    1.00                  
[1;38;2;49;54;149m    [INFO][0m - [38;2;116;173;209mfitting.py:bspline_profile:1257[0m -                      3     1.054    55110    1.00                  
[1;38;2;49;54;149m    [INFO][0m - [38;2;116;173;209mfitting.py:bspline_profile:1257[0m -                      4     1.054    55110    1.00                  
[1;38;2;49;54;149m    [INFO][0m - [38;2;116;173;209mfitting.py:bspline_profile:1272[0m -                   DONE     1.054    55110    1.00                  
[1;38;2;49;54;149m    [INFO][0m - [38;2;116;173;209mfitting.py:bspline_profile:1275[0m - *******************************************************************
[1;38;2;49;54;149m    [INFO][0m - [38;2;116;173;209mfind_objects.py:global_skysub:583[0m - Global sky subtraction for slit: 1823
[1;38;2;49;54;149m    [INFO][0m - [38;2;116;173;209mskysub.py:global_skysub:195[0m - Full fit in global sky sub.
[1;38;2;49;54;149m    [INFO][0m - [38;2;116;173;209mfitting.py:bspline_profile:1156[0m - B-spline fit:
[1;38;2;49;54;149m    [INFO][0m - [38;2;116;173;209mfitting.py:bspline_profile:1157[0m -     npoly = 2 profile basis functions
[1;38;2;49;54;149m    [INFO][0m - [38;2;116;173;209mfitting.py:bspline_profile:1158[0m -     ngood = 89676/145179 measurements
[1;38;2;49;54;149m    [INFO][0m - [38;2;116;173;209mfitting.py:bspline_profile:1159[0m - ***************** Iter     Chi^2    N Rej  R. Fac *****************
[1;38;2;49;54;149m    [INFO][0m - [38;2;116;173;209mfitting.py:bspline_profile:1163[0m -                   ----  --------  -------  ------                  
[1;38;2;49;54;149m    [INFO][0m - [38;2;116;173;209mfitting.py:bspline_profile:1257[0m -                      1     1.091    55741    1.00                  
[1;38;2;49;54;149m    [INFO][0m - [38;2;116;173;209mfitting.py:bspline_profile:1257[0m -                      2     1.025    55747    1.00                  
[1;38;2;49;54;149m    [INFO][0m - [38;2;116;173;209mfitting.py:bspline_profile:1257[0m -                      3     1.024    55747    1.00                  
[1;38;2;49;54;149m    [INFO][0m - [38;2;116;173;209mfitting.py:bspline_profile:1272[0m -                   DONE     1.024    55747    1.00                  
[1;38;2;49;54;149m    [INFO][0m - [38;2;116;173;209mfitting.py:bspline_profile:1275[0m - *******************************************************************
[1;38;2;49;54;149m    [INFO][0m - [38;2;116;173;209mfind_objects.py:global_skysub:583[0m - Global sky subtraction for slit: 1900
[1;38;2;49;54;149m    [INFO][0m - [38;2;116;173;209mskysub.py:global_skysub:195[0m - Full fit in global sky sub.
[1;38;2;49;54;149m    [INFO][0m - [38;2;116;173;209mfitting.py:bspline_profile:1156[0m - B-spline fit:
[1;38;2;49;54;149m    [INFO][0m - [38;2;116;173;209mfitting.py:bspline_profile:1157[0m -     npoly = 2 profile basis functions
[1;38;2;49;54;149m    [INFO][0m - [38;2;116;173;209mfitting.py:bspline_profile:1158[0m -     ngood = 89793/144956 measurements
[1;38;2;49;54;149m    [INFO][0m - [38;2;116;173;209mfitting.py:bspline_profile:1159[0m - ***************** Iter     Chi^2    N Rej  R. Fac *****************
[1;38;2;49;54;149m    [INFO][0m - [38;2;116;173;209mfitting.py:bspline_profile:1163[0m -                   ----  --------  -------  ------                  
[1;38;2;49;54;149m    [INFO][0m - [38;2;116;173;209mfitting.py:bspline_profile:1257[0m -                      1     1.153    55398    1.00                  
[1;38;2;49;54;149m    [INFO][0m - [38;2;116;173;209mfitting.py:bspline_profile:1257[0m -                      2     1.013    55405    1.00                  
[1;38;2;49;54;149m    [INFO][0m - [38;2;116;173;209mfitting.py:bspline_profile:1257[0m -                      3     1.012    55407    1.00                  
[1;38;2;49;54;149m    [INFO][0m - [38;2;116;173;209mfitting.py:bspline_profile:1257[0m -                      4     1.012    55407    1.00                  
[1;38;2;49;54;149m    [INFO][0m - [38;2;116;173;209mfitting.py:bspline_profile:1272[0m -                   DONE     1.012    55407    1.00                  
[1;38;2;49;54;149m    [INFO][0m - [38;2;116;173;209mfitting.py:bspline_profile:1275[0m - *******************************************************************
[1;38;2;49;54;149m    [INFO][0m - [38;2;116;173;209mfind_objects.py:global_skysub:583[0m - Global sky subtraction for slit: 1980
[1;38;2;49;54;149m    [INFO][0m - [38;2;116;173;209mskysub.py:global_skysub:195[0m - Full fit in global sky sub.
[1;38;2;49;54;149m    [INFO][0m - [38;2;116;173;209mfitting.py:bspline_profile:1156[0m - B-spline fit:
[1;38;2;49;54;149m    [INFO][0m - [38;2;116;173;209mfitting.py:bspline_profile:1157[0m -     npoly = 2 profile basis functions
[1;38;2;49;54;149m    [INFO][0m - [38;2;116;173;209mfitting.py:bspline_profile:1158[0m -     ngood = 90575/145183 measurements
[1;38;2;49;54;149m    [INFO][0m - [38;2;116;173;209mfitting.py:bspline_profile:1159[0m - ***************** Iter     Chi^2    N Rej  R. Fac *****************
[1;38;2;49;54;149m    [INFO][0m - [38;2;116;173;209mfitting.py:bspline_profile:1163[0m -                   ----  --------  -------  ------                  
[1;38;2;49;54;149m    [INFO][0m - [38;2;116;173;209mfitting.py:bspline_profile:1257[0m -                      1     1.084    54821    1.00                  
[1;38;2;49;54;149m    [INFO][0m - [38;2;116;173;209mfitting.py:bspline_profile:1257[0m -                      2     1.006    54825    1.00                  
[1;38;2;49;54;149m    [INFO][0m - [38;2;116;173;209mfitting.py:bspline_profile:1257[0m -                      3     1.006    54825    1.00                  
[1;38;2;49;54;149m    [INFO][0m - [38;2;116;173;209mfitting.py:bspline_profile:1272[0m -                   DONE     1.006    54825    1.00                  
[1;38;2;49;54;149m    [INFO][0m - [38;2;116;173;209mfitting.py:bspline_profile:1275[0m - *******************************************************************
[1;38;2;49;54;149m    [INFO][0m - [38;2;116;173;209mfind_objects.py:find_objects_pypeline:788[0m - Finding objects on slit # 48
[1;38;2;49;54;149m    [INFO][0m - [38;2;116;173;209mfindobj_skymask.py:objs_in_slit:2095[0m - No objects found automatically.  Consider manual extraction.
[1;38;2;49;54;149m    [INFO][0m - [38;2;116;173;209mfind_objects.py:find_objects_pypeline:788[0m - Finding objects on slit # 128
[1;38;2;49;54;149m    [INFO][0m - [38;2;116;173;209mfindobj_skymask.py:objs_in_slit:2095[0m - No objects found automatically.  Consider manual extraction.
[1;38;2;49;54;149m    [INFO][0m - [38;2;116;173;209mfind_objects.py:find_objects_pypeline:788[0m - Finding objects on slit # 205
[1;38;2;49;54;149m    [INFO][0m - [38;2;116;173;209mfindobj_skymask.py:objs_in_slit:2095[0m - No objects found automatically.  Consider manual extraction.
[1;38;2;49;54;149m    [INFO][0m - [38;2;116;173;209mfind_objects.py:find_objects_pypeline:788[0m - Finding objects on slit # 283
[1;38;2;49;54;149m    [INFO][0m - [38;2;116;173;209mfindobj_skymask.py:objs_in_slit:2095[0m - No objects found automatically.  Consider manual extraction.
[1;38;2;49;54;149m    [INFO][0m - [38;2;116;173;209mfind_objects.py:find_objects_pypeline:788[0m - Finding objects on slit # 358
[1;38;2;49;54;149m    [INFO][0m - [38;2;116;173;209mfindobj_skymask.py:objs_in_slit:2073[0m - Using slit edges as crutch for object tracing
[1;38;2;49;54;149m    [INFO][0m - [38;2;116;173;209mfindobj_skymask.py:objs_in_slit:2098[0m - Automatic finding routine found 2 objects
[1;38;2;49;54;149m    [INFO][0m - [38;2;116;173;209mfindobj_skymask.py:objs_in_slit:2102[0m - Fitting the traces
[1;38;2;253;174;97m [WARNING][0m - [38;2;116;173;209mpolyutils.py:_fit:662[0m - RankWarning: The fit may be poorly conditioned
[1;38;2;49;54;149m    [INFO][0m - [38;2;116;173;209mfindobj_skymask.py:objs_in_slit:2254[0m - Successfully traced a total of 2 objects
[1;38;2;49;54;149m    [INFO][0m - [38;2;116;173;209mfind_objects.py:find_objects_pypeline:788[0m - Finding objects on slit # 433
[1;38;2;49;54;149m    [INFO][0m - [38;2;116;173;209mfindobj_skymask.py:objs_in_slit:2073[0m - Using slit edges as crutch for object tracing
[1;38;2;49;54;149m    [INFO][0m - [38;2;116;173;209mfindobj_skymask.py:objs_in_slit:2098[0m - Automatic finding routine found 2 objects
[1;38;2;49;54;149m    [INFO][0m - [38;2;116;173;209mfindobj_skymask.py:objs_in_slit:2102[0m - Fitting the traces
[1;38;2;253;174;97m [WARNING][0m - [38;2;116;173;209mpolyutils.py:_fit:662[0m - RankWarning: The fit may be poorly conditioned
[1;38;2;49;54;149m    [INFO][0m - [38;2;116;173;209mfindobj_skymask.py:objs_in_slit:2254[0m - Successfully traced a total of 2 objects
[1;38;2;49;54;149m    [INFO][0m - [38;2;116;173;209mfind_objects.py:find_objects_pypeline:788[0m - Finding objects on slit # 506
[1;38;2;49;54;149m    [INFO][0m - [38;2;116;173;209mfindobj_skymask.py:objs_in_slit:2073[0m - Using slit edges as crutch for object tracing
[1;38;2;49;54;149m    [INFO][0m - [38;2;116;173;209mfindobj_skymask.py:objs_in_slit:2098[0m - Automatic finding routine found 1 objects
[1;38;2;49;54;149m    [INFO][0m - [38;2;116;173;209mfindobj_skymask.py:objs_in_slit:2102[0m - Fitting the traces
[1;38;2;253;174;97m [WARNING][0m - [38;2;116;173;209mpolyutils.py:_fit:662[0m - RankWarning: The fit may be poorly conditioned
[1;38;2;49;54;149m    [INFO][0m - [38;2;116;173;209mfindobj_skymask.py:objs_in_slit:2254[0m - Successfully traced a total of 1 objects
[1;38;2;49;54;149m    [INFO][0m - [38;2;116;173;209mfind_objects.py:find_objects_pypeline:788[0m - Finding objects on slit # 580
[1;38;2;49;54;149m    [INFO][0m - [38;2;116;173;209mfindobj_skymask.py:objs_in_slit:2073[0m - Using slit edges as crutch for object tracing
[1;38;2;49;54;149m    [INFO][0m - [38;2;116;173;209mfindobj_skymask.py:objs_in_slit:2098[0m - Automatic finding routine found 1 objects
[1;38;2;49;54;149m    [INFO][0m - [38;2;116;173;209mfindobj_skymask.py:objs_in_slit:2102[0m - Fitting the traces
[1;38;2;253;174;97m [WARNING][0m - [38;2;116;173;209mpolyutils.py:_fit:662[0m - RankWarning: The fit may be poorly conditioned
[1;38;2;49;54;149m    [INFO][0m - [38;2;116;173;209mfindobj_skymask.py:objs_in_slit:2254[0m - Successfully traced a total of 1 objects
[1;38;2;49;54;149m    [INFO][0m - [38;2;116;173;209mfind_objects.py:find_objects_pypeline:788[0m - Finding objects on slit # 653
[1;38;2;49;54;149m    [INFO][0m - [38;2;116;173;209mfindobj_skymask.py:objs_in_slit:2073[0m - Using slit edges as crutch for object tracing
[1;38;2;49;54;149m    [INFO][0m - [38;2;116;173;209mfindobj_skymask.py:objs_in_slit:2098[0m - Automatic finding routine found 1 objects
[1;38;2;49;54;149m    [INFO][0m - [38;2;116;173;209mfindobj_skymask.py:objs_in_slit:2102[0m - Fitting the traces
[1;38;2;253;174;97m [WARNING][0m - [38;2;116;173;209mpolyutils.py:_fit:662[0m - RankWarning: The fit may be poorly conditioned
[1;38;2;49;54;149m    [INFO][0m - [38;2;116;173;209mfindobj_skymask.py:objs_in_slit:2254[0m - Successfully traced a total of 1 objects
[1;38;2;49;54;149m    [INFO][0m - [38;2;116;173;209mfind_objects.py:find_objects_pypeline:788[0m - Finding objects on slit # 728
[1;38;2;49;54;149m    [INFO][0m - [38;2;116;173;209mfindobj_skymask.py:objs_in_slit:2073[0m - Using slit edges as crutch for object tracing
[1;38;2;49;54;149m    [INFO][0m - [38;2;116;173;209mfindobj_skymask.py:objs_in_slit:2098[0m - Automatic finding routine found 1 objects
[1;38;2;49;54;149m    [INFO][0m - [38;2;116;173;209mfindobj_skymask.py:objs_in_slit:2102[0m - Fitting the traces
[1;38;2;253;174;97m [WARNING][0m - [38;2;116;173;209mpolyutils.py:_fit:662[0m - RankWarning: The fit may be poorly conditioned
[1;38;2;49;54;149m    [INFO][0m - [38;2;116;173;209mfindobj_skymask.py:objs_in_slit:2254[0m - Successfully traced a total of 1 objects
[1;38;2;49;54;149m    [INFO][0m - [38;2;116;173;209mfind_objects.py:find_objects_pypeline:788[0m - Finding objects on slit # 801
[1;38;2;49;54;149m    [INFO][0m - [38;2;116;173;209mfindobj_skymask.py:objs_in_slit:2073[0m - Using slit edges as crutch for object tracing
[1;38;2;49;54;149m    [INFO][0m - [38;2;116;173;209mfindobj_skymask.py:objs_in_slit:2098[0m - Automatic finding routine found 1 objects
[1;38;2;49;54;149m    [INFO][0m - [38;2;116;173;209mfindobj_skymask.py:objs_in_slit:2102[0m - Fitting the traces
[1;38;2;253;174;97m [WARNING][0m - [38;2;116;173;209mpolyutils.py:_fit:662[0m - RankWarning: The fit may be poorly conditioned
[1;38;2;49;54;149m    [INFO][0m - [38;2;116;173;209mfindobj_skymask.py:objs_in_slit:2254[0m - Successfully traced a total of 1 objects
[1;38;2;49;54;149m    [INFO][0m - [38;2;116;173;209mfind_objects.py:find_objects_pypeline:788[0m - Finding objects on slit # 875
[1;38;2;49;54;149m    [INFO][0m - [38;2;116;173;209mfindobj_skymask.py:objs_in_slit:2073[0m - Using slit edges as crutch for object tracing
[1;38;2;49;54;149m    [INFO][0m - [38;2;116;173;209mfindobj_skymask.py:objs_in_slit:2098[0m - Automatic finding routine found 1 objects
[1;38;2;49;54;149m    [INFO][0m - [38;2;116;173;209mfindobj_skymask.py:objs_in_slit:2102[0m - Fitting the traces
[1;38;2;253;174;97m [WARNING][0m - [38;2;116;173;209mpolyutils.py:_fit:662[0m - RankWarning: The fit may be poorly conditioned
[1;38;2;49;54;149m    [INFO][0m - [38;2;116;173;209mfindobj_skymask.py:objs_in_slit:2254[0m - Successfully traced a total of 1 objects
[1;38;2;49;54;149m    [INFO][0m - [38;2;116;173;209mfind_objects.py:find_objects_pypeline:788[0m - Finding objects on slit # 1154
[1;38;2;49;54;149m    [INFO][0m - [38;2;116;173;209mfindobj_skymask.py:objs_in_slit:2073[0m - Using slit edges as crutch for object tracing
[1;38;2;49;54;149m    [INFO][0m - [38;2;116;173;209mfindobj_skymask.py:objs_in_slit:2098[0m - Automatic finding routine found 1 objects
[1;38;2;49;54;149m    [INFO][0m - [38;2;116;173;209mfindobj_skymask.py:objs_in_slit:2102[0m - Fitting the traces
[1;38;2;253;174;97m [WARNING][0m - [38;2;116;173;209mpolyutils.py:_fit:662[0m - RankWarning: The fit may be poorly conditioned
[1;38;2;49;54;149m    [INFO][0m - [38;2;116;173;209mfindobj_skymask.py:objs_in_slit:2254[0m - Successfully traced a total of 1 objects
[1;38;2;49;54;149m    [INFO][0m - [38;2;116;173;209mfind_objects.py:find_objects_pypeline:788[0m - Finding objects on slit # 1227
[1;38;2;49;54;149m    [INFO][0m - [38;2;116;173;209mfindobj_skymask.py:objs_in_slit:2073[0m - Using slit edges as crutch for object tracing
[1;38;2;49;54;149m    [INFO][0m - [38;2;116;173;209mfindobj_skymask.py:objs_in_slit:2098[0m - Automatic finding routine found 1 objects
[1;38;2;49;54;149m    [INFO][0m - [38;2;116;173;209mfindobj_skymask.py:objs_in_slit:2102[0m - Fitting the traces
[1;38;2;253;174;97m [WARNING][0m - [38;2;116;173;209mpolyutils.py:_fit:662[0m - RankWarning: The fit may be poorly conditioned
[1;38;2;49;54;149m    [INFO][0m - [38;2;116;173;209mfindobj_skymask.py:objs_in_slit:2254[0m - Successfully traced a total of 1 objects
[1;38;2;49;54;149m    [INFO][0m - [38;2;116;173;209mfind_objects.py:find_objects_pypeline:788[0m - Finding objects on slit # 1301
[1;38;2;49;54;149m    [INFO][0m - [38;2;116;173;209mfindobj_skymask.py:objs_in_slit:2073[0m - Using slit edges as crutch for object tracing
[1;38;2;49;54;149m    [INFO][0m - [38;2;116;173;209mfindobj_skymask.py:objs_in_slit:2098[0m - Automatic finding routine found 1 objects
[1;38;2;49;54;149m    [INFO][0m - [38;2;116;173;209mfindobj_skymask.py:objs_in_slit:2102[0m - Fitting the traces
[1;38;2;253;174;97m [WARNING][0m - [38;2;116;173;209mpolyutils.py:_fit:662[0m - RankWarning: The fit may be poorly conditioned
[1;38;2;49;54;149m    [INFO][0m - [38;2;116;173;209mfindobj_skymask.py:objs_in_slit:2254[0m - Successfully traced a total of 1 objects
[1;38;2;49;54;149m    [INFO][0m - [38;2;116;173;209mfind_objects.py:find_objects_pypeline:788[0m - Finding objects on slit # 1375
[1;38;2;49;54;149m    [INFO][0m - [38;2;116;173;209mfindobj_skymask.py:objs_in_slit:2073[0m - Using slit edges as crutch for object tracing
[1;38;2;49;54;149m    [INFO][0m - [38;2;116;173;209mfindobj_skymask.py:objs_in_slit:2098[0m - Automatic finding routine found 1 objects
[1;38;2;49;54;149m    [INFO][0m - [38;2;116;173;209mfindobj_skymask.py:objs_in_slit:2102[0m - Fitting the traces
[1;38;2;253;174;97m [WARNING][0m - [38;2;116;173;209mpolyutils.py:_fit:662[0m - RankWarning: The fit may be poorly conditioned
[1;38;2;49;54;149m    [INFO][0m - [38;2;116;173;209mfindobj_skymask.py:objs_in_slit:2254[0m - Successfully traced a total of 1 objects
[1;38;2;49;54;149m    [INFO][0m - [38;2;116;173;209mfind_objects.py:find_objects_pypeline:788[0m - Finding objects on slit # 1448
[1;38;2;49;54;149m    [INFO][0m - [38;2;116;173;209mfindobj_skymask.py:objs_in_slit:2073[0m - Using slit edges as crutch for object tracing
[1;38;2;49;54;149m    [INFO][0m - [38;2;116;173;209mfindobj_skymask.py:objs_in_slit:2098[0m - Automatic finding routine found 1 objects
[1;38;2;49;54;149m    [INFO][0m - [38;2;116;173;209mfindobj_skymask.py:objs_in_slit:2102[0m - Fitting the traces
[1;38;2;253;174;97m [WARNING][0m - [38;2;116;173;209mpolyutils.py:_fit:662[0m - RankWarning: The fit may be poorly conditioned
[1;38;2;49;54;149m    [INFO][0m - [38;2;116;173;209mfindobj_skymask.py:objs_in_slit:2254[0m - Successfully traced a total of 1 objects
[1;38;2;49;54;149m    [INFO][0m - [38;2;116;173;209mfind_objects.py:find_objects_pypeline:788[0m - Finding objects on slit # 1522
[1;38;2;49;54;149m    [INFO][0m - [38;2;116;173;209mfindobj_skymask.py:objs_in_slit:2073[0m - Using slit edges as crutch for object tracing
[1;38;2;49;54;149m    [INFO][0m - [38;2;116;173;209mfindobj_skymask.py:objs_in_slit:2098[0m - Automatic finding routine found 1 objects
[1;38;2;49;54;149m    [INFO][0m - [38;2;116;173;209mfindobj_skymask.py:objs_in_slit:2102[0m - Fitting the traces
[1;38;2;253;174;97m [WARNING][0m - [38;2;116;173;209mpolyutils.py:_fit:662[0m - RankWarning: The fit may be poorly conditioned
[1;38;2;49;54;149m    [INFO][0m - [38;2;116;173;209mfindobj_skymask.py:objs_in_slit:2254[0m - Successfully traced a total of 1 objects
[1;38;2;49;54;149m    [INFO][0m - [38;2;116;173;209mfind_objects.py:find_objects_pypeline:788[0m - Finding objects on slit # 1596
[1;38;2;49;54;149m    [INFO][0m - [38;2;116;173;209mfindobj_skymask.py:objs_in_slit:2073[0m - Using slit edges as crutch for object tracing
[1;38;2;49;54;149m    [INFO][0m - [38;2;116;173;209mfindobj_skymask.py:objs_in_slit:2098[0m - Automatic finding routine found 2 objects
[1;38;2;49;54;149m    [INFO][0m - [38;2;116;173;209mfindobj_skymask.py:objs_in_slit:2102[0m - Fitting the traces
[1;38;2;253;174;97m [WARNING][0m - [38;2;116;173;209mpolyutils.py:_fit:662[0m - RankWarning: The fit may be poorly conditioned
[1;38;2;49;54;149m    [INFO][0m - [38;2;116;173;209mfindobj_skymask.py:objs_in_slit:2254[0m - Successfully traced a total of 2 objects
[1;38;2;49;54;149m    [INFO][0m - [38;2;116;173;209mfind_objects.py:find_objects_pypeline:788[0m - Finding objects on slit # 1670
[1;38;2;49;54;149m    [INFO][0m - [38;2;116;173;209mfindobj_skymask.py:objs_in_slit:2073[0m - Using slit edges as crutch for object tracing
[1;38;2;49;54;149m    [INFO][0m - [38;2;116;173;209mfindobj_skymask.py:objs_in_slit:2098[0m - Automatic finding routine found 2 objects
[1;38;2;49;54;149m    [INFO][0m - [38;2;116;173;209mfindobj_skymask.py:objs_in_slit:2102[0m - Fitting the traces
[1;38;2;253;174;97m [WARNING][0m - [38;2;116;173;209mpolyutils.py:_fit:662[0m - RankWarning: The fit may be poorly conditioned
[1;38;2;49;54;149m    [INFO][0m - [38;2;116;173;209mfindobj_skymask.py:objs_in_slit:2254[0m - Successfully traced a total of 2 objects
[1;38;2;49;54;149m    [INFO][0m - [38;2;116;173;209mfind_objects.py:find_objects_pypeline:788[0m - Finding objects on slit # 1745
[1;38;2;49;54;149m    [INFO][0m - [38;2;116;173;209mfindobj_skymask.py:objs_in_slit:2073[0m - Using slit edges as crutch for object tracing
[1;38;2;49;54;149m    [INFO][0m - [38;2;116;173;209mfindobj_skymask.py:objs_in_slit:2098[0m - Automatic finding routine found 2 objects
[1;38;2;49;54;149m    [INFO][0m - [38;2;116;173;209mfindobj_skymask.py:objs_in_slit:2102[0m - Fitting the traces
[1;38;2;253;174;97m [WARNING][0m - [38;2;116;173;209mpolyutils.py:_fit:662[0m - RankWarning: The fit may be poorly conditioned
[1;38;2;49;54;149m    [INFO][0m - [38;2;116;173;209mfindobj_skymask.py:objs_in_slit:2254[0m - Successfully traced a total of 2 objects
[1;38;2;49;54;149m    [INFO][0m - [38;2;116;173;209mfind_objects.py:find_objects_pypeline:788[0m - Finding objects on slit # 1823
[1;38;2;49;54;149m    [INFO][0m - [38;2;116;173;209mfindobj_skymask.py:objs_in_slit:2095[0m - No objects found automatically.  Consider manual extraction.
[1;38;2;49;54;149m    [INFO][0m - [38;2;116;173;209mfind_objects.py:find_objects_pypeline:788[0m - Finding objects on slit # 1900
[1;38;2;49;54;149m    [INFO][0m - [38;2;116;173;209mfindobj_skymask.py:objs_in_slit:2095[0m - No objects found automatically.  Consider manual extraction.
[1;38;2;49;54;149m    [INFO][0m - [38;2;116;173;209mfind_objects.py:find_objects_pypeline:788[0m - Finding objects on slit # 1980
[1;38;2;49;54;149m    [INFO][0m - [38;2;116;173;209mfindobj_skymask.py:objs_in_slit:2095[0m - No objects found automatically.  Consider manual extraction.
[1;38;2;49;54;149m    [INFO][0m - [38;2;116;173;209mfind_objects.py:run:373[0m - Either no objects were found or a user-provided sky mask was used.  Skipping second pass of sky-subtraction and object finding.
[1;38;2;49;54;149m    [INFO][0m - [38;2;116;173;209mdatamodel.py:from_file:1558[0m - Loading BiasImage from /Users/kaiwenzhang/PycharmProjects/KCWI/KCWI_RED_channel_characterization/2025-05-25/pypeit_run/keck_kcrm_B/Calibrations/Bias_B_1_DET01.fits
[1;38;2;253;174;97m [WARNING][0m - [38;2;116;173;209mcalibrations.py:get_dark:606[0m - No raw dark frames found and unable to identify a relevant processed calibration frame.  Continuing...
[1;38;2;49;54;149m    [INFO][0m - [38;2;116;173;209mkeck_kcwi.py:get_rawimage:1426[0m - Reading KCWI file: /Users/kaiwenzhang/PycharmProjects/KCWI/KCWI_RED_channel_characterization/fits/by_night/2025-05-25/KR.20250526.52448.50.fits
[1;38;2;49;54;149m    [INFO][0m - [38;2;116;173;209mdatamodel.py:from_file:1558[0m - Loading ArcImage from /Users/kaiwenzhang/PycharmProjects/KCWI/KCWI_RED_channel_characterization/2025-05-25/pypeit_run/keck_kcrm_B/Calibrations/Arc_B_1_DET01.fits
[1;38;2;49;54;149m    [INFO][0m - [38;2;116;173;209mdatamodel.py:from_file:1558[0m - Loading TiltImage from /Users/kaiwenzhang/PycharmProjects/KCWI/KCWI_RED_channel_characterization/2025-05-25/pypeit_run/keck_kcrm_B/Calibrations/Tiltimg_B_1_DET01.fits
[1;38;2;49;54;149m    [INFO][0m - [38;2;116;173;209mdatamodel.py:from_file:1558[0m - Loading SlitTraceSet from /Users/kaiwenzhang/PycharmProjects/KCWI/KCWI_RED_channel_characterization/2025-05-25/pypeit_run/keck_kcrm_B/Calibrations/Slits_B_1_DET01.fits.gz
[1;38;2;49;54;149m    [INFO][0m - [38;2;116;173;209mdatamodel.py:from_file:1558[0m - Loading WaveCalib from /Users/kaiwenzhang/PycharmProjects/KCWI/KCWI_RED_channel_characterization/2025-05-25/pypeit_run/keck_kcrm_B/Calibrations/WaveCalib_B_1_DET01.fits
[1;38;2;49;54;149m    [INFO][0m - [38;2;116;173;209mdatamodel.py:from_file:1558[0m - Loading WaveTilts from /Users/kaiwenzhang/PycharmProjects/KCWI/KCWI_RED_channel_characterization/2025-05-25/pypeit_run/keck_kcrm_B/Calibrations/Tilts_B_1_DET01.fits
[1;38;2;49;54;149m    [INFO][0m - [38;2;116;173;209mdatamodel.py:from_file:1558[0m - Loading Alignments from /Users/kaiwenzhang/PycharmProjects/KCWI/KCWI_RED_channel_characterization/2025-05-25/pypeit_run/keck_kcrm_B/Calibrations/Alignment_B_1_DET01.fits
[1;38;2;49;54;149m    [INFO][0m - [38;2;116;173;209mdatamodel.py:from_file:1558[0m - Loading ScatteredLight from /Users/kaiwenzhang/PycharmProjects/KCWI/KCWI_RED_channel_characterization/2025-05-25/pypeit_run/keck_kcrm_B/Calibrations/ScatteredLight_B_1_DET01.fits.gz
[1;38;2;49;54;149m    [INFO][0m - [38;2;116;173;209mdatamodel.py:from_file:1558[0m - Loading FlatImages from /Users/kaiwenzhang/PycharmProjects/KCWI/KCWI_RED_channel_characterization/2025-05-25/pypeit_run/keck_kcrm_B/Calibrations/Flat_B_1_DET01.fits
[1;38;2;49;54;149m    [INFO][0m - [38;2;116;173;209mcalibrations.py:run_the_steps:1459[0m - Calibration complete and/or fully loaded!
[1;38;2;49;54;149m    [INFO][0m - [38;2;116;173;209mcalibrations.py:run_the_steps:1460[0m - #######################################################################
[1;38;2;49;54;149m    [INFO][0m - [38;2;116;173;209mpypeit_steps.py:extract_det:732[0m - Extraction skipped for KR.20250526.52448.50-feige110_KCRM_20250526T143408.515 on det=1
[1;38;2;49;54;149m    [INFO][0m - [38;2;116;173;209mwavetilts.py:fit2tiltimg:143[0m - Generating a tilts image from the fit parameters
[1;38;2;49;54;149m    [INFO][0m - [38;2;116;173;209mpypeit_steps.py:refframe_correct:906[0m - Performing a heliocentric correction
[1;38;2;49;54;149m    [INFO][0m - [38;2;116;173;209mpypeit_steps.py:refframe_correct:915[0m - Applying heliocentric correction = 28.84216 km/s
WARNING: VerifyWarning: Keyword name 'FRAMETYPE' is greater than 8 characters or contains characters not allowed by the FITS standard; a HIERARCH card will be created. [astropy.io.fits.card]
WARNING: VerifyWarning: Keyword name 'TEMPERATURE' is greater than 8 characters or contains characters not allowed by the FITS standard; a HIERARCH card will be created. [astropy.io.fits.card]
WARNING: VerifyWarning: Keyword name 'ALLSPEC2D_BKG_REDUX' is greater than 8 characters or contains characters not allowed by the FITS standard; a HIERARCH card will be created. [astropy.io.fits.card]
WARNING: VerifyWarning: Keyword name 'ALLSPEC2D_FIND_NEGATIVE' is greater than 8 characters or contains characters not allowed by the FITS standard; a HIERARCH card will be created. [astropy.io.fits.card]
WARNING: VerifyWarning: Keyword name 'CLBS_ALIGNMENT' is greater than 8 characters or contains characters not allowed by the FITS standard; a HIERARCH card will be created. [astropy.io.fits.card]
WARNING: VerifyWarning: Keyword name 'CLBS_WAVECALIB' is greater than 8 characters or contains characters not allowed by the FITS standard; a HIERARCH card will be created. [astropy.io.fits.card]
WARNING: VerifyWarning: Keyword name 'CLBS_BIAS' is greater than 8 characters or contains characters not allowed by the FITS standard; a HIERARCH card will be created. [astropy.io.fits.card]
WARNING: VerifyWarning: Keyword name 'CLBS_FLAT' is greater than 8 characters or contains characters not allowed by the FITS standard; a HIERARCH card will be created. [astropy.io.fits.card]
WARNING: VerifyWarning: Keyword name 'CLBS_EDGES' is greater than 8 characters or contains characters not allowed by the FITS standard; a HIERARCH card will be created. [astropy.io.fits.card]
WARNING: VerifyWarning: Keyword name 'CLBS_SLITS' is greater than 8 characters or contains characters not allowed by the FITS standard; a HIERARCH card will be created. [astropy.io.fits.card]
WARNING: VerifyWarning: Keyword name 'CLBS_TILTIMG' is greater than 8 characters or contains characters not allowed by the FITS standard; a HIERARCH card will be created. [astropy.io.fits.card]
WARNING: VerifyWarning: Keyword name 'CLBS_TILTS' is greater than 8 characters or contains characters not allowed by the FITS standard; a HIERARCH card will be created. [astropy.io.fits.card]
WARNING: Format d cannot be mapped to the accepted TDISPn keyword values.  Format will not be moved into TDISPn keyword. [astropy.io.fits.column]
WARNING: Format 0.1f cannot be mapped to the accepted TDISPn keyword values.  Format will not be moved into TDISPn keyword. [astropy.io.fits.column]
WARNING: Format 0.3f cannot be mapped to the accepted TDISPn keyword values.  Format will not be moved into TDISPn keyword. [astropy.io.fits.column]
[1;38;2;49;54;149m    [INFO][0m - [38;2;116;173;209mspec2dobj.py:write_to_fits:721[0m - Wrote: /Users/kaiwenzhang/PycharmProjects/KCWI/KCWI_RED_channel_characterization/2025-05-25/pypeit_run/keck_kcrm_B/Science/spec2d_KR.20250526.52448.50-feige110_KCRM_20250526T143408.515.fits
[1;38;2;49;54;149m    [INFO][0m - [38;2;116;173;209mpypeit.py:reduce_all:232[0m - Finished calibration group 1
[1;38;2;49;54;149m    [INFO][0m - [38;2;116;173;209mpypeit.py:print_end_time:243[0m - Execution time: 1m 9.44s
[1;38;2;49;54;149m    [INFO][0m - [38;2;116;173;209mrun_pypeit.py:main:97[0m - Data reduction complete
[1;38;2;49;54;149m    [INFO][0m - [38;2;116;173;209mrun_pypeit.py:main:100[0m - Generating QA HTML
Wrote: /Users/kaiwenzhang/PycharmProjects/KCWI/KCWI_RED_channel_characterization/2025-05-25/pypeit_run/keck_kcrm_B/QA/MF_B.html
Wrote: QA/KR.20250526.52448.50-feige110_KCRM_20250526T143408.515.html
