    INFO | 2026-08-18 10:19:15 | pypeitsetup.py:from_file_root:197 | Found 36 keck_kcrm raw files.
    INFO | 2026-08-18 10:19:15 | metadata.py:_build:206 | Building metadata for 36 files.
    INFO | 2026-08-18 10:19:15 | metadata.py:_build:235 | Adding metadata for KR.20241228.83762.38.fits
    INFO | 2026-08-18 10:19:15 | metadata.py:_build:235 | Adding metadata for KR.20241229.04184.85.fits
    INFO | 2026-08-18 10:19:15 | metadata.py:_build:235 | Adding metadata for KR.20241229.04229.73.fits
    INFO | 2026-08-18 10:19:15 | metadata.py:_build:235 | Adding metadata for KR.20241229.04273.59.fits
    INFO | 2026-08-18 10:19:15 | metadata.py:_build:235 | Adding metadata for KR.20241229.04316.43.fits
    INFO | 2026-08-18 10:19:15 | metadata.py:_build:235 | Adding metadata for KR.20241229.04360.29.fits
    INFO | 2026-08-18 10:19:15 | metadata.py:_build:235 | Adding metadata for KR.20241229.04404.15.fits
    INFO | 2026-08-18 10:19:15 | metadata.py:_build:235 | Adding metadata for KR.20241229.04448.10.fits
    INFO | 2026-08-18 10:19:15 | metadata.py:_build:235 | Adding metadata for KR.20241229.05673.50.fits
    INFO | 2026-08-18 10:19:15 | metadata.py:_build:235 | Adding metadata for KR.20241229.05703.65.fits
    INFO | 2026-08-18 10:19:15 | metadata.py:_build:235 | Adding metadata for KR.20241229.05734.25.fits
    INFO | 2026-08-18 10:19:15 | metadata.py:_build:235 | Adding metadata for KR.20241229.05801.57.fits
    INFO | 2026-08-18 10:19:15 | metadata.py:_build:235 | Adding metadata for KR.20241229.05831.15.fits
    INFO | 2026-08-18 10:19:15 | metadata.py:_build:235 | Adding metadata for KR.20241229.05860.73.fits
    INFO | 2026-08-18 10:19:15 | metadata.py:_build:235 | Adding metadata for KR.20241229.05908.67.fits
    INFO | 2026-08-18 10:19:15 | metadata.py:_build:235 | Adding metadata for KR.20241229.05937.23.fits
    INFO | 2026-08-18 10:19:15 | metadata.py:_build:235 | Adding metadata for KR.20241229.05966.81.fits
    INFO | 2026-08-18 10:19:15 | metadata.py:_build:235 | Adding metadata for KR.20241229.06021.89.fits
    INFO | 2026-08-18 10:19:15 | metadata.py:_build:235 | Adding metadata for KR.20241229.06073.91.fits
    INFO | 2026-08-18 10:19:15 | metadata.py:_build:235 | Adding metadata for KR.20241229.06123.89.fits
    INFO | 2026-08-18 10:19:15 | metadata.py:_build:235 | Adding metadata for KR.20241229.06172.85.fits
    INFO | 2026-08-18 10:19:15 | metadata.py:_build:235 | Adding metadata for KR.20241229.06222.83.fits
    INFO | 2026-08-18 10:19:15 | metadata.py:_build:235 | Adding metadata for KR.20241229.06272.81.fits
    INFO | 2026-08-18 10:19:15 | metadata.py:_build:235 | Adding metadata for KR.20241229.09003.40.fits
    INFO | 2026-08-18 10:19:15 | metadata.py:_build:235 | Adding metadata for KR.20241229.09067.66.fits
    INFO | 2026-08-18 10:19:15 | metadata.py:_build:235 | Adding metadata for KR.20241229.09131.92.fits
    INFO | 2026-08-18 10:19:15 | metadata.py:_build:235 | Adding metadata for KR.20241229.14968.39.fits
    INFO | 2026-08-18 10:19:15 | metadata.py:_build:235 | Adding metadata for KR.20241229.15043.87.fits
    INFO | 2026-08-18 10:19:15 | metadata.py:_build:235 | Adding metadata for KR.20241229.15107.11.fits
    INFO | 2026-08-18 10:19:15 | metadata.py:_build:235 | Adding metadata for KR.20241229.15170.35.fits
    INFO | 2026-08-18 10:19:15 | metadata.py:_build:235 | Adding metadata for KR.20241229.15233.59.fits
    INFO | 2026-08-18 10:19:15 | metadata.py:_build:235 | Adding metadata for KR.20241229.15288.67.fits
    INFO | 2026-08-18 10:19:15 | metadata.py:_build:235 | Adding metadata for KR.20241229.15358.30.fits
    INFO | 2026-08-18 10:19:15 | metadata.py:_build:235 | Adding metadata for KR.20241229.18207.94.fits
    INFO | 2026-08-18 10:19:15 | metadata.py:_build:235 | Adding metadata for KR.20241229.18306.88.fits
    INFO | 2026-08-18 10:19:15 | metadata.py:_build:235 | Adding metadata for KR.20241229.18404.80.fits
 WARNING | 2026-08-18 10:19:15 | metadata.py:_vet_instrument:180 | The instrument name in the headers of the raw files does not match the expected one! Found KCWI, expected KCRM.  You may have chosen the wrong PypeIt spectrograph name!
    INFO | 2026-08-18 10:19:15 | metadata.py:get_frame_types:1391 | Typing files
   DEBUG | 2026-08-18 10:19:15 | keck_kcwi.py:check_frame_type:433 | Cannot determine if frames are of type lampoffflats.
   DEBUG | 2026-08-18 10:19:15 | keck_kcwi.py:check_frame_type:433 | Cannot determine if frames are of type slitless_pixflat.
   DEBUG | 2026-08-18 10:19:15 | keck_kcwi.py:check_frame_type:433 | Cannot determine if frames are of type standard.
   DEBUG | 2026-08-18 10:19:15 | keck_kcwi.py:check_frame_type:433 | Cannot determine if frames are of type sky.
    INFO | 2026-08-18 10:19:15 | metadata.py:get_frame_types:1432 | Couldn't identify the following files:
    INFO | 2026-08-18 10:19:15 | metadata.py:get_frame_types:1434 | KR.20241228.83762.38.fits
    INFO | 2026-08-18 10:19:15 | metadata.py:get_frame_types:1434 | KR.20241229.14968.39.fits
    INFO | 2026-08-18 10:19:15 | metadata.py:get_frame_types:1434 | KR.20241229.15043.87.fits
    INFO | 2026-08-18 10:19:15 | metadata.py:get_frame_types:1434 | KR.20241229.15107.11.fits
    INFO | 2026-08-18 10:19:15 | metadata.py:get_frame_types:1434 | KR.20241229.15170.35.fits
    INFO | 2026-08-18 10:19:15 | metadata.py:get_frame_types:1434 | KR.20241229.15233.59.fits
    INFO | 2026-08-18 10:19:15 | metadata.py:get_frame_types:1434 | KR.20241229.15288.67.fits
    INFO | 2026-08-18 10:19:15 | metadata.py:get_frame_types:1434 | KR.20241229.15358.30.fits
 WARNING | 2026-08-18 10:19:15 | metadata.py:get_frame_types:1437 | These files are commented out and will be ignored during the reduction.
    INFO | 2026-08-18 10:19:15 | metadata.py:get_frame_types:1444 | Typing completed!
    INFO | 2026-08-18 10:19:15 | metadata.py:unique_configurations:709 | Using metadata to determine unique configurations.
    INFO | 2026-08-18 10:19:15 | metadata.py:ignore_frames:1203 | Unique configurations ignore frames with type: ['bias', 'dark']
    INFO | 2026-08-18 10:19:15 | metadata.py:unique_configurations:766 | Found 2 unique configuration(s).
    INFO | 2026-08-18 10:19:15 | metadata.py:ignore_frames:1203 | Unique configurations ignore frames with type: ['bias', 'dark']
    INFO | 2026-08-18 10:19:15 | inputfiles.py:vet:685 | PypeIt file successfully vetted.
    INFO | 2026-08-18 10:19:15 | inputfiles.py:write:592 | PypeIt input file written to: /Users/kaiwenzhang/PycharmProjects/KCWI/KCWI_RED_channel_characterization/2024-12-28/pypeit_run/keck_kcrm_A/keck_kcrm_A.pypeit
    INFO | 2026-08-18 10:19:15 | inputfiles.py:vet:685 | PypeIt file successfully vetted.
    INFO | 2026-08-18 10:19:15 | inputfiles.py:write:592 | PypeIt input file written to: /Users/kaiwenzhang/PycharmProjects/KCWI/KCWI_RED_channel_characterization/2024-12-28/pypeit_run/keck_kcrm_B/keck_kcrm_B.pypeit
    INFO | 2026-08-18 10:19:15 | calibrations.py:association_summary:1731 | Calibration association file written to: /Users/kaiwenzhang/PycharmProjects/KCWI/KCWI_RED_channel_characterization/2024-12-28/pypeit_run/keck_kcrm_A/keck_kcrm_A.calib
    INFO | 2026-08-18 10:19:15 | calibrations.py:association_summary:1731 | Calibration association file written to: /Users/kaiwenzhang/PycharmProjects/KCWI/KCWI_RED_channel_characterization/2024-12-28/pypeit_run/keck_kcrm_B/keck_kcrm_B.calib
