    INFO | 2026-08-24 15:35:29 | inputfiles.py:from_file:136 | Loading the reduction file
    INFO | 2026-08-24 15:35:29 | inputfiles.py:from_file:214 | Coadd3d input file loaded successfully.
    INFO | 2026-08-24 15:35:29 | inputfiles.py:vet:927 | .coadd3d file successfully vetted.
    INFO | 2026-08-24 15:35:29 | coadd_datacube.py:main:55 | Restricting to detector=1
    INFO | 2026-08-24 15:35:29 | coadd3d.py:__init__:495 | No RA or Dec offsets have been provided.
    INFO | 2026-08-24 15:35:29 | coadd3d.py:__init__:536 | Adopting the subpixel algorithm to generate the datacube, with subpixellation scales:
  Spectral: 5
  Spatial: 5
  Slices: 5
    INFO | 2026-08-24 15:35:29 | coadd3d.py:set_default_skysub:736 | The sky model in the spec2d science frames will be used for sky subtraction
(unless specific skysub frames have been specified)
    INFO | 2026-08-24 15:35:29 | coadd3d.py:load:1019 | Loading PypeIt spec2d frame (1/4):
Science/spec2d_KR.20230917.54362.14-g191b2b_KCRM_20230917T150602.621.fits
    INFO | 2026-08-24 15:35:29 | coadd3d.py:load:1035 | Constructing slit image
    INFO | 2026-08-24 15:35:30 | coadd3d.py:get_current_skysub:829 | Using the following frame for sky subtraction:
image
    INFO | 2026-08-24 15:35:30 | coadd3d.py:get_current_scalecorr:718 | Relative spectral illumination correction will not be performed.
    INFO | 2026-08-24 15:35:30 | datacube.py:make_good_skymask:436 | Masking edge pixels where the sky model is poor
    INFO | 2026-08-24 15:35:30 | coadd3d.py:load:1090 | Using wavelength solution: wave0=5860.391, dispersion=0.306 Angstrom/pixel
    INFO | 2026-08-24 15:35:30 | coadd3d.py:get_alignments:962 | Loading alignments
    INFO | 2026-08-24 15:35:30 | datamodel.py:from_file:1558 | Loading Alignments from /Users/kaiwenzhang/PycharmProjects/KCWI/KCWI_RED_channel_characterization/RH1 pypeit run/2023-09-16/pypeit_run/keck_kcrm_B/Calibrations/Alignment_B_1_DET01.fits
    INFO | 2026-08-24 15:35:30 | coadd3d.py:get_alignments:978 | Generating alignment splines
   DEBUG | 2026-08-24 15:35:30 | alignframe.py:__init__:350 | Spatial flexure is not currently implemented for the astrometric alignment
    INFO | 2026-08-24 15:35:30 | alignframe.py:build_splines:375 | Calculating astrometric transform of slit 1/24
    INFO | 2026-08-24 15:35:30 | alignframe.py:build_splines:375 | Calculating astrometric transform of slit 2/24
    INFO | 2026-08-24 15:35:31 | alignframe.py:build_splines:375 | Calculating astrometric transform of slit 3/24
    INFO | 2026-08-24 15:35:31 | alignframe.py:build_splines:375 | Calculating astrometric transform of slit 4/24
    INFO | 2026-08-24 15:35:31 | alignframe.py:build_splines:375 | Calculating astrometric transform of slit 5/24
    INFO | 2026-08-24 15:35:31 | alignframe.py:build_splines:375 | Calculating astrometric transform of slit 6/24
    INFO | 2026-08-24 15:35:31 | alignframe.py:build_splines:375 | Calculating astrometric transform of slit 7/24
    INFO | 2026-08-24 15:35:31 | alignframe.py:build_splines:375 | Calculating astrometric transform of slit 8/24
    INFO | 2026-08-24 15:35:31 | alignframe.py:build_splines:375 | Calculating astrometric transform of slit 9/24
    INFO | 2026-08-24 15:35:32 | alignframe.py:build_splines:375 | Calculating astrometric transform of slit 10/24
    INFO | 2026-08-24 15:35:32 | alignframe.py:build_splines:375 | Calculating astrometric transform of slit 11/24
    INFO | 2026-08-24 15:35:32 | alignframe.py:build_splines:375 | Calculating astrometric transform of slit 12/24
    INFO | 2026-08-24 15:35:32 | alignframe.py:build_splines:375 | Calculating astrometric transform of slit 13/24
    INFO | 2026-08-24 15:35:32 | alignframe.py:build_splines:375 | Calculating astrometric transform of slit 14/24
    INFO | 2026-08-24 15:35:32 | alignframe.py:build_splines:375 | Calculating astrometric transform of slit 15/24
    INFO | 2026-08-24 15:35:32 | alignframe.py:build_splines:375 | Calculating astrometric transform of slit 16/24
    INFO | 2026-08-24 15:35:33 | alignframe.py:build_splines:375 | Calculating astrometric transform of slit 17/24
    INFO | 2026-08-24 15:35:33 | alignframe.py:build_splines:375 | Calculating astrometric transform of slit 18/24
    INFO | 2026-08-24 15:35:33 | alignframe.py:build_splines:375 | Calculating astrometric transform of slit 19/24
    INFO | 2026-08-24 15:35:33 | alignframe.py:build_splines:375 | Calculating astrometric transform of slit 20/24
    INFO | 2026-08-24 15:35:33 | alignframe.py:build_splines:375 | Calculating astrometric transform of slit 21/24
    INFO | 2026-08-24 15:35:33 | alignframe.py:build_splines:375 | Calculating astrometric transform of slit 22/24
    INFO | 2026-08-24 15:35:33 | alignframe.py:build_splines:375 | Calculating astrometric transform of slit 23/24
    INFO | 2026-08-24 15:35:34 | alignframe.py:build_splines:375 | Calculating astrometric transform of slit 24/24
    INFO | 2026-08-24 15:35:34 | keck_kcwi.py:get_wcs:634 | Generating KCRM WCS
    INFO | 2026-08-24 15:35:34 | slittrace.py:get_radec_image:536 | Generating an RA/DEC image
    INFO | 2026-08-24 15:35:35 | coadd3d.py:__init__:278 | Preparing the parameters for the DAR correction
    INFO | 2026-08-24 15:35:35 | coadd3d.py:__init__:294 | DAR correction parameters:
   Airmass = 1.20
   Pressure = 619.34 mbar
   Humidity = 3.30 %
   Temperature = 4.70 deg C
   Reference wavelength = 4500.00 Angstrom
    INFO | 2026-08-24 15:35:35 | coadd3d.py:load:1019 | Loading PypeIt spec2d frame (2/4):
Science/spec2d_KR.20230917.54542.68-g191b2b_KCRM_20230917T150903.197.fits
    INFO | 2026-08-24 15:35:35 | coadd3d.py:load:1035 | Constructing slit image
    INFO | 2026-08-24 15:35:35 | coadd3d.py:get_current_skysub:829 | Using the following frame for sky subtraction:
image
    INFO | 2026-08-24 15:35:35 | coadd3d.py:get_current_scalecorr:718 | Relative spectral illumination correction will not be performed.
    INFO | 2026-08-24 15:35:36 | datacube.py:make_good_skymask:436 | Masking edge pixels where the sky model is poor
    INFO | 2026-08-24 15:35:36 | coadd3d.py:load:1090 | Using wavelength solution: wave0=5860.391, dispersion=0.306 Angstrom/pixel
    INFO | 2026-08-24 15:35:36 | coadd3d.py:get_alignments:962 | Loading alignments
    INFO | 2026-08-24 15:35:36 | datamodel.py:from_file:1558 | Loading Alignments from /Users/kaiwenzhang/PycharmProjects/KCWI/KCWI_RED_channel_characterization/RH1 pypeit run/2023-09-16/pypeit_run/keck_kcrm_B/Calibrations/Alignment_B_1_DET01.fits
    INFO | 2026-08-24 15:35:36 | coadd3d.py:get_alignments:978 | Generating alignment splines
   DEBUG | 2026-08-24 15:35:36 | alignframe.py:__init__:350 | Spatial flexure is not currently implemented for the astrometric alignment
    INFO | 2026-08-24 15:35:36 | alignframe.py:build_splines:375 | Calculating astrometric transform of slit 1/24
    INFO | 2026-08-24 15:35:36 | alignframe.py:build_splines:375 | Calculating astrometric transform of slit 2/24
    INFO | 2026-08-24 15:35:36 | alignframe.py:build_splines:375 | Calculating astrometric transform of slit 3/24
    INFO | 2026-08-24 15:35:36 | alignframe.py:build_splines:375 | Calculating astrometric transform of slit 4/24
    INFO | 2026-08-24 15:35:37 | alignframe.py:build_splines:375 | Calculating astrometric transform of slit 5/24
    INFO | 2026-08-24 15:35:37 | alignframe.py:build_splines:375 | Calculating astrometric transform of slit 6/24
    INFO | 2026-08-24 15:35:37 | alignframe.py:build_splines:375 | Calculating astrometric transform of slit 7/24
    INFO | 2026-08-24 15:35:37 | alignframe.py:build_splines:375 | Calculating astrometric transform of slit 8/24
    INFO | 2026-08-24 15:35:37 | alignframe.py:build_splines:375 | Calculating astrometric transform of slit 9/24
    INFO | 2026-08-24 15:35:37 | alignframe.py:build_splines:375 | Calculating astrometric transform of slit 10/24
    INFO | 2026-08-24 15:35:38 | alignframe.py:build_splines:375 | Calculating astrometric transform of slit 11/24
    INFO | 2026-08-24 15:35:38 | alignframe.py:build_splines:375 | Calculating astrometric transform of slit 12/24
    INFO | 2026-08-24 15:35:38 | alignframe.py:build_splines:375 | Calculating astrometric transform of slit 13/24
    INFO | 2026-08-24 15:35:38 | alignframe.py:build_splines:375 | Calculating astrometric transform of slit 14/24
    INFO | 2026-08-24 15:35:38 | alignframe.py:build_splines:375 | Calculating astrometric transform of slit 15/24
    INFO | 2026-08-24 15:35:38 | alignframe.py:build_splines:375 | Calculating astrometric transform of slit 16/24
    INFO | 2026-08-24 15:35:38 | alignframe.py:build_splines:375 | Calculating astrometric transform of slit 17/24
    INFO | 2026-08-24 15:35:39 | alignframe.py:build_splines:375 | Calculating astrometric transform of slit 18/24
    INFO | 2026-08-24 15:35:39 | alignframe.py:build_splines:375 | Calculating astrometric transform of slit 19/24
    INFO | 2026-08-24 15:35:39 | alignframe.py:build_splines:375 | Calculating astrometric transform of slit 20/24
    INFO | 2026-08-24 15:35:39 | alignframe.py:build_splines:375 | Calculating astrometric transform of slit 21/24
    INFO | 2026-08-24 15:35:39 | alignframe.py:build_splines:375 | Calculating astrometric transform of slit 22/24
