    INFO | 2026-08-16 11:05:49 | inputfiles.py:from_file:136 | Loading the reduction file
    INFO | 2026-08-16 11:05:49 | inputfiles.py:from_file:214 | Coadd3d input file loaded successfully.
    INFO | 2026-08-16 11:05:49 | inputfiles.py:vet:927 | .coadd3d file successfully vetted.
    INFO | 2026-08-16 11:05:49 | coadd_datacube.py:main:55 | Restricting to detector=1
    INFO | 2026-08-16 11:05:49 | coadd3d.py:__init__:495 | No RA or Dec offsets have been provided.
    INFO | 2026-08-16 11:05:49 | coadd3d.py:__init__:536 | Adopting the subpixel algorithm to generate the datacube, with subpixellation scales:
  Spectral: 5
  Spatial: 5
  Slices: 5
    INFO | 2026-08-16 11:05:49 | coadd3d.py:set_default_skysub:736 | The sky model in the spec2d science frames will be used for sky subtraction
(unless specific skysub frames have been specified)
    INFO | 2026-08-16 11:05:49 | coadd3d.py:load:1019 | Loading PypeIt spec2d frame (1/3):
Science/spec2d_KR.20231105.16417.60-feige110_KCRM_20231105T043336.518.fits
    INFO | 2026-08-16 11:05:49 | coadd3d.py:load:1035 | Constructing slit image
    INFO | 2026-08-16 11:05:50 | coadd3d.py:get_current_skysub:829 | Using the following frame for sky subtraction:
image
    INFO | 2026-08-16 11:05:50 | coadd3d.py:get_current_scalecorr:718 | Relative spectral illumination correction will not be performed.
    INFO | 2026-08-16 11:05:50 | datacube.py:make_good_skymask:436 | Masking edge pixels where the sky model is poor
    INFO | 2026-08-16 11:05:50 | coadd3d.py:load:1090 | Using wavelength solution: wave0=5240.326, dispersion=1.844 Angstrom/pixel
    INFO | 2026-08-16 11:05:50 | coadd3d.py:get_alignments:962 | Loading alignments
    INFO | 2026-08-16 11:05:50 | datamodel.py:from_file:1558 | Loading Alignments from /Users/kaiwenzhang/PycharmProjects/KCWI/KCWI_RED_channel_characterization/2023-11-04/pypeit_run/keck_kcrm_B/Calibrations/Alignment_B_1_DET01.fits
    INFO | 2026-08-16 11:05:50 | coadd3d.py:get_alignments:978 | Generating alignment splines
   DEBUG | 2026-08-16 11:05:50 | alignframe.py:__init__:350 | Spatial flexure is not currently implemented for the astrometric alignment
    INFO | 2026-08-16 11:05:50 | alignframe.py:build_splines:375 | Calculating astrometric transform of slit 1/24
    INFO | 2026-08-16 11:05:50 | alignframe.py:build_splines:375 | Calculating astrometric transform of slit 2/24
    INFO | 2026-08-16 11:05:50 | alignframe.py:build_splines:375 | Calculating astrometric transform of slit 3/24
    INFO | 2026-08-16 11:05:51 | alignframe.py:build_splines:375 | Calculating astrometric transform of slit 4/24
    INFO | 2026-08-16 11:05:51 | alignframe.py:build_splines:375 | Calculating astrometric transform of slit 5/24
    INFO | 2026-08-16 11:05:51 | alignframe.py:build_splines:375 | Calculating astrometric transform of slit 6/24
    INFO | 2026-08-16 11:05:51 | alignframe.py:build_splines:375 | Calculating astrometric transform of slit 7/24
    INFO | 2026-08-16 11:05:51 | alignframe.py:build_splines:375 | Calculating astrometric transform of slit 8/24
    INFO | 2026-08-16 11:05:51 | alignframe.py:build_splines:375 | Calculating astrometric transform of slit 9/24
    INFO | 2026-08-16 11:05:51 | alignframe.py:build_splines:375 | Calculating astrometric transform of slit 10/24
    INFO | 2026-08-16 11:05:52 | alignframe.py:build_splines:375 | Calculating astrometric transform of slit 11/24
    INFO | 2026-08-16 11:05:52 | alignframe.py:build_splines:375 | Calculating astrometric transform of slit 12/24
    INFO | 2026-08-16 11:05:52 | alignframe.py:build_splines:375 | Calculating astrometric transform of slit 13/24
    INFO | 2026-08-16 11:05:52 | alignframe.py:build_splines:375 | Calculating astrometric transform of slit 14/24
    INFO | 2026-08-16 11:05:52 | alignframe.py:build_splines:375 | Calculating astrometric transform of slit 15/24
    INFO | 2026-08-16 11:05:52 | alignframe.py:build_splines:375 | Calculating astrometric transform of slit 16/24
    INFO | 2026-08-16 11:05:52 | alignframe.py:build_splines:375 | Calculating astrometric transform of slit 17/24
    INFO | 2026-08-16 11:05:53 | alignframe.py:build_splines:375 | Calculating astrometric transform of slit 18/24
    INFO | 2026-08-16 11:05:53 | alignframe.py:build_splines:375 | Calculating astrometric transform of slit 19/24
    INFO | 2026-08-16 11:05:53 | alignframe.py:build_splines:375 | Calculating astrometric transform of slit 20/24
    INFO | 2026-08-16 11:05:53 | alignframe.py:build_splines:375 | Calculating astrometric transform of slit 21/24
    INFO | 2026-08-16 11:05:53 | alignframe.py:build_splines:375 | Calculating astrometric transform of slit 22/24
    INFO | 2026-08-16 11:05:53 | alignframe.py:build_splines:375 | Calculating astrometric transform of slit 23/24
    INFO | 2026-08-16 11:05:53 | alignframe.py:build_splines:375 | Calculating astrometric transform of slit 24/24
    INFO | 2026-08-16 11:05:54 | keck_kcwi.py:get_wcs:634 | Generating KCRM WCS
    INFO | 2026-08-16 11:05:54 | slittrace.py:get_radec_image:536 | Generating an RA/DEC image
    INFO | 2026-08-16 11:05:55 | coadd3d.py:__init__:278 | Preparing the parameters for the DAR correction
    INFO | 2026-08-16 11:05:55 | coadd3d.py:__init__:294 | DAR correction parameters:
   Airmass = 1.32
   Pressure = 620.86 mbar
   Humidity = 18.80 %
   Temperature = 3.40 deg C
   Reference wavelength = 4500.00 Angstrom
    INFO | 2026-08-16 11:05:55 | coadd3d.py:load:1019 | Loading PypeIt spec2d frame (2/3):
Science/spec2d_KR.20231105.16505.80-feige110_KCRM_20231105T043505.251.fits
    INFO | 2026-08-16 11:05:55 | coadd3d.py:load:1035 | Constructing slit image
    INFO | 2026-08-16 11:05:56 | coadd3d.py:get_current_skysub:829 | Using the following frame for sky subtraction:
image
    INFO | 2026-08-16 11:05:56 | coadd3d.py:get_current_scalecorr:718 | Relative spectral illumination correction will not be performed.
    INFO | 2026-08-16 11:05:56 | datacube.py:make_good_skymask:436 | Masking edge pixels where the sky model is poor
    INFO | 2026-08-16 11:05:56 | coadd3d.py:load:1090 | Using wavelength solution: wave0=5240.326, dispersion=1.844 Angstrom/pixel
    INFO | 2026-08-16 11:05:56 | coadd3d.py:get_alignments:962 | Loading alignments
    INFO | 2026-08-16 11:05:56 | datamodel.py:from_file:1558 | Loading Alignments from /Users/kaiwenzhang/PycharmProjects/KCWI/KCWI_RED_channel_characterization/2023-11-04/pypeit_run/keck_kcrm_B/Calibrations/Alignment_B_1_DET01.fits
    INFO | 2026-08-16 11:05:56 | coadd3d.py:get_alignments:978 | Generating alignment splines
   DEBUG | 2026-08-16 11:05:56 | alignframe.py:__init__:350 | Spatial flexure is not currently implemented for the astrometric alignment
    INFO | 2026-08-16 11:05:56 | alignframe.py:build_splines:375 | Calculating astrometric transform of slit 1/24
    INFO | 2026-08-16 11:05:56 | alignframe.py:build_splines:375 | Calculating astrometric transform of slit 2/24
    INFO | 2026-08-16 11:05:57 | alignframe.py:build_splines:375 | Calculating astrometric transform of slit 3/24
    INFO | 2026-08-16 11:05:57 | alignframe.py:build_splines:375 | Calculating astrometric transform of slit 4/24
    INFO | 2026-08-16 11:05:57 | alignframe.py:build_splines:375 | Calculating astrometric transform of slit 5/24
    INFO | 2026-08-16 11:05:57 | alignframe.py:build_splines:375 | Calculating astrometric transform of slit 6/24
    INFO | 2026-08-16 11:05:57 | alignframe.py:build_splines:375 | Calculating astrometric transform of slit 7/24
    INFO | 2026-08-16 11:05:57 | alignframe.py:build_splines:375 | Calculating astrometric transform of slit 8/24
    INFO | 2026-08-16 11:05:57 | alignframe.py:build_splines:375 | Calculating astrometric transform of slit 9/24
    INFO | 2026-08-16 11:05:58 | alignframe.py:build_splines:375 | Calculating astrometric transform of slit 10/24
    INFO | 2026-08-16 11:05:58 | alignframe.py:build_splines:375 | Calculating astrometric transform of slit 11/24
    INFO | 2026-08-16 11:05:58 | alignframe.py:build_splines:375 | Calculating astrometric transform of slit 12/24
    INFO | 2026-08-16 11:05:58 | alignframe.py:build_splines:375 | Calculating astrometric transform of slit 13/24
    INFO | 2026-08-16 11:05:58 | alignframe.py:build_splines:375 | Calculating astrometric transform of slit 14/24
    INFO | 2026-08-16 11:05:58 | alignframe.py:build_splines:375 | Calculating astrometric transform of slit 15/24
    INFO | 2026-08-16 11:05:58 | alignframe.py:build_splines:375 | Calculating astrometric transform of slit 16/24
    INFO | 2026-08-16 11:05:59 | alignframe.py:build_splines:375 | Calculating astrometric transform of slit 17/24
    INFO | 2026-08-16 11:05:59 | alignframe.py:build_splines:375 | Calculating astrometric transform of slit 18/24
    INFO | 2026-08-16 11:05:59 | alignframe.py:build_splines:375 | Calculating astrometric transform of slit 19/24
    INFO | 2026-08-16 11:05:59 | alignframe.py:build_splines:375 | Calculating astrometric transform of slit 20/24
    INFO | 2026-08-16 11:05:59 | alignframe.py:build_splines:375 | Calculating astrometric transform of slit 21/24
    INFO | 2026-08-16 11:05:59 | alignframe.py:build_splines:375 | Calculating astrometric transform of slit 22/24
    INFO | 2026-08-16 11:05:59 | alignframe.py:build_splines:375 | Calculating astrometric transform of slit 23/24
    INFO | 2026-08-16 11:06:00 | alignframe.py:build_splines:375 | Calculating astrometric transform of slit 24/24
    INFO | 2026-08-16 11:06:00 | keck_kcwi.py:get_wcs:634 | Generating KCRM WCS
    INFO | 2026-08-16 11:06:00 | slittrace.py:get_radec_image:536 | Generating an RA/DEC image
    INFO | 2026-08-16 11:06:01 | coadd3d.py:__init__:278 | Preparing the parameters for the DAR correction
    INFO | 2026-08-16 11:06:01 | coadd3d.py:__init__:294 | DAR correction parameters:
   Airmass = 1.32
   Pressure = 620.98 mbar
   Humidity = 19.70 %
   Temperature = 3.50 deg C
   Reference wavelength = 4500.00 Angstrom
    INFO | 2026-08-16 11:06:01 | coadd3d.py:load:1019 | Loading PypeIt spec2d frame (3/3):
Science/spec2d_KR.20231105.16594.54-feige110_KCRM_20231105T043635.021.fits
    INFO | 2026-08-16 11:06:01 | coadd3d.py:load:1035 | Constructing slit image
    INFO | 2026-08-16 11:06:02 | coadd3d.py:get_current_skysub:829 | Using the following frame for sky subtraction:
image
    INFO | 2026-08-16 11:06:02 | coadd3d.py:get_current_scalecorr:718 | Relative spectral illumination correction will not be performed.
    INFO | 2026-08-16 11:06:02 | datacube.py:make_good_skymask:436 | Masking edge pixels where the sky model is poor
    INFO | 2026-08-16 11:06:02 | coadd3d.py:load:1090 | Using wavelength solution: wave0=5240.326, dispersion=1.844 Angstrom/pixel
    INFO | 2026-08-16 11:06:02 | coadd3d.py:get_alignments:962 | Loading alignments
    INFO | 2026-08-16 11:06:02 | datamodel.py:from_file:1558 | Loading Alignments from /Users/kaiwenzhang/PycharmProjects/KCWI/KCWI_RED_channel_characterization/2023-11-04/pypeit_run/keck_kcrm_B/Calibrations/Alignment_B_1_DET01.fits
    INFO | 2026-08-16 11:06:02 | coadd3d.py:get_alignments:978 | Generating alignment splines
   DEBUG | 2026-08-16 11:06:02 | alignframe.py:__init__:350 | Spatial flexure is not currently implemented for the astrometric alignment
    INFO | 2026-08-16 11:06:02 | alignframe.py:build_splines:375 | Calculating astrometric transform of slit 1/24
    INFO | 2026-08-16 11:06:02 | alignframe.py:build_splines:375 | Calculating astrometric transform of slit 2/24
    INFO | 2026-08-16 11:06:02 | alignframe.py:build_splines:375 | Calculating astrometric transform of slit 3/24
    INFO | 2026-08-16 11:06:03 | alignframe.py:build_splines:375 | Calculating astrometric transform of slit 4/24
    INFO | 2026-08-16 11:06:03 | alignframe.py:build_splines:375 | Calculating astrometric transform of slit 5/24
    INFO | 2026-08-16 11:06:03 | alignframe.py:build_splines:375 | Calculating astrometric transform of slit 6/24
    INFO | 2026-08-16 11:06:03 | alignframe.py:build_splines:375 | Calculating astrometric transform of slit 7/24
    INFO | 2026-08-16 11:06:03 | alignframe.py:build_splines:375 | Calculating astrometric transform of slit 8/24
    INFO | 2026-08-16 11:06:03 | alignframe.py:build_splines:375 | Calculating astrometric transform of slit 9/24
    INFO | 2026-08-16 11:06:03 | alignframe.py:build_splines:375 | Calculating astrometric transform of slit 10/24
    INFO | 2026-08-16 11:06:04 | alignframe.py:build_splines:375 | Calculating astrometric transform of slit 11/24
    INFO | 2026-08-16 11:06:04 | alignframe.py:build_splines:375 | Calculating astrometric transform of slit 12/24
    INFO | 2026-08-16 11:06:04 | alignframe.py:build_splines:375 | Calculating astrometric transform of slit 13/24
    INFO | 2026-08-16 11:06:04 | alignframe.py:build_splines:375 | Calculating astrometric transform of slit 14/24
    INFO | 2026-08-16 11:06:04 | alignframe.py:build_splines:375 | Calculating astrometric transform of slit 15/24
    INFO | 2026-08-16 11:06:04 | alignframe.py:build_splines:375 | Calculating astrometric transform of slit 16/24
    INFO | 2026-08-16 11:06:04 | alignframe.py:build_splines:375 | Calculating astrometric transform of slit 17/24
    INFO | 2026-08-16 11:06:05 | alignframe.py:build_splines:375 | Calculating astrometric transform of slit 18/24
 WARNING | 2026-08-16 11:06:05 | _interpolate.py:_call_linear:514 | RuntimeWarning: invalid value encountered in divide
 WARNING | 2026-08-16 11:06:05 | _interpolate.py:_call_linear:515 | RuntimeWarning: invalid value encountered in divide
    INFO | 2026-08-16 11:06:05 | alignframe.py:build_splines:375 | Calculating astrometric transform of slit 19/24
    INFO | 2026-08-16 11:06:05 | alignframe.py:build_splines:375 | Calculating astrometric transform of slit 20/24
    INFO | 2026-08-16 11:06:05 | alignframe.py:build_splines:375 | Calculating astrometric transform of slit 21/24
    INFO | 2026-08-16 11:06:05 | alignframe.py:build_splines:375 | Calculating astrometric transform of slit 22/24
    INFO | 2026-08-16 11:06:05 | alignframe.py:build_splines:375 | Calculating astrometric transform of slit 23/24
    INFO | 2026-08-16 11:06:05 | alignframe.py:build_splines:375 | Calculating astrometric transform of slit 24/24
    INFO | 2026-08-16 11:06:06 | keck_kcwi.py:get_wcs:634 | Generating KCRM WCS
    INFO | 2026-08-16 11:06:06 | slittrace.py:get_radec_image:536 | Generating an RA/DEC image
    INFO | 2026-08-16 11:06:06 | slittrace.py:get_radec_image:554 | Slit 1522 (18/24) is masked. Skipping RA/DEC.
    INFO | 2026-08-16 11:06:07 | coadd3d.py:__init__:278 | Preparing the parameters for the DAR correction
    INFO | 2026-08-16 11:06:07 | coadd3d.py:__init__:294 | DAR correction parameters:
   Airmass = 1.31
   Pressure = 620.89 mbar
   Humidity = 18.60 %
   Temperature = 3.40 deg C
   Reference wavelength = 4500.00 Angstrom
    INFO | 2026-08-16 11:06:07 | datacube.py:set_voxel_sampling:776 | Adopting a square pixel spatial scale of 0.678924 arcsec
    INFO | 2026-08-16 11:06:07 | datacube.py:set_voxel_sampling:779 | Adopting a wavelength sampling of 1.844093 Angstrom
    INFO | 2026-08-16 11:06:07 | datacube.py:get_whitelight_range:606 | The white light images will cover the wavelength range: 5708.48A - 9037.53A
    INFO | 2026-08-16 11:06:07 | datacube.py:generate_WCS:1049 | Generating WCS
    INFO | 2026-08-16 11:06:07 | datacube.py:create_wcs:1008 | 
----------------------------------------
Parameters of the WCS:
RA   min = 349.99106101432864
DEC  min = -5.16848102545714
WAVE min, max = 5708.485412282056, 9037.531830143795
Spaxel size = 0.6789240000000001 arcsec
Wavelength step = 3329.0464178617385 A
----------------------------------------
    INFO | 2026-08-16 11:06:07 | datacube.py:subpixellate:1772 | Resampling slit 1/24 of frame 1/3
    INFO | 2026-08-16 11:06:07 | slittrace.py:get_radec_image:536 | Generating an RA/DEC image with slice_offset=0.000
    INFO | 2026-08-16 11:06:08 | datacube.py:subpixellate:1772 | Resampling slit 2/24 of frame 1/3
    INFO | 2026-08-16 11:06:08 | slittrace.py:get_radec_image:536 | Generating an RA/DEC image with slice_offset=0.000
    INFO | 2026-08-16 11:06:08 | datacube.py:subpixellate:1772 | Resampling slit 3/24 of frame 1/3
    INFO | 2026-08-16 11:06:08 | slittrace.py:get_radec_image:536 | Generating an RA/DEC image with slice_offset=0.000
    INFO | 2026-08-16 11:06:08 | datacube.py:subpixellate:1772 | Resampling slit 4/24 of frame 1/3
    INFO | 2026-08-16 11:06:08 | slittrace.py:get_radec_image:536 | Generating an RA/DEC image with slice_offset=0.000
    INFO | 2026-08-16 11:06:08 | datacube.py:subpixellate:1772 | Resampling slit 5/24 of frame 1/3
    INFO | 2026-08-16 11:06:08 | slittrace.py:get_radec_image:536 | Generating an RA/DEC image with slice_offset=0.000
    INFO | 2026-08-16 11:06:09 | datacube.py:subpixellate:1772 | Resampling slit 6/24 of frame 1/3
    INFO | 2026-08-16 11:06:09 | slittrace.py:get_radec_image:536 | Generating an RA/DEC image with slice_offset=0.000
    INFO | 2026-08-16 11:06:09 | datacube.py:subpixellate:1772 | Resampling slit 7/24 of frame 1/3
    INFO | 2026-08-16 11:06:09 | slittrace.py:get_radec_image:536 | Generating an RA/DEC image with slice_offset=0.000
    INFO | 2026-08-16 11:06:09 | datacube.py:subpixellate:1772 | Resampling slit 8/24 of frame 1/3
    INFO | 2026-08-16 11:06:09 | slittrace.py:get_radec_image:536 | Generating an RA/DEC image with slice_offset=0.000
    INFO | 2026-08-16 11:06:10 | datacube.py:subpixellate:1772 | Resampling slit 9/24 of frame 1/3
    INFO | 2026-08-16 11:06:10 | slittrace.py:get_radec_image:536 | Generating an RA/DEC image with slice_offset=0.000
    INFO | 2026-08-16 11:06:10 | datacube.py:subpixellate:1772 | Resampling slit 10/24 of frame 1/3
    INFO | 2026-08-16 11:06:10 | slittrace.py:get_radec_image:536 | Generating an RA/DEC image with slice_offset=0.000
    INFO | 2026-08-16 11:06:10 | datacube.py:subpixellate:1772 | Resampling slit 11/24 of frame 1/3
    INFO | 2026-08-16 11:06:10 | slittrace.py:get_radec_image:536 | Generating an RA/DEC image with slice_offset=0.000
    INFO | 2026-08-16 11:06:11 | datacube.py:subpixellate:1772 | Resampling slit 12/24 of frame 1/3
    INFO | 2026-08-16 11:06:11 | slittrace.py:get_radec_image:536 | Generating an RA/DEC image with slice_offset=0.000
    INFO | 2026-08-16 11:06:11 | datacube.py:subpixellate:1772 | Resampling slit 13/24 of frame 1/3
    INFO | 2026-08-16 11:06:11 | slittrace.py:get_radec_image:536 | Generating an RA/DEC image with slice_offset=0.000
    INFO | 2026-08-16 11:06:11 | datacube.py:subpixellate:1772 | Resampling slit 14/24 of frame 1/3
    INFO | 2026-08-16 11:06:11 | slittrace.py:get_radec_image:536 | Generating an RA/DEC image with slice_offset=0.000
    INFO | 2026-08-16 11:06:11 | datacube.py:subpixellate:1772 | Resampling slit 15/24 of frame 1/3
    INFO | 2026-08-16 11:06:11 | slittrace.py:get_radec_image:536 | Generating an RA/DEC image with slice_offset=0.000
    INFO | 2026-08-16 11:06:12 | datacube.py:subpixellate:1772 | Resampling slit 16/24 of frame 1/3
    INFO | 2026-08-16 11:06:12 | slittrace.py:get_radec_image:536 | Generating an RA/DEC image with slice_offset=0.000
    INFO | 2026-08-16 11:06:12 | datacube.py:subpixellate:1772 | Resampling slit 17/24 of frame 1/3
    INFO | 2026-08-16 11:06:12 | slittrace.py:get_radec_image:536 | Generating an RA/DEC image with slice_offset=0.000
    INFO | 2026-08-16 11:06:12 | datacube.py:subpixellate:1772 | Resampling slit 18/24 of frame 1/3
    INFO | 2026-08-16 11:06:12 | slittrace.py:get_radec_image:536 | Generating an RA/DEC image with slice_offset=0.000
    INFO | 2026-08-16 11:06:13 | datacube.py:subpixellate:1772 | Resampling slit 19/24 of frame 1/3
    INFO | 2026-08-16 11:06:13 | slittrace.py:get_radec_image:536 | Generating an RA/DEC image with slice_offset=0.000
    INFO | 2026-08-16 11:06:13 | datacube.py:subpixellate:1772 | Resampling slit 20/24 of frame 1/3
    INFO | 2026-08-16 11:06:13 | slittrace.py:get_radec_image:536 | Generating an RA/DEC image with slice_offset=0.000
    INFO | 2026-08-16 11:06:13 | datacube.py:subpixellate:1772 | Resampling slit 21/24 of frame 1/3
    INFO | 2026-08-16 11:06:13 | slittrace.py:get_radec_image:536 | Generating an RA/DEC image with slice_offset=0.000
    INFO | 2026-08-16 11:06:14 | datacube.py:subpixellate:1772 | Resampling slit 22/24 of frame 1/3
    INFO | 2026-08-16 11:06:14 | slittrace.py:get_radec_image:536 | Generating an RA/DEC image with slice_offset=0.000
    INFO | 2026-08-16 11:06:14 | datacube.py:subpixellate:1772 | Resampling slit 23/24 of frame 1/3
    INFO | 2026-08-16 11:06:14 | slittrace.py:get_radec_image:536 | Generating an RA/DEC image with slice_offset=0.000
    INFO | 2026-08-16 11:06:14 | datacube.py:subpixellate:1772 | Resampling slit 24/24 of frame 1/3
    INFO | 2026-08-16 11:06:14 | slittrace.py:get_radec_image:536 | Generating an RA/DEC image with slice_offset=0.000
    INFO | 2026-08-16 11:06:14 | datacube.py:subpixellate:1772 | Resampling slit 1/24 of frame 2/3
    INFO | 2026-08-16 11:06:14 | slittrace.py:get_radec_image:536 | Generating an RA/DEC image with slice_offset=0.000
    INFO | 2026-08-16 11:06:15 | datacube.py:subpixellate:1772 | Resampling slit 2/24 of frame 2/3
    INFO | 2026-08-16 11:06:15 | slittrace.py:get_radec_image:536 | Generating an RA/DEC image with slice_offset=0.000
    INFO | 2026-08-16 11:06:15 | datacube.py:subpixellate:1772 | Resampling slit 3/24 of frame 2/3
    INFO | 2026-08-16 11:06:15 | slittrace.py:get_radec_image:536 | Generating an RA/DEC image with slice_offset=0.000
    INFO | 2026-08-16 11:06:15 | datacube.py:subpixellate:1772 | Resampling slit 4/24 of frame 2/3
    INFO | 2026-08-16 11:06:15 | slittrace.py:get_radec_image:536 | Generating an RA/DEC image with slice_offset=0.000
    INFO | 2026-08-16 11:06:16 | datacube.py:subpixellate:1772 | Resampling slit 5/24 of frame 2/3
    INFO | 2026-08-16 11:06:16 | slittrace.py:get_radec_image:536 | Generating an RA/DEC image with slice_offset=0.000
    INFO | 2026-08-16 11:06:16 | datacube.py:subpixellate:1772 | Resampling slit 6/24 of frame 2/3
    INFO | 2026-08-16 11:06:16 | slittrace.py:get_radec_image:536 | Generating an RA/DEC image with slice_offset=0.000
    INFO | 2026-08-16 11:06:16 | datacube.py:subpixellate:1772 | Resampling slit 7/24 of frame 2/3
    INFO | 2026-08-16 11:06:16 | slittrace.py:get_radec_image:536 | Generating an RA/DEC image with slice_offset=0.000
    INFO | 2026-08-16 11:06:17 | datacube.py:subpixellate:1772 | Resampling slit 8/24 of frame 2/3
    INFO | 2026-08-16 11:06:17 | slittrace.py:get_radec_image:536 | Generating an RA/DEC image with slice_offset=0.000
    INFO | 2026-08-16 11:06:17 | datacube.py:subpixellate:1772 | Resampling slit 9/24 of frame 2/3
    INFO | 2026-08-16 11:06:17 | slittrace.py:get_radec_image:536 | Generating an RA/DEC image with slice_offset=0.000
    INFO | 2026-08-16 11:06:17 | datacube.py:subpixellate:1772 | Resampling slit 10/24 of frame 2/3
    INFO | 2026-08-16 11:06:17 | slittrace.py:get_radec_image:536 | Generating an RA/DEC image with slice_offset=0.000
    INFO | 2026-08-16 11:06:17 | datacube.py:subpixellate:1772 | Resampling slit 11/24 of frame 2/3
    INFO | 2026-08-16 11:06:17 | slittrace.py:get_radec_image:536 | Generating an RA/DEC image with slice_offset=0.000
    INFO | 2026-08-16 11:06:18 | datacube.py:subpixellate:1772 | Resampling slit 12/24 of frame 2/3
    INFO | 2026-08-16 11:06:18 | slittrace.py:get_radec_image:536 | Generating an RA/DEC image with slice_offset=0.000
    INFO | 2026-08-16 11:06:18 | datacube.py:subpixellate:1772 | Resampling slit 13/24 of frame 2/3
    INFO | 2026-08-16 11:06:18 | slittrace.py:get_radec_image:536 | Generating an RA/DEC image with slice_offset=0.000
    INFO | 2026-08-16 11:06:18 | datacube.py:subpixellate:1772 | Resampling slit 14/24 of frame 2/3
    INFO | 2026-08-16 11:06:18 | slittrace.py:get_radec_image:536 | Generating an RA/DEC image with slice_offset=0.000
    INFO | 2026-08-16 11:06:19 | datacube.py:subpixellate:1772 | Resampling slit 15/24 of frame 2/3
    INFO | 2026-08-16 11:06:19 | slittrace.py:get_radec_image:536 | Generating an RA/DEC image with slice_offset=0.000
    INFO | 2026-08-16 11:06:19 | datacube.py:subpixellate:1772 | Resampling slit 16/24 of frame 2/3
    INFO | 2026-08-16 11:06:19 | slittrace.py:get_radec_image:536 | Generating an RA/DEC image with slice_offset=0.000
    INFO | 2026-08-16 11:06:19 | datacube.py:subpixellate:1772 | Resampling slit 17/24 of frame 2/3
    INFO | 2026-08-16 11:06:19 | slittrace.py:get_radec_image:536 | Generating an RA/DEC image with slice_offset=0.000
    INFO | 2026-08-16 11:06:19 | datacube.py:subpixellate:1772 | Resampling slit 18/24 of frame 2/3
    INFO | 2026-08-16 11:06:19 | slittrace.py:get_radec_image:536 | Generating an RA/DEC image with slice_offset=0.000
    INFO | 2026-08-16 11:06:20 | datacube.py:subpixellate:1772 | Resampling slit 19/24 of frame 2/3
    INFO | 2026-08-16 11:06:20 | slittrace.py:get_radec_image:536 | Generating an RA/DEC image with slice_offset=0.000
    INFO | 2026-08-16 11:06:20 | datacube.py:subpixellate:1772 | Resampling slit 20/24 of frame 2/3
    INFO | 2026-08-16 11:06:20 | slittrace.py:get_radec_image:536 | Generating an RA/DEC image with slice_offset=0.000
    INFO | 2026-08-16 11:06:20 | datacube.py:subpixellate:1772 | Resampling slit 21/24 of frame 2/3
    INFO | 2026-08-16 11:06:20 | slittrace.py:get_radec_image:536 | Generating an RA/DEC image with slice_offset=0.000
    INFO | 2026-08-16 11:06:21 | datacube.py:subpixellate:1772 | Resampling slit 22/24 of frame 2/3
    INFO | 2026-08-16 11:06:21 | slittrace.py:get_radec_image:536 | Generating an RA/DEC image with slice_offset=0.000
    INFO | 2026-08-16 11:06:21 | datacube.py:subpixellate:1772 | Resampling slit 23/24 of frame 2/3
    INFO | 2026-08-16 11:06:21 | slittrace.py:get_radec_image:536 | Generating an RA/DEC image with slice_offset=0.000
    INFO | 2026-08-16 11:06:21 | datacube.py:subpixellate:1772 | Resampling slit 24/24 of frame 2/3
    INFO | 2026-08-16 11:06:21 | slittrace.py:get_radec_image:536 | Generating an RA/DEC image with slice_offset=0.000
    INFO | 2026-08-16 11:06:22 | datacube.py:subpixellate:1772 | Resampling slit 1/24 of frame 3/3
    INFO | 2026-08-16 11:06:22 | slittrace.py:get_radec_image:536 | Generating an RA/DEC image with slice_offset=0.000
    INFO | 2026-08-16 11:06:22 | datacube.py:subpixellate:1772 | Resampling slit 2/24 of frame 3/3
    INFO | 2026-08-16 11:06:22 | slittrace.py:get_radec_image:536 | Generating an RA/DEC image with slice_offset=0.000
    INFO | 2026-08-16 11:06:22 | datacube.py:subpixellate:1772 | Resampling slit 3/24 of frame 3/3
    INFO | 2026-08-16 11:06:22 | slittrace.py:get_radec_image:536 | Generating an RA/DEC image with slice_offset=0.000
    INFO | 2026-08-16 11:06:22 | datacube.py:subpixellate:1772 | Resampling slit 4/24 of frame 3/3
    INFO | 2026-08-16 11:06:22 | slittrace.py:get_radec_image:536 | Generating an RA/DEC image with slice_offset=0.000
    INFO | 2026-08-16 11:06:23 | datacube.py:subpixellate:1772 | Resampling slit 5/24 of frame 3/3
    INFO | 2026-08-16 11:06:23 | slittrace.py:get_radec_image:536 | Generating an RA/DEC image with slice_offset=0.000
    INFO | 2026-08-16 11:06:23 | datacube.py:subpixellate:1772 | Resampling slit 6/24 of frame 3/3
    INFO | 2026-08-16 11:06:23 | slittrace.py:get_radec_image:536 | Generating an RA/DEC image with slice_offset=0.000
    INFO | 2026-08-16 11:06:23 | datacube.py:subpixellate:1772 | Resampling slit 7/24 of frame 3/3
    INFO | 2026-08-16 11:06:23 | slittrace.py:get_radec_image:536 | Generating an RA/DEC image with slice_offset=0.000
    INFO | 2026-08-16 11:06:24 | datacube.py:subpixellate:1772 | Resampling slit 8/24 of frame 3/3
    INFO | 2026-08-16 11:06:24 | slittrace.py:get_radec_image:536 | Generating an RA/DEC image with slice_offset=0.000
    INFO | 2026-08-16 11:06:24 | datacube.py:subpixellate:1772 | Resampling slit 9/24 of frame 3/3
    INFO | 2026-08-16 11:06:24 | slittrace.py:get_radec_image:536 | Generating an RA/DEC image with slice_offset=0.000
    INFO | 2026-08-16 11:06:24 | datacube.py:subpixellate:1772 | Resampling slit 10/24 of frame 3/3
    INFO | 2026-08-16 11:06:24 | slittrace.py:get_radec_image:536 | Generating an RA/DEC image with slice_offset=0.000
    INFO | 2026-08-16 11:06:24 | datacube.py:subpixellate:1772 | Resampling slit 11/24 of frame 3/3
    INFO | 2026-08-16 11:06:24 | slittrace.py:get_radec_image:536 | Generating an RA/DEC image with slice_offset=0.000
    INFO | 2026-08-16 11:06:25 | datacube.py:subpixellate:1772 | Resampling slit 12/24 of frame 3/3
    INFO | 2026-08-16 11:06:25 | slittrace.py:get_radec_image:536 | Generating an RA/DEC image with slice_offset=0.000
    INFO | 2026-08-16 11:06:25 | datacube.py:subpixellate:1772 | Resampling slit 13/24 of frame 3/3
    INFO | 2026-08-16 11:06:25 | slittrace.py:get_radec_image:536 | Generating an RA/DEC image with slice_offset=0.000
    INFO | 2026-08-16 11:06:25 | datacube.py:subpixellate:1772 | Resampling slit 14/24 of frame 3/3
    INFO | 2026-08-16 11:06:25 | slittrace.py:get_radec_image:536 | Generating an RA/DEC image with slice_offset=0.000
    INFO | 2026-08-16 11:06:26 | datacube.py:subpixellate:1772 | Resampling slit 15/24 of frame 3/3
    INFO | 2026-08-16 11:06:26 | slittrace.py:get_radec_image:536 | Generating an RA/DEC image with slice_offset=0.000
    INFO | 2026-08-16 11:06:26 | datacube.py:subpixellate:1772 | Resampling slit 16/24 of frame 3/3
    INFO | 2026-08-16 11:06:26 | slittrace.py:get_radec_image:536 | Generating an RA/DEC image with slice_offset=0.000
    INFO | 2026-08-16 11:06:26 | datacube.py:subpixellate:1772 | Resampling slit 17/24 of frame 3/3
    INFO | 2026-08-16 11:06:26 | slittrace.py:get_radec_image:536 | Generating an RA/DEC image with slice_offset=0.000
    INFO | 2026-08-16 11:06:26 | datacube.py:subpixellate:1772 | Resampling slit 18/24 of frame 3/3
   ERROR | 2026-08-16 11:06:26 | _polyint.py:_reshape_yi:120 | ValueError: cannot reshape array of size 0 into shape (0,newaxis)
