[1;38;2;49;54;149m    [INFO][0m - [38;2;116;173;209minputfiles.py:from_file:136[0m - Loading the reduction file
[1;38;2;49;54;149m    [INFO][0m - [38;2;116;173;209minputfiles.py:from_file:214[0m - PypeIt input file loaded successfully.
[1;38;2;49;54;149m    [INFO][0m - [38;2;116;173;209minputfiles.py:vet:685[0m - PypeIt file successfully vetted.
[1;38;2;49;54;149m    [INFO][0m - [38;2;116;173;209mpypeit.py:__init__:82[0m - Loaded spectrograph keck_kcrm
[1;38;2;49;54;149m    [INFO][0m - [38;2;116;173;209mpypeit.py:__init__:83[0m - Setting configuration-specific parameters using KR.20241223.16054.36.fits.
[1;38;2;49;54;149m    [INFO][0m - [38;2;116;173;209mpypeit.py:__init__:99[0m - Compiling metadata
[1;38;2;49;54;149m    [INFO][0m - [38;2;116;173;209mmetadata.py:_build:206[0m - Building metadata for 34 files.
[1;38;2;49;54;149m    [INFO][0m - [38;2;116;173;209mmetadata.py:_build:235[0m - Adding metadata for KR.20241223.11387.85.fits
[1;38;2;49;54;149m    [INFO][0m - [38;2;116;173;209mmetadata.py:_build:235[0m - Adding metadata for KR.20241223.11418.45.fits
[1;38;2;49;54;149m    [INFO][0m - [38;2;116;173;209mmetadata.py:_build:235[0m - Adding metadata for KR.20241223.11449.50.fits
[1;38;2;49;54;149m    [INFO][0m - [38;2;116;173;209mmetadata.py:_build:235[0m - Adding metadata for KR.20241223.11516.37.fits
[1;38;2;49;54;149m    [INFO][0m - [38;2;116;173;209mmetadata.py:_build:235[0m - Adding metadata for KR.20241223.11545.95.fits
[1;38;2;49;54;149m    [INFO][0m - [38;2;116;173;209mmetadata.py:_build:235[0m - Adding metadata for KR.20241223.11575.53.fits
[1;38;2;49;54;149m    [INFO][0m - [38;2;116;173;209mmetadata.py:_build:235[0m - Adding metadata for KR.20241222.84039.32.fits
[1;38;2;49;54;149m    [INFO][0m - [38;2;116;173;209mmetadata.py:_build:235[0m - Adding metadata for KR.20241223.04474.29.fits
[1;38;2;49;54;149m    [INFO][0m - [38;2;116;173;209mmetadata.py:_build:235[0m - Adding metadata for KR.20241223.04518.15.fits
[1;38;2;49;54;149m    [INFO][0m - [38;2;116;173;209mmetadata.py:_build:235[0m - Adding metadata for KR.20241223.04562.10.fits
[1;38;2;49;54;149m    [INFO][0m - [38;2;116;173;209mmetadata.py:_build:235[0m - Adding metadata for KR.20241223.04605.87.fits
[1;38;2;49;54;149m    [INFO][0m - [38;2;116;173;209mmetadata.py:_build:235[0m - Adding metadata for KR.20241223.04649.73.fits
[1;38;2;49;54;149m    [INFO][0m - [38;2;116;173;209mmetadata.py:_build:235[0m - Adding metadata for KR.20241223.04693.59.fits
[1;38;2;49;54;149m    [INFO][0m - [38;2;116;173;209mmetadata.py:_build:235[0m - Adding metadata for KR.20241223.04737.45.fits
[1;38;2;49;54;149m    [INFO][0m - [38;2;116;173;209mmetadata.py:_build:235[0m - Adding metadata for KR.20241223.09699.75.fits
[1;38;2;49;54;149m    [INFO][0m - [38;2;116;173;209mmetadata.py:_build:235[0m - Adding metadata for KR.20241223.09743.61.fits
[1;38;2;49;54;149m    [INFO][0m - [38;2;116;173;209mmetadata.py:_build:235[0m - Adding metadata for KR.20241223.09787.47.fits
[1;38;2;49;54;149m    [INFO][0m - [38;2;116;173;209mmetadata.py:_build:235[0m - Adding metadata for KR.20241223.09831.33.fits
[1;38;2;49;54;149m    [INFO][0m - [38;2;116;173;209mmetadata.py:_build:235[0m - Adding metadata for KR.20241223.09875.19.fits
[1;38;2;49;54;149m    [INFO][0m - [38;2;116;173;209mmetadata.py:_build:235[0m - Adding metadata for KR.20241223.09919.50.fits
[1;38;2;49;54;149m    [INFO][0m - [38;2;116;173;209mmetadata.py:_build:235[0m - Adding metadata for KR.20241223.09962.91.fits
[1;38;2;49;54;149m    [INFO][0m - [38;2;116;173;209mmetadata.py:_build:235[0m - Adding metadata for KR.20241223.11736.69.fits
[1;38;2;49;54;149m    [INFO][0m - [38;2;116;173;209mmetadata.py:_build:235[0m - Adding metadata for KR.20241223.11787.69.fits
[1;38;2;49;54;149m    [INFO][0m - [38;2;116;173;209mmetadata.py:_build:235[0m - Adding metadata for KR.20241223.11837.67.fits
[1;38;2;49;54;149m    [INFO][0m - [38;2;116;173;209mmetadata.py:_build:235[0m - Adding metadata for KR.20241223.11888.67.fits
[1;38;2;49;54;149m    [INFO][0m - [38;2;116;173;209mmetadata.py:_build:235[0m - Adding metadata for KR.20241223.11938.65.fits
[1;38;2;49;54;149m    [INFO][0m - [38;2;116;173;209mmetadata.py:_build:235[0m - Adding metadata for KR.20241223.11987.61.fits
[1;38;2;49;54;149m    [INFO][0m - [38;2;116;173;209mmetadata.py:_build:235[0m - Adding metadata for KR.20241223.16054.36.fits
[1;38;2;49;54;149m    [INFO][0m - [38;2;116;173;209mmetadata.py:_build:235[0m - Adding metadata for KR.20241223.16204.30.fits
[1;38;2;49;54;149m    [INFO][0m - [38;2;116;173;209mmetadata.py:_build:235[0m - Adding metadata for KR.20241223.16282.84.fits
[1;38;2;49;54;149m    [INFO][0m - [38;2;116;173;209mmetadata.py:_build:235[0m - Adding metadata for KR.20241223.16362.40.fits
[1;38;2;49;54;149m    [INFO][0m - [38;2;116;173;209mmetadata.py:_build:235[0m - Adding metadata for KR.20241223.11623.47.fits
[1;38;2;49;54;149m    [INFO][0m - [38;2;116;173;209mmetadata.py:_build:235[0m - Adding metadata for KR.20241223.11652.30.fits
[1;38;2;49;54;149m    [INFO][0m - [38;2;116;173;209mmetadata.py:_build:235[0m - Adding metadata for KR.20241223.11681.61.fits
[1;38;2;253;174;97m [WARNING][0m - [38;2;116;173;209mmetadata.py:_vet_instrument:180[0m - The instrument name in the headers of the raw files does not match the expected one! Found KCWI, expected KCRM.  You may have chosen the wrong PypeIt spectrograph name!
[1;38;2;253;174;97m [WARNING][0m - [38;2;116;173;209mmetadata.py:get_frame_types:1384[0m - Removing existing frametype and framebit columns.
[1;38;2;49;54;149m    [INFO][0m - [38;2;116;173;209mmetadata.py:get_frame_types:1391[0m - Typing files
[1;38;2;49;54;149m    [INFO][0m - [38;2;116;173;209mmetadata.py:get_frame_types:1401[0m - Using user-provided frame types.
[1;38;2;49;54;149m    [INFO][0m - [38;2;116;173;209mmetadata.py:unique_configurations:696[0m - Setup column already set.  Finding unique configurations.
[1;38;2;49;54;149m    [INFO][0m - [38;2;116;173;209mmetadata.py:unique_configurations:706[0m - Found 1 unique configurations.
[1;38;2;49;54;149m    [INFO][0m - [38;2;116;173;209mcalibrations.py:association_summary:1731[0m - Calibration association file written to: /Users/kaiwenzhang/PycharmProjects/KCWI/KCWI_RED_channel_characterization/2024-12-22/pypeit_run/keck_kcrm_B/keck_kcrm_B.calib
[1;38;2;49;54;149m    [INFO][0m - [38;2;116;173;209mpypeit.py:__init__:133[0m - Setting reduction path to /Users/kaiwenzhang/PycharmProjects/KCWI/KCWI_RED_channel_characterization/2024-12-22/pypeit_run/keck_kcrm_B
[1;38;2;49;54;149m    [INFO][0m - [38;2;116;173;209mpypeit.py:__init__:134[0m - Calibration frames saved to: /Users/kaiwenzhang/PycharmProjects/KCWI/KCWI_RED_channel_characterization/2024-12-22/pypeit_run/keck_kcrm_B/Calibrations
[1;38;2;49;54;149m    [INFO][0m - [38;2;116;173;209mpypeit.py:__init__:135[0m - Science data output to: /Users/kaiwenzhang/PycharmProjects/KCWI/KCWI_RED_channel_characterization/2024-12-22/pypeit_run/keck_kcrm_B/Science
[1;38;2;49;54;149m    [INFO][0m - [38;2;116;173;209mpypeit.py:__init__:136[0m - Quality assessment plots output to: /Users/kaiwenzhang/PycharmProjects/KCWI/KCWI_RED_channel_characterization/2024-12-22/pypeit_run/keck_kcrm_B/QA
[1;38;2;49;54;149m    [INFO][0m - [38;2;116;173;209mpypeit.py:calib_all:183[0m - Detectors to work on: [1]
[1;38;2;49;54;149m    [INFO][0m - [38;2;116;173;209mpypeit.py:calib_all:187[0m - Working on detector 1
[1;38;2;49;54;149m    [INFO][0m - [38;2;116;173;209mpypeit_steps.py:calib_one:173[0m - Building/loading calibrations for detector 1
[1;38;2;253;174;97m [WARNING][0m - [38;2;116;173;209mcalibrations.py:check_calibrations:238[0m - The following files contain different lamp status
[1;38;2;49;54;149m    [INFO][0m - [38;2;116;173;209mcalibrations.py:get_bias:569[0m - Preparing a Bias calibration frame.
[1;38;2;49;54;149m    [INFO][0m - [38;2;116;173;209mkeck_kcwi.py:get_rawimage:1426[0m - Reading KCWI file: /Users/kaiwenzhang/PycharmProjects/KCWI/KCWI_RED_channel_characterization/fits/by_night/2024-12-22/KR.20241222.84039.32.fits
[1;38;2;49;54;149m    [INFO][0m - [38;2;116;173;209mrawimage.py:process:564[0m - Performing basic image processing on KR.20241222.84039.32.fits.
[1;38;2;49;54;149m    [INFO][0m - [38;2;116;173;209mrawimage.py:estimate_readnoise:359[0m - Estimated readnoise of amplifier 1 = 6.151 e-
[1;38;2;49;54;149m    [INFO][0m - [38;2;116;173;209mrawimage.py:estimate_readnoise:359[0m - Estimated readnoise of amplifier 2 = 5.934 e-
[1;38;2;49;54;149m    [INFO][0m - [38;2;116;173;209mkeck_kcwi.py:get_rawimage:1426[0m - Reading KCWI file: /Users/kaiwenzhang/PycharmProjects/KCWI/KCWI_RED_channel_characterization/fits/by_night/2024-12-22/KR.20241222.84039.32.fits
[1;38;2;49;54;149m    [INFO][0m - [38;2;116;173;209mkeck_kcwi.py:get_rawimage:1426[0m - Reading KCWI file: /Users/kaiwenzhang/PycharmProjects/KCWI/KCWI_RED_channel_characterization/fits/by_night/2024-12-22/KR.20241223.04474.29.fits
[1;38;2;49;54;149m    [INFO][0m - [38;2;116;173;209mrawimage.py:process:564[0m - Performing basic image processing on KR.20241223.04474.29.fits.
[1;38;2;49;54;149m    [INFO][0m - [38;2;116;173;209mrawimage.py:estimate_readnoise:359[0m - Estimated readnoise of amplifier 1 = 3.841 e-
[1;38;2;49;54;149m    [INFO][0m - [38;2;116;173;209mrawimage.py:estimate_readnoise:359[0m - Estimated readnoise of amplifier 2 = 3.838 e-
[1;38;2;49;54;149m    [INFO][0m - [38;2;116;173;209mkeck_kcwi.py:get_rawimage:1426[0m - Reading KCWI file: /Users/kaiwenzhang/PycharmProjects/KCWI/KCWI_RED_channel_characterization/fits/by_night/2024-12-22/KR.20241223.04474.29.fits
[1;38;2;49;54;149m    [INFO][0m - [38;2;116;173;209mkeck_kcwi.py:get_rawimage:1426[0m - Reading KCWI file: /Users/kaiwenzhang/PycharmProjects/KCWI/KCWI_RED_channel_characterization/fits/by_night/2024-12-22/KR.20241223.04518.15.fits
[1;38;2;49;54;149m    [INFO][0m - [38;2;116;173;209mrawimage.py:process:564[0m - Performing basic image processing on KR.20241223.04518.15.fits.
[1;38;2;49;54;149m    [INFO][0m - [38;2;116;173;209mrawimage.py:estimate_readnoise:359[0m - Estimated readnoise of amplifier 1 = 3.831 e-
[1;38;2;49;54;149m    [INFO][0m - [38;2;116;173;209mrawimage.py:estimate_readnoise:359[0m - Estimated readnoise of amplifier 2 = 3.833 e-
[1;38;2;49;54;149m    [INFO][0m - [38;2;116;173;209mkeck_kcwi.py:get_rawimage:1426[0m - Reading KCWI file: /Users/kaiwenzhang/PycharmProjects/KCWI/KCWI_RED_channel_characterization/fits/by_night/2024-12-22/KR.20241223.04518.15.fits
[1;38;2;49;54;149m    [INFO][0m - [38;2;116;173;209mkeck_kcwi.py:get_rawimage:1426[0m - Reading KCWI file: /Users/kaiwenzhang/PycharmProjects/KCWI/KCWI_RED_channel_characterization/fits/by_night/2024-12-22/KR.20241223.04562.10.fits
[1;38;2;49;54;149m    [INFO][0m - [38;2;116;173;209mrawimage.py:process:564[0m - Performing basic image processing on KR.20241223.04562.10.fits.
[1;38;2;49;54;149m    [INFO][0m - [38;2;116;173;209mrawimage.py:estimate_readnoise:359[0m - Estimated readnoise of amplifier 1 = 3.838 e-
[1;38;2;49;54;149m    [INFO][0m - [38;2;116;173;209mrawimage.py:estimate_readnoise:359[0m - Estimated readnoise of amplifier 2 = 3.835 e-
[1;38;2;49;54;149m    [INFO][0m - [38;2;116;173;209mkeck_kcwi.py:get_rawimage:1426[0m - Reading KCWI file: /Users/kaiwenzhang/PycharmProjects/KCWI/KCWI_RED_channel_characterization/fits/by_night/2024-12-22/KR.20241223.04562.10.fits
[1;38;2;49;54;149m    [INFO][0m - [38;2;116;173;209mkeck_kcwi.py:get_rawimage:1426[0m - Reading KCWI file: /Users/kaiwenzhang/PycharmProjects/KCWI/KCWI_RED_channel_characterization/fits/by_night/2024-12-22/KR.20241223.04605.87.fits
[1;38;2;49;54;149m    [INFO][0m - [38;2;116;173;209mrawimage.py:process:564[0m - Performing basic image processing on KR.20241223.04605.87.fits.
[1;38;2;49;54;149m    [INFO][0m - [38;2;116;173;209mrawimage.py:estimate_readnoise:359[0m - Estimated readnoise of amplifier 1 = 3.839 e-
[1;38;2;49;54;149m    [INFO][0m - [38;2;116;173;209mrawimage.py:estimate_readnoise:359[0m - Estimated readnoise of amplifier 2 = 3.816 e-
[1;38;2;49;54;149m    [INFO][0m - [38;2;116;173;209mkeck_kcwi.py:get_rawimage:1426[0m - Reading KCWI file: /Users/kaiwenzhang/PycharmProjects/KCWI/KCWI_RED_channel_characterization/fits/by_night/2024-12-22/KR.20241223.04605.87.fits
[1;38;2;49;54;149m    [INFO][0m - [38;2;116;173;209mkeck_kcwi.py:get_rawimage:1426[0m - Reading KCWI file: /Users/kaiwenzhang/PycharmProjects/KCWI/KCWI_RED_channel_characterization/fits/by_night/2024-12-22/KR.20241223.04649.73.fits
[1;38;2;49;54;149m    [INFO][0m - [38;2;116;173;209mrawimage.py:process:564[0m - Performing basic image processing on KR.20241223.04649.73.fits.
[1;38;2;49;54;149m    [INFO][0m - [38;2;116;173;209mrawimage.py:estimate_readnoise:359[0m - Estimated readnoise of amplifier 1 = 3.833 e-
[1;38;2;49;54;149m    [INFO][0m - [38;2;116;173;209mrawimage.py:estimate_readnoise:359[0m - Estimated readnoise of amplifier 2 = 3.833 e-
[1;38;2;49;54;149m    [INFO][0m - [38;2;116;173;209mkeck_kcwi.py:get_rawimage:1426[0m - Reading KCWI file: /Users/kaiwenzhang/PycharmProjects/KCWI/KCWI_RED_channel_characterization/fits/by_night/2024-12-22/KR.20241223.04649.73.fits
[1;38;2;49;54;149m    [INFO][0m - [38;2;116;173;209mkeck_kcwi.py:get_rawimage:1426[0m - Reading KCWI file: /Users/kaiwenzhang/PycharmProjects/KCWI/KCWI_RED_channel_characterization/fits/by_night/2024-12-22/KR.20241223.04693.59.fits
[1;38;2;49;54;149m    [INFO][0m - [38;2;116;173;209mrawimage.py:process:564[0m - Performing basic image processing on KR.20241223.04693.59.fits.
[1;38;2;49;54;149m    [INFO][0m - [38;2;116;173;209mrawimage.py:estimate_readnoise:359[0m - Estimated readnoise of amplifier 1 = 3.844 e-
[1;38;2;49;54;149m    [INFO][0m - [38;2;116;173;209mrawimage.py:estimate_readnoise:359[0m - Estimated readnoise of amplifier 2 = 3.818 e-
[1;38;2;49;54;149m    [INFO][0m - [38;2;116;173;209mkeck_kcwi.py:get_rawimage:1426[0m - Reading KCWI file: /Users/kaiwenzhang/PycharmProjects/KCWI/KCWI_RED_channel_characterization/fits/by_night/2024-12-22/KR.20241223.04693.59.fits
[1;38;2;49;54;149m    [INFO][0m - [38;2;116;173;209mkeck_kcwi.py:get_rawimage:1426[0m - Reading KCWI file: /Users/kaiwenzhang/PycharmProjects/KCWI/KCWI_RED_channel_characterization/fits/by_night/2024-12-22/KR.20241223.04737.45.fits
[1;38;2;49;54;149m    [INFO][0m - [38;2;116;173;209mrawimage.py:process:564[0m - Performing basic image processing on KR.20241223.04737.45.fits.
[1;38;2;49;54;149m    [INFO][0m - [38;2;116;173;209mrawimage.py:estimate_readnoise:359[0m - Estimated readnoise of amplifier 1 = 3.830 e-
[1;38;2;49;54;149m    [INFO][0m - [38;2;116;173;209mrawimage.py:estimate_readnoise:359[0m - Estimated readnoise of amplifier 2 = 3.830 e-
[1;38;2;49;54;149m    [INFO][0m - [38;2;116;173;209mkeck_kcwi.py:get_rawimage:1426[0m - Reading KCWI file: /Users/kaiwenzhang/PycharmProjects/KCWI/KCWI_RED_channel_characterization/fits/by_night/2024-12-22/KR.20241223.04737.45.fits
[1;38;2;49;54;149m    [INFO][0m - [38;2;116;173;209mkeck_kcwi.py:get_rawimage:1426[0m - Reading KCWI file: /Users/kaiwenzhang/PycharmProjects/KCWI/KCWI_RED_channel_characterization/fits/by_night/2024-12-22/KR.20241223.09699.75.fits
[1;38;2;49;54;149m    [INFO][0m - [38;2;116;173;209mrawimage.py:process:564[0m - Performing basic image processing on KR.20241223.09699.75.fits.
[1;38;2;49;54;149m    [INFO][0m - [38;2;116;173;209mrawimage.py:estimate_readnoise:359[0m - Estimated readnoise of amplifier 1 = 4.027 e-
[1;38;2;49;54;149m    [INFO][0m - [38;2;116;173;209mrawimage.py:estimate_readnoise:359[0m - Estimated readnoise of amplifier 2 = 3.972 e-
[1;38;2;49;54;149m    [INFO][0m - [38;2;116;173;209mkeck_kcwi.py:get_rawimage:1426[0m - Reading KCWI file: /Users/kaiwenzhang/PycharmProjects/KCWI/KCWI_RED_channel_characterization/fits/by_night/2024-12-22/KR.20241223.09699.75.fits
[1;38;2;49;54;149m    [INFO][0m - [38;2;116;173;209mkeck_kcwi.py:get_rawimage:1426[0m - Reading KCWI file: /Users/kaiwenzhang/PycharmProjects/KCWI/KCWI_RED_channel_characterization/fits/by_night/2024-12-22/KR.20241223.09743.61.fits
[1;38;2;49;54;149m    [INFO][0m - [38;2;116;173;209mrawimage.py:process:564[0m - Performing basic image processing on KR.20241223.09743.61.fits.
[1;38;2;49;54;149m    [INFO][0m - [38;2;116;173;209mrawimage.py:estimate_readnoise:359[0m - Estimated readnoise of amplifier 1 = 4.041 e-
[1;38;2;49;54;149m    [INFO][0m - [38;2;116;173;209mrawimage.py:estimate_readnoise:359[0m - Estimated readnoise of amplifier 2 = 3.972 e-
[1;38;2;49;54;149m    [INFO][0m - [38;2;116;173;209mkeck_kcwi.py:get_rawimage:1426[0m - Reading KCWI file: /Users/kaiwenzhang/PycharmProjects/KCWI/KCWI_RED_channel_characterization/fits/by_night/2024-12-22/KR.20241223.09743.61.fits
[1;38;2;49;54;149m    [INFO][0m - [38;2;116;173;209mkeck_kcwi.py:get_rawimage:1426[0m - Reading KCWI file: /Users/kaiwenzhang/PycharmProjects/KCWI/KCWI_RED_channel_characterization/fits/by_night/2024-12-22/KR.20241223.09787.47.fits
[1;38;2;49;54;149m    [INFO][0m - [38;2;116;173;209mrawimage.py:process:564[0m - Performing basic image processing on KR.20241223.09787.47.fits.
[1;38;2;49;54;149m    [INFO][0m - [38;2;116;173;209mrawimage.py:estimate_readnoise:359[0m - Estimated readnoise of amplifier 1 = 4.034 e-
[1;38;2;49;54;149m    [INFO][0m - [38;2;116;173;209mrawimage.py:estimate_readnoise:359[0m - Estimated readnoise of amplifier 2 = 3.982 e-
[1;38;2;49;54;149m    [INFO][0m - [38;2;116;173;209mkeck_kcwi.py:get_rawimage:1426[0m - Reading KCWI file: /Users/kaiwenzhang/PycharmProjects/KCWI/KCWI_RED_channel_characterization/fits/by_night/2024-12-22/KR.20241223.09787.47.fits
[1;38;2;49;54;149m    [INFO][0m - [38;2;116;173;209mkeck_kcwi.py:get_rawimage:1426[0m - Reading KCWI file: /Users/kaiwenzhang/PycharmProjects/KCWI/KCWI_RED_channel_characterization/fits/by_night/2024-12-22/KR.20241223.09831.33.fits
[1;38;2;49;54;149m    [INFO][0m - [38;2;116;173;209mrawimage.py:process:564[0m - Performing basic image processing on KR.20241223.09831.33.fits.
[1;38;2;49;54;149m    [INFO][0m - [38;2;116;173;209mrawimage.py:estimate_readnoise:359[0m - Estimated readnoise of amplifier 1 = 4.040 e-
[1;38;2;49;54;149m    [INFO][0m - [38;2;116;173;209mrawimage.py:estimate_readnoise:359[0m - Estimated readnoise of amplifier 2 = 3.979 e-
[1;38;2;49;54;149m    [INFO][0m - [38;2;116;173;209mkeck_kcwi.py:get_rawimage:1426[0m - Reading KCWI file: /Users/kaiwenzhang/PycharmProjects/KCWI/KCWI_RED_channel_characterization/fits/by_night/2024-12-22/KR.20241223.09831.33.fits
[1;38;2;49;54;149m    [INFO][0m - [38;2;116;173;209mkeck_kcwi.py:get_rawimage:1426[0m - Reading KCWI file: /Users/kaiwenzhang/PycharmProjects/KCWI/KCWI_RED_channel_characterization/fits/by_night/2024-12-22/KR.20241223.09875.19.fits
[1;38;2;49;54;149m    [INFO][0m - [38;2;116;173;209mrawimage.py:process:564[0m - Performing basic image processing on KR.20241223.09875.19.fits.
[1;38;2;49;54;149m    [INFO][0m - [38;2;116;173;209mrawimage.py:estimate_readnoise:359[0m - Estimated readnoise of amplifier 1 = 4.034 e-
[1;38;2;49;54;149m    [INFO][0m - [38;2;116;173;209mrawimage.py:estimate_readnoise:359[0m - Estimated readnoise of amplifier 2 = 3.989 e-
[1;38;2;49;54;149m    [INFO][0m - [38;2;116;173;209mkeck_kcwi.py:get_rawimage:1426[0m - Reading KCWI file: /Users/kaiwenzhang/PycharmProjects/KCWI/KCWI_RED_channel_characterization/fits/by_night/2024-12-22/KR.20241223.09875.19.fits
[1;38;2;49;54;149m    [INFO][0m - [38;2;116;173;209mkeck_kcwi.py:get_rawimage:1426[0m - Reading KCWI file: /Users/kaiwenzhang/PycharmProjects/KCWI/KCWI_RED_channel_characterization/fits/by_night/2024-12-22/KR.20241223.09919.50.fits
[1;38;2;49;54;149m    [INFO][0m - [38;2;116;173;209mrawimage.py:process:564[0m - Performing basic image processing on KR.20241223.09919.50.fits.
[1;38;2;49;54;149m    [INFO][0m - [38;2;116;173;209mrawimage.py:estimate_readnoise:359[0m - Estimated readnoise of amplifier 1 = 4.028 e-
[1;38;2;49;54;149m    [INFO][0m - [38;2;116;173;209mrawimage.py:estimate_readnoise:359[0m - Estimated readnoise of amplifier 2 = 3.981 e-
[1;38;2;49;54;149m    [INFO][0m - [38;2;116;173;209mkeck_kcwi.py:get_rawimage:1426[0m - Reading KCWI file: /Users/kaiwenzhang/PycharmProjects/KCWI/KCWI_RED_channel_characterization/fits/by_night/2024-12-22/KR.20241223.09919.50.fits
[1;38;2;49;54;149m    [INFO][0m - [38;2;116;173;209mkeck_kcwi.py:get_rawimage:1426[0m - Reading KCWI file: /Users/kaiwenzhang/PycharmProjects/KCWI/KCWI_RED_channel_characterization/fits/by_night/2024-12-22/KR.20241223.09962.91.fits
[1;38;2;49;54;149m    [INFO][0m - [38;2;116;173;209mrawimage.py:process:564[0m - Performing basic image processing on KR.20241223.09962.91.fits.
[1;38;2;49;54;149m    [INFO][0m - [38;2;116;173;209mrawimage.py:estimate_readnoise:359[0m - Estimated readnoise of amplifier 1 = 4.020 e-
[1;38;2;49;54;149m    [INFO][0m - [38;2;116;173;209mrawimage.py:estimate_readnoise:359[0m - Estimated readnoise of amplifier 2 = 3.971 e-
[1;38;2;49;54;149m    [INFO][0m - [38;2;116;173;209mkeck_kcwi.py:get_rawimage:1426[0m - Reading KCWI file: /Users/kaiwenzhang/PycharmProjects/KCWI/KCWI_RED_channel_characterization/fits/by_night/2024-12-22/KR.20241223.09962.91.fits
[1;38;2;49;54;149m    [INFO][0m - [38;2;116;173;209mio.py:write_to_fits:672[0m - File written to: /Users/kaiwenzhang/PycharmProjects/KCWI/KCWI_RED_channel_characterization/2024-12-22/pypeit_run/keck_kcrm_B/Calibrations/Bias_B_1_DET01.fits
[1;38;2;253;174;97m [WARNING][0m - [38;2;116;173;209mcalibrations.py:get_dark:606[0m - No raw dark frames found and unable to identify a relevant processed calibration frame.  Continuing...
[1;38;2;49;54;149m    [INFO][0m - [38;2;116;173;209mkeck_kcwi.py:get_rawimage:1426[0m - Reading KCWI file: /Users/kaiwenzhang/PycharmProjects/KCWI/KCWI_RED_channel_characterization/fits/by_night/2024-12-22/KR.20241223.11387.85.fits
[1;38;2;253;174;97m [WARNING][0m - [38;2;116;173;209mkeck_kcwi.py:bpm:820[0m - KCRM bad pixel mask is not available for ampmode=L2U2L1U1 binning=2,2
[1;38;2;49;54;149m    [INFO][0m - [38;2;116;173;209mkeck_kcwi.py:get_rawimage:1426[0m - Reading KCWI file: /Users/kaiwenzhang/PycharmProjects/KCWI/KCWI_RED_channel_characterization/fits/by_night/2024-12-22/KR.20241223.11516.37.fits
[1;38;2;253;174;97m [WARNING][0m - [38;2;116;173;209mkeck_kcwi.py:bpm:820[0m - KCRM bad pixel mask is not available for ampmode=L2U2L1U1 binning=2,2
[1;38;2;49;54;149m    [INFO][0m - [38;2;116;173;209mcalibrations.py:get_arc:387[0m - Preparing a Arc calibration frame.
[1;38;2;49;54;149m    [INFO][0m - [38;2;116;173;209mkeck_kcwi.py:get_rawimage:1426[0m - Reading KCWI file: /Users/kaiwenzhang/PycharmProjects/KCWI/KCWI_RED_channel_characterization/fits/by_night/2024-12-22/KR.20241223.11516.37.fits
[1;38;2;49;54;149m    [INFO][0m - [38;2;116;173;209mrawimage.py:process:564[0m - Performing basic image processing on KR.20241223.11516.37.fits.
[1;38;2;49;54;149m    [INFO][0m - [38;2;116;173;209mrawimage.py:estimate_readnoise:359[0m - Estimated readnoise of amplifier 1 = 8.812 e-
[1;38;2;49;54;149m    [INFO][0m - [38;2;116;173;209mrawimage.py:estimate_readnoise:359[0m - Estimated readnoise of amplifier 2 = 8.986 e-
[1;38;2;49;54;149m    [INFO][0m - [38;2;116;173;209mrawimage.py:estimate_readnoise:359[0m - Estimated readnoise of amplifier 3 = 9.041 e-
[1;38;2;49;54;149m    [INFO][0m - [38;2;116;173;209mrawimage.py:estimate_readnoise:359[0m - Estimated readnoise of amplifier 4 = 8.505 e-
[1;38;2;49;54;149m    [INFO][0m - [38;2;116;173;209mkeck_kcwi.py:get_rawimage:1426[0m - Reading KCWI file: /Users/kaiwenzhang/PycharmProjects/KCWI/KCWI_RED_channel_characterization/fits/by_night/2024-12-22/KR.20241223.11545.95.fits
[1;38;2;49;54;149m    [INFO][0m - [38;2;116;173;209mrawimage.py:process:564[0m - Performing basic image processing on KR.20241223.11545.95.fits.
[1;38;2;49;54;149m    [INFO][0m - [38;2;116;173;209mrawimage.py:estimate_readnoise:359[0m - Estimated readnoise of amplifier 1 = 8.013 e-
[1;38;2;49;54;149m    [INFO][0m - [38;2;116;173;209mrawimage.py:estimate_readnoise:359[0m - Estimated readnoise of amplifier 2 = 8.175 e-
[1;38;2;49;54;149m    [INFO][0m - [38;2;116;173;209mrawimage.py:estimate_readnoise:359[0m - Estimated readnoise of amplifier 3 = 8.296 e-
[1;38;2;49;54;149m    [INFO][0m - [38;2;116;173;209mrawimage.py:estimate_readnoise:359[0m - Estimated readnoise of amplifier 4 = 7.808 e-
[1;38;2;49;54;149m    [INFO][0m - [38;2;116;173;209mkeck_kcwi.py:get_rawimage:1426[0m - Reading KCWI file: /Users/kaiwenzhang/PycharmProjects/KCWI/KCWI_RED_channel_characterization/fits/by_night/2024-12-22/KR.20241223.11575.53.fits
[1;38;2;49;54;149m    [INFO][0m - [38;2;116;173;209mrawimage.py:process:564[0m - Performing basic image processing on KR.20241223.11575.53.fits.
[1;38;2;49;54;149m    [INFO][0m - [38;2;116;173;209mrawimage.py:estimate_readnoise:359[0m - Estimated readnoise of amplifier 1 = 8.817 e-
[1;38;2;49;54;149m    [INFO][0m - [38;2;116;173;209mrawimage.py:estimate_readnoise:359[0m - Estimated readnoise of amplifier 2 = 8.978 e-
[1;38;2;49;54;149m    [INFO][0m - [38;2;116;173;209mrawimage.py:estimate_readnoise:359[0m - Estimated readnoise of amplifier 3 = 9.024 e-
[1;38;2;49;54;149m    [INFO][0m - [38;2;116;173;209mrawimage.py:estimate_readnoise:359[0m - Estimated readnoise of amplifier 4 = 8.485 e-
[1;38;2;49;54;149m    [INFO][0m - [38;2;116;173;209mio.py:write_to_fits:672[0m - File written to: /Users/kaiwenzhang/PycharmProjects/KCWI/KCWI_RED_channel_characterization/2024-12-22/pypeit_run/keck_kcrm_B/Calibrations/Arc_B_1_DET01.fits
[1;38;2;49;54;149m    [INFO][0m - [38;2;116;173;209mkeck_kcwi.py:get_rawimage:1426[0m - Reading KCWI file: /Users/kaiwenzhang/PycharmProjects/KCWI/KCWI_RED_channel_characterization/fits/by_night/2024-12-22/KR.20241223.11623.47.fits
[1;38;2;253;174;97m [WARNING][0m - [38;2;116;173;209mkeck_kcwi.py:bpm:820[0m - KCRM bad pixel mask is not available for ampmode=L2U2L1U1 binning=2,2
[1;38;2;49;54;149m    [INFO][0m - [38;2;116;173;209mcalibrations.py:get_tiltimg:439[0m - Preparing a Tiltimg calibration frame.
[1;38;2;49;54;149m    [INFO][0m - [38;2;116;173;209mkeck_kcwi.py:get_rawimage:1426[0m - Reading KCWI file: /Users/kaiwenzhang/PycharmProjects/KCWI/KCWI_RED_channel_characterization/fits/by_night/2024-12-22/KR.20241223.11623.47.fits
[1;38;2;49;54;149m    [INFO][0m - [38;2;116;173;209mrawimage.py:process:564[0m - Performing basic image processing on KR.20241223.11623.47.fits.
[1;38;2;49;54;149m    [INFO][0m - [38;2;116;173;209mrawimage.py:estimate_readnoise:359[0m - Estimated readnoise of amplifier 1 = 8.117 e-
[1;38;2;49;54;149m    [INFO][0m - [38;2;116;173;209mrawimage.py:estimate_readnoise:359[0m - Estimated readnoise of amplifier 2 = 8.249 e-
[1;38;2;49;54;149m    [INFO][0m - [38;2;116;173;209mrawimage.py:estimate_readnoise:359[0m - Estimated readnoise of amplifier 3 = 8.348 e-
[1;38;2;49;54;149m    [INFO][0m - [38;2;116;173;209mrawimage.py:estimate_readnoise:359[0m - Estimated readnoise of amplifier 4 = 7.840 e-
[1;38;2;49;54;149m    [INFO][0m - [38;2;116;173;209mkeck_kcwi.py:get_rawimage:1426[0m - Reading KCWI file: /Users/kaiwenzhang/PycharmProjects/KCWI/KCWI_RED_channel_characterization/fits/by_night/2024-12-22/KR.20241223.11652.30.fits
[1;38;2;49;54;149m    [INFO][0m - [38;2;116;173;209mrawimage.py:process:564[0m - Performing basic image processing on KR.20241223.11652.30.fits.
[1;38;2;49;54;149m    [INFO][0m - [38;2;116;173;209mrawimage.py:estimate_readnoise:359[0m - Estimated readnoise of amplifier 1 = 8.855 e-
[1;38;2;49;54;149m    [INFO][0m - [38;2;116;173;209mrawimage.py:estimate_readnoise:359[0m - Estimated readnoise of amplifier 2 = 9.000 e-
[1;38;2;49;54;149m    [INFO][0m - [38;2;116;173;209mrawimage.py:estimate_readnoise:359[0m - Estimated readnoise of amplifier 3 = 9.075 e-
[1;38;2;49;54;149m    [INFO][0m - [38;2;116;173;209mrawimage.py:estimate_readnoise:359[0m - Estimated readnoise of amplifier 4 = 8.498 e-
[1;38;2;49;54;149m    [INFO][0m - [38;2;116;173;209mkeck_kcwi.py:get_rawimage:1426[0m - Reading KCWI file: /Users/kaiwenzhang/PycharmProjects/KCWI/KCWI_RED_channel_characterization/fits/by_night/2024-12-22/KR.20241223.11681.61.fits
[1;38;2;49;54;149m    [INFO][0m - [38;2;116;173;209mrawimage.py:process:564[0m - Performing basic image processing on KR.20241223.11681.61.fits.
[1;38;2;49;54;149m    [INFO][0m - [38;2;116;173;209mrawimage.py:estimate_readnoise:359[0m - Estimated readnoise of amplifier 1 = 8.090 e-
[1;38;2;49;54;149m    [INFO][0m - [38;2;116;173;209mrawimage.py:estimate_readnoise:359[0m - Estimated readnoise of amplifier 2 = 8.231 e-
[1;38;2;49;54;149m    [INFO][0m - [38;2;116;173;209mrawimage.py:estimate_readnoise:359[0m - Estimated readnoise of amplifier 3 = 8.281 e-
[1;38;2;49;54;149m    [INFO][0m - [38;2;116;173;209mrawimage.py:estimate_readnoise:359[0m - Estimated readnoise of amplifier 4 = 7.811 e-
[1;38;2;49;54;149m    [INFO][0m - [38;2;116;173;209mio.py:write_to_fits:672[0m - File written to: /Users/kaiwenzhang/PycharmProjects/KCWI/KCWI_RED_channel_characterization/2024-12-22/pypeit_run/keck_kcrm_B/Calibrations/Tiltimg_B_1_DET01.fits
[1;38;2;253;174;97m [WARNING][0m - [38;2;116;173;209mcalibrations.py:get_slits:1044[0m - No raw trace frames found and unable to identify a relevant processed calibration frame.  Continuing...
[1;38;2;253;174;97m [WARNING][0m - [38;2;116;173;209mcalibrations.py:_chk_objs:1491[0m - You need to generate slits prior to this calibration..
[1;38;2;253;174;97m [WARNING][0m - [38;2;116;173;209mcalibrations.py:_chk_objs:1492[0m - Use get_slits
[1;38;2;253;174;97m [WARNING][0m - [38;2;116;173;209mcalibrations.py:get_wv_calib:1210[0m - Not enough information to load/generate the wavelength calibration. Skipping and may crash down the line
[1;38;2;253;174;97m [WARNING][0m - [38;2;116;173;209mcalibrations.py:_chk_objs:1491[0m - You need to generate slits prior to this calibration..
[1;38;2;253;174;97m [WARNING][0m - [38;2;116;173;209mcalibrations.py:_chk_objs:1492[0m - Use get_slits
[1;38;2;253;174;97m [WARNING][0m - [38;2;116;173;209mcalibrations.py:get_tilts:1326[0m - Do not have all the necessary objects for tilts.  Skipping and may crash down the line.
[1;38;2;253;174;97m [WARNING][0m - [38;2;116;173;209mcalibrations.py:_chk_objs:1491[0m - You need to generate slits prior to this calibration..
[1;38;2;253;174;97m [WARNING][0m - [38;2;116;173;209mcalibrations.py:_chk_objs:1492[0m - Use get_slits
        -------------------------  -----------------
        Filename                   Lamp status
        -------------------------  -----------------
        KR.20241222.84039.32.fits  0-0 0-0 0-0 0 off
        KR.20241223.04474.29.fits  0-1 0-1 0-0 0 off
        KR.20241223.04518.15.fits  0-1 0-1 0-0 0 off
        KR.20241223.04562.10.fits  0-1 0-1 0-0 0 off
        KR.20241223.04605.87.fits  0-1 0-1 0-0 0 off
        KR.20241223.04649.73.fits  0-1 0-1 0-0 0 off
        KR.20241223.04693.59.fits  0-1 0-1 0-0 0 off
        KR.20241223.04737.45.fits  0-1 0-1 0-0 0 off
        KR.20241223.09699.75.fits  0-1 0-1 0-0 0 off
        KR.20241223.09743.61.fits  0-1 0-1 0-0 0 off
        KR.20241223.09787.47.fits  0-1 0-1 0-0 0 off
        KR.20241223.09831.33.fits  0-1 0-1 0-0 0 off
        KR.20241223.09875.19.fits  0-1 0-1 0-0 0 off
        KR.20241223.09919.50.fits  0-1 0-1 0-0 0 off
        KR.20241223.09962.91.fits  0-1 0-1 0-0 0 off
        -------------------------  -----------------
[1;38;2;215;48;39m   [ERROR][0m - [38;2;116;173;209mcalibrations.py:get_align:467[0m - PypeItError: Must have the bpm and slits to make the alignments!
Traceback (most recent call last):
  File "/opt/miniconda3/envs/pypeit/bin/run_pypeit", line 6, in <module>
    sys.exit(RunPypeIt.entry_point())
             ~~~~~~~~~~~~~~~~~~~~~^^
  File "/opt/miniconda3/envs/pypeit/lib/python3.13/site-packages/pypeit/scripts/scriptbase.py", line 118, in entry_point
    cls.main(cls.parse_args())
    ~~~~~~~~^^^^^^^^^^^^^^^^^^
  File "/opt/miniconda3/envs/pypeit/lib/python3.13/site-packages/pypeit/scripts/run_pypeit.py", line 94, in main
    pypeIt.calib_all()
    ~~~~~~~~~~~~~~~~^^
  File "/opt/miniconda3/envs/pypeit/lib/python3.13/site-packages/pypeit/pypeit.py", line 189, in calib_all
    caliBrate = pypeit_steps.calib_one(self.spectrograph, self.fitstbl, self.par,
                           self.det, calib_ID, self.calibrations_path)
  File "/opt/miniconda3/envs/pypeit/lib/python3.13/site-packages/pypeit/pypeit_steps.py", line 190, in calib_one
    caliBrate.run_the_steps(stop_at_step=stop_at_step)
    ~~~~~~~~~~~~~~~~~~~~~~~^^^^^^^^^^^^^^^^^^^^^^^^^^^
  File "/opt/miniconda3/envs/pypeit/lib/python3.13/site-packages/pypeit/calibrations.py", line 1445, in run_the_steps
    getattr(self, f'get_{step}')(force=force)
    ~~~~~~~~~~~~~~~~~~~~~~~~~~~~^^^^^^^^^^^^^
  File "/opt/miniconda3/envs/pypeit/lib/python3.13/site-packages/pypeit/calibrations.py", line 467, in get_align
    raise PypeItError('Must have the bpm and slits to make the alignments!')
pypeit.exceptions.PypeItError: Must have the bpm and slits to make the alignments!
