    INFO | 2026-08-24 14:27:25 | inputfiles.py:from_file:136 | Loading the reduction file
    INFO | 2026-08-24 14:27:25 | inputfiles.py:from_file:214 | Coadd3d input file loaded successfully.
    INFO | 2026-08-24 14:27:25 | inputfiles.py:vet:927 | .coadd3d file successfully vetted.
    INFO | 2026-08-24 14:27:25 | coadd_datacube.py:main:55 | Restricting to detector=1
    INFO | 2026-08-24 14:27:25 | coadd3d.py:__init__:495 | No RA or Dec offsets have been provided.
    INFO | 2026-08-24 14:27:25 | coadd3d.py:__init__:536 | Adopting the subpixel algorithm to generate the datacube, with subpixellation scales:
  Spectral: 5
  Spatial: 5
  Slices: 5
    INFO | 2026-08-24 14:27:25 | coadd3d.py:set_default_skysub:736 | The sky model in the spec2d science frames will be used for sky subtraction
(unless specific skysub frames have been specified)
    INFO | 2026-08-24 14:27:25 | coadd3d.py:load:1019 | Loading PypeIt spec2d frame (1/2):
Science/spec2d_KR.20241107.22040.18-feige110_KCRM_20241107T060720.208.fits
    INFO | 2026-08-24 14:27:25 | coadd3d.py:load:1035 | Constructing slit image
    INFO | 2026-08-24 14:27:25 | coadd3d.py:get_current_skysub:829 | Using the following frame for sky subtraction:
image
    INFO | 2026-08-24 14:27:25 | coadd3d.py:get_current_scalecorr:718 | Relative spectral illumination correction will not be performed.
    INFO | 2026-08-24 14:27:25 | datacube.py:make_good_skymask:436 | Masking edge pixels where the sky model is poor
    INFO | 2026-08-24 14:27:26 | coadd3d.py:load:1090 | Using wavelength solution: wave0=6339.547, dispersion=0.390 Angstrom/pixel
    INFO | 2026-08-24 14:27:26 | coadd3d.py:get_alignments:962 | Loading alignments
    INFO | 2026-08-24 14:27:26 | datamodel.py:from_file:1558 | Loading Alignments from /Users/kaiwenzhang/PycharmProjects/KCWI/KCWI_RED_channel_characterization/RH2 pypeit run/2024-11-06/pypeit_run/keck_kcrm_B/Calibrations/Alignment_B_1_DET01.fits
    INFO | 2026-08-24 14:27:26 | coadd3d.py:get_alignments:978 | Generating alignment splines
   DEBUG | 2026-08-24 14:27:26 | alignframe.py:__init__:350 | Spatial flexure is not currently implemented for the astrometric alignment
    INFO | 2026-08-24 14:27:26 | alignframe.py:build_splines:375 | Calculating astrometric transform of slit 1/24
    INFO | 2026-08-24 14:27:26 | alignframe.py:build_splines:375 | Calculating astrometric transform of slit 2/24
    INFO | 2026-08-24 14:27:26 | alignframe.py:build_splines:375 | Calculating astrometric transform of slit 3/24
    INFO | 2026-08-24 14:27:26 | alignframe.py:build_splines:375 | Calculating astrometric transform of slit 4/24
    INFO | 2026-08-24 14:27:26 | alignframe.py:build_splines:375 | Calculating astrometric transform of slit 5/24
    INFO | 2026-08-24 14:27:27 | alignframe.py:build_splines:375 | Calculating astrometric transform of slit 6/24
    INFO | 2026-08-24 14:27:27 | alignframe.py:build_splines:375 | Calculating astrometric transform of slit 7/24
    INFO | 2026-08-24 14:27:27 | alignframe.py:build_splines:375 | Calculating astrometric transform of slit 8/24
    INFO | 2026-08-24 14:27:27 | alignframe.py:build_splines:375 | Calculating astrometric transform of slit 9/24
    INFO | 2026-08-24 14:27:27 | alignframe.py:build_splines:375 | Calculating astrometric transform of slit 10/24
    INFO | 2026-08-24 14:27:27 | alignframe.py:build_splines:375 | Calculating astrometric transform of slit 11/24
    INFO | 2026-08-24 14:27:27 | alignframe.py:build_splines:375 | Calculating astrometric transform of slit 12/24
    INFO | 2026-08-24 14:27:28 | alignframe.py:build_splines:375 | Calculating astrometric transform of slit 13/24
    INFO | 2026-08-24 14:27:28 | alignframe.py:build_splines:375 | Calculating astrometric transform of slit 14/24
    INFO | 2026-08-24 14:27:28 | alignframe.py:build_splines:375 | Calculating astrometric transform of slit 15/24
    INFO | 2026-08-24 14:27:28 | alignframe.py:build_splines:375 | Calculating astrometric transform of slit 16/24
    INFO | 2026-08-24 14:27:28 | alignframe.py:build_splines:375 | Calculating astrometric transform of slit 17/24
    INFO | 2026-08-24 14:27:28 | alignframe.py:build_splines:375 | Calculating astrometric transform of slit 18/24
    INFO | 2026-08-24 14:27:28 | alignframe.py:build_splines:375 | Calculating astrometric transform of slit 19/24
    INFO | 2026-08-24 14:27:29 | alignframe.py:build_splines:375 | Calculating astrometric transform of slit 20/24
    INFO | 2026-08-24 14:27:29 | alignframe.py:build_splines:375 | Calculating astrometric transform of slit 21/24
    INFO | 2026-08-24 14:27:29 | alignframe.py:build_splines:375 | Calculating astrometric transform of slit 22/24
    INFO | 2026-08-24 14:27:29 | alignframe.py:build_splines:375 | Calculating astrometric transform of slit 23/24
    INFO | 2026-08-24 14:27:29 | alignframe.py:build_splines:375 | Calculating astrometric transform of slit 24/24
    INFO | 2026-08-24 14:27:29 | keck_kcwi.py:get_wcs:634 | Generating KCRM WCS
    INFO | 2026-08-24 14:27:29 | slittrace.py:get_radec_image:536 | Generating an RA/DEC image
    INFO | 2026-08-24 14:27:31 | coadd3d.py:__init__:278 | Preparing the parameters for the DAR correction
    INFO | 2026-08-24 14:27:31 | coadd3d.py:__init__:294 | DAR correction parameters:
   Airmass = 1.11
   Pressure = 617.92 mbar
   Humidity = 37.50 %
   Temperature = -0.90 deg C
   Reference wavelength = 4500.00 Angstrom
    INFO | 2026-08-24 14:27:31 | coadd3d.py:load:1019 | Loading PypeIt spec2d frame (2/2):
Science/spec2d_KR.20241107.22403.31-feige110_KCRM_20241107T061323.347.fits
    INFO | 2026-08-24 14:27:31 | coadd3d.py:load:1035 | Constructing slit image
    INFO | 2026-08-24 14:27:31 | coadd3d.py:get_current_skysub:829 | Using the following frame for sky subtraction:
image
    INFO | 2026-08-24 14:27:31 | coadd3d.py:get_current_scalecorr:718 | Relative spectral illumination correction will not be performed.
    INFO | 2026-08-24 14:27:31 | datacube.py:make_good_skymask:436 | Masking edge pixels where the sky model is poor
    INFO | 2026-08-24 14:27:32 | coadd3d.py:load:1090 | Using wavelength solution: wave0=6339.547, dispersion=0.390 Angstrom/pixel
    INFO | 2026-08-24 14:27:32 | coadd3d.py:get_alignments:962 | Loading alignments
    INFO | 2026-08-24 14:27:32 | datamodel.py:from_file:1558 | Loading Alignments from /Users/kaiwenzhang/PycharmProjects/KCWI/KCWI_RED_channel_characterization/RH2 pypeit run/2024-11-06/pypeit_run/keck_kcrm_B/Calibrations/Alignment_B_1_DET01.fits
    INFO | 2026-08-24 14:27:32 | coadd3d.py:get_alignments:978 | Generating alignment splines
   DEBUG | 2026-08-24 14:27:32 | alignframe.py:__init__:350 | Spatial flexure is not currently implemented for the astrometric alignment
    INFO | 2026-08-24 14:27:32 | alignframe.py:build_splines:375 | Calculating astrometric transform of slit 1/24
    INFO | 2026-08-24 14:27:32 | alignframe.py:build_splines:375 | Calculating astrometric transform of slit 2/24
    INFO | 2026-08-24 14:27:32 | alignframe.py:build_splines:375 | Calculating astrometric transform of slit 3/24
    INFO | 2026-08-24 14:27:32 | alignframe.py:build_splines:375 | Calculating astrometric transform of slit 4/24
    INFO | 2026-08-24 14:27:32 | alignframe.py:build_splines:375 | Calculating astrometric transform of slit 5/24
    INFO | 2026-08-24 14:27:32 | alignframe.py:build_splines:375 | Calculating astrometric transform of slit 6/24
    INFO | 2026-08-24 14:27:33 | alignframe.py:build_splines:375 | Calculating astrometric transform of slit 7/24
    INFO | 2026-08-24 14:27:33 | alignframe.py:build_splines:375 | Calculating astrometric transform of slit 8/24
    INFO | 2026-08-24 14:27:33 | alignframe.py:build_splines:375 | Calculating astrometric transform of slit 9/24
    INFO | 2026-08-24 14:27:33 | alignframe.py:build_splines:375 | Calculating astrometric transform of slit 10/24
    INFO | 2026-08-24 14:27:33 | alignframe.py:build_splines:375 | Calculating astrometric transform of slit 11/24
    INFO | 2026-08-24 14:27:33 | alignframe.py:build_splines:375 | Calculating astrometric transform of slit 12/24
    INFO | 2026-08-24 14:27:33 | alignframe.py:build_splines:375 | Calculating astrometric transform of slit 13/24
    INFO | 2026-08-24 14:27:34 | alignframe.py:build_splines:375 | Calculating astrometric transform of slit 14/24
    INFO | 2026-08-24 14:27:34 | alignframe.py:build_splines:375 | Calculating astrometric transform of slit 15/24
    INFO | 2026-08-24 14:27:34 | alignframe.py:build_splines:375 | Calculating astrometric transform of slit 16/24
    INFO | 2026-08-24 14:27:34 | alignframe.py:build_splines:375 | Calculating astrometric transform of slit 17/24
    INFO | 2026-08-24 14:27:34 | alignframe.py:build_splines:375 | Calculating astrometric transform of slit 18/24
    INFO | 2026-08-24 14:27:34 | alignframe.py:build_splines:375 | Calculating astrometric transform of slit 19/24
    INFO | 2026-08-24 14:27:34 | alignframe.py:build_splines:375 | Calculating astrometric transform of slit 20/24
    INFO | 2026-08-24 14:27:35 | alignframe.py:build_splines:375 | Calculating astrometric transform of slit 21/24
    INFO | 2026-08-24 14:27:35 | alignframe.py:build_splines:375 | Calculating astrometric transform of slit 22/24
    INFO | 2026-08-24 14:27:35 | alignframe.py:build_splines:375 | Calculating astrometric transform of slit 23/24
    INFO | 2026-08-24 14:27:35 | alignframe.py:build_splines:375 | Calculating astrometric transform of slit 24/24
    INFO | 2026-08-24 14:27:35 | keck_kcwi.py:get_wcs:634 | Generating KCRM WCS
    INFO | 2026-08-24 14:27:35 | slittrace.py:get_radec_image:536 | Generating an RA/DEC image
    INFO | 2026-08-24 14:27:37 | coadd3d.py:__init__:278 | Preparing the parameters for the DAR correction
    INFO | 2026-08-24 14:27:37 | coadd3d.py:__init__:294 | DAR correction parameters:
   Airmass = 1.11
   Pressure = 618.02 mbar
   Humidity = 39.20 %
   Temperature = -0.90 deg C
   Reference wavelength = 4500.00 Angstrom
    INFO | 2026-08-24 14:27:37 | datacube.py:set_voxel_sampling:776 | Adopting a square pixel spatial scale of 0.678924 arcsec
    INFO | 2026-08-24 14:27:37 | datacube.py:set_voxel_sampling:779 | Adopting a wavelength sampling of 0.389706 Angstrom
    INFO | 2026-08-24 14:27:37 | datacube.py:get_whitelight_range:606 | The white light images will cover the wavelength range: 6400.46A - 7132.13A
    INFO | 2026-08-24 14:27:37 | datacube.py:generate_WCS:1049 | Generating WCS
    INFO | 2026-08-24 14:27:37 | datacube.py:create_wcs:1008 | 
----------------------------------------
Parameters of the WCS:
RA   min = 349.9909776815077
DEC  min = -5.168394028587618
WAVE min, max = 6400.4571443227605, 7132.125715141925
Spaxel size = 0.6789240000000001 arcsec
Wavelength step = 731.6685708191644 A
----------------------------------------
    INFO | 2026-08-24 14:27:37 | datacube.py:subpixellate:1772 | Resampling slit 1/24 of frame 1/2
    INFO | 2026-08-24 14:27:37 | slittrace.py:get_radec_image:536 | Generating an RA/DEC image with slice_offset=0.000
    INFO | 2026-08-24 14:27:37 | datacube.py:subpixellate:1772 | Resampling slit 2/24 of frame 1/2
    INFO | 2026-08-24 14:27:37 | slittrace.py:get_radec_image:536 | Generating an RA/DEC image with slice_offset=0.000
    INFO | 2026-08-24 14:27:37 | datacube.py:subpixellate:1772 | Resampling slit 3/24 of frame 1/2
    INFO | 2026-08-24 14:27:37 | slittrace.py:get_radec_image:536 | Generating an RA/DEC image with slice_offset=0.000
    INFO | 2026-08-24 14:27:38 | datacube.py:subpixellate:1772 | Resampling slit 4/24 of frame 1/2
    INFO | 2026-08-24 14:27:38 | slittrace.py:get_radec_image:536 | Generating an RA/DEC image with slice_offset=0.000
    INFO | 2026-08-24 14:27:38 | datacube.py:subpixellate:1772 | Resampling slit 5/24 of frame 1/2
    INFO | 2026-08-24 14:27:38 | slittrace.py:get_radec_image:536 | Generating an RA/DEC image with slice_offset=0.000
    INFO | 2026-08-24 14:27:38 | datacube.py:subpixellate:1772 | Resampling slit 6/24 of frame 1/2
    INFO | 2026-08-24 14:27:38 | slittrace.py:get_radec_image:536 | Generating an RA/DEC image with slice_offset=0.000
    INFO | 2026-08-24 14:27:39 | datacube.py:subpixellate:1772 | Resampling slit 7/24 of frame 1/2
    INFO | 2026-08-24 14:27:39 | slittrace.py:get_radec_image:536 | Generating an RA/DEC image with slice_offset=0.000
    INFO | 2026-08-24 14:27:39 | datacube.py:subpixellate:1772 | Resampling slit 8/24 of frame 1/2
    INFO | 2026-08-24 14:27:39 | slittrace.py:get_radec_image:536 | Generating an RA/DEC image with slice_offset=0.000
    INFO | 2026-08-24 14:27:39 | datacube.py:subpixellate:1772 | Resampling slit 9/24 of frame 1/2
    INFO | 2026-08-24 14:27:39 | slittrace.py:get_radec_image:536 | Generating an RA/DEC image with slice_offset=0.000
    INFO | 2026-08-24 14:27:39 | datacube.py:subpixellate:1772 | Resampling slit 10/24 of frame 1/2
    INFO | 2026-08-24 14:27:39 | slittrace.py:get_radec_image:536 | Generating an RA/DEC image with slice_offset=0.000
    INFO | 2026-08-24 14:27:40 | datacube.py:subpixellate:1772 | Resampling slit 11/24 of frame 1/2
    INFO | 2026-08-24 14:27:40 | slittrace.py:get_radec_image:536 | Generating an RA/DEC image with slice_offset=0.000
    INFO | 2026-08-24 14:27:40 | datacube.py:subpixellate:1772 | Resampling slit 12/24 of frame 1/2
    INFO | 2026-08-24 14:27:40 | slittrace.py:get_radec_image:536 | Generating an RA/DEC image with slice_offset=0.000
    INFO | 2026-08-24 14:27:40 | datacube.py:subpixellate:1772 | Resampling slit 13/24 of frame 1/2
    INFO | 2026-08-24 14:27:40 | slittrace.py:get_radec_image:536 | Generating an RA/DEC image with slice_offset=0.000
    INFO | 2026-08-24 14:27:41 | datacube.py:subpixellate:1772 | Resampling slit 14/24 of frame 1/2
    INFO | 2026-08-24 14:27:41 | slittrace.py:get_radec_image:536 | Generating an RA/DEC image with slice_offset=0.000
    INFO | 2026-08-24 14:27:41 | datacube.py:subpixellate:1772 | Resampling slit 15/24 of frame 1/2
    INFO | 2026-08-24 14:27:41 | slittrace.py:get_radec_image:536 | Generating an RA/DEC image with slice_offset=0.000
    INFO | 2026-08-24 14:27:41 | datacube.py:subpixellate:1772 | Resampling slit 16/24 of frame 1/2
    INFO | 2026-08-24 14:27:41 | slittrace.py:get_radec_image:536 | Generating an RA/DEC image with slice_offset=0.000
    INFO | 2026-08-24 14:27:41 | datacube.py:subpixellate:1772 | Resampling slit 17/24 of frame 1/2
    INFO | 2026-08-24 14:27:41 | slittrace.py:get_radec_image:536 | Generating an RA/DEC image with slice_offset=0.000
    INFO | 2026-08-24 14:27:42 | datacube.py:subpixellate:1772 | Resampling slit 18/24 of frame 1/2
    INFO | 2026-08-24 14:27:42 | slittrace.py:get_radec_image:536 | Generating an RA/DEC image with slice_offset=0.000
    INFO | 2026-08-24 14:27:42 | datacube.py:subpixellate:1772 | Resampling slit 19/24 of frame 1/2
    INFO | 2026-08-24 14:27:42 | slittrace.py:get_radec_image:536 | Generating an RA/DEC image with slice_offset=0.000
    INFO | 2026-08-24 14:27:42 | datacube.py:subpixellate:1772 | Resampling slit 20/24 of frame 1/2
    INFO | 2026-08-24 14:27:42 | slittrace.py:get_radec_image:536 | Generating an RA/DEC image with slice_offset=0.000
    INFO | 2026-08-24 14:27:43 | datacube.py:subpixellate:1772 | Resampling slit 21/24 of frame 1/2
    INFO | 2026-08-24 14:27:43 | slittrace.py:get_radec_image:536 | Generating an RA/DEC image with slice_offset=0.000
    INFO | 2026-08-24 14:27:43 | datacube.py:subpixellate:1772 | Resampling slit 22/24 of frame 1/2
    INFO | 2026-08-24 14:27:43 | slittrace.py:get_radec_image:536 | Generating an RA/DEC image with slice_offset=0.000
    INFO | 2026-08-24 14:27:43 | datacube.py:subpixellate:1772 | Resampling slit 23/24 of frame 1/2
    INFO | 2026-08-24 14:27:43 | slittrace.py:get_radec_image:536 | Generating an RA/DEC image with slice_offset=0.000
    INFO | 2026-08-24 14:27:44 | datacube.py:subpixellate:1772 | Resampling slit 24/24 of frame 1/2
    INFO | 2026-08-24 14:27:44 | slittrace.py:get_radec_image:536 | Generating an RA/DEC image with slice_offset=0.000
    INFO | 2026-08-24 14:27:44 | datacube.py:subpixellate:1772 | Resampling slit 1/24 of frame 2/2
    INFO | 2026-08-24 14:27:44 | slittrace.py:get_radec_image:536 | Generating an RA/DEC image with slice_offset=0.000
    INFO | 2026-08-24 14:27:44 | datacube.py:subpixellate:1772 | Resampling slit 2/24 of frame 2/2
    INFO | 2026-08-24 14:27:44 | slittrace.py:get_radec_image:536 | Generating an RA/DEC image with slice_offset=0.000
    INFO | 2026-08-24 14:27:44 | datacube.py:subpixellate:1772 | Resampling slit 3/24 of frame 2/2
    INFO | 2026-08-24 14:27:45 | slittrace.py:get_radec_image:536 | Generating an RA/DEC image with slice_offset=0.000
    INFO | 2026-08-24 14:27:45 | datacube.py:subpixellate:1772 | Resampling slit 4/24 of frame 2/2
    INFO | 2026-08-24 14:27:45 | slittrace.py:get_radec_image:536 | Generating an RA/DEC image with slice_offset=0.000
    INFO | 2026-08-24 14:27:45 | datacube.py:subpixellate:1772 | Resampling slit 5/24 of frame 2/2
    INFO | 2026-08-24 14:27:45 | slittrace.py:get_radec_image:536 | Generating an RA/DEC image with slice_offset=0.000
    INFO | 2026-08-24 14:27:45 | datacube.py:subpixellate:1772 | Resampling slit 6/24 of frame 2/2
    INFO | 2026-08-24 14:27:45 | slittrace.py:get_radec_image:536 | Generating an RA/DEC image with slice_offset=0.000
    INFO | 2026-08-24 14:27:46 | datacube.py:subpixellate:1772 | Resampling slit 7/24 of frame 2/2
    INFO | 2026-08-24 14:27:46 | slittrace.py:get_radec_image:536 | Generating an RA/DEC image with slice_offset=0.000
    INFO | 2026-08-24 14:27:46 | datacube.py:subpixellate:1772 | Resampling slit 8/24 of frame 2/2
    INFO | 2026-08-24 14:27:46 | slittrace.py:get_radec_image:536 | Generating an RA/DEC image with slice_offset=0.000
    INFO | 2026-08-24 14:27:46 | datacube.py:subpixellate:1772 | Resampling slit 9/24 of frame 2/2
    INFO | 2026-08-24 14:27:46 | slittrace.py:get_radec_image:536 | Generating an RA/DEC image with slice_offset=0.000
    INFO | 2026-08-24 14:27:47 | datacube.py:subpixellate:1772 | Resampling slit 10/24 of frame 2/2
    INFO | 2026-08-24 14:27:47 | slittrace.py:get_radec_image:536 | Generating an RA/DEC image with slice_offset=0.000
    INFO | 2026-08-24 14:27:47 | datacube.py:subpixellate:1772 | Resampling slit 11/24 of frame 2/2
    INFO | 2026-08-24 14:27:47 | slittrace.py:get_radec_image:536 | Generating an RA/DEC image with slice_offset=0.000
    INFO | 2026-08-24 14:27:47 | datacube.py:subpixellate:1772 | Resampling slit 12/24 of frame 2/2
    INFO | 2026-08-24 14:27:47 | slittrace.py:get_radec_image:536 | Generating an RA/DEC image with slice_offset=0.000
    INFO | 2026-08-24 14:27:47 | datacube.py:subpixellate:1772 | Resampling slit 13/24 of frame 2/2
    INFO | 2026-08-24 14:27:47 | slittrace.py:get_radec_image:536 | Generating an RA/DEC image with slice_offset=0.000
    INFO | 2026-08-24 14:27:48 | datacube.py:subpixellate:1772 | Resampling slit 14/24 of frame 2/2
    INFO | 2026-08-24 14:27:48 | slittrace.py:get_radec_image:536 | Generating an RA/DEC image with slice_offset=0.000
    INFO | 2026-08-24 14:27:48 | datacube.py:subpixellate:1772 | Resampling slit 15/24 of frame 2/2
    INFO | 2026-08-24 14:27:48 | slittrace.py:get_radec_image:536 | Generating an RA/DEC image with slice_offset=0.000
    INFO | 2026-08-24 14:27:48 | datacube.py:subpixellate:1772 | Resampling slit 16/24 of frame 2/2
    INFO | 2026-08-24 14:27:48 | slittrace.py:get_radec_image:536 | Generating an RA/DEC image with slice_offset=0.000
    INFO | 2026-08-24 14:27:49 | datacube.py:subpixellate:1772 | Resampling slit 17/24 of frame 2/2
    INFO | 2026-08-24 14:27:49 | slittrace.py:get_radec_image:536 | Generating an RA/DEC image with slice_offset=0.000
    INFO | 2026-08-24 14:27:49 | datacube.py:subpixellate:1772 | Resampling slit 18/24 of frame 2/2
    INFO | 2026-08-24 14:27:49 | slittrace.py:get_radec_image:536 | Generating an RA/DEC image with slice_offset=0.000
    INFO | 2026-08-24 14:27:49 | datacube.py:subpixellate:1772 | Resampling slit 19/24 of frame 2/2
    INFO | 2026-08-24 14:27:49 | slittrace.py:get_radec_image:536 | Generating an RA/DEC image with slice_offset=0.000
    INFO | 2026-08-24 14:27:49 | datacube.py:subpixellate:1772 | Resampling slit 20/24 of frame 2/2
    INFO | 2026-08-24 14:27:49 | slittrace.py:get_radec_image:536 | Generating an RA/DEC image with slice_offset=0.000
    INFO | 2026-08-24 14:27:50 | datacube.py:subpixellate:1772 | Resampling slit 21/24 of frame 2/2
    INFO | 2026-08-24 14:27:50 | slittrace.py:get_radec_image:536 | Generating an RA/DEC image with slice_offset=0.000
    INFO | 2026-08-24 14:27:50 | datacube.py:subpixellate:1772 | Resampling slit 22/24 of frame 2/2
    INFO | 2026-08-24 14:27:50 | slittrace.py:get_radec_image:536 | Generating an RA/DEC image with slice_offset=0.000
    INFO | 2026-08-24 14:27:50 | datacube.py:subpixellate:1772 | Resampling slit 23/24 of frame 2/2
    INFO | 2026-08-24 14:27:50 | slittrace.py:get_radec_image:536 | Generating an RA/DEC image with slice_offset=0.000
    INFO | 2026-08-24 14:27:51 | datacube.py:subpixellate:1772 | Resampling slit 24/24 of frame 2/2
    INFO | 2026-08-24 14:27:51 | slittrace.py:get_radec_image:536 | Generating an RA/DEC image with slice_offset=0.000
    INFO | 2026-08-24 14:27:51 | datacube.py:compute_weights:1304 | Calculating the optimal weights of each pixel
    INFO | 2026-08-24 14:27:51 | datacube.py:compute_weights:1329 | Highest S/N object located at spaxel (x, y) = 9, 13
    INFO | 2026-08-24 14:27:51 | datacube.py:generate_WCS:1049 | Generating WCS
    INFO | 2026-08-24 14:27:51 | datacube.py:compute_weights:1353 | Extracting spectrum of highest S/N detection from frame 1/2
    INFO | 2026-08-24 14:27:51 | datacube.py:subpixellate:1770 | Resampling slit 1/24
    INFO | 2026-08-24 14:27:51 | slittrace.py:get_radec_image:536 | Generating an RA/DEC image with slice_offset=0.000
    INFO | 2026-08-24 14:27:51 | datacube.py:subpixellate:1770 | Resampling slit 2/24
    INFO | 2026-08-24 14:27:51 | slittrace.py:get_radec_image:536 | Generating an RA/DEC image with slice_offset=0.000
    INFO | 2026-08-24 14:27:52 | datacube.py:subpixellate:1770 | Resampling slit 3/24
    INFO | 2026-08-24 14:27:52 | slittrace.py:get_radec_image:536 | Generating an RA/DEC image with slice_offset=0.000
    INFO | 2026-08-24 14:27:52 | datacube.py:subpixellate:1770 | Resampling slit 4/24
    INFO | 2026-08-24 14:27:52 | slittrace.py:get_radec_image:536 | Generating an RA/DEC image with slice_offset=0.000
    INFO | 2026-08-24 14:27:52 | datacube.py:subpixellate:1770 | Resampling slit 5/24
    INFO | 2026-08-24 14:27:52 | slittrace.py:get_radec_image:536 | Generating an RA/DEC image with slice_offset=0.000
    INFO | 2026-08-24 14:27:52 | datacube.py:subpixellate:1770 | Resampling slit 6/24
    INFO | 2026-08-24 14:27:52 | slittrace.py:get_radec_image:536 | Generating an RA/DEC image with slice_offset=0.000
    INFO | 2026-08-24 14:27:53 | datacube.py:subpixellate:1770 | Resampling slit 7/24
    INFO | 2026-08-24 14:27:53 | slittrace.py:get_radec_image:536 | Generating an RA/DEC image with slice_offset=0.000
    INFO | 2026-08-24 14:27:53 | datacube.py:subpixellate:1770 | Resampling slit 8/24
    INFO | 2026-08-24 14:27:53 | slittrace.py:get_radec_image:536 | Generating an RA/DEC image with slice_offset=0.000
    INFO | 2026-08-24 14:27:53 | datacube.py:subpixellate:1770 | Resampling slit 9/24
    INFO | 2026-08-24 14:27:53 | slittrace.py:get_radec_image:536 | Generating an RA/DEC image with slice_offset=0.000
    INFO | 2026-08-24 14:27:54 | datacube.py:subpixellate:1770 | Resampling slit 10/24
    INFO | 2026-08-24 14:27:54 | slittrace.py:get_radec_image:536 | Generating an RA/DEC image with slice_offset=0.000
    INFO | 2026-08-24 14:27:54 | datacube.py:subpixellate:1770 | Resampling slit 11/24
    INFO | 2026-08-24 14:27:54 | slittrace.py:get_radec_image:536 | Generating an RA/DEC image with slice_offset=0.000
    INFO | 2026-08-24 14:27:54 | datacube.py:subpixellate:1770 | Resampling slit 12/24
    INFO | 2026-08-24 14:27:54 | slittrace.py:get_radec_image:536 | Generating an RA/DEC image with slice_offset=0.000
    INFO | 2026-08-24 14:27:54 | datacube.py:subpixellate:1770 | Resampling slit 13/24
    INFO | 2026-08-24 14:27:54 | slittrace.py:get_radec_image:536 | Generating an RA/DEC image with slice_offset=0.000
    INFO | 2026-08-24 14:27:55 | datacube.py:subpixellate:1770 | Resampling slit 14/24
    INFO | 2026-08-24 14:27:55 | slittrace.py:get_radec_image:536 | Generating an RA/DEC image with slice_offset=0.000
    INFO | 2026-08-24 14:27:55 | datacube.py:subpixellate:1770 | Resampling slit 15/24
    INFO | 2026-08-24 14:27:55 | slittrace.py:get_radec_image:536 | Generating an RA/DEC image with slice_offset=0.000
    INFO | 2026-08-24 14:27:55 | datacube.py:subpixellate:1770 | Resampling slit 16/24
    INFO | 2026-08-24 14:27:55 | slittrace.py:get_radec_image:536 | Generating an RA/DEC image with slice_offset=0.000
    INFO | 2026-08-24 14:27:56 | datacube.py:subpixellate:1770 | Resampling slit 17/24
    INFO | 2026-08-24 14:27:56 | slittrace.py:get_radec_image:536 | Generating an RA/DEC image with slice_offset=0.000
    INFO | 2026-08-24 14:27:56 | datacube.py:subpixellate:1770 | Resampling slit 18/24
    INFO | 2026-08-24 14:27:56 | slittrace.py:get_radec_image:536 | Generating an RA/DEC image with slice_offset=0.000
    INFO | 2026-08-24 14:27:56 | datacube.py:subpixellate:1770 | Resampling slit 19/24
    INFO | 2026-08-24 14:27:56 | slittrace.py:get_radec_image:536 | Generating an RA/DEC image with slice_offset=0.000
    INFO | 2026-08-24 14:27:56 | datacube.py:subpixellate:1770 | Resampling slit 20/24
    INFO | 2026-08-24 14:27:57 | slittrace.py:get_radec_image:536 | Generating an RA/DEC image with slice_offset=0.000
    INFO | 2026-08-24 14:27:57 | datacube.py:subpixellate:1770 | Resampling slit 21/24
    INFO | 2026-08-24 14:27:57 | slittrace.py:get_radec_image:536 | Generating an RA/DEC image with slice_offset=0.000
    INFO | 2026-08-24 14:27:57 | datacube.py:subpixellate:1770 | Resampling slit 22/24
    INFO | 2026-08-24 14:27:57 | slittrace.py:get_radec_image:536 | Generating an RA/DEC image with slice_offset=0.000
    INFO | 2026-08-24 14:27:57 | datacube.py:subpixellate:1770 | Resampling slit 23/24
    INFO | 2026-08-24 14:27:57 | slittrace.py:get_radec_image:536 | Generating an RA/DEC image with slice_offset=0.000
    INFO | 2026-08-24 14:27:58 | datacube.py:subpixellate:1770 | Resampling slit 24/24
    INFO | 2026-08-24 14:27:58 | slittrace.py:get_radec_image:536 | Generating an RA/DEC image with slice_offset=0.000
    INFO | 2026-08-24 14:27:58 | datacube.py:compute_weights:1353 | Extracting spectrum of highest S/N detection from frame 2/2
    INFO | 2026-08-24 14:27:58 | datacube.py:subpixellate:1770 | Resampling slit 1/24
    INFO | 2026-08-24 14:27:58 | slittrace.py:get_radec_image:536 | Generating an RA/DEC image with slice_offset=0.000
    INFO | 2026-08-24 14:27:58 | datacube.py:subpixellate:1770 | Resampling slit 2/24
    INFO | 2026-08-24 14:27:58 | slittrace.py:get_radec_image:536 | Generating an RA/DEC image with slice_offset=0.000
    INFO | 2026-08-24 14:27:59 | datacube.py:subpixellate:1770 | Resampling slit 3/24
    INFO | 2026-08-24 14:27:59 | slittrace.py:get_radec_image:536 | Generating an RA/DEC image with slice_offset=0.000
    INFO | 2026-08-24 14:27:59 | datacube.py:subpixellate:1770 | Resampling slit 4/24
    INFO | 2026-08-24 14:27:59 | slittrace.py:get_radec_image:536 | Generating an RA/DEC image with slice_offset=0.000
    INFO | 2026-08-24 14:27:59 | datacube.py:subpixellate:1770 | Resampling slit 5/24
    INFO | 2026-08-24 14:27:59 | slittrace.py:get_radec_image:536 | Generating an RA/DEC image with slice_offset=0.000
    INFO | 2026-08-24 14:27:59 | datacube.py:subpixellate:1770 | Resampling slit 6/24
    INFO | 2026-08-24 14:27:59 | slittrace.py:get_radec_image:536 | Generating an RA/DEC image with slice_offset=0.000
    INFO | 2026-08-24 14:28:00 | datacube.py:subpixellate:1770 | Resampling slit 7/24
    INFO | 2026-08-24 14:28:00 | slittrace.py:get_radec_image:536 | Generating an RA/DEC image with slice_offset=0.000
    INFO | 2026-08-24 14:28:00 | datacube.py:subpixellate:1770 | Resampling slit 8/24
    INFO | 2026-08-24 14:28:00 | slittrace.py:get_radec_image:536 | Generating an RA/DEC image with slice_offset=0.000
    INFO | 2026-08-24 14:28:00 | datacube.py:subpixellate:1770 | Resampling slit 9/24
    INFO | 2026-08-24 14:28:00 | slittrace.py:get_radec_image:536 | Generating an RA/DEC image with slice_offset=0.000
    INFO | 2026-08-24 14:28:01 | datacube.py:subpixellate:1770 | Resampling slit 10/24
    INFO | 2026-08-24 14:28:01 | slittrace.py:get_radec_image:536 | Generating an RA/DEC image with slice_offset=0.000
    INFO | 2026-08-24 14:28:01 | datacube.py:subpixellate:1770 | Resampling slit 11/24
    INFO | 2026-08-24 14:28:01 | slittrace.py:get_radec_image:536 | Generating an RA/DEC image with slice_offset=0.000
    INFO | 2026-08-24 14:28:01 | datacube.py:subpixellate:1770 | Resampling slit 12/24
    INFO | 2026-08-24 14:28:01 | slittrace.py:get_radec_image:536 | Generating an RA/DEC image with slice_offset=0.000
    INFO | 2026-08-24 14:28:01 | datacube.py:subpixellate:1770 | Resampling slit 13/24
    INFO | 2026-08-24 14:28:01 | slittrace.py:get_radec_image:536 | Generating an RA/DEC image with slice_offset=0.000
    INFO | 2026-08-24 14:28:02 | datacube.py:subpixellate:1770 | Resampling slit 14/24
    INFO | 2026-08-24 14:28:02 | slittrace.py:get_radec_image:536 | Generating an RA/DEC image with slice_offset=0.000
    INFO | 2026-08-24 14:28:02 | datacube.py:subpixellate:1770 | Resampling slit 15/24
    INFO | 2026-08-24 14:28:02 | slittrace.py:get_radec_image:536 | Generating an RA/DEC image with slice_offset=0.000
    INFO | 2026-08-24 14:28:02 | datacube.py:subpixellate:1770 | Resampling slit 16/24
    INFO | 2026-08-24 14:28:02 | slittrace.py:get_radec_image:536 | Generating an RA/DEC image with slice_offset=0.000
    INFO | 2026-08-24 14:28:03 | datacube.py:subpixellate:1770 | Resampling slit 17/24
    INFO | 2026-08-24 14:28:03 | slittrace.py:get_radec_image:536 | Generating an RA/DEC image with slice_offset=0.000
    INFO | 2026-08-24 14:28:03 | datacube.py:subpixellate:1770 | Resampling slit 18/24
    INFO | 2026-08-24 14:28:03 | slittrace.py:get_radec_image:536 | Generating an RA/DEC image with slice_offset=0.000
    INFO | 2026-08-24 14:28:03 | datacube.py:subpixellate:1770 | Resampling slit 19/24
    INFO | 2026-08-24 14:28:03 | slittrace.py:get_radec_image:536 | Generating an RA/DEC image with slice_offset=0.000
    INFO | 2026-08-24 14:28:03 | datacube.py:subpixellate:1770 | Resampling slit 20/24
    INFO | 2026-08-24 14:28:03 | slittrace.py:get_radec_image:536 | Generating an RA/DEC image with slice_offset=0.000
    INFO | 2026-08-24 14:28:04 | datacube.py:subpixellate:1770 | Resampling slit 21/24
    INFO | 2026-08-24 14:28:04 | slittrace.py:get_radec_image:536 | Generating an RA/DEC image with slice_offset=0.000
    INFO | 2026-08-24 14:28:04 | datacube.py:subpixellate:1770 | Resampling slit 22/24
    INFO | 2026-08-24 14:28:04 | slittrace.py:get_radec_image:536 | Generating an RA/DEC image with slice_offset=0.000
    INFO | 2026-08-24 14:28:04 | datacube.py:subpixellate:1770 | Resampling slit 23/24
    INFO | 2026-08-24 14:28:04 | slittrace.py:get_radec_image:536 | Generating an RA/DEC image with slice_offset=0.000
    INFO | 2026-08-24 14:28:05 | datacube.py:subpixellate:1770 | Resampling slit 24/24
    INFO | 2026-08-24 14:28:05 | slittrace.py:get_radec_image:536 | Generating an RA/DEC image with slice_offset=0.000
    INFO | 2026-08-24 14:28:05 | datacube.py:compute_weights:1384 | Optimal weighting complete
    INFO | 2026-08-24 14:28:05 | datacube.py:generate_WCS:1049 | Generating WCS
    INFO | 2026-08-24 14:28:05 | datacube.py:create_wcs:1008 | 
----------------------------------------
Parameters of the WCS:
RA   min = 349.9909776815077
DEC  min = -5.168394028587618
WAVE min, max = 6340.272766768274, 7215.55392396451
Spaxel size = 0.6789240000000001 arcsec
Wavelength step = 0.38970629209234176 A
----------------------------------------
    INFO | 2026-08-24 14:28:05 | datacube.py:get_whitelight_range:606 | The white light images will cover the wavelength range: 6400.46A - 7132.13A
    INFO | 2026-08-24 14:28:05 | datacube.py:subpixellate:1772 | Resampling slit 1/24 of frame 1/2
    INFO | 2026-08-24 14:28:06 | datacube.py:subpixellate:1807 | Resampling subslice 1/5
    INFO | 2026-08-24 14:28:06 | slittrace.py:get_radec_image:536 | Generating an RA/DEC image with slice_offset=-0.400
    INFO | 2026-08-24 14:28:06 | datacube.py:subpixellate:1807 | Resampling subslice 2/5
    INFO | 2026-08-24 14:28:06 | slittrace.py:get_radec_image:536 | Generating an RA/DEC image with slice_offset=-0.200
    INFO | 2026-08-24 14:28:07 | datacube.py:subpixellate:1807 | Resampling subslice 3/5
    INFO | 2026-08-24 14:28:07 | slittrace.py:get_radec_image:536 | Generating an RA/DEC image with slice_offset=0.000
    INFO | 2026-08-24 14:28:08 | datacube.py:subpixellate:1807 | Resampling subslice 4/5
    INFO | 2026-08-24 14:28:08 | slittrace.py:get_radec_image:536 | Generating an RA/DEC image with slice_offset=0.200
    INFO | 2026-08-24 14:28:09 | datacube.py:subpixellate:1807 | Resampling subslice 5/5
    INFO | 2026-08-24 14:28:09 | slittrace.py:get_radec_image:536 | Generating an RA/DEC image with slice_offset=0.400
    INFO | 2026-08-24 14:28:09 | datacube.py:subpixellate:1832 | Preparing subpixel weights
    INFO | 2026-08-24 14:28:12 | datacube.py:subpixellate:1772 | Resampling slit 2/24 of frame 1/2
    INFO | 2026-08-24 14:28:12 | datacube.py:subpixellate:1807 | Resampling subslice 1/5
    INFO | 2026-08-24 14:28:12 | slittrace.py:get_radec_image:536 | Generating an RA/DEC image with slice_offset=-0.400
    INFO | 2026-08-24 14:28:13 | datacube.py:subpixellate:1807 | Resampling subslice 2/5
    INFO | 2026-08-24 14:28:13 | slittrace.py:get_radec_image:536 | Generating an RA/DEC image with slice_offset=-0.200
    INFO | 2026-08-24 14:28:14 | datacube.py:subpixellate:1807 | Resampling subslice 3/5
    INFO | 2026-08-24 14:28:14 | slittrace.py:get_radec_image:536 | Generating an RA/DEC image with slice_offset=0.000
    INFO | 2026-08-24 14:28:15 | datacube.py:subpixellate:1807 | Resampling subslice 4/5
    INFO | 2026-08-24 14:28:15 | slittrace.py:get_radec_image:536 | Generating an RA/DEC image with slice_offset=0.200
    INFO | 2026-08-24 14:28:15 | datacube.py:subpixellate:1807 | Resampling subslice 5/5
    INFO | 2026-08-24 14:28:15 | slittrace.py:get_radec_image:536 | Generating an RA/DEC image with slice_offset=0.400
    INFO | 2026-08-24 14:28:16 | datacube.py:subpixellate:1832 | Preparing subpixel weights
    INFO | 2026-08-24 14:28:19 | datacube.py:subpixellate:1772 | Resampling slit 3/24 of frame 1/2
    INFO | 2026-08-24 14:28:19 | datacube.py:subpixellate:1807 | Resampling subslice 1/5
    INFO | 2026-08-24 14:28:19 | slittrace.py:get_radec_image:536 | Generating an RA/DEC image with slice_offset=-0.400
    INFO | 2026-08-24 14:28:20 | datacube.py:subpixellate:1807 | Resampling subslice 2/5
    INFO | 2026-08-24 14:28:20 | slittrace.py:get_radec_image:536 | Generating an RA/DEC image with slice_offset=-0.200
    INFO | 2026-08-24 14:28:21 | datacube.py:subpixellate:1807 | Resampling subslice 3/5
    INFO | 2026-08-24 14:28:21 | slittrace.py:get_radec_image:536 | Generating an RA/DEC image with slice_offset=0.000
    INFO | 2026-08-24 14:28:21 | datacube.py:subpixellate:1807 | Resampling subslice 4/5
    INFO | 2026-08-24 14:28:21 | slittrace.py:get_radec_image:536 | Generating an RA/DEC image with slice_offset=0.200
    INFO | 2026-08-24 14:28:22 | datacube.py:subpixellate:1807 | Resampling subslice 5/5
    INFO | 2026-08-24 14:28:22 | slittrace.py:get_radec_image:536 | Generating an RA/DEC image with slice_offset=0.400
    INFO | 2026-08-24 14:28:23 | datacube.py:subpixellate:1832 | Preparing subpixel weights
    INFO | 2026-08-24 14:28:25 | datacube.py:subpixellate:1772 | Resampling slit 4/24 of frame 1/2
    INFO | 2026-08-24 14:28:26 | datacube.py:subpixellate:1807 | Resampling subslice 1/5
    INFO | 2026-08-24 14:28:26 | slittrace.py:get_radec_image:536 | Generating an RA/DEC image with slice_offset=-0.400
    INFO | 2026-08-24 14:28:26 | datacube.py:subpixellate:1807 | Resampling subslice 2/5
    INFO | 2026-08-24 14:28:26 | slittrace.py:get_radec_image:536 | Generating an RA/DEC image with slice_offset=-0.200
    INFO | 2026-08-24 14:28:27 | datacube.py:subpixellate:1807 | Resampling subslice 3/5
    INFO | 2026-08-24 14:28:27 | slittrace.py:get_radec_image:536 | Generating an RA/DEC image with slice_offset=0.000
    INFO | 2026-08-24 14:28:28 | datacube.py:subpixellate:1807 | Resampling subslice 4/5
    INFO | 2026-08-24 14:28:28 | slittrace.py:get_radec_image:536 | Generating an RA/DEC image with slice_offset=0.200
    INFO | 2026-08-24 14:28:29 | datacube.py:subpixellate:1807 | Resampling subslice 5/5
    INFO | 2026-08-24 14:28:29 | slittrace.py:get_radec_image:536 | Generating an RA/DEC image with slice_offset=0.400
    INFO | 2026-08-24 14:28:29 | datacube.py:subpixellate:1832 | Preparing subpixel weights
    INFO | 2026-08-24 14:28:32 | datacube.py:subpixellate:1772 | Resampling slit 5/24 of frame 1/2
    INFO | 2026-08-24 14:28:32 | datacube.py:subpixellate:1807 | Resampling subslice 1/5
    INFO | 2026-08-24 14:28:32 | slittrace.py:get_radec_image:536 | Generating an RA/DEC image with slice_offset=-0.400
    INFO | 2026-08-24 14:28:33 | datacube.py:subpixellate:1807 | Resampling subslice 2/5
    INFO | 2026-08-24 14:28:33 | slittrace.py:get_radec_image:536 | Generating an RA/DEC image with slice_offset=-0.200
    INFO | 2026-08-24 14:28:34 | datacube.py:subpixellate:1807 | Resampling subslice 3/5
    INFO | 2026-08-24 14:28:34 | slittrace.py:get_radec_image:536 | Generating an RA/DEC image with slice_offset=0.000
    INFO | 2026-08-24 14:28:35 | datacube.py:subpixellate:1807 | Resampling subslice 4/5
    INFO | 2026-08-24 14:28:35 | slittrace.py:get_radec_image:536 | Generating an RA/DEC image with slice_offset=0.200
    INFO | 2026-08-24 14:28:35 | datacube.py:subpixellate:1807 | Resampling subslice 5/5
    INFO | 2026-08-24 14:28:35 | slittrace.py:get_radec_image:536 | Generating an RA/DEC image with slice_offset=0.400
    INFO | 2026-08-24 14:28:36 | datacube.py:subpixellate:1832 | Preparing subpixel weights
    INFO | 2026-08-24 14:28:39 | datacube.py:subpixellate:1772 | Resampling slit 6/24 of frame 1/2
    INFO | 2026-08-24 14:28:39 | datacube.py:subpixellate:1807 | Resampling subslice 1/5
    INFO | 2026-08-24 14:28:39 | slittrace.py:get_radec_image:536 | Generating an RA/DEC image with slice_offset=-0.400
    INFO | 2026-08-24 14:28:40 | datacube.py:subpixellate:1807 | Resampling subslice 2/5
    INFO | 2026-08-24 14:28:40 | slittrace.py:get_radec_image:536 | Generating an RA/DEC image with slice_offset=-0.200
    INFO | 2026-08-24 14:28:41 | datacube.py:subpixellate:1807 | Resampling subslice 3/5
    INFO | 2026-08-24 14:28:41 | slittrace.py:get_radec_image:536 | Generating an RA/DEC image with slice_offset=0.000
    INFO | 2026-08-24 14:28:41 | datacube.py:subpixellate:1807 | Resampling subslice 4/5
    INFO | 2026-08-24 14:28:41 | slittrace.py:get_radec_image:536 | Generating an RA/DEC image with slice_offset=0.200
    INFO | 2026-08-24 14:28:42 | datacube.py:subpixellate:1807 | Resampling subslice 5/5
    INFO | 2026-08-24 14:28:42 | slittrace.py:get_radec_image:536 | Generating an RA/DEC image with slice_offset=0.400
    INFO | 2026-08-24 14:28:43 | datacube.py:subpixellate:1832 | Preparing subpixel weights
    INFO | 2026-08-24 14:28:45 | datacube.py:subpixellate:1772 | Resampling slit 7/24 of frame 1/2
    INFO | 2026-08-24 14:28:46 | datacube.py:subpixellate:1807 | Resampling subslice 1/5
    INFO | 2026-08-24 14:28:46 | slittrace.py:get_radec_image:536 | Generating an RA/DEC image with slice_offset=-0.400
    INFO | 2026-08-24 14:28:46 | datacube.py:subpixellate:1807 | Resampling subslice 2/5
    INFO | 2026-08-24 14:28:46 | slittrace.py:get_radec_image:536 | Generating an RA/DEC image with slice_offset=-0.200
    INFO | 2026-08-24 14:28:47 | datacube.py:subpixellate:1807 | Resampling subslice 3/5
    INFO | 2026-08-24 14:28:47 | slittrace.py:get_radec_image:536 | Generating an RA/DEC image with slice_offset=0.000
    INFO | 2026-08-24 14:28:48 | datacube.py:subpixellate:1807 | Resampling subslice 4/5
    INFO | 2026-08-24 14:28:48 | slittrace.py:get_radec_image:536 | Generating an RA/DEC image with slice_offset=0.200
    INFO | 2026-08-24 14:28:49 | datacube.py:subpixellate:1807 | Resampling subslice 5/5
    INFO | 2026-08-24 14:28:49 | slittrace.py:get_radec_image:536 | Generating an RA/DEC image with slice_offset=0.400
    INFO | 2026-08-24 14:28:50 | datacube.py:subpixellate:1832 | Preparing subpixel weights
    INFO | 2026-08-24 14:28:52 | datacube.py:subpixellate:1772 | Resampling slit 8/24 of frame 1/2
    INFO | 2026-08-24 14:28:52 | datacube.py:subpixellate:1807 | Resampling subslice 1/5
    INFO | 2026-08-24 14:28:52 | slittrace.py:get_radec_image:536 | Generating an RA/DEC image with slice_offset=-0.400
    INFO | 2026-08-24 14:28:53 | datacube.py:subpixellate:1807 | Resampling subslice 2/5
    INFO | 2026-08-24 14:28:53 | slittrace.py:get_radec_image:536 | Generating an RA/DEC image with slice_offset=-0.200
    INFO | 2026-08-24 14:28:54 | datacube.py:subpixellate:1807 | Resampling subslice 3/5
    INFO | 2026-08-24 14:28:54 | slittrace.py:get_radec_image:536 | Generating an RA/DEC image with slice_offset=0.000
    INFO | 2026-08-24 14:28:54 | datacube.py:subpixellate:1807 | Resampling subslice 4/5
    INFO | 2026-08-24 14:28:54 | slittrace.py:get_radec_image:536 | Generating an RA/DEC image with slice_offset=0.200
    INFO | 2026-08-24 14:28:55 | datacube.py:subpixellate:1807 | Resampling subslice 5/5
    INFO | 2026-08-24 14:28:55 | slittrace.py:get_radec_image:536 | Generating an RA/DEC image with slice_offset=0.400
    INFO | 2026-08-24 14:28:56 | datacube.py:subpixellate:1832 | Preparing subpixel weights
    INFO | 2026-08-24 14:28:58 | datacube.py:subpixellate:1772 | Resampling slit 9/24 of frame 1/2
    INFO | 2026-08-24 14:28:59 | datacube.py:subpixellate:1807 | Resampling subslice 1/5
    INFO | 2026-08-24 14:28:59 | slittrace.py:get_radec_image:536 | Generating an RA/DEC image with slice_offset=-0.400
    INFO | 2026-08-24 14:28:59 | datacube.py:subpixellate:1807 | Resampling subslice 2/5
    INFO | 2026-08-24 14:28:59 | slittrace.py:get_radec_image:536 | Generating an RA/DEC image with slice_offset=-0.200
    INFO | 2026-08-24 14:29:00 | datacube.py:subpixellate:1807 | Resampling subslice 3/5
    INFO | 2026-08-24 14:29:00 | slittrace.py:get_radec_image:536 | Generating an RA/DEC image with slice_offset=0.000
    INFO | 2026-08-24 14:29:01 | datacube.py:subpixellate:1807 | Resampling subslice 4/5
    INFO | 2026-08-24 14:29:01 | slittrace.py:get_radec_image:536 | Generating an RA/DEC image with slice_offset=0.200
    INFO | 2026-08-24 14:29:02 | datacube.py:subpixellate:1807 | Resampling subslice 5/5
    INFO | 2026-08-24 14:29:02 | slittrace.py:get_radec_image:536 | Generating an RA/DEC image with slice_offset=0.400
    INFO | 2026-08-24 14:29:03 | datacube.py:subpixellate:1832 | Preparing subpixel weights
    INFO | 2026-08-24 14:29:05 | datacube.py:subpixellate:1772 | Resampling slit 10/24 of frame 1/2
    INFO | 2026-08-24 14:29:05 | datacube.py:subpixellate:1807 | Resampling subslice 1/5
    INFO | 2026-08-24 14:29:05 | slittrace.py:get_radec_image:536 | Generating an RA/DEC image with slice_offset=-0.400
    INFO | 2026-08-24 14:29:06 | datacube.py:subpixellate:1807 | Resampling subslice 2/5
    INFO | 2026-08-24 14:29:06 | slittrace.py:get_radec_image:536 | Generating an RA/DEC image with slice_offset=-0.200
    INFO | 2026-08-24 14:29:07 | datacube.py:subpixellate:1807 | Resampling subslice 3/5
    INFO | 2026-08-24 14:29:07 | slittrace.py:get_radec_image:536 | Generating an RA/DEC image with slice_offset=0.000
    INFO | 2026-08-24 14:29:08 | datacube.py:subpixellate:1807 | Resampling subslice 4/5
    INFO | 2026-08-24 14:29:08 | slittrace.py:get_radec_image:536 | Generating an RA/DEC image with slice_offset=0.200
    INFO | 2026-08-24 14:29:08 | datacube.py:subpixellate:1807 | Resampling subslice 5/5
    INFO | 2026-08-24 14:29:08 | slittrace.py:get_radec_image:536 | Generating an RA/DEC image with slice_offset=0.400
    INFO | 2026-08-24 14:29:09 | datacube.py:subpixellate:1832 | Preparing subpixel weights
    INFO | 2026-08-24 14:29:11 | datacube.py:subpixellate:1772 | Resampling slit 11/24 of frame 1/2
    INFO | 2026-08-24 14:29:12 | datacube.py:subpixellate:1807 | Resampling subslice 1/5
    INFO | 2026-08-24 14:29:12 | slittrace.py:get_radec_image:536 | Generating an RA/DEC image with slice_offset=-0.400
    INFO | 2026-08-24 14:29:12 | datacube.py:subpixellate:1807 | Resampling subslice 2/5
    INFO | 2026-08-24 14:29:12 | slittrace.py:get_radec_image:536 | Generating an RA/DEC image with slice_offset=-0.200
    INFO | 2026-08-24 14:29:13 | datacube.py:subpixellate:1807 | Resampling subslice 3/5
    INFO | 2026-08-24 14:29:13 | slittrace.py:get_radec_image:536 | Generating an RA/DEC image with slice_offset=0.000
    INFO | 2026-08-24 14:29:14 | datacube.py:subpixellate:1807 | Resampling subslice 4/5
    INFO | 2026-08-24 14:29:14 | slittrace.py:get_radec_image:536 | Generating an RA/DEC image with slice_offset=0.200
    INFO | 2026-08-24 14:29:15 | datacube.py:subpixellate:1807 | Resampling subslice 5/5
    INFO | 2026-08-24 14:29:15 | slittrace.py:get_radec_image:536 | Generating an RA/DEC image with slice_offset=0.400
    INFO | 2026-08-24 14:29:15 | datacube.py:subpixellate:1832 | Preparing subpixel weights
    INFO | 2026-08-24 14:29:18 | datacube.py:subpixellate:1772 | Resampling slit 12/24 of frame 1/2
    INFO | 2026-08-24 14:29:18 | datacube.py:subpixellate:1807 | Resampling subslice 1/5
    INFO | 2026-08-24 14:29:18 | slittrace.py:get_radec_image:536 | Generating an RA/DEC image with slice_offset=-0.400
    INFO | 2026-08-24 14:29:19 | datacube.py:subpixellate:1807 | Resampling subslice 2/5
    INFO | 2026-08-24 14:29:19 | slittrace.py:get_radec_image:536 | Generating an RA/DEC image with slice_offset=-0.200
    INFO | 2026-08-24 14:29:20 | datacube.py:subpixellate:1807 | Resampling subslice 3/5
    INFO | 2026-08-24 14:29:20 | slittrace.py:get_radec_image:536 | Generating an RA/DEC image with slice_offset=0.000
    INFO | 2026-08-24 14:29:20 | datacube.py:subpixellate:1807 | Resampling subslice 4/5
    INFO | 2026-08-24 14:29:20 | slittrace.py:get_radec_image:536 | Generating an RA/DEC image with slice_offset=0.200
    INFO | 2026-08-24 14:29:21 | datacube.py:subpixellate:1807 | Resampling subslice 5/5
    INFO | 2026-08-24 14:29:21 | slittrace.py:get_radec_image:536 | Generating an RA/DEC image with slice_offset=0.400
    INFO | 2026-08-24 14:29:22 | datacube.py:subpixellate:1832 | Preparing subpixel weights
    INFO | 2026-08-24 14:29:24 | datacube.py:subpixellate:1772 | Resampling slit 13/24 of frame 1/2
    INFO | 2026-08-24 14:29:25 | datacube.py:subpixellate:1807 | Resampling subslice 1/5
    INFO | 2026-08-24 14:29:25 | slittrace.py:get_radec_image:536 | Generating an RA/DEC image with slice_offset=-0.400
    INFO | 2026-08-24 14:29:25 | datacube.py:subpixellate:1807 | Resampling subslice 2/5
    INFO | 2026-08-24 14:29:25 | slittrace.py:get_radec_image:536 | Generating an RA/DEC image with slice_offset=-0.200
    INFO | 2026-08-24 14:29:26 | datacube.py:subpixellate:1807 | Resampling subslice 3/5
    INFO | 2026-08-24 14:29:26 | slittrace.py:get_radec_image:536 | Generating an RA/DEC image with slice_offset=0.000
    INFO | 2026-08-24 14:29:27 | datacube.py:subpixellate:1807 | Resampling subslice 4/5
    INFO | 2026-08-24 14:29:27 | slittrace.py:get_radec_image:536 | Generating an RA/DEC image with slice_offset=0.200
    INFO | 2026-08-24 14:29:28 | datacube.py:subpixellate:1807 | Resampling subslice 5/5
    INFO | 2026-08-24 14:29:28 | slittrace.py:get_radec_image:536 | Generating an RA/DEC image with slice_offset=0.400
    INFO | 2026-08-24 14:29:28 | datacube.py:subpixellate:1832 | Preparing subpixel weights
    INFO | 2026-08-24 14:29:31 | datacube.py:subpixellate:1772 | Resampling slit 14/24 of frame 1/2
    INFO | 2026-08-24 14:29:31 | datacube.py:subpixellate:1807 | Resampling subslice 1/5
    INFO | 2026-08-24 14:29:31 | slittrace.py:get_radec_image:536 | Generating an RA/DEC image with slice_offset=-0.400
    INFO | 2026-08-24 14:29:32 | datacube.py:subpixellate:1807 | Resampling subslice 2/5
    INFO | 2026-08-24 14:29:32 | slittrace.py:get_radec_image:536 | Generating an RA/DEC image with slice_offset=-0.200
    INFO | 2026-08-24 14:29:33 | datacube.py:subpixellate:1807 | Resampling subslice 3/5
    INFO | 2026-08-24 14:29:33 | slittrace.py:get_radec_image:536 | Generating an RA/DEC image with slice_offset=0.000
    INFO | 2026-08-24 14:29:33 | datacube.py:subpixellate:1807 | Resampling subslice 4/5
    INFO | 2026-08-24 14:29:33 | slittrace.py:get_radec_image:536 | Generating an RA/DEC image with slice_offset=0.200
    INFO | 2026-08-24 14:29:34 | datacube.py:subpixellate:1807 | Resampling subslice 5/5
    INFO | 2026-08-24 14:29:34 | slittrace.py:get_radec_image:536 | Generating an RA/DEC image with slice_offset=0.400
    INFO | 2026-08-24 14:29:35 | datacube.py:subpixellate:1832 | Preparing subpixel weights
    INFO | 2026-08-24 14:29:37 | datacube.py:subpixellate:1772 | Resampling slit 15/24 of frame 1/2
    INFO | 2026-08-24 14:29:37 | datacube.py:subpixellate:1807 | Resampling subslice 1/5
    INFO | 2026-08-24 14:29:37 | slittrace.py:get_radec_image:536 | Generating an RA/DEC image with slice_offset=-0.400
    INFO | 2026-08-24 14:29:38 | datacube.py:subpixellate:1807 | Resampling subslice 2/5
    INFO | 2026-08-24 14:29:38 | slittrace.py:get_radec_image:536 | Generating an RA/DEC image with slice_offset=-0.200
    INFO | 2026-08-24 14:29:39 | datacube.py:subpixellate:1807 | Resampling subslice 3/5
    INFO | 2026-08-24 14:29:39 | slittrace.py:get_radec_image:536 | Generating an RA/DEC image with slice_offset=0.000
    INFO | 2026-08-24 14:29:40 | datacube.py:subpixellate:1807 | Resampling subslice 4/5
    INFO | 2026-08-24 14:29:40 | slittrace.py:get_radec_image:536 | Generating an RA/DEC image with slice_offset=0.200
    INFO | 2026-08-24 14:29:40 | datacube.py:subpixellate:1807 | Resampling subslice 5/5
    INFO | 2026-08-24 14:29:40 | slittrace.py:get_radec_image:536 | Generating an RA/DEC image with slice_offset=0.400
    INFO | 2026-08-24 14:29:41 | datacube.py:subpixellate:1832 | Preparing subpixel weights
    INFO | 2026-08-24 14:29:44 | datacube.py:subpixellate:1772 | Resampling slit 16/24 of frame 1/2
    INFO | 2026-08-24 14:29:44 | datacube.py:subpixellate:1807 | Resampling subslice 1/5
    INFO | 2026-08-24 14:29:44 | slittrace.py:get_radec_image:536 | Generating an RA/DEC image with slice_offset=-0.400
    INFO | 2026-08-24 14:29:45 | datacube.py:subpixellate:1807 | Resampling subslice 2/5
    INFO | 2026-08-24 14:29:45 | slittrace.py:get_radec_image:536 | Generating an RA/DEC image with slice_offset=-0.200
    INFO | 2026-08-24 14:29:45 | datacube.py:subpixellate:1807 | Resampling subslice 3/5
    INFO | 2026-08-24 14:29:45 | slittrace.py:get_radec_image:536 | Generating an RA/DEC image with slice_offset=0.000
    INFO | 2026-08-24 14:29:46 | datacube.py:subpixellate:1807 | Resampling subslice 4/5
    INFO | 2026-08-24 14:29:46 | slittrace.py:get_radec_image:536 | Generating an RA/DEC image with slice_offset=0.200
    INFO | 2026-08-24 14:29:47 | datacube.py:subpixellate:1807 | Resampling subslice 5/5
    INFO | 2026-08-24 14:29:47 | slittrace.py:get_radec_image:536 | Generating an RA/DEC image with slice_offset=0.400
    INFO | 2026-08-24 14:29:48 | datacube.py:subpixellate:1832 | Preparing subpixel weights
    INFO | 2026-08-24 14:29:50 | datacube.py:subpixellate:1772 | Resampling slit 17/24 of frame 1/2
    INFO | 2026-08-24 14:29:50 | datacube.py:subpixellate:1807 | Resampling subslice 1/5
    INFO | 2026-08-24 14:29:50 | slittrace.py:get_radec_image:536 | Generating an RA/DEC image with slice_offset=-0.400
    INFO | 2026-08-24 14:29:51 | datacube.py:subpixellate:1807 | Resampling subslice 2/5
    INFO | 2026-08-24 14:29:51 | slittrace.py:get_radec_image:536 | Generating an RA/DEC image with slice_offset=-0.200
    INFO | 2026-08-24 14:29:52 | datacube.py:subpixellate:1807 | Resampling subslice 3/5
    INFO | 2026-08-24 14:29:52 | slittrace.py:get_radec_image:536 | Generating an RA/DEC image with slice_offset=0.000
    INFO | 2026-08-24 14:29:53 | datacube.py:subpixellate:1807 | Resampling subslice 4/5
    INFO | 2026-08-24 14:29:53 | slittrace.py:get_radec_image:536 | Generating an RA/DEC image with slice_offset=0.200
    INFO | 2026-08-24 14:29:53 | datacube.py:subpixellate:1807 | Resampling subslice 5/5
    INFO | 2026-08-24 14:29:53 | slittrace.py:get_radec_image:536 | Generating an RA/DEC image with slice_offset=0.400
    INFO | 2026-08-24 14:29:54 | datacube.py:subpixellate:1832 | Preparing subpixel weights
    INFO | 2026-08-24 14:29:57 | datacube.py:subpixellate:1772 | Resampling slit 18/24 of frame 1/2
    INFO | 2026-08-24 14:29:57 | datacube.py:subpixellate:1807 | Resampling subslice 1/5
    INFO | 2026-08-24 14:29:57 | slittrace.py:get_radec_image:536 | Generating an RA/DEC image with slice_offset=-0.400
    INFO | 2026-08-24 14:29:58 | datacube.py:subpixellate:1807 | Resampling subslice 2/5
    INFO | 2026-08-24 14:29:58 | slittrace.py:get_radec_image:536 | Generating an RA/DEC image with slice_offset=-0.200
    INFO | 2026-08-24 14:29:58 | datacube.py:subpixellate:1807 | Resampling subslice 3/5
    INFO | 2026-08-24 14:29:58 | slittrace.py:get_radec_image:536 | Generating an RA/DEC image with slice_offset=0.000
    INFO | 2026-08-24 14:29:59 | datacube.py:subpixellate:1807 | Resampling subslice 4/5
    INFO | 2026-08-24 14:29:59 | slittrace.py:get_radec_image:536 | Generating an RA/DEC image with slice_offset=0.200
    INFO | 2026-08-24 14:30:00 | datacube.py:subpixellate:1807 | Resampling subslice 5/5
    INFO | 2026-08-24 14:30:00 | slittrace.py:get_radec_image:536 | Generating an RA/DEC image with slice_offset=0.400
    INFO | 2026-08-24 14:30:01 | datacube.py:subpixellate:1832 | Preparing subpixel weights
    INFO | 2026-08-24 14:30:03 | datacube.py:subpixellate:1772 | Resampling slit 19/24 of frame 1/2
    INFO | 2026-08-24 14:30:03 | datacube.py:subpixellate:1807 | Resampling subslice 1/5
    INFO | 2026-08-24 14:30:03 | slittrace.py:get_radec_image:536 | Generating an RA/DEC image with slice_offset=-0.400
    INFO | 2026-08-24 14:30:04 | datacube.py:subpixellate:1807 | Resampling subslice 2/5
    INFO | 2026-08-24 14:30:04 | slittrace.py:get_radec_image:536 | Generating an RA/DEC image with slice_offset=-0.200
    INFO | 2026-08-24 14:30:05 | datacube.py:subpixellate:1807 | Resampling subslice 3/5
    INFO | 2026-08-24 14:30:05 | slittrace.py:get_radec_image:536 | Generating an RA/DEC image with slice_offset=0.000
    INFO | 2026-08-24 14:30:06 | datacube.py:subpixellate:1807 | Resampling subslice 4/5
    INFO | 2026-08-24 14:30:06 | slittrace.py:get_radec_image:536 | Generating an RA/DEC image with slice_offset=0.200
    INFO | 2026-08-24 14:30:06 | datacube.py:subpixellate:1807 | Resampling subslice 5/5
    INFO | 2026-08-24 14:30:06 | slittrace.py:get_radec_image:536 | Generating an RA/DEC image with slice_offset=0.400
    INFO | 2026-08-24 14:30:07 | datacube.py:subpixellate:1832 | Preparing subpixel weights
    INFO | 2026-08-24 14:30:10 | datacube.py:subpixellate:1772 | Resampling slit 20/24 of frame 1/2
    INFO | 2026-08-24 14:30:10 | datacube.py:subpixellate:1807 | Resampling subslice 1/5
    INFO | 2026-08-24 14:30:10 | slittrace.py:get_radec_image:536 | Generating an RA/DEC image with slice_offset=-0.400
    INFO | 2026-08-24 14:30:11 | datacube.py:subpixellate:1807 | Resampling subslice 2/5
    INFO | 2026-08-24 14:30:11 | slittrace.py:get_radec_image:536 | Generating an RA/DEC image with slice_offset=-0.200
    INFO | 2026-08-24 14:30:11 | datacube.py:subpixellate:1807 | Resampling subslice 3/5
    INFO | 2026-08-24 14:30:11 | slittrace.py:get_radec_image:536 | Generating an RA/DEC image with slice_offset=0.000
    INFO | 2026-08-24 14:30:12 | datacube.py:subpixellate:1807 | Resampling subslice 4/5
    INFO | 2026-08-24 14:30:12 | slittrace.py:get_radec_image:536 | Generating an RA/DEC image with slice_offset=0.200
    INFO | 2026-08-24 14:30:13 | datacube.py:subpixellate:1807 | Resampling subslice 5/5
    INFO | 2026-08-24 14:30:13 | slittrace.py:get_radec_image:536 | Generating an RA/DEC image with slice_offset=0.400
    INFO | 2026-08-24 14:30:14 | datacube.py:subpixellate:1832 | Preparing subpixel weights
    INFO | 2026-08-24 14:30:16 | datacube.py:subpixellate:1772 | Resampling slit 21/24 of frame 1/2
    INFO | 2026-08-24 14:30:16 | datacube.py:subpixellate:1807 | Resampling subslice 1/5
    INFO | 2026-08-24 14:30:16 | slittrace.py:get_radec_image:536 | Generating an RA/DEC image with slice_offset=-0.400
    INFO | 2026-08-24 14:30:17 | datacube.py:subpixellate:1807 | Resampling subslice 2/5
    INFO | 2026-08-24 14:30:17 | slittrace.py:get_radec_image:536 | Generating an RA/DEC image with slice_offset=-0.200
    INFO | 2026-08-24 14:30:18 | datacube.py:subpixellate:1807 | Resampling subslice 3/5
    INFO | 2026-08-24 14:30:18 | slittrace.py:get_radec_image:536 | Generating an RA/DEC image with slice_offset=0.000
    INFO | 2026-08-24 14:30:19 | datacube.py:subpixellate:1807 | Resampling subslice 4/5
    INFO | 2026-08-24 14:30:19 | slittrace.py:get_radec_image:536 | Generating an RA/DEC image with slice_offset=0.200
    INFO | 2026-08-24 14:30:20 | datacube.py:subpixellate:1807 | Resampling subslice 5/5
    INFO | 2026-08-24 14:30:20 | slittrace.py:get_radec_image:536 | Generating an RA/DEC image with slice_offset=0.400
    INFO | 2026-08-24 14:30:20 | datacube.py:subpixellate:1832 | Preparing subpixel weights
    INFO | 2026-08-24 14:30:23 | datacube.py:subpixellate:1772 | Resampling slit 22/24 of frame 1/2
    INFO | 2026-08-24 14:30:23 | datacube.py:subpixellate:1807 | Resampling subslice 1/5
    INFO | 2026-08-24 14:30:23 | slittrace.py:get_radec_image:536 | Generating an RA/DEC image with slice_offset=-0.400
    INFO | 2026-08-24 14:30:24 | datacube.py:subpixellate:1807 | Resampling subslice 2/5
    INFO | 2026-08-24 14:30:24 | slittrace.py:get_radec_image:536 | Generating an RA/DEC image with slice_offset=-0.200
    INFO | 2026-08-24 14:30:25 | datacube.py:subpixellate:1807 | Resampling subslice 3/5
    INFO | 2026-08-24 14:30:25 | slittrace.py:get_radec_image:536 | Generating an RA/DEC image with slice_offset=0.000
    INFO | 2026-08-24 14:30:25 | datacube.py:subpixellate:1807 | Resampling subslice 4/5
    INFO | 2026-08-24 14:30:25 | slittrace.py:get_radec_image:536 | Generating an RA/DEC image with slice_offset=0.200
    INFO | 2026-08-24 14:30:26 | datacube.py:subpixellate:1807 | Resampling subslice 5/5
    INFO | 2026-08-24 14:30:26 | slittrace.py:get_radec_image:536 | Generating an RA/DEC image with slice_offset=0.400
    INFO | 2026-08-24 14:30:27 | datacube.py:subpixellate:1832 | Preparing subpixel weights
    INFO | 2026-08-24 14:30:30 | datacube.py:subpixellate:1772 | Resampling slit 23/24 of frame 1/2
    INFO | 2026-08-24 14:30:30 | datacube.py:subpixellate:1807 | Resampling subslice 1/5
    INFO | 2026-08-24 14:30:30 | slittrace.py:get_radec_image:536 | Generating an RA/DEC image with slice_offset=-0.400
    INFO | 2026-08-24 14:30:31 | datacube.py:subpixellate:1807 | Resampling subslice 2/5
    INFO | 2026-08-24 14:30:31 | slittrace.py:get_radec_image:536 | Generating an RA/DEC image with slice_offset=-0.200
    INFO | 2026-08-24 14:30:31 | datacube.py:subpixellate:1807 | Resampling subslice 3/5
    INFO | 2026-08-24 14:30:31 | slittrace.py:get_radec_image:536 | Generating an RA/DEC image with slice_offset=0.000
    INFO | 2026-08-24 14:30:32 | datacube.py:subpixellate:1807 | Resampling subslice 4/5
    INFO | 2026-08-24 14:30:32 | slittrace.py:get_radec_image:536 | Generating an RA/DEC image with slice_offset=0.200
    INFO | 2026-08-24 14:30:33 | datacube.py:subpixellate:1807 | Resampling subslice 5/5
    INFO | 2026-08-24 14:30:33 | slittrace.py:get_radec_image:536 | Generating an RA/DEC image with slice_offset=0.400
    INFO | 2026-08-24 14:30:34 | datacube.py:subpixellate:1832 | Preparing subpixel weights
    INFO | 2026-08-24 14:30:36 | datacube.py:subpixellate:1772 | Resampling slit 24/24 of frame 1/2
    INFO | 2026-08-24 14:30:37 | datacube.py:subpixellate:1807 | Resampling subslice 1/5
    INFO | 2026-08-24 14:30:37 | slittrace.py:get_radec_image:536 | Generating an RA/DEC image with slice_offset=-0.400
    INFO | 2026-08-24 14:30:37 | datacube.py:subpixellate:1807 | Resampling subslice 2/5
    INFO | 2026-08-24 14:30:37 | slittrace.py:get_radec_image:536 | Generating an RA/DEC image with slice_offset=-0.200
    INFO | 2026-08-24 14:30:38 | datacube.py:subpixellate:1807 | Resampling subslice 3/5
    INFO | 2026-08-24 14:30:38 | slittrace.py:get_radec_image:536 | Generating an RA/DEC image with slice_offset=0.000
    INFO | 2026-08-24 14:30:39 | datacube.py:subpixellate:1807 | Resampling subslice 4/5
    INFO | 2026-08-24 14:30:39 | slittrace.py:get_radec_image:536 | Generating an RA/DEC image with slice_offset=0.200
    INFO | 2026-08-24 14:30:40 | datacube.py:subpixellate:1807 | Resampling subslice 5/5
    INFO | 2026-08-24 14:30:40 | slittrace.py:get_radec_image:536 | Generating an RA/DEC image with slice_offset=0.400
    INFO | 2026-08-24 14:30:40 | datacube.py:subpixellate:1832 | Preparing subpixel weights
    INFO | 2026-08-24 14:30:43 | datacube.py:subpixellate:1772 | Resampling slit 1/24 of frame 2/2
    INFO | 2026-08-24 14:30:43 | datacube.py:subpixellate:1807 | Resampling subslice 1/5
    INFO | 2026-08-24 14:30:43 | slittrace.py:get_radec_image:536 | Generating an RA/DEC image with slice_offset=-0.400
    INFO | 2026-08-24 14:30:44 | datacube.py:subpixellate:1807 | Resampling subslice 2/5
    INFO | 2026-08-24 14:30:44 | slittrace.py:get_radec_image:536 | Generating an RA/DEC image with slice_offset=-0.200
    INFO | 2026-08-24 14:30:45 | datacube.py:subpixellate:1807 | Resampling subslice 3/5
    INFO | 2026-08-24 14:30:45 | slittrace.py:get_radec_image:536 | Generating an RA/DEC image with slice_offset=0.000
    INFO | 2026-08-24 14:30:46 | datacube.py:subpixellate:1807 | Resampling subslice 4/5
    INFO | 2026-08-24 14:30:46 | slittrace.py:get_radec_image:536 | Generating an RA/DEC image with slice_offset=0.200
    INFO | 2026-08-24 14:30:46 | datacube.py:subpixellate:1807 | Resampling subslice 5/5
    INFO | 2026-08-24 14:30:46 | slittrace.py:get_radec_image:536 | Generating an RA/DEC image with slice_offset=0.400
    INFO | 2026-08-24 14:30:47 | datacube.py:subpixellate:1832 | Preparing subpixel weights
    INFO | 2026-08-24 14:30:49 | datacube.py:subpixellate:1772 | Resampling slit 2/24 of frame 2/2
    INFO | 2026-08-24 14:30:50 | datacube.py:subpixellate:1807 | Resampling subslice 1/5
    INFO | 2026-08-24 14:30:50 | slittrace.py:get_radec_image:536 | Generating an RA/DEC image with slice_offset=-0.400
    INFO | 2026-08-24 14:30:51 | datacube.py:subpixellate:1807 | Resampling subslice 2/5
    INFO | 2026-08-24 14:30:51 | slittrace.py:get_radec_image:536 | Generating an RA/DEC image with slice_offset=-0.200
    INFO | 2026-08-24 14:30:51 | datacube.py:subpixellate:1807 | Resampling subslice 3/5
    INFO | 2026-08-24 14:30:51 | slittrace.py:get_radec_image:536 | Generating an RA/DEC image with slice_offset=0.000
    INFO | 2026-08-24 14:30:52 | datacube.py:subpixellate:1807 | Resampling subslice 4/5
    INFO | 2026-08-24 14:30:52 | slittrace.py:get_radec_image:536 | Generating an RA/DEC image with slice_offset=0.200
    INFO | 2026-08-24 14:30:53 | datacube.py:subpixellate:1807 | Resampling subslice 5/5
    INFO | 2026-08-24 14:30:53 | slittrace.py:get_radec_image:536 | Generating an RA/DEC image with slice_offset=0.400
    INFO | 2026-08-24 14:30:54 | datacube.py:subpixellate:1832 | Preparing subpixel weights
    INFO | 2026-08-24 14:30:56 | datacube.py:subpixellate:1772 | Resampling slit 3/24 of frame 2/2
    INFO | 2026-08-24 14:30:56 | datacube.py:subpixellate:1807 | Resampling subslice 1/5
    INFO | 2026-08-24 14:30:56 | slittrace.py:get_radec_image:536 | Generating an RA/DEC image with slice_offset=-0.400
    INFO | 2026-08-24 14:30:57 | datacube.py:subpixellate:1807 | Resampling subslice 2/5
    INFO | 2026-08-24 14:30:57 | slittrace.py:get_radec_image:536 | Generating an RA/DEC image with slice_offset=-0.200
    INFO | 2026-08-24 14:30:58 | datacube.py:subpixellate:1807 | Resampling subslice 3/5
    INFO | 2026-08-24 14:30:58 | slittrace.py:get_radec_image:536 | Generating an RA/DEC image with slice_offset=0.000
    INFO | 2026-08-24 14:30:59 | datacube.py:subpixellate:1807 | Resampling subslice 4/5
    INFO | 2026-08-24 14:30:59 | slittrace.py:get_radec_image:536 | Generating an RA/DEC image with slice_offset=0.200
    INFO | 2026-08-24 14:31:00 | datacube.py:subpixellate:1807 | Resampling subslice 5/5
    INFO | 2026-08-24 14:31:00 | slittrace.py:get_radec_image:536 | Generating an RA/DEC image with slice_offset=0.400
    INFO | 2026-08-24 14:31:00 | datacube.py:subpixellate:1832 | Preparing subpixel weights
    INFO | 2026-08-24 14:31:03 | datacube.py:subpixellate:1772 | Resampling slit 4/24 of frame 2/2
    INFO | 2026-08-24 14:31:03 | datacube.py:subpixellate:1807 | Resampling subslice 1/5
    INFO | 2026-08-24 14:31:03 | slittrace.py:get_radec_image:536 | Generating an RA/DEC image with slice_offset=-0.400
    INFO | 2026-08-24 14:31:04 | datacube.py:subpixellate:1807 | Resampling subslice 2/5
    INFO | 2026-08-24 14:31:04 | slittrace.py:get_radec_image:536 | Generating an RA/DEC image with slice_offset=-0.200
    INFO | 2026-08-24 14:31:05 | datacube.py:subpixellate:1807 | Resampling subslice 3/5
    INFO | 2026-08-24 14:31:05 | slittrace.py:get_radec_image:536 | Generating an RA/DEC image with slice_offset=0.000
    INFO | 2026-08-24 14:31:05 | datacube.py:subpixellate:1807 | Resampling subslice 4/5
    INFO | 2026-08-24 14:31:05 | slittrace.py:get_radec_image:536 | Generating an RA/DEC image with slice_offset=0.200
    INFO | 2026-08-24 14:31:06 | datacube.py:subpixellate:1807 | Resampling subslice 5/5
    INFO | 2026-08-24 14:31:06 | slittrace.py:get_radec_image:536 | Generating an RA/DEC image with slice_offset=0.400
    INFO | 2026-08-24 14:31:07 | datacube.py:subpixellate:1832 | Preparing subpixel weights
    INFO | 2026-08-24 14:31:09 | datacube.py:subpixellate:1772 | Resampling slit 5/24 of frame 2/2
    INFO | 2026-08-24 14:31:10 | datacube.py:subpixellate:1807 | Resampling subslice 1/5
    INFO | 2026-08-24 14:31:10 | slittrace.py:get_radec_image:536 | Generating an RA/DEC image with slice_offset=-0.400
    INFO | 2026-08-24 14:31:11 | datacube.py:subpixellate:1807 | Resampling subslice 2/5
    INFO | 2026-08-24 14:31:11 | slittrace.py:get_radec_image:536 | Generating an RA/DEC image with slice_offset=-0.200
    INFO | 2026-08-24 14:31:11 | datacube.py:subpixellate:1807 | Resampling subslice 3/5
    INFO | 2026-08-24 14:31:11 | slittrace.py:get_radec_image:536 | Generating an RA/DEC image with slice_offset=0.000
    INFO | 2026-08-24 14:31:12 | datacube.py:subpixellate:1807 | Resampling subslice 4/5
    INFO | 2026-08-24 14:31:12 | slittrace.py:get_radec_image:536 | Generating an RA/DEC image with slice_offset=0.200
    INFO | 2026-08-24 14:31:13 | datacube.py:subpixellate:1807 | Resampling subslice 5/5
    INFO | 2026-08-24 14:31:13 | slittrace.py:get_radec_image:536 | Generating an RA/DEC image with slice_offset=0.400
    INFO | 2026-08-24 14:31:14 | datacube.py:subpixellate:1832 | Preparing subpixel weights
    INFO | 2026-08-24 14:31:16 | datacube.py:subpixellate:1772 | Resampling slit 6/24 of frame 2/2
    INFO | 2026-08-24 14:31:16 | datacube.py:subpixellate:1807 | Resampling subslice 1/5
    INFO | 2026-08-24 14:31:16 | slittrace.py:get_radec_image:536 | Generating an RA/DEC image with slice_offset=-0.400
    INFO | 2026-08-24 14:31:17 | datacube.py:subpixellate:1807 | Resampling subslice 2/5
    INFO | 2026-08-24 14:31:17 | slittrace.py:get_radec_image:536 | Generating an RA/DEC image with slice_offset=-0.200
    INFO | 2026-08-24 14:31:18 | datacube.py:subpixellate:1807 | Resampling subslice 3/5
    INFO | 2026-08-24 14:31:18 | slittrace.py:get_radec_image:536 | Generating an RA/DEC image with slice_offset=0.000
    INFO | 2026-08-24 14:31:19 | datacube.py:subpixellate:1807 | Resampling subslice 4/5
    INFO | 2026-08-24 14:31:19 | slittrace.py:get_radec_image:536 | Generating an RA/DEC image with slice_offset=0.200
    INFO | 2026-08-24 14:31:19 | datacube.py:subpixellate:1807 | Resampling subslice 5/5
    INFO | 2026-08-24 14:31:19 | slittrace.py:get_radec_image:536 | Generating an RA/DEC image with slice_offset=0.400
    INFO | 2026-08-24 14:31:20 | datacube.py:subpixellate:1832 | Preparing subpixel weights
    INFO | 2026-08-24 14:31:22 | datacube.py:subpixellate:1772 | Resampling slit 7/24 of frame 2/2
    INFO | 2026-08-24 14:31:23 | datacube.py:subpixellate:1807 | Resampling subslice 1/5
    INFO | 2026-08-24 14:31:23 | slittrace.py:get_radec_image:536 | Generating an RA/DEC image with slice_offset=-0.400
    INFO | 2026-08-24 14:31:24 | datacube.py:subpixellate:1807 | Resampling subslice 2/5
    INFO | 2026-08-24 14:31:24 | slittrace.py:get_radec_image:536 | Generating an RA/DEC image with slice_offset=-0.200
    INFO | 2026-08-24 14:31:24 | datacube.py:subpixellate:1807 | Resampling subslice 3/5
    INFO | 2026-08-24 14:31:24 | slittrace.py:get_radec_image:536 | Generating an RA/DEC image with slice_offset=0.000
    INFO | 2026-08-24 14:31:25 | datacube.py:subpixellate:1807 | Resampling subslice 4/5
    INFO | 2026-08-24 14:31:25 | slittrace.py:get_radec_image:536 | Generating an RA/DEC image with slice_offset=0.200
    INFO | 2026-08-24 14:31:26 | datacube.py:subpixellate:1807 | Resampling subslice 5/5
    INFO | 2026-08-24 14:31:26 | slittrace.py:get_radec_image:536 | Generating an RA/DEC image with slice_offset=0.400
    INFO | 2026-08-24 14:31:27 | datacube.py:subpixellate:1832 | Preparing subpixel weights
    INFO | 2026-08-24 14:31:29 | datacube.py:subpixellate:1772 | Resampling slit 8/24 of frame 2/2
    INFO | 2026-08-24 14:31:29 | datacube.py:subpixellate:1807 | Resampling subslice 1/5
    INFO | 2026-08-24 14:31:29 | slittrace.py:get_radec_image:536 | Generating an RA/DEC image with slice_offset=-0.400
    INFO | 2026-08-24 14:31:30 | datacube.py:subpixellate:1807 | Resampling subslice 2/5
    INFO | 2026-08-24 14:31:30 | slittrace.py:get_radec_image:536 | Generating an RA/DEC image with slice_offset=-0.200
    INFO | 2026-08-24 14:31:31 | datacube.py:subpixellate:1807 | Resampling subslice 3/5
    INFO | 2026-08-24 14:31:31 | slittrace.py:get_radec_image:536 | Generating an RA/DEC image with slice_offset=0.000
    INFO | 2026-08-24 14:31:32 | datacube.py:subpixellate:1807 | Resampling subslice 4/5
    INFO | 2026-08-24 14:31:32 | slittrace.py:get_radec_image:536 | Generating an RA/DEC image with slice_offset=0.200
    INFO | 2026-08-24 14:31:32 | datacube.py:subpixellate:1807 | Resampling subslice 5/5
    INFO | 2026-08-24 14:31:32 | slittrace.py:get_radec_image:536 | Generating an RA/DEC image with slice_offset=0.400
    INFO | 2026-08-24 14:31:33 | datacube.py:subpixellate:1832 | Preparing subpixel weights
    INFO | 2026-08-24 14:31:35 | datacube.py:subpixellate:1772 | Resampling slit 9/24 of frame 2/2
    INFO | 2026-08-24 14:31:36 | datacube.py:subpixellate:1807 | Resampling subslice 1/5
    INFO | 2026-08-24 14:31:36 | slittrace.py:get_radec_image:536 | Generating an RA/DEC image with slice_offset=-0.400
    INFO | 2026-08-24 14:31:36 | datacube.py:subpixellate:1807 | Resampling subslice 2/5
    INFO | 2026-08-24 14:31:36 | slittrace.py:get_radec_image:536 | Generating an RA/DEC image with slice_offset=-0.200
    INFO | 2026-08-24 14:31:37 | datacube.py:subpixellate:1807 | Resampling subslice 3/5
    INFO | 2026-08-24 14:31:37 | slittrace.py:get_radec_image:536 | Generating an RA/DEC image with slice_offset=0.000
    INFO | 2026-08-24 14:31:38 | datacube.py:subpixellate:1807 | Resampling subslice 4/5
    INFO | 2026-08-24 14:31:38 | slittrace.py:get_radec_image:536 | Generating an RA/DEC image with slice_offset=0.200
    INFO | 2026-08-24 14:31:39 | datacube.py:subpixellate:1807 | Resampling subslice 5/5
    INFO | 2026-08-24 14:31:39 | slittrace.py:get_radec_image:536 | Generating an RA/DEC image with slice_offset=0.400
    INFO | 2026-08-24 14:31:40 | datacube.py:subpixellate:1832 | Preparing subpixel weights
    INFO | 2026-08-24 14:31:42 | datacube.py:subpixellate:1772 | Resampling slit 10/24 of frame 2/2
    INFO | 2026-08-24 14:31:42 | datacube.py:subpixellate:1807 | Resampling subslice 1/5
    INFO | 2026-08-24 14:31:42 | slittrace.py:get_radec_image:536 | Generating an RA/DEC image with slice_offset=-0.400
    INFO | 2026-08-24 14:31:43 | datacube.py:subpixellate:1807 | Resampling subslice 2/5
    INFO | 2026-08-24 14:31:43 | slittrace.py:get_radec_image:536 | Generating an RA/DEC image with slice_offset=-0.200
    INFO | 2026-08-24 14:31:44 | datacube.py:subpixellate:1807 | Resampling subslice 3/5
    INFO | 2026-08-24 14:31:44 | slittrace.py:get_radec_image:536 | Generating an RA/DEC image with slice_offset=0.000
    INFO | 2026-08-24 14:31:45 | datacube.py:subpixellate:1807 | Resampling subslice 4/5
    INFO | 2026-08-24 14:31:45 | slittrace.py:get_radec_image:536 | Generating an RA/DEC image with slice_offset=0.200
    INFO | 2026-08-24 14:31:45 | datacube.py:subpixellate:1807 | Resampling subslice 5/5
    INFO | 2026-08-24 14:31:45 | slittrace.py:get_radec_image:536 | Generating an RA/DEC image with slice_offset=0.400
    INFO | 2026-08-24 14:31:46 | datacube.py:subpixellate:1832 | Preparing subpixel weights
    INFO | 2026-08-24 14:31:48 | datacube.py:subpixellate:1772 | Resampling slit 11/24 of frame 2/2
    INFO | 2026-08-24 14:31:49 | datacube.py:subpixellate:1807 | Resampling subslice 1/5
    INFO | 2026-08-24 14:31:49 | slittrace.py:get_radec_image:536 | Generating an RA/DEC image with slice_offset=-0.400
    INFO | 2026-08-24 14:31:50 | datacube.py:subpixellate:1807 | Resampling subslice 2/5
    INFO | 2026-08-24 14:31:50 | slittrace.py:get_radec_image:536 | Generating an RA/DEC image with slice_offset=-0.200
    INFO | 2026-08-24 14:31:50 | datacube.py:subpixellate:1807 | Resampling subslice 3/5
    INFO | 2026-08-24 14:31:50 | slittrace.py:get_radec_image:536 | Generating an RA/DEC image with slice_offset=0.000
    INFO | 2026-08-24 14:31:51 | datacube.py:subpixellate:1807 | Resampling subslice 4/5
    INFO | 2026-08-24 14:31:51 | slittrace.py:get_radec_image:536 | Generating an RA/DEC image with slice_offset=0.200
    INFO | 2026-08-24 14:31:52 | datacube.py:subpixellate:1807 | Resampling subslice 5/5
    INFO | 2026-08-24 14:31:52 | slittrace.py:get_radec_image:536 | Generating an RA/DEC image with slice_offset=0.400
    INFO | 2026-08-24 14:31:53 | datacube.py:subpixellate:1832 | Preparing subpixel weights
    INFO | 2026-08-24 14:31:55 | datacube.py:subpixellate:1772 | Resampling slit 12/24 of frame 2/2
    INFO | 2026-08-24 14:31:55 | datacube.py:subpixellate:1807 | Resampling subslice 1/5
    INFO | 2026-08-24 14:31:55 | slittrace.py:get_radec_image:536 | Generating an RA/DEC image with slice_offset=-0.400
    INFO | 2026-08-24 14:31:56 | datacube.py:subpixellate:1807 | Resampling subslice 2/5
    INFO | 2026-08-24 14:31:56 | slittrace.py:get_radec_image:536 | Generating an RA/DEC image with slice_offset=-0.200
    INFO | 2026-08-24 14:31:57 | datacube.py:subpixellate:1807 | Resampling subslice 3/5
    INFO | 2026-08-24 14:31:57 | slittrace.py:get_radec_image:536 | Generating an RA/DEC image with slice_offset=0.000
    INFO | 2026-08-24 14:31:57 | datacube.py:subpixellate:1807 | Resampling subslice 4/5
    INFO | 2026-08-24 14:31:57 | slittrace.py:get_radec_image:536 | Generating an RA/DEC image with slice_offset=0.200
    INFO | 2026-08-24 14:31:58 | datacube.py:subpixellate:1807 | Resampling subslice 5/5
    INFO | 2026-08-24 14:31:58 | slittrace.py:get_radec_image:536 | Generating an RA/DEC image with slice_offset=0.400
    INFO | 2026-08-24 14:31:59 | datacube.py:subpixellate:1832 | Preparing subpixel weights
    INFO | 2026-08-24 14:32:01 | datacube.py:subpixellate:1772 | Resampling slit 13/24 of frame 2/2
    INFO | 2026-08-24 14:32:02 | datacube.py:subpixellate:1807 | Resampling subslice 1/5
    INFO | 2026-08-24 14:32:02 | slittrace.py:get_radec_image:536 | Generating an RA/DEC image with slice_offset=-0.400
    INFO | 2026-08-24 14:32:02 | datacube.py:subpixellate:1807 | Resampling subslice 2/5
    INFO | 2026-08-24 14:32:02 | slittrace.py:get_radec_image:536 | Generating an RA/DEC image with slice_offset=-0.200
    INFO | 2026-08-24 14:32:03 | datacube.py:subpixellate:1807 | Resampling subslice 3/5
    INFO | 2026-08-24 14:32:03 | slittrace.py:get_radec_image:536 | Generating an RA/DEC image with slice_offset=0.000
    INFO | 2026-08-24 14:32:04 | datacube.py:subpixellate:1807 | Resampling subslice 4/5
    INFO | 2026-08-24 14:32:04 | slittrace.py:get_radec_image:536 | Generating an RA/DEC image with slice_offset=0.200
    INFO | 2026-08-24 14:32:05 | datacube.py:subpixellate:1807 | Resampling subslice 5/5
    INFO | 2026-08-24 14:32:05 | slittrace.py:get_radec_image:536 | Generating an RA/DEC image with slice_offset=0.400
    INFO | 2026-08-24 14:32:05 | datacube.py:subpixellate:1832 | Preparing subpixel weights
    INFO | 2026-08-24 14:32:08 | datacube.py:subpixellate:1772 | Resampling slit 14/24 of frame 2/2
    INFO | 2026-08-24 14:32:08 | datacube.py:subpixellate:1807 | Resampling subslice 1/5
    INFO | 2026-08-24 14:32:08 | slittrace.py:get_radec_image:536 | Generating an RA/DEC image with slice_offset=-0.400
    INFO | 2026-08-24 14:32:09 | datacube.py:subpixellate:1807 | Resampling subslice 2/5
    INFO | 2026-08-24 14:32:09 | slittrace.py:get_radec_image:536 | Generating an RA/DEC image with slice_offset=-0.200
    INFO | 2026-08-24 14:32:09 | datacube.py:subpixellate:1807 | Resampling subslice 3/5
    INFO | 2026-08-24 14:32:09 | slittrace.py:get_radec_image:536 | Generating an RA/DEC image with slice_offset=0.000
    INFO | 2026-08-24 14:32:10 | datacube.py:subpixellate:1807 | Resampling subslice 4/5
    INFO | 2026-08-24 14:32:10 | slittrace.py:get_radec_image:536 | Generating an RA/DEC image with slice_offset=0.200
    INFO | 2026-08-24 14:32:11 | datacube.py:subpixellate:1807 | Resampling subslice 5/5
    INFO | 2026-08-24 14:32:11 | slittrace.py:get_radec_image:536 | Generating an RA/DEC image with slice_offset=0.400
    INFO | 2026-08-24 14:32:12 | datacube.py:subpixellate:1832 | Preparing subpixel weights
    INFO | 2026-08-24 14:32:14 | datacube.py:subpixellate:1772 | Resampling slit 15/24 of frame 2/2
    INFO | 2026-08-24 14:32:14 | datacube.py:subpixellate:1807 | Resampling subslice 1/5
    INFO | 2026-08-24 14:32:14 | slittrace.py:get_radec_image:536 | Generating an RA/DEC image with slice_offset=-0.400
    INFO | 2026-08-24 14:32:15 | datacube.py:subpixellate:1807 | Resampling subslice 2/5
    INFO | 2026-08-24 14:32:15 | slittrace.py:get_radec_image:536 | Generating an RA/DEC image with slice_offset=-0.200
    INFO | 2026-08-24 14:32:16 | datacube.py:subpixellate:1807 | Resampling subslice 3/5
    INFO | 2026-08-24 14:32:16 | slittrace.py:get_radec_image:536 | Generating an RA/DEC image with slice_offset=0.000
    INFO | 2026-08-24 14:32:17 | datacube.py:subpixellate:1807 | Resampling subslice 4/5
    INFO | 2026-08-24 14:32:17 | slittrace.py:get_radec_image:536 | Generating an RA/DEC image with slice_offset=0.200
    INFO | 2026-08-24 14:32:17 | datacube.py:subpixellate:1807 | Resampling subslice 5/5
    INFO | 2026-08-24 14:32:17 | slittrace.py:get_radec_image:536 | Generating an RA/DEC image with slice_offset=0.400
    INFO | 2026-08-24 14:32:18 | datacube.py:subpixellate:1832 | Preparing subpixel weights
    INFO | 2026-08-24 14:32:20 | datacube.py:subpixellate:1772 | Resampling slit 16/24 of frame 2/2
    INFO | 2026-08-24 14:32:21 | datacube.py:subpixellate:1807 | Resampling subslice 1/5
    INFO | 2026-08-24 14:32:21 | slittrace.py:get_radec_image:536 | Generating an RA/DEC image with slice_offset=-0.400
    INFO | 2026-08-24 14:32:22 | datacube.py:subpixellate:1807 | Resampling subslice 2/5
    INFO | 2026-08-24 14:32:22 | slittrace.py:get_radec_image:536 | Generating an RA/DEC image with slice_offset=-0.200
    INFO | 2026-08-24 14:32:22 | datacube.py:subpixellate:1807 | Resampling subslice 3/5
    INFO | 2026-08-24 14:32:22 | slittrace.py:get_radec_image:536 | Generating an RA/DEC image with slice_offset=0.000
    INFO | 2026-08-24 14:32:23 | datacube.py:subpixellate:1807 | Resampling subslice 4/5
    INFO | 2026-08-24 14:32:23 | slittrace.py:get_radec_image:536 | Generating an RA/DEC image with slice_offset=0.200
    INFO | 2026-08-24 14:32:24 | datacube.py:subpixellate:1807 | Resampling subslice 5/5
    INFO | 2026-08-24 14:32:24 | slittrace.py:get_radec_image:536 | Generating an RA/DEC image with slice_offset=0.400
    INFO | 2026-08-24 14:32:25 | datacube.py:subpixellate:1832 | Preparing subpixel weights
    INFO | 2026-08-24 14:32:27 | datacube.py:subpixellate:1772 | Resampling slit 17/24 of frame 2/2
    INFO | 2026-08-24 14:32:27 | datacube.py:subpixellate:1807 | Resampling subslice 1/5
    INFO | 2026-08-24 14:32:27 | slittrace.py:get_radec_image:536 | Generating an RA/DEC image with slice_offset=-0.400
    INFO | 2026-08-24 14:32:28 | datacube.py:subpixellate:1807 | Resampling subslice 2/5
    INFO | 2026-08-24 14:32:28 | slittrace.py:get_radec_image:536 | Generating an RA/DEC image with slice_offset=-0.200
    INFO | 2026-08-24 14:32:29 | datacube.py:subpixellate:1807 | Resampling subslice 3/5
    INFO | 2026-08-24 14:32:29 | slittrace.py:get_radec_image:536 | Generating an RA/DEC image with slice_offset=0.000
    INFO | 2026-08-24 14:32:30 | datacube.py:subpixellate:1807 | Resampling subslice 4/5
    INFO | 2026-08-24 14:32:30 | slittrace.py:get_radec_image:536 | Generating an RA/DEC image with slice_offset=0.200
    INFO | 2026-08-24 14:32:30 | datacube.py:subpixellate:1807 | Resampling subslice 5/5
    INFO | 2026-08-24 14:32:30 | slittrace.py:get_radec_image:536 | Generating an RA/DEC image with slice_offset=0.400
    INFO | 2026-08-24 14:32:31 | datacube.py:subpixellate:1832 | Preparing subpixel weights
    INFO | 2026-08-24 14:32:33 | datacube.py:subpixellate:1772 | Resampling slit 18/24 of frame 2/2
    INFO | 2026-08-24 14:32:34 | datacube.py:subpixellate:1807 | Resampling subslice 1/5
    INFO | 2026-08-24 14:32:34 | slittrace.py:get_radec_image:536 | Generating an RA/DEC image with slice_offset=-0.400
    INFO | 2026-08-24 14:32:35 | datacube.py:subpixellate:1807 | Resampling subslice 2/5
    INFO | 2026-08-24 14:32:35 | slittrace.py:get_radec_image:536 | Generating an RA/DEC image with slice_offset=-0.200
    INFO | 2026-08-24 14:32:35 | datacube.py:subpixellate:1807 | Resampling subslice 3/5
    INFO | 2026-08-24 14:32:35 | slittrace.py:get_radec_image:536 | Generating an RA/DEC image with slice_offset=0.000
    INFO | 2026-08-24 14:32:36 | datacube.py:subpixellate:1807 | Resampling subslice 4/5
    INFO | 2026-08-24 14:32:36 | slittrace.py:get_radec_image:536 | Generating an RA/DEC image with slice_offset=0.200
    INFO | 2026-08-24 14:32:37 | datacube.py:subpixellate:1807 | Resampling subslice 5/5
    INFO | 2026-08-24 14:32:37 | slittrace.py:get_radec_image:536 | Generating an RA/DEC image with slice_offset=0.400
    INFO | 2026-08-24 14:32:38 | datacube.py:subpixellate:1832 | Preparing subpixel weights
    INFO | 2026-08-24 14:32:40 | datacube.py:subpixellate:1772 | Resampling slit 19/24 of frame 2/2
    INFO | 2026-08-24 14:32:40 | datacube.py:subpixellate:1807 | Resampling subslice 1/5
    INFO | 2026-08-24 14:32:40 | slittrace.py:get_radec_image:536 | Generating an RA/DEC image with slice_offset=-0.400
    INFO | 2026-08-24 14:32:41 | datacube.py:subpixellate:1807 | Resampling subslice 2/5
    INFO | 2026-08-24 14:32:41 | slittrace.py:get_radec_image:536 | Generating an RA/DEC image with slice_offset=-0.200
    INFO | 2026-08-24 14:32:42 | datacube.py:subpixellate:1807 | Resampling subslice 3/5
    INFO | 2026-08-24 14:32:42 | slittrace.py:get_radec_image:536 | Generating an RA/DEC image with slice_offset=0.000
    INFO | 2026-08-24 14:32:43 | datacube.py:subpixellate:1807 | Resampling subslice 4/5
    INFO | 2026-08-24 14:32:43 | slittrace.py:get_radec_image:536 | Generating an RA/DEC image with slice_offset=0.200
    INFO | 2026-08-24 14:32:43 | datacube.py:subpixellate:1807 | Resampling subslice 5/5
    INFO | 2026-08-24 14:32:43 | slittrace.py:get_radec_image:536 | Generating an RA/DEC image with slice_offset=0.400
    INFO | 2026-08-24 14:32:44 | datacube.py:subpixellate:1832 | Preparing subpixel weights
    INFO | 2026-08-24 14:32:47 | datacube.py:subpixellate:1772 | Resampling slit 20/24 of frame 2/2
    INFO | 2026-08-24 14:32:47 | datacube.py:subpixellate:1807 | Resampling subslice 1/5
    INFO | 2026-08-24 14:32:47 | slittrace.py:get_radec_image:536 | Generating an RA/DEC image with slice_offset=-0.400
    INFO | 2026-08-24 14:32:48 | datacube.py:subpixellate:1807 | Resampling subslice 2/5
    INFO | 2026-08-24 14:32:48 | slittrace.py:get_radec_image:536 | Generating an RA/DEC image with slice_offset=-0.200
    INFO | 2026-08-24 14:32:49 | datacube.py:subpixellate:1807 | Resampling subslice 3/5
    INFO | 2026-08-24 14:32:49 | slittrace.py:get_radec_image:536 | Generating an RA/DEC image with slice_offset=0.000
    INFO | 2026-08-24 14:32:49 | datacube.py:subpixellate:1807 | Resampling subslice 4/5
    INFO | 2026-08-24 14:32:49 | slittrace.py:get_radec_image:536 | Generating an RA/DEC image with slice_offset=0.200
    INFO | 2026-08-24 14:32:50 | datacube.py:subpixellate:1807 | Resampling subslice 5/5
    INFO | 2026-08-24 14:32:50 | slittrace.py:get_radec_image:536 | Generating an RA/DEC image with slice_offset=0.400
    INFO | 2026-08-24 14:32:51 | datacube.py:subpixellate:1832 | Preparing subpixel weights
    INFO | 2026-08-24 14:32:53 | datacube.py:subpixellate:1772 | Resampling slit 21/24 of frame 2/2
    INFO | 2026-08-24 14:32:54 | datacube.py:subpixellate:1807 | Resampling subslice 1/5
    INFO | 2026-08-24 14:32:54 | slittrace.py:get_radec_image:536 | Generating an RA/DEC image with slice_offset=-0.400
    INFO | 2026-08-24 14:32:55 | datacube.py:subpixellate:1807 | Resampling subslice 2/5
    INFO | 2026-08-24 14:32:55 | slittrace.py:get_radec_image:536 | Generating an RA/DEC image with slice_offset=-0.200
    INFO | 2026-08-24 14:32:55 | datacube.py:subpixellate:1807 | Resampling subslice 3/5
    INFO | 2026-08-24 14:32:55 | slittrace.py:get_radec_image:536 | Generating an RA/DEC image with slice_offset=0.000
    INFO | 2026-08-24 14:32:56 | datacube.py:subpixellate:1807 | Resampling subslice 4/5
    INFO | 2026-08-24 14:32:56 | slittrace.py:get_radec_image:536 | Generating an RA/DEC image with slice_offset=0.200
    INFO | 2026-08-24 14:32:57 | datacube.py:subpixellate:1807 | Resampling subslice 5/5
    INFO | 2026-08-24 14:32:57 | slittrace.py:get_radec_image:536 | Generating an RA/DEC image with slice_offset=0.400
    INFO | 2026-08-24 14:32:58 | datacube.py:subpixellate:1832 | Preparing subpixel weights
    INFO | 2026-08-24 14:33:00 | datacube.py:subpixellate:1772 | Resampling slit 22/24 of frame 2/2
    INFO | 2026-08-24 14:33:01 | datacube.py:subpixellate:1807 | Resampling subslice 1/5
    INFO | 2026-08-24 14:33:01 | slittrace.py:get_radec_image:536 | Generating an RA/DEC image with slice_offset=-0.400
    INFO | 2026-08-24 14:33:01 | datacube.py:subpixellate:1807 | Resampling subslice 2/5
    INFO | 2026-08-24 14:33:01 | slittrace.py:get_radec_image:536 | Generating an RA/DEC image with slice_offset=-0.200
    INFO | 2026-08-24 14:33:02 | datacube.py:subpixellate:1807 | Resampling subslice 3/5
    INFO | 2026-08-24 14:33:02 | slittrace.py:get_radec_image:536 | Generating an RA/DEC image with slice_offset=0.000
    INFO | 2026-08-24 14:33:03 | datacube.py:subpixellate:1807 | Resampling subslice 4/5
    INFO | 2026-08-24 14:33:03 | slittrace.py:get_radec_image:536 | Generating an RA/DEC image with slice_offset=0.200
    INFO | 2026-08-24 14:33:04 | datacube.py:subpixellate:1807 | Resampling subslice 5/5
    INFO | 2026-08-24 14:33:04 | slittrace.py:get_radec_image:536 | Generating an RA/DEC image with slice_offset=0.400
    INFO | 2026-08-24 14:33:05 | datacube.py:subpixellate:1832 | Preparing subpixel weights
    INFO | 2026-08-24 14:33:07 | datacube.py:subpixellate:1772 | Resampling slit 23/24 of frame 2/2
    INFO | 2026-08-24 14:33:07 | datacube.py:subpixellate:1807 | Resampling subslice 1/5
    INFO | 2026-08-24 14:33:07 | slittrace.py:get_radec_image:536 | Generating an RA/DEC image with slice_offset=-0.400
    INFO | 2026-08-24 14:33:08 | datacube.py:subpixellate:1807 | Resampling subslice 2/5
    INFO | 2026-08-24 14:33:08 | slittrace.py:get_radec_image:536 | Generating an RA/DEC image with slice_offset=-0.200
    INFO | 2026-08-24 14:33:09 | datacube.py:subpixellate:1807 | Resampling subslice 3/5
    INFO | 2026-08-24 14:33:09 | slittrace.py:get_radec_image:536 | Generating an RA/DEC image with slice_offset=0.000
    INFO | 2026-08-24 14:33:10 | datacube.py:subpixellate:1807 | Resampling subslice 4/5
    INFO | 2026-08-24 14:33:10 | slittrace.py:get_radec_image:536 | Generating an RA/DEC image with slice_offset=0.200
    INFO | 2026-08-24 14:33:10 | datacube.py:subpixellate:1807 | Resampling subslice 5/5
    INFO | 2026-08-24 14:33:10 | slittrace.py:get_radec_image:536 | Generating an RA/DEC image with slice_offset=0.400
    INFO | 2026-08-24 14:33:11 | datacube.py:subpixellate:1832 | Preparing subpixel weights
    INFO | 2026-08-24 14:33:14 | datacube.py:subpixellate:1772 | Resampling slit 24/24 of frame 2/2
    INFO | 2026-08-24 14:33:14 | datacube.py:subpixellate:1807 | Resampling subslice 1/5
    INFO | 2026-08-24 14:33:14 | slittrace.py:get_radec_image:536 | Generating an RA/DEC image with slice_offset=-0.400
    INFO | 2026-08-24 14:33:15 | datacube.py:subpixellate:1807 | Resampling subslice 2/5
    INFO | 2026-08-24 14:33:15 | slittrace.py:get_radec_image:536 | Generating an RA/DEC image with slice_offset=-0.200
    INFO | 2026-08-24 14:33:16 | datacube.py:subpixellate:1807 | Resampling subslice 3/5
    INFO | 2026-08-24 14:33:16 | slittrace.py:get_radec_image:536 | Generating an RA/DEC image with slice_offset=0.000
    INFO | 2026-08-24 14:33:16 | datacube.py:subpixellate:1807 | Resampling subslice 4/5
    INFO | 2026-08-24 14:33:16 | slittrace.py:get_radec_image:536 | Generating an RA/DEC image with slice_offset=0.200
    INFO | 2026-08-24 14:33:17 | datacube.py:subpixellate:1807 | Resampling subslice 5/5
    INFO | 2026-08-24 14:33:17 | slittrace.py:get_radec_image:536 | Generating an RA/DEC image with slice_offset=0.400
    INFO | 2026-08-24 14:33:18 | datacube.py:subpixellate:1832 | Preparing subpixel weights
    INFO | 2026-08-24 14:33:20 | datacube.py:generate_cube_subpixel:1625 | White light image covers the wavelength range 6400.46 A - 7132.13 A
    INFO | 2026-08-24 14:33:20 | datacube.py:generate_cube_subpixel:1630 | Saving white light image as: feige110_2024-11-06_B_whitelight.fits
    INFO | 2026-08-24 14:33:20 | coadd3d.py:run:1479 | Saving datacube as: feige110_2024-11-06_B.fits
    INFO | 2026-08-24 14:33:20 | io.py:write_to_fits:672 | File written to: feige110_2024-11-06_B.fits
    INFO | 2026-08-24 14:33:20 | coadd_datacube.py:main:75 | Execution time: 5m 55.78s
