    INFO | 2026-08-24 13:21:19 | inputfiles.py:from_file:136 | Loading the reduction file
    INFO | 2026-08-24 13:21:19 | inputfiles.py:from_file:214 | Coadd3d input file loaded successfully.
    INFO | 2026-08-24 13:21:19 | inputfiles.py:vet:927 | .coadd3d file successfully vetted.
    INFO | 2026-08-24 13:21:20 | coadd_datacube.py:main:55 | Restricting to detector=1
    INFO | 2026-08-24 13:21:20 | coadd3d.py:__init__:495 | No RA or Dec offsets have been provided.
    INFO | 2026-08-24 13:21:20 | coadd3d.py:__init__:536 | Adopting the subpixel algorithm to generate the datacube, with subpixellation scales:
  Spectral: 5
  Spatial: 5
  Slices: 5
    INFO | 2026-08-24 13:21:20 | coadd3d.py:set_default_skysub:736 | The sky model in the spec2d science frames will be used for sky subtraction
(unless specific skysub frames have been specified)
    INFO | 2026-08-24 13:21:20 | coadd3d.py:load:1019 | Loading PypeIt spec2d frame (1/3):
Science/spec2d_KR.20231109.40502.65-g191b2b_KCRM_20231109T111502.678.fits
    INFO | 2026-08-24 13:21:21 | coadd3d.py:load:1035 | Constructing slit image
    INFO | 2026-08-24 13:21:22 | coadd3d.py:get_current_skysub:829 | Using the following frame for sky subtraction:
image
    INFO | 2026-08-24 13:21:22 | coadd3d.py:get_current_scalecorr:718 | Relative spectral illumination correction will not be performed.
    INFO | 2026-08-24 13:21:22 | datacube.py:make_good_skymask:436 | Masking edge pixels where the sky model is poor
    INFO | 2026-08-24 13:21:24 | coadd3d.py:load:1090 | Using wavelength solution: wave0=6351.916, dispersion=0.140 Angstrom/pixel
    INFO | 2026-08-24 13:21:24 | coadd3d.py:get_alignments:962 | Loading alignments
    INFO | 2026-08-24 13:21:24 | datamodel.py:from_file:1558 | Loading Alignments from /Users/kaiwenzhang/PycharmProjects/KCWI/KCWI_RED_channel_characterization/RH1 pypeit run/2023-11-08/pypeit_run/keck_kcrm_A/Calibrations/Alignment_A_0_DET01.fits
    INFO | 2026-08-24 13:21:25 | coadd3d.py:get_alignments:978 | Generating alignment splines
   DEBUG | 2026-08-24 13:21:25 | alignframe.py:__init__:350 | Spatial flexure is not currently implemented for the astrometric alignment
    INFO | 2026-08-24 13:21:25 | alignframe.py:build_splines:375 | Calculating astrometric transform of slit 1/24
    INFO | 2026-08-24 13:21:25 | alignframe.py:build_splines:375 | Calculating astrometric transform of slit 2/24
    INFO | 2026-08-24 13:21:25 | alignframe.py:build_splines:375 | Calculating astrometric transform of slit 3/24
    INFO | 2026-08-24 13:21:26 | alignframe.py:build_splines:375 | Calculating astrometric transform of slit 4/24
 WARNING | 2026-08-24 13:21:26 | _interpolate.py:_call_linear:514 | RuntimeWarning: divide by zero encountered in divide
 WARNING | 2026-08-24 13:21:26 | _interpolate.py:_call_linear:515 | RuntimeWarning: divide by zero encountered in divide
 WARNING | 2026-08-24 13:21:26 | _interpolate.py:_call_linear:515 | RuntimeWarning: invalid value encountered in multiply
 WARNING | 2026-08-24 13:21:26 | _interpolate.py:_call_linear:514 | RuntimeWarning: invalid value encountered in add
    INFO | 2026-08-24 13:21:26 | alignframe.py:build_splines:375 | Calculating astrometric transform of slit 5/24
    INFO | 2026-08-24 13:21:26 | alignframe.py:build_splines:375 | Calculating astrometric transform of slit 6/24
    INFO | 2026-08-24 13:21:27 | alignframe.py:build_splines:375 | Calculating astrometric transform of slit 7/24
    INFO | 2026-08-24 13:21:27 | alignframe.py:build_splines:375 | Calculating astrometric transform of slit 8/24
    INFO | 2026-08-24 13:21:27 | alignframe.py:build_splines:375 | Calculating astrometric transform of slit 9/24
    INFO | 2026-08-24 13:21:28 | alignframe.py:build_splines:375 | Calculating astrometric transform of slit 10/24
    INFO | 2026-08-24 13:21:28 | alignframe.py:build_splines:375 | Calculating astrometric transform of slit 11/24
    INFO | 2026-08-24 13:21:28 | alignframe.py:build_splines:375 | Calculating astrometric transform of slit 12/24
    INFO | 2026-08-24 13:21:28 | alignframe.py:build_splines:375 | Calculating astrometric transform of slit 13/24
    INFO | 2026-08-24 13:21:29 | alignframe.py:build_splines:375 | Calculating astrometric transform of slit 14/24
    INFO | 2026-08-24 13:21:29 | alignframe.py:build_splines:375 | Calculating astrometric transform of slit 15/24
    INFO | 2026-08-24 13:21:29 | alignframe.py:build_splines:375 | Calculating astrometric transform of slit 16/24
    INFO | 2026-08-24 13:21:30 | alignframe.py:build_splines:375 | Calculating astrometric transform of slit 17/24
    INFO | 2026-08-24 13:21:30 | alignframe.py:build_splines:375 | Calculating astrometric transform of slit 18/24
    INFO | 2026-08-24 13:21:30 | alignframe.py:build_splines:375 | Calculating astrometric transform of slit 19/24
    INFO | 2026-08-24 13:21:30 | alignframe.py:build_splines:375 | Calculating astrometric transform of slit 20/24
    INFO | 2026-08-24 13:21:31 | alignframe.py:build_splines:375 | Calculating astrometric transform of slit 21/24
    INFO | 2026-08-24 13:21:31 | alignframe.py:build_splines:375 | Calculating astrometric transform of slit 22/24
    INFO | 2026-08-24 13:21:31 | alignframe.py:build_splines:375 | Calculating astrometric transform of slit 23/24
    INFO | 2026-08-24 13:21:32 | alignframe.py:build_splines:375 | Calculating astrometric transform of slit 24/24
    INFO | 2026-08-24 13:21:32 | keck_kcwi.py:get_wcs:634 | Generating KCRM WCS
    INFO | 2026-08-24 13:21:32 | slittrace.py:get_radec_image:536 | Generating an RA/DEC image
    INFO | 2026-08-24 13:21:38 | coadd3d.py:__init__:278 | Preparing the parameters for the DAR correction
    INFO | 2026-08-24 13:21:38 | coadd3d.py:__init__:294 | DAR correction parameters:
   Airmass = 1.22
   Pressure = 618.96 mbar
   Humidity = 7.50 %
   Temperature = 2.60 deg C
   Reference wavelength = 4500.00 Angstrom
    INFO | 2026-08-24 13:21:39 | coadd3d.py:load:1019 | Loading PypeIt spec2d frame (2/3):
Science/spec2d_KR.20231109.40805.59-g191b2b_KCRM_20231109T112005.597.fits
    INFO | 2026-08-24 13:21:41 | coadd3d.py:load:1035 | Constructing slit image
    INFO | 2026-08-24 13:21:42 | coadd3d.py:get_current_skysub:829 | Using the following frame for sky subtraction:
image
    INFO | 2026-08-24 13:21:42 | coadd3d.py:get_current_scalecorr:718 | Relative spectral illumination correction will not be performed.
    INFO | 2026-08-24 13:21:42 | datacube.py:make_good_skymask:436 | Masking edge pixels where the sky model is poor
    INFO | 2026-08-24 13:21:44 | coadd3d.py:load:1090 | Using wavelength solution: wave0=6351.915, dispersion=0.140 Angstrom/pixel
    INFO | 2026-08-24 13:21:44 | coadd3d.py:get_alignments:962 | Loading alignments
    INFO | 2026-08-24 13:21:44 | datamodel.py:from_file:1558 | Loading Alignments from /Users/kaiwenzhang/PycharmProjects/KCWI/KCWI_RED_channel_characterization/RH1 pypeit run/2023-11-08/pypeit_run/keck_kcrm_A/Calibrations/Alignment_A_0_DET01.fits
    INFO | 2026-08-24 13:21:44 | coadd3d.py:get_alignments:978 | Generating alignment splines
   DEBUG | 2026-08-24 13:21:44 | alignframe.py:__init__:350 | Spatial flexure is not currently implemented for the astrometric alignment
    INFO | 2026-08-24 13:21:44 | alignframe.py:build_splines:375 | Calculating astrometric transform of slit 1/24
    INFO | 2026-08-24 13:21:45 | alignframe.py:build_splines:375 | Calculating astrometric transform of slit 2/24
    INFO | 2026-08-24 13:21:45 | alignframe.py:build_splines:375 | Calculating astrometric transform of slit 3/24
    INFO | 2026-08-24 13:21:45 | alignframe.py:build_splines:375 | Calculating astrometric transform of slit 4/24
 WARNING | 2026-08-24 13:21:46 | _interpolate.py:_call_linear:514 | RuntimeWarning: divide by zero encountered in divide
 WARNING | 2026-08-24 13:21:46 | _interpolate.py:_call_linear:515 | RuntimeWarning: divide by zero encountered in divide
 WARNING | 2026-08-24 13:21:46 | _interpolate.py:_call_linear:515 | RuntimeWarning: invalid value encountered in multiply
 WARNING | 2026-08-24 13:21:46 | _interpolate.py:_call_linear:514 | RuntimeWarning: invalid value encountered in add
    INFO | 2026-08-24 13:21:46 | alignframe.py:build_splines:375 | Calculating astrometric transform of slit 5/24
    INFO | 2026-08-24 13:21:46 | alignframe.py:build_splines:375 | Calculating astrometric transform of slit 6/24
    INFO | 2026-08-24 13:21:46 | alignframe.py:build_splines:375 | Calculating astrometric transform of slit 7/24
    INFO | 2026-08-24 13:21:47 | alignframe.py:build_splines:375 | Calculating astrometric transform of slit 8/24
    INFO | 2026-08-24 13:21:47 | alignframe.py:build_splines:375 | Calculating astrometric transform of slit 9/24
    INFO | 2026-08-24 13:21:47 | alignframe.py:build_splines:375 | Calculating astrometric transform of slit 10/24
    INFO | 2026-08-24 13:21:48 | alignframe.py:build_splines:375 | Calculating astrometric transform of slit 11/24
    INFO | 2026-08-24 13:21:48 | alignframe.py:build_splines:375 | Calculating astrometric transform of slit 12/24
    INFO | 2026-08-24 13:21:48 | alignframe.py:build_splines:375 | Calculating astrometric transform of slit 13/24
    INFO | 2026-08-24 13:21:48 | alignframe.py:build_splines:375 | Calculating astrometric transform of slit 14/24
    INFO | 2026-08-24 13:21:49 | alignframe.py:build_splines:375 | Calculating astrometric transform of slit 15/24
    INFO | 2026-08-24 13:21:49 | alignframe.py:build_splines:375 | Calculating astrometric transform of slit 16/24
    INFO | 2026-08-24 13:21:49 | alignframe.py:build_splines:375 | Calculating astrometric transform of slit 17/24
    INFO | 2026-08-24 13:21:50 | alignframe.py:build_splines:375 | Calculating astrometric transform of slit 18/24
    INFO | 2026-08-24 13:21:50 | alignframe.py:build_splines:375 | Calculating astrometric transform of slit 19/24
    INFO | 2026-08-24 13:21:50 | alignframe.py:build_splines:375 | Calculating astrometric transform of slit 20/24
    INFO | 2026-08-24 13:21:51 | alignframe.py:build_splines:375 | Calculating astrometric transform of slit 21/24
    INFO | 2026-08-24 13:21:51 | alignframe.py:build_splines:375 | Calculating astrometric transform of slit 22/24
    INFO | 2026-08-24 13:21:51 | alignframe.py:build_splines:375 | Calculating astrometric transform of slit 23/24
    INFO | 2026-08-24 13:21:51 | alignframe.py:build_splines:375 | Calculating astrometric transform of slit 24/24
    INFO | 2026-08-24 13:21:52 | keck_kcwi.py:get_wcs:634 | Generating KCRM WCS
    INFO | 2026-08-24 13:21:52 | slittrace.py:get_radec_image:536 | Generating an RA/DEC image
    INFO | 2026-08-24 13:21:58 | coadd3d.py:__init__:278 | Preparing the parameters for the DAR correction
    INFO | 2026-08-24 13:21:58 | coadd3d.py:__init__:294 | DAR correction parameters:
   Airmass = 1.22
   Pressure = 618.91 mbar
   Humidity = 7.30 %
   Temperature = 2.50 deg C
   Reference wavelength = 4500.00 Angstrom
    INFO | 2026-08-24 13:21:59 | coadd3d.py:load:1019 | Loading PypeIt spec2d frame (3/3):
Science/spec2d_KR.20231109.41104.45-g191b2b_KCRM_20231109T112504.454.fits
    INFO | 2026-08-24 13:22:00 | coadd3d.py:load:1035 | Constructing slit image
    INFO | 2026-08-24 13:22:01 | coadd3d.py:get_current_skysub:829 | Using the following frame for sky subtraction:
image
    INFO | 2026-08-24 13:22:01 | coadd3d.py:get_current_scalecorr:718 | Relative spectral illumination correction will not be performed.
    INFO | 2026-08-24 13:22:01 | datacube.py:make_good_skymask:436 | Masking edge pixels where the sky model is poor
    INFO | 2026-08-24 13:22:03 | coadd3d.py:load:1090 | Using wavelength solution: wave0=6351.915, dispersion=0.140 Angstrom/pixel
    INFO | 2026-08-24 13:22:04 | coadd3d.py:get_alignments:962 | Loading alignments
    INFO | 2026-08-24 13:22:04 | datamodel.py:from_file:1558 | Loading Alignments from /Users/kaiwenzhang/PycharmProjects/KCWI/KCWI_RED_channel_characterization/RH1 pypeit run/2023-11-08/pypeit_run/keck_kcrm_A/Calibrations/Alignment_A_0_DET01.fits
    INFO | 2026-08-24 13:22:04 | coadd3d.py:get_alignments:978 | Generating alignment splines
   DEBUG | 2026-08-24 13:22:04 | alignframe.py:__init__:350 | Spatial flexure is not currently implemented for the astrometric alignment
    INFO | 2026-08-24 13:22:04 | alignframe.py:build_splines:375 | Calculating astrometric transform of slit 1/24
    INFO | 2026-08-24 13:22:04 | alignframe.py:build_splines:375 | Calculating astrometric transform of slit 2/24
    INFO | 2026-08-24 13:22:05 | alignframe.py:build_splines:375 | Calculating astrometric transform of slit 3/24
    INFO | 2026-08-24 13:22:05 | alignframe.py:build_splines:375 | Calculating astrometric transform of slit 4/24
 WARNING | 2026-08-24 13:22:05 | _interpolate.py:_call_linear:514 | RuntimeWarning: divide by zero encountered in divide
 WARNING | 2026-08-24 13:22:05 | _interpolate.py:_call_linear:515 | RuntimeWarning: divide by zero encountered in divide
 WARNING | 2026-08-24 13:22:05 | _interpolate.py:_call_linear:515 | RuntimeWarning: invalid value encountered in multiply
 WARNING | 2026-08-24 13:22:05 | _interpolate.py:_call_linear:514 | RuntimeWarning: invalid value encountered in add
    INFO | 2026-08-24 13:22:05 | alignframe.py:build_splines:375 | Calculating astrometric transform of slit 5/24
    INFO | 2026-08-24 13:22:06 | alignframe.py:build_splines:375 | Calculating astrometric transform of slit 6/24
    INFO | 2026-08-24 13:22:06 | alignframe.py:build_splines:375 | Calculating astrometric transform of slit 7/24
    INFO | 2026-08-24 13:22:06 | alignframe.py:build_splines:375 | Calculating astrometric transform of slit 8/24
    INFO | 2026-08-24 13:22:07 | alignframe.py:build_splines:375 | Calculating astrometric transform of slit 9/24
    INFO | 2026-08-24 13:22:07 | alignframe.py:build_splines:375 | Calculating astrometric transform of slit 10/24
    INFO | 2026-08-24 13:22:07 | alignframe.py:build_splines:375 | Calculating astrometric transform of slit 11/24
    INFO | 2026-08-24 13:22:08 | alignframe.py:build_splines:375 | Calculating astrometric transform of slit 12/24
    INFO | 2026-08-24 13:22:08 | alignframe.py:build_splines:375 | Calculating astrometric transform of slit 13/24
    INFO | 2026-08-24 13:22:08 | alignframe.py:build_splines:375 | Calculating astrometric transform of slit 14/24
    INFO | 2026-08-24 13:22:08 | alignframe.py:build_splines:375 | Calculating astrometric transform of slit 15/24
    INFO | 2026-08-24 13:22:09 | alignframe.py:build_splines:375 | Calculating astrometric transform of slit 16/24
    INFO | 2026-08-24 13:22:09 | alignframe.py:build_splines:375 | Calculating astrometric transform of slit 17/24
    INFO | 2026-08-24 13:22:09 | alignframe.py:build_splines:375 | Calculating astrometric transform of slit 18/24
    INFO | 2026-08-24 13:22:10 | alignframe.py:build_splines:375 | Calculating astrometric transform of slit 19/24
    INFO | 2026-08-24 13:22:10 | alignframe.py:build_splines:375 | Calculating astrometric transform of slit 20/24
    INFO | 2026-08-24 13:22:10 | alignframe.py:build_splines:375 | Calculating astrometric transform of slit 21/24
    INFO | 2026-08-24 13:22:10 | alignframe.py:build_splines:375 | Calculating astrometric transform of slit 22/24
    INFO | 2026-08-24 13:22:11 | alignframe.py:build_splines:375 | Calculating astrometric transform of slit 23/24
    INFO | 2026-08-24 13:22:11 | alignframe.py:build_splines:375 | Calculating astrometric transform of slit 24/24
    INFO | 2026-08-24 13:22:11 | keck_kcwi.py:get_wcs:634 | Generating KCRM WCS
    INFO | 2026-08-24 13:22:11 | slittrace.py:get_radec_image:536 | Generating an RA/DEC image
    INFO | 2026-08-24 13:22:18 | coadd3d.py:__init__:278 | Preparing the parameters for the DAR correction
    INFO | 2026-08-24 13:22:18 | coadd3d.py:__init__:294 | DAR correction parameters:
   Airmass = 1.21
   Pressure = 618.86 mbar
   Humidity = 7.30 %
   Temperature = 2.50 deg C
   Reference wavelength = 4500.00 Angstrom
    INFO | 2026-08-24 13:22:18 | datacube.py:set_voxel_sampling:776 | Adopting a square pixel spatial scale of 0.339462 arcsec
    INFO | 2026-08-24 13:22:18 | datacube.py:set_voxel_sampling:779 | Adopting a wavelength sampling of 0.140038 Angstrom
    INFO | 2026-08-24 13:22:18 | datacube.py:get_whitelight_range:606 | The white light images will cover the wavelength range: 6404.09A - 6931.76A
   ERROR | 2026-08-24 13:22:19 | datacube.py:create_wcs:984 | ValueError: cannot convert float NaN to integer
