    INFO | 2026-08-23 18:11:19 | pypeitsetup.py:from_file_root:197 | Found 40 keck_kcrm raw files.
    INFO | 2026-08-23 18:11:19 | metadata.py:_build:206 | Building metadata for 40 files.
    INFO | 2026-08-23 18:11:19 | metadata.py:_build:235 | Adding metadata for KR.20231020.83726.23.fits
    INFO | 2026-08-23 18:11:19 | metadata.py:_build:235 | Adding metadata for KR.20231020.84862.00.fits
    INFO | 2026-08-23 18:11:19 | metadata.py:_build:235 | Adding metadata for KR.20231021.03980.59.fits
    INFO | 2026-08-23 18:11:19 | metadata.py:_build:235 | Adding metadata for KR.20231021.04024.46.fits
    INFO | 2026-08-23 18:11:19 | metadata.py:_build:235 | Adding metadata for KR.20231021.04068.33.fits
    INFO | 2026-08-23 18:11:19 | metadata.py:_build:235 | Adding metadata for KR.20231021.04112.19.fits
    INFO | 2026-08-23 18:11:19 | metadata.py:_build:235 | Adding metadata for KR.20231021.04156.50.fits
    INFO | 2026-08-23 18:11:19 | metadata.py:_build:235 | Adding metadata for KR.20231021.04199.91.fits
    INFO | 2026-08-23 18:11:19 | metadata.py:_build:235 | Adding metadata for KR.20231021.04243.77.fits
    INFO | 2026-08-23 18:11:19 | metadata.py:_build:235 | Adding metadata for KR.20231021.08289.80.fits
    INFO | 2026-08-23 18:11:19 | metadata.py:_build:235 | Adding metadata for KR.20231021.08332.97.fits
    INFO | 2026-08-23 18:11:19 | metadata.py:_build:235 | Adding metadata for KR.20231021.08376.84.fits
    INFO | 2026-08-23 18:11:19 | metadata.py:_build:235 | Adding metadata for KR.20231021.08420.72.fits
    INFO | 2026-08-23 18:11:19 | metadata.py:_build:235 | Adding metadata for KR.20231021.08464.58.fits
    INFO | 2026-08-23 18:11:19 | metadata.py:_build:235 | Adding metadata for KR.20231021.08507.42.fits
    INFO | 2026-08-23 18:11:19 | metadata.py:_build:235 | Adding metadata for KR.20231021.08551.28.fits
    INFO | 2026-08-23 18:11:19 | metadata.py:_build:235 | Adding metadata for KR.20231021.08746.13.fits
    INFO | 2026-08-23 18:11:19 | metadata.py:_build:235 | Adding metadata for KR.20231021.08780.81.fits
    INFO | 2026-08-23 18:11:19 | metadata.py:_build:235 | Adding metadata for KR.20231021.08815.49.fits
    INFO | 2026-08-23 18:11:19 | metadata.py:_build:235 | Adding metadata for KR.20231021.08998.13.fits
    INFO | 2026-08-23 18:11:19 | metadata.py:_build:235 | Adding metadata for KR.20231021.09143.70.fits
    INFO | 2026-08-23 18:11:19 | metadata.py:_build:235 | Adding metadata for KR.20231021.09286.91.fits
    INFO | 2026-08-23 18:11:19 | metadata.py:_build:235 | Adding metadata for KR.20231021.09451.16.fits
    INFO | 2026-08-23 18:11:19 | metadata.py:_build:235 | Adding metadata for KR.20231021.09596.40.fits
    INFO | 2026-08-23 18:11:19 | metadata.py:_build:235 | Adding metadata for KR.20231021.09739.88.fits
    INFO | 2026-08-23 18:11:19 | metadata.py:_build:235 | Adding metadata for KR.20231021.09799.70.fits
    INFO | 2026-08-23 18:11:19 | metadata.py:_build:235 | Adding metadata for KR.20231021.09853.13.fits
    INFO | 2026-08-23 18:11:19 | metadata.py:_build:235 | Adding metadata for KR.20231021.09907.23.fits
    INFO | 2026-08-23 18:11:19 | metadata.py:_build:235 | Adding metadata for KR.20231021.09961.29.fits
    INFO | 2026-08-23 18:11:19 | metadata.py:_build:235 | Adding metadata for KR.20231021.10015.35.fits
    INFO | 2026-08-23 18:11:19 | metadata.py:_build:235 | Adding metadata for KR.20231021.10069.41.fits
    INFO | 2026-08-23 18:11:19 | metadata.py:_build:235 | Adding metadata for KR.20231021.10325.49.fits
    INFO | 2026-08-23 18:11:19 | metadata.py:_build:235 | Adding metadata for KR.20231021.10469.33.fits
    INFO | 2026-08-23 18:11:19 | metadata.py:_build:235 | Adding metadata for KR.20231021.10613.18.fits
    INFO | 2026-08-23 18:11:19 | metadata.py:_build:235 | Adding metadata for KR.20231021.37491.81.fits
    INFO | 2026-08-23 18:11:19 | metadata.py:_build:235 | Adding metadata for KR.20231021.37630.64.fits
    INFO | 2026-08-23 18:11:19 | metadata.py:_build:235 | Adding metadata for KR.20231021.37765.31.fits
    INFO | 2026-08-23 18:11:19 | metadata.py:_build:235 | Adding metadata for KR.20231021.51894.80.fits
    INFO | 2026-08-23 18:11:19 | metadata.py:_build:235 | Adding metadata for KR.20231021.52027.77.fits
    INFO | 2026-08-23 18:11:19 | metadata.py:_build:235 | Adding metadata for KR.20231021.52162.48.fits
 WARNING | 2026-08-23 18:11:19 | metadata.py:_vet_instrument:180 | The instrument name in the headers of the raw files does not match the expected one! Found KCWI, expected KCRM.  You may have chosen the wrong PypeIt spectrograph name!
    INFO | 2026-08-23 18:11:19 | metadata.py:get_frame_types:1391 | Typing files
   DEBUG | 2026-08-23 18:11:19 | keck_kcwi.py:check_frame_type:433 | Cannot determine if frames are of type lampoffflats.
   DEBUG | 2026-08-23 18:11:19 | keck_kcwi.py:check_frame_type:433 | Cannot determine if frames are of type slitless_pixflat.
   DEBUG | 2026-08-23 18:11:19 | keck_kcwi.py:check_frame_type:433 | Cannot determine if frames are of type standard.
   DEBUG | 2026-08-23 18:11:19 | keck_kcwi.py:check_frame_type:433 | Cannot determine if frames are of type sky.
    INFO | 2026-08-23 18:11:19 | metadata.py:get_frame_types:1432 | Couldn't identify the following files:
    INFO | 2026-08-23 18:11:19 | metadata.py:get_frame_types:1434 | KR.20231020.83726.23.fits
    INFO | 2026-08-23 18:11:19 | metadata.py:get_frame_types:1434 | KR.20231020.84862.00.fits
 WARNING | 2026-08-23 18:11:19 | metadata.py:get_frame_types:1437 | These files are commented out and will be ignored during the reduction.
    INFO | 2026-08-23 18:11:19 | metadata.py:get_frame_types:1444 | Typing completed!
    INFO | 2026-08-23 18:11:19 | metadata.py:unique_configurations:709 | Using metadata to determine unique configurations.
    INFO | 2026-08-23 18:11:19 | metadata.py:ignore_frames:1203 | Unique configurations ignore frames with type: ['bias', 'dark']
    INFO | 2026-08-23 18:11:19 | metadata.py:unique_configurations:766 | Found 2 unique configuration(s).
    INFO | 2026-08-23 18:11:19 | metadata.py:ignore_frames:1203 | Unique configurations ignore frames with type: ['bias', 'dark']
    INFO | 2026-08-23 18:11:19 | inputfiles.py:vet:685 | PypeIt file successfully vetted.
    INFO | 2026-08-23 18:11:19 | inputfiles.py:write:592 | PypeIt input file written to: /Users/kaiwenzhang/PycharmProjects/KCWI/KCWI_RED_channel_characterization/RH1 pypeit run/2023-10-20/pypeit_run/keck_kcrm_A/keck_kcrm_A.pypeit
    INFO | 2026-08-23 18:11:19 | inputfiles.py:vet:685 | PypeIt file successfully vetted.
    INFO | 2026-08-23 18:11:19 | inputfiles.py:write:592 | PypeIt input file written to: /Users/kaiwenzhang/PycharmProjects/KCWI/KCWI_RED_channel_characterization/RH1 pypeit run/2023-10-20/pypeit_run/keck_kcrm_B/keck_kcrm_B.pypeit
    INFO | 2026-08-23 18:11:19 | calibrations.py:association_summary:1731 | Calibration association file written to: /Users/kaiwenzhang/PycharmProjects/KCWI/KCWI_RED_channel_characterization/RH1 pypeit run/2023-10-20/pypeit_run/keck_kcrm_A/keck_kcrm_A.calib
    INFO | 2026-08-23 18:11:19 | calibrations.py:association_summary:1731 | Calibration association file written to: /Users/kaiwenzhang/PycharmProjects/KCWI/KCWI_RED_channel_characterization/RH1 pypeit run/2023-10-20/pypeit_run/keck_kcrm_B/keck_kcrm_B.calib
