[1;38;2;49;54;149m    [INFO][0m - [38;2;116;173;209mpypeitsetup.py:from_file_root:197[0m - Found 28 keck_kcrm raw files.
[1;38;2;49;54;149m    [INFO][0m - [38;2;116;173;209mmetadata.py:_build:206[0m - Building metadata for 28 files.
[1;38;2;49;54;149m    [INFO][0m - [38;2;116;173;209mmetadata.py:_build:235[0m - Adding metadata for KR.20241030.01549.76.fits
[1;38;2;49;54;149m    [INFO][0m - [38;2;116;173;209mmetadata.py:_build:235[0m - Adding metadata for KR.20241030.05174.90.fits
[1;38;2;49;54;149m    [INFO][0m - [38;2;116;173;209mmetadata.py:_build:235[0m - Adding metadata for KR.20241030.05217.74.fits
[1;38;2;49;54;149m    [INFO][0m - [38;2;116;173;209mmetadata.py:_build:235[0m - Adding metadata for KR.20241030.05261.60.fits
[1;38;2;49;54;149m    [INFO][0m - [38;2;116;173;209mmetadata.py:_build:235[0m - Adding metadata for KR.20241030.05305.46.fits
[1;38;2;49;54;149m    [INFO][0m - [38;2;116;173;209mmetadata.py:_build:235[0m - Adding metadata for KR.20241030.05349.32.fits
[1;38;2;49;54;149m    [INFO][0m - [38;2;116;173;209mmetadata.py:_build:235[0m - Adding metadata for KR.20241030.05393.18.fits
[1;38;2;49;54;149m    [INFO][0m - [38;2;116;173;209mmetadata.py:_build:235[0m - Adding metadata for KR.20241030.05437.40.fits
[1;38;2;49;54;149m    [INFO][0m - [38;2;116;173;209mmetadata.py:_build:235[0m - Adding metadata for KR.20241030.05664.50.fits
[1;38;2;49;54;149m    [INFO][0m - [38;2;116;173;209mmetadata.py:_build:235[0m - Adding metadata for KR.20241030.05730.80.fits
[1;38;2;49;54;149m    [INFO][0m - [38;2;116;173;209mmetadata.py:_build:235[0m - Adding metadata for KR.20241030.05797.10.fits
[1;38;2;49;54;149m    [INFO][0m - [38;2;116;173;209mmetadata.py:_build:235[0m - Adding metadata for KR.20241030.05879.72.fits
[1;38;2;49;54;149m    [INFO][0m - [38;2;116;173;209mmetadata.py:_build:235[0m - Adding metadata for KR.20241030.05923.58.fits
[1;38;2;49;54;149m    [INFO][0m - [38;2;116;173;209mmetadata.py:_build:235[0m - Adding metadata for KR.20241030.05968.46.fits
[1;38;2;49;54;149m    [INFO][0m - [38;2;116;173;209mmetadata.py:_build:235[0m - Adding metadata for KR.20241030.06031.70.fits
[1;38;2;49;54;149m    [INFO][0m - [38;2;116;173;209mmetadata.py:_build:235[0m - Adding metadata for KR.20241030.06075.56.fits
[1;38;2;49;54;149m    [INFO][0m - [38;2;116;173;209mmetadata.py:_build:235[0m - Adding metadata for KR.20241030.06120.44.fits
[1;38;2;49;54;149m    [INFO][0m - [38;2;116;173;209mmetadata.py:_build:235[0m - Adding metadata for KR.20241030.06210.20.fits
[1;38;2;49;54;149m    [INFO][0m - [38;2;116;173;209mmetadata.py:_build:235[0m - Adding metadata for KR.20241030.06297.92.fits
[1;38;2;49;54;149m    [INFO][0m - [38;2;116;173;209mmetadata.py:_build:235[0m - Adding metadata for KR.20241030.06382.58.fits
[1;38;2;49;54;149m    [INFO][0m - [38;2;116;173;209mmetadata.py:_build:235[0m - Adding metadata for KR.20241030.06468.26.fits
[1;38;2;49;54;149m    [INFO][0m - [38;2;116;173;209mmetadata.py:_build:235[0m - Adding metadata for KR.20241030.06552.92.fits
[1;38;2;49;54;149m    [INFO][0m - [38;2;116;173;209mmetadata.py:_build:235[0m - Adding metadata for KR.20241030.06637.58.fits
[1;38;2;49;54;149m    [INFO][0m - [38;2;116;173;209mmetadata.py:_build:235[0m - Adding metadata for KR.20241030.11865.16.fits
[1;38;2;49;54;149m    [INFO][0m - [38;2;116;173;209mmetadata.py:_build:235[0m - Adding metadata for KR.20241030.12029.38.fits
[1;38;2;49;54;149m    [INFO][0m - [38;2;116;173;209mmetadata.py:_build:235[0m - Adding metadata for KR.20241030.12192.58.fits
[1;38;2;49;54;149m    [INFO][0m - [38;2;116;173;209mmetadata.py:_build:235[0m - Adding metadata for KR.20241030.17851.58.fits
[1;38;2;49;54;149m    [INFO][0m - [38;2;116;173;209mmetadata.py:_build:235[0m - Adding metadata for KR.20241030.18213.69.fits
[1;38;2;253;174;97m [WARNING][0m - [38;2;116;173;209mmetadata.py:_vet_instrument:180[0m - The instrument name in the headers of the raw files does not match the expected one! Found KCWI, expected KCRM.  You may have chosen the wrong PypeIt spectrograph name!
[1;38;2;49;54;149m    [INFO][0m - [38;2;116;173;209mmetadata.py:get_frame_types:1391[0m - Typing files
[1;38;2;116;173;209m   [DEBUG][0m - [38;2;116;173;209mkeck_kcwi.py:check_frame_type:433[0m - Cannot determine if frames are of type lampoffflats.
[1;38;2;116;173;209m   [DEBUG][0m - [38;2;116;173;209mkeck_kcwi.py:check_frame_type:433[0m - Cannot determine if frames are of type slitless_pixflat.
[1;38;2;116;173;209m   [DEBUG][0m - [38;2;116;173;209mkeck_kcwi.py:check_frame_type:433[0m - Cannot determine if frames are of type standard.
[1;38;2;116;173;209m   [DEBUG][0m - [38;2;116;173;209mkeck_kcwi.py:check_frame_type:433[0m - Cannot determine if frames are of type sky.
[1;38;2;49;54;149m    [INFO][0m - [38;2;116;173;209mmetadata.py:get_frame_types:1432[0m - Couldn't identify the following files:
[1;38;2;49;54;149m    [INFO][0m - [38;2;116;173;209mmetadata.py:get_frame_types:1434[0m - KR.20241030.01549.76.fits
[1;38;2;253;174;97m [WARNING][0m - [38;2;116;173;209mmetadata.py:get_frame_types:1437[0m - These files are commented out and will be ignored during the reduction.
[1;38;2;49;54;149m    [INFO][0m - [38;2;116;173;209mmetadata.py:get_frame_types:1444[0m - Typing completed!
[1;38;2;49;54;149m    [INFO][0m - [38;2;116;173;209mmetadata.py:unique_configurations:709[0m - Using metadata to determine unique configurations.
[1;38;2;49;54;149m    [INFO][0m - [38;2;116;173;209mmetadata.py:ignore_frames:1203[0m - Unique configurations ignore frames with type: ['bias', 'dark']
[1;38;2;49;54;149m    [INFO][0m - [38;2;116;173;209mmetadata.py:unique_configurations:766[0m - Found 2 unique configuration(s).
[1;38;2;49;54;149m    [INFO][0m - [38;2;116;173;209mmetadata.py:ignore_frames:1203[0m - Unique configurations ignore frames with type: ['bias', 'dark']
[1;38;2;49;54;149m    [INFO][0m - [38;2;116;173;209minputfiles.py:vet:685[0m - PypeIt file successfully vetted.
[1;38;2;49;54;149m    [INFO][0m - [38;2;116;173;209minputfiles.py:write:592[0m - PypeIt input file written to: /Users/kaiwenzhang/PycharmProjects/KCWI/KCWI_RED_channel_characterization/RH3 pypeit run/2024-10-29/pypeit_run/keck_kcrm_A/keck_kcrm_A.pypeit
[1;38;2;49;54;149m    [INFO][0m - [38;2;116;173;209minputfiles.py:vet:685[0m - PypeIt file successfully vetted.
[1;38;2;49;54;149m    [INFO][0m - [38;2;116;173;209minputfiles.py:write:592[0m - PypeIt input file written to: /Users/kaiwenzhang/PycharmProjects/KCWI/KCWI_RED_channel_characterization/RH3 pypeit run/2024-10-29/pypeit_run/keck_kcrm_B/keck_kcrm_B.pypeit
[1;38;2;49;54;149m    [INFO][0m - [38;2;116;173;209mcalibrations.py:association_summary:1731[0m - Calibration association file written to: /Users/kaiwenzhang/PycharmProjects/KCWI/KCWI_RED_channel_characterization/RH3 pypeit run/2024-10-29/pypeit_run/keck_kcrm_A/keck_kcrm_A.calib
[1;38;2;49;54;149m    [INFO][0m - [38;2;116;173;209mcalibrations.py:association_summary:1731[0m - Calibration association file written to: /Users/kaiwenzhang/PycharmProjects/KCWI/KCWI_RED_channel_characterization/RH3 pypeit run/2024-10-29/pypeit_run/keck_kcrm_B/keck_kcrm_B.calib
