    INFO | 2026-08-23 18:11:21 | pypeitsetup.py:from_file_root:197 | Found 30 keck_kcrm raw files.
    INFO | 2026-08-23 18:11:21 | metadata.py:_build:206 | Building metadata for 30 files.
    INFO | 2026-08-23 18:11:21 | metadata.py:_build:235 | Adding metadata for KR.20231107.82471.27.fits
    INFO | 2026-08-23 18:11:21 | metadata.py:_build:235 | Adding metadata for KR.20231108.06687.43.fits
    INFO | 2026-08-23 18:11:21 | metadata.py:_build:235 | Adding metadata for KR.20231108.06731.29.fits
    INFO | 2026-08-23 18:11:21 | metadata.py:_build:235 | Adding metadata for KR.20231108.06775.16.fits
    INFO | 2026-08-23 18:11:21 | metadata.py:_build:235 | Adding metadata for KR.20231108.06819.20.fits
    INFO | 2026-08-23 18:11:21 | metadata.py:_build:235 | Adding metadata for KR.20231108.06862.88.fits
    INFO | 2026-08-23 18:11:21 | metadata.py:_build:235 | Adding metadata for KR.20231108.06906.75.fits
    INFO | 2026-08-23 18:11:21 | metadata.py:_build:235 | Adding metadata for KR.20231108.06950.61.fits
    INFO | 2026-08-23 18:11:21 | metadata.py:_build:235 | Adding metadata for KR.20231108.10348.37.fits
    INFO | 2026-08-23 18:11:21 | metadata.py:_build:235 | Adding metadata for KR.20231108.10383.50.fits
    INFO | 2026-08-23 18:11:21 | metadata.py:_build:235 | Adding metadata for KR.20231108.10417.73.fits
    INFO | 2026-08-23 18:11:21 | metadata.py:_build:235 | Adding metadata for KR.20231108.10600.31.fits
    INFO | 2026-08-23 18:11:21 | metadata.py:_build:235 | Adding metadata for KR.20231108.10745.16.fits
    INFO | 2026-08-23 18:11:21 | metadata.py:_build:235 | Adding metadata for KR.20231108.10888.99.fits
    INFO | 2026-08-23 18:11:21 | metadata.py:_build:235 | Adding metadata for KR.20231108.11052.21.fits
    INFO | 2026-08-23 18:11:21 | metadata.py:_build:235 | Adding metadata for KR.20231108.11196.40.fits
    INFO | 2026-08-23 18:11:22 | metadata.py:_build:235 | Adding metadata for KR.20231108.11340.89.fits
    INFO | 2026-08-23 18:11:22 | metadata.py:_build:235 | Adding metadata for KR.20231108.11400.60.fits
    INFO | 2026-08-23 18:11:22 | metadata.py:_build:235 | Adding metadata for KR.20231108.11454.12.fits
    INFO | 2026-08-23 18:11:22 | metadata.py:_build:235 | Adding metadata for KR.20231108.11508.20.fits
    INFO | 2026-08-23 18:11:22 | metadata.py:_build:235 | Adding metadata for KR.20231108.11562.27.fits
    INFO | 2026-08-23 18:11:22 | metadata.py:_build:235 | Adding metadata for KR.20231108.11616.33.fits
    INFO | 2026-08-23 18:11:22 | metadata.py:_build:235 | Adding metadata for KR.20231108.11670.39.fits
    INFO | 2026-08-23 18:11:22 | metadata.py:_build:235 | Adding metadata for KR.20231108.11929.47.fits
    INFO | 2026-08-23 18:11:22 | metadata.py:_build:235 | Adding metadata for KR.20231108.12073.30.fits
    INFO | 2026-08-23 18:11:22 | metadata.py:_build:235 | Adding metadata for KR.20231108.12217.12.fits
    INFO | 2026-08-23 18:11:22 | metadata.py:_build:235 | Adding metadata for KR.20231108.54426.46.fits
    INFO | 2026-08-23 18:11:22 | metadata.py:_build:235 | Adding metadata for KR.20231108.54563.16.fits
    INFO | 2026-08-23 18:11:22 | metadata.py:_build:235 | Adding metadata for KR.20231108.54678.43.fits
    INFO | 2026-08-23 18:11:22 | metadata.py:_build:235 | Adding metadata for KR.20231108.54782.48.fits
 WARNING | 2026-08-23 18:11:22 | metadata.py:_vet_instrument:180 | The instrument name in the headers of the raw files does not match the expected one! Found KCWI, expected KCRM.  You may have chosen the wrong PypeIt spectrograph name!
    INFO | 2026-08-23 18:11:22 | metadata.py:get_frame_types:1391 | Typing files
   DEBUG | 2026-08-23 18:11:22 | keck_kcwi.py:check_frame_type:433 | Cannot determine if frames are of type lampoffflats.
   DEBUG | 2026-08-23 18:11:22 | keck_kcwi.py:check_frame_type:433 | Cannot determine if frames are of type slitless_pixflat.
   DEBUG | 2026-08-23 18:11:22 | keck_kcwi.py:check_frame_type:433 | Cannot determine if frames are of type standard.
   DEBUG | 2026-08-23 18:11:22 | keck_kcwi.py:check_frame_type:433 | Cannot determine if frames are of type sky.
    INFO | 2026-08-23 18:11:22 | metadata.py:get_frame_types:1432 | Couldn't identify the following files:
    INFO | 2026-08-23 18:11:22 | metadata.py:get_frame_types:1434 | KR.20231107.82471.27.fits
 WARNING | 2026-08-23 18:11:22 | metadata.py:get_frame_types:1437 | These files are commented out and will be ignored during the reduction.
    INFO | 2026-08-23 18:11:22 | metadata.py:get_frame_types:1444 | Typing completed!
    INFO | 2026-08-23 18:11:22 | metadata.py:unique_configurations:709 | Using metadata to determine unique configurations.
    INFO | 2026-08-23 18:11:22 | metadata.py:ignore_frames:1203 | Unique configurations ignore frames with type: ['bias', 'dark']
    INFO | 2026-08-23 18:11:22 | metadata.py:unique_configurations:766 | Found 2 unique configuration(s).
    INFO | 2026-08-23 18:11:22 | metadata.py:ignore_frames:1203 | Unique configurations ignore frames with type: ['bias', 'dark']
    INFO | 2026-08-23 18:11:22 | inputfiles.py:vet:685 | PypeIt file successfully vetted.
    INFO | 2026-08-23 18:11:22 | inputfiles.py:write:592 | PypeIt input file written to: /Users/kaiwenzhang/PycharmProjects/KCWI/KCWI_RED_channel_characterization/RH1 pypeit run/2023-11-07/pypeit_run/keck_kcrm_A/keck_kcrm_A.pypeit
    INFO | 2026-08-23 18:11:22 | inputfiles.py:vet:685 | PypeIt file successfully vetted.
    INFO | 2026-08-23 18:11:22 | inputfiles.py:write:592 | PypeIt input file written to: /Users/kaiwenzhang/PycharmProjects/KCWI/KCWI_RED_channel_characterization/RH1 pypeit run/2023-11-07/pypeit_run/keck_kcrm_B/keck_kcrm_B.pypeit
    INFO | 2026-08-23 18:11:22 | calibrations.py:association_summary:1731 | Calibration association file written to: /Users/kaiwenzhang/PycharmProjects/KCWI/KCWI_RED_channel_characterization/RH1 pypeit run/2023-11-07/pypeit_run/keck_kcrm_A/keck_kcrm_A.calib
    INFO | 2026-08-23 18:11:22 | calibrations.py:association_summary:1731 | Calibration association file written to: /Users/kaiwenzhang/PycharmProjects/KCWI/KCWI_RED_channel_characterization/RH1 pypeit run/2023-11-07/pypeit_run/keck_kcrm_B/keck_kcrm_B.calib
