    INFO | 2026-08-26 22:30:53 | inputfiles.py:from_file:136 | Loading the reduction file
    INFO | 2026-08-26 22:30:53 | inputfiles.py:from_file:214 | Coadd3d input file loaded successfully.
    INFO | 2026-08-26 22:30:53 | inputfiles.py:vet:927 | .coadd3d file successfully vetted.
    INFO | 2026-08-26 22:30:53 | coadd_datacube.py:main:55 | Restricting to detector=1
    INFO | 2026-08-26 22:30:53 | coadd3d.py:__init__:495 | No RA or Dec offsets have been provided.
    INFO | 2026-08-26 22:30:53 | coadd3d.py:__init__:536 | Adopting the subpixel algorithm to generate the datacube, with subpixellation scales:
  Spectral: 5
  Spatial: 5
  Slices: 5
    INFO | 2026-08-26 22:30:53 | coadd3d.py:set_default_skysub:736 | The sky model in the spec2d science frames will be used for sky subtraction
(unless specific skysub frames have been specified)
    INFO | 2026-08-26 22:30:53 | coadd3d.py:load:1019 | Loading PypeIt spec2d frame (1/2):
Science/spec2d_KR.20230924.28042.59-feige110_KCRM_20230924T074722.589.fits
    INFO | 2026-08-26 22:30:54 | coadd3d.py:load:1035 | Constructing slit image
    INFO | 2026-08-26 22:30:54 | coadd3d.py:get_current_skysub:829 | Using the following frame for sky subtraction:
image
    INFO | 2026-08-26 22:30:54 | coadd3d.py:get_current_scalecorr:718 | Relative spectral illumination correction will not be performed.
    INFO | 2026-08-26 22:30:54 | datacube.py:make_good_skymask:436 | Masking edge pixels where the sky model is poor
    INFO | 2026-08-26 22:30:55 | coadd3d.py:load:1090 | Using wavelength solution: wave0=8822.191, dispersion=0.959 Angstrom/pixel
    INFO | 2026-08-26 22:30:55 | coadd3d.py:get_alignments:962 | Loading alignments
    INFO | 2026-08-26 22:30:55 | datamodel.py:from_file:1558 | Loading Alignments from /Users/kaiwenzhang/PycharmProjects/KCWI/KCWI_RED_channel_characterization/RM2 pypeit run/2023-09-23/pypeit_run/keck_kcrm_B/Calibrations/Alignment_B_1_DET01.fits
    INFO | 2026-08-26 22:30:55 | coadd3d.py:get_alignments:978 | Generating alignment splines
   DEBUG | 2026-08-26 22:30:55 | alignframe.py:__init__:350 | Spatial flexure is not currently implemented for the astrometric alignment
    INFO | 2026-08-26 22:30:55 | alignframe.py:build_splines:375 | Calculating astrometric transform of slit 1/24
    INFO | 2026-08-26 22:30:55 | alignframe.py:build_splines:375 | Calculating astrometric transform of slit 2/24
    INFO | 2026-08-26 22:30:55 | alignframe.py:build_splines:375 | Calculating astrometric transform of slit 3/24
    INFO | 2026-08-26 22:30:56 | alignframe.py:build_splines:375 | Calculating astrometric transform of slit 4/24
    INFO | 2026-08-26 22:30:56 | alignframe.py:build_splines:375 | Calculating astrometric transform of slit 5/24
    INFO | 2026-08-26 22:30:56 | alignframe.py:build_splines:375 | Calculating astrometric transform of slit 6/24
    INFO | 2026-08-26 22:30:56 | alignframe.py:build_splines:375 | Calculating astrometric transform of slit 7/24
    INFO | 2026-08-26 22:30:56 | alignframe.py:build_splines:375 | Calculating astrometric transform of slit 8/24
    INFO | 2026-08-26 22:30:56 | alignframe.py:build_splines:375 | Calculating astrometric transform of slit 9/24
    INFO | 2026-08-26 22:30:57 | alignframe.py:build_splines:375 | Calculating astrometric transform of slit 10/24
    INFO | 2026-08-26 22:30:57 | alignframe.py:build_splines:375 | Calculating astrometric transform of slit 11/24
    INFO | 2026-08-26 22:30:57 | alignframe.py:build_splines:375 | Calculating astrometric transform of slit 12/24
    INFO | 2026-08-26 22:30:57 | alignframe.py:build_splines:375 | Calculating astrometric transform of slit 13/24
    INFO | 2026-08-26 22:30:57 | alignframe.py:build_splines:375 | Calculating astrometric transform of slit 14/24
    INFO | 2026-08-26 22:30:57 | alignframe.py:build_splines:375 | Calculating astrometric transform of slit 15/24
    INFO | 2026-08-26 22:30:58 | alignframe.py:build_splines:375 | Calculating astrometric transform of slit 16/24
    INFO | 2026-08-26 22:30:58 | alignframe.py:build_splines:375 | Calculating astrometric transform of slit 17/24
    INFO | 2026-08-26 22:30:58 | alignframe.py:build_splines:375 | Calculating astrometric transform of slit 18/24
    INFO | 2026-08-26 22:30:58 | alignframe.py:build_splines:375 | Calculating astrometric transform of slit 19/24
    INFO | 2026-08-26 22:30:58 | alignframe.py:build_splines:375 | Calculating astrometric transform of slit 20/24
    INFO | 2026-08-26 22:30:58 | alignframe.py:build_splines:375 | Calculating astrometric transform of slit 21/24
    INFO | 2026-08-26 22:30:59 | alignframe.py:build_splines:375 | Calculating astrometric transform of slit 22/24
    INFO | 2026-08-26 22:30:59 | alignframe.py:build_splines:375 | Calculating astrometric transform of slit 23/24
    INFO | 2026-08-26 22:30:59 | alignframe.py:build_splines:375 | Calculating astrometric transform of slit 24/24
    INFO | 2026-08-26 22:30:59 | keck_kcwi.py:get_wcs:634 | Generating KCRM WCS
    INFO | 2026-08-26 22:30:59 | slittrace.py:get_radec_image:536 | Generating an RA/DEC image
    INFO | 2026-08-26 22:31:01 | coadd3d.py:__init__:278 | Preparing the parameters for the DAR correction
    INFO | 2026-08-26 22:31:01 | coadd3d.py:__init__:294 | DAR correction parameters:
   Airmass = 1.23
   Pressure = 619.21 mbar
   Humidity = 8.10 %
   Temperature = 7.00 deg C
   Reference wavelength = 4500.00 Angstrom
    INFO | 2026-08-26 22:31:02 | coadd3d.py:load:1019 | Loading PypeIt spec2d frame (2/2):
Science/spec2d_KR.20230924.28166.10-feige110_KCRM_20230924T074926.054.fits
    INFO | 2026-08-26 22:31:02 | coadd3d.py:load:1035 | Constructing slit image
    INFO | 2026-08-26 22:31:02 | coadd3d.py:get_current_skysub:829 | Using the following frame for sky subtraction:
image
    INFO | 2026-08-26 22:31:02 | coadd3d.py:get_current_scalecorr:718 | Relative spectral illumination correction will not be performed.
    INFO | 2026-08-26 22:31:02 | datacube.py:make_good_skymask:436 | Masking edge pixels where the sky model is poor
    INFO | 2026-08-26 22:31:03 | coadd3d.py:load:1090 | Using wavelength solution: wave0=8822.191, dispersion=0.959 Angstrom/pixel
    INFO | 2026-08-26 22:31:03 | coadd3d.py:get_alignments:962 | Loading alignments
    INFO | 2026-08-26 22:31:03 | datamodel.py:from_file:1558 | Loading Alignments from /Users/kaiwenzhang/PycharmProjects/KCWI/KCWI_RED_channel_characterization/RM2 pypeit run/2023-09-23/pypeit_run/keck_kcrm_B/Calibrations/Alignment_B_1_DET01.fits
    INFO | 2026-08-26 22:31:03 | coadd3d.py:get_alignments:978 | Generating alignment splines
   DEBUG | 2026-08-26 22:31:03 | alignframe.py:__init__:350 | Spatial flexure is not currently implemented for the astrometric alignment
    INFO | 2026-08-26 22:31:03 | alignframe.py:build_splines:375 | Calculating astrometric transform of slit 1/24
    INFO | 2026-08-26 22:31:03 | alignframe.py:build_splines:375 | Calculating astrometric transform of slit 2/24
    INFO | 2026-08-26 22:31:03 | alignframe.py:build_splines:375 | Calculating astrometric transform of slit 3/24
    INFO | 2026-08-26 22:31:04 | alignframe.py:build_splines:375 | Calculating astrometric transform of slit 4/24
    INFO | 2026-08-26 22:31:04 | alignframe.py:build_splines:375 | Calculating astrometric transform of slit 5/24
    INFO | 2026-08-26 22:31:04 | alignframe.py:build_splines:375 | Calculating astrometric transform of slit 6/24
    INFO | 2026-08-26 22:31:04 | alignframe.py:build_splines:375 | Calculating astrometric transform of slit 7/24
    INFO | 2026-08-26 22:31:04 | alignframe.py:build_splines:375 | Calculating astrometric transform of slit 8/24
    INFO | 2026-08-26 22:31:04 | alignframe.py:build_splines:375 | Calculating astrometric transform of slit 9/24
    INFO | 2026-08-26 22:31:04 | alignframe.py:build_splines:375 | Calculating astrometric transform of slit 10/24
    INFO | 2026-08-26 22:31:05 | alignframe.py:build_splines:375 | Calculating astrometric transform of slit 11/24
    INFO | 2026-08-26 22:31:05 | alignframe.py:build_splines:375 | Calculating astrometric transform of slit 12/24
    INFO | 2026-08-26 22:31:05 | alignframe.py:build_splines:375 | Calculating astrometric transform of slit 13/24
    INFO | 2026-08-26 22:31:05 | alignframe.py:build_splines:375 | Calculating astrometric transform of slit 14/24
    INFO | 2026-08-26 22:31:05 | alignframe.py:build_splines:375 | Calculating astrometric transform of slit 15/24
    INFO | 2026-08-26 22:31:06 | alignframe.py:build_splines:375 | Calculating astrometric transform of slit 16/24
    INFO | 2026-08-26 22:31:06 | alignframe.py:build_splines:375 | Calculating astrometric transform of slit 17/24
    INFO | 2026-08-26 22:31:06 | alignframe.py:build_splines:375 | Calculating astrometric transform of slit 18/24
    INFO | 2026-08-26 22:31:06 | alignframe.py:build_splines:375 | Calculating astrometric transform of slit 19/24
    INFO | 2026-08-26 22:31:06 | alignframe.py:build_splines:375 | Calculating astrometric transform of slit 20/24
    INFO | 2026-08-26 22:31:06 | alignframe.py:build_splines:375 | Calculating astrometric transform of slit 21/24
    INFO | 2026-08-26 22:31:06 | alignframe.py:build_splines:375 | Calculating astrometric transform of slit 22/24
    INFO | 2026-08-26 22:31:07 | alignframe.py:build_splines:375 | Calculating astrometric transform of slit 23/24
    INFO | 2026-08-26 22:31:07 | alignframe.py:build_splines:375 | Calculating astrometric transform of slit 24/24
    INFO | 2026-08-26 22:31:07 | keck_kcwi.py:get_wcs:634 | Generating KCRM WCS
    INFO | 2026-08-26 22:31:07 | slittrace.py:get_radec_image:536 | Generating an RA/DEC image
    INFO | 2026-08-26 22:31:09 | coadd3d.py:__init__:278 | Preparing the parameters for the DAR correction
    INFO | 2026-08-26 22:31:09 | coadd3d.py:__init__:294 | DAR correction parameters:
   Airmass = 1.22
   Pressure = 619.22 mbar
   Humidity = 10.50 %
   Temperature = 6.40 deg C
   Reference wavelength = 4500.00 Angstrom
    INFO | 2026-08-26 22:31:09 | datacube.py:set_voxel_sampling:776 | Adopting a square pixel spatial scale of 0.678924 arcsec
    INFO | 2026-08-26 22:31:09 | datacube.py:set_voxel_sampling:779 | Adopting a wavelength sampling of 0.958692 Angstrom
    INFO | 2026-08-26 22:31:09 | datacube.py:get_whitelight_range:606 | The white light images will cover the wavelength range: 9027.88A - 10795.91A
    INFO | 2026-08-26 22:31:09 | datacube.py:generate_WCS:1049 | Generating WCS
    INFO | 2026-08-26 22:31:09 | datacube.py:create_wcs:1008 | 
----------------------------------------
Parameters of the WCS:
RA   min = 349.9908110157594
DEC  min = -5.169280377809131
WAVE min, max = 9027.87601847267, 10795.912274886956
Spaxel size = 0.6789240000000001 arcsec
Wavelength step = 1768.0362564142852 A
----------------------------------------
    INFO | 2026-08-26 22:31:09 | datacube.py:subpixellate:1772 | Resampling slit 1/24 of frame 1/2
    INFO | 2026-08-26 22:31:09 | slittrace.py:get_radec_image:536 | Generating an RA/DEC image with slice_offset=0.000
    INFO | 2026-08-26 22:31:10 | datacube.py:subpixellate:1772 | Resampling slit 2/24 of frame 1/2
    INFO | 2026-08-26 22:31:10 | slittrace.py:get_radec_image:536 | Generating an RA/DEC image with slice_offset=0.000
    INFO | 2026-08-26 22:31:10 | datacube.py:subpixellate:1772 | Resampling slit 3/24 of frame 1/2
    INFO | 2026-08-26 22:31:10 | slittrace.py:get_radec_image:536 | Generating an RA/DEC image with slice_offset=0.000
    INFO | 2026-08-26 22:31:11 | datacube.py:subpixellate:1772 | Resampling slit 4/24 of frame 1/2
    INFO | 2026-08-26 22:31:11 | slittrace.py:get_radec_image:536 | Generating an RA/DEC image with slice_offset=0.000
    INFO | 2026-08-26 22:31:11 | datacube.py:subpixellate:1772 | Resampling slit 5/24 of frame 1/2
    INFO | 2026-08-26 22:31:11 | slittrace.py:get_radec_image:536 | Generating an RA/DEC image with slice_offset=0.000
    INFO | 2026-08-26 22:31:12 | datacube.py:subpixellate:1772 | Resampling slit 6/24 of frame 1/2
    INFO | 2026-08-26 22:31:12 | slittrace.py:get_radec_image:536 | Generating an RA/DEC image with slice_offset=0.000
    INFO | 2026-08-26 22:31:13 | datacube.py:subpixellate:1772 | Resampling slit 7/24 of frame 1/2
    INFO | 2026-08-26 22:31:13 | slittrace.py:get_radec_image:536 | Generating an RA/DEC image with slice_offset=0.000
    INFO | 2026-08-26 22:31:13 | datacube.py:subpixellate:1772 | Resampling slit 8/24 of frame 1/2
    INFO | 2026-08-26 22:31:13 | slittrace.py:get_radec_image:536 | Generating an RA/DEC image with slice_offset=0.000
    INFO | 2026-08-26 22:31:13 | datacube.py:subpixellate:1772 | Resampling slit 9/24 of frame 1/2
    INFO | 2026-08-26 22:31:13 | slittrace.py:get_radec_image:536 | Generating an RA/DEC image with slice_offset=0.000
    INFO | 2026-08-26 22:31:14 | datacube.py:subpixellate:1772 | Resampling slit 10/24 of frame 1/2
    INFO | 2026-08-26 22:31:14 | slittrace.py:get_radec_image:536 | Generating an RA/DEC image with slice_offset=0.000
    INFO | 2026-08-26 22:31:14 | datacube.py:subpixellate:1772 | Resampling slit 11/24 of frame 1/2
    INFO | 2026-08-26 22:31:14 | slittrace.py:get_radec_image:536 | Generating an RA/DEC image with slice_offset=0.000
    INFO | 2026-08-26 22:31:14 | datacube.py:subpixellate:1772 | Resampling slit 12/24 of frame 1/2
    INFO | 2026-08-26 22:31:14 | slittrace.py:get_radec_image:536 | Generating an RA/DEC image with slice_offset=0.000
    INFO | 2026-08-26 22:31:15 | datacube.py:subpixellate:1772 | Resampling slit 13/24 of frame 1/2
    INFO | 2026-08-26 22:31:15 | slittrace.py:get_radec_image:536 | Generating an RA/DEC image with slice_offset=0.000
    INFO | 2026-08-26 22:31:15 | datacube.py:subpixellate:1772 | Resampling slit 14/24 of frame 1/2
    INFO | 2026-08-26 22:31:15 | slittrace.py:get_radec_image:536 | Generating an RA/DEC image with slice_offset=0.000
    INFO | 2026-08-26 22:31:15 | datacube.py:subpixellate:1772 | Resampling slit 15/24 of frame 1/2
    INFO | 2026-08-26 22:31:15 | slittrace.py:get_radec_image:536 | Generating an RA/DEC image with slice_offset=0.000
    INFO | 2026-08-26 22:31:16 | datacube.py:subpixellate:1772 | Resampling slit 16/24 of frame 1/2
    INFO | 2026-08-26 22:31:16 | slittrace.py:get_radec_image:536 | Generating an RA/DEC image with slice_offset=0.000
    INFO | 2026-08-26 22:31:16 | datacube.py:subpixellate:1772 | Resampling slit 17/24 of frame 1/2
    INFO | 2026-08-26 22:31:16 | slittrace.py:get_radec_image:536 | Generating an RA/DEC image with slice_offset=0.000
    INFO | 2026-08-26 22:31:17 | datacube.py:subpixellate:1772 | Resampling slit 18/24 of frame 1/2
    INFO | 2026-08-26 22:31:17 | slittrace.py:get_radec_image:536 | Generating an RA/DEC image with slice_offset=0.000
    INFO | 2026-08-26 22:31:17 | datacube.py:subpixellate:1772 | Resampling slit 19/24 of frame 1/2
    INFO | 2026-08-26 22:31:17 | slittrace.py:get_radec_image:536 | Generating an RA/DEC image with slice_offset=0.000
    INFO | 2026-08-26 22:31:18 | datacube.py:subpixellate:1772 | Resampling slit 20/24 of frame 1/2
    INFO | 2026-08-26 22:31:18 | slittrace.py:get_radec_image:536 | Generating an RA/DEC image with slice_offset=0.000
    INFO | 2026-08-26 22:31:18 | datacube.py:subpixellate:1772 | Resampling slit 21/24 of frame 1/2
    INFO | 2026-08-26 22:31:18 | slittrace.py:get_radec_image:536 | Generating an RA/DEC image with slice_offset=0.000
    INFO | 2026-08-26 22:31:18 | datacube.py:subpixellate:1772 | Resampling slit 22/24 of frame 1/2
    INFO | 2026-08-26 22:31:18 | slittrace.py:get_radec_image:536 | Generating an RA/DEC image with slice_offset=0.000
    INFO | 2026-08-26 22:31:19 | datacube.py:subpixellate:1772 | Resampling slit 23/24 of frame 1/2
    INFO | 2026-08-26 22:31:19 | slittrace.py:get_radec_image:536 | Generating an RA/DEC image with slice_offset=0.000
    INFO | 2026-08-26 22:31:19 | datacube.py:subpixellate:1772 | Resampling slit 24/24 of frame 1/2
    INFO | 2026-08-26 22:31:19 | slittrace.py:get_radec_image:536 | Generating an RA/DEC image with slice_offset=0.000
    INFO | 2026-08-26 22:31:20 | datacube.py:subpixellate:1772 | Resampling slit 1/24 of frame 2/2
    INFO | 2026-08-26 22:31:20 | slittrace.py:get_radec_image:536 | Generating an RA/DEC image with slice_offset=0.000
    INFO | 2026-08-26 22:31:20 | datacube.py:subpixellate:1772 | Resampling slit 2/24 of frame 2/2
    INFO | 2026-08-26 22:31:20 | slittrace.py:get_radec_image:536 | Generating an RA/DEC image with slice_offset=0.000
    INFO | 2026-08-26 22:31:21 | datacube.py:subpixellate:1772 | Resampling slit 3/24 of frame 2/2
    INFO | 2026-08-26 22:31:21 | slittrace.py:get_radec_image:536 | Generating an RA/DEC image with slice_offset=0.000
    INFO | 2026-08-26 22:31:21 | datacube.py:subpixellate:1772 | Resampling slit 4/24 of frame 2/2
    INFO | 2026-08-26 22:31:21 | slittrace.py:get_radec_image:536 | Generating an RA/DEC image with slice_offset=0.000
    INFO | 2026-08-26 22:31:22 | datacube.py:subpixellate:1772 | Resampling slit 5/24 of frame 2/2
    INFO | 2026-08-26 22:31:22 | slittrace.py:get_radec_image:536 | Generating an RA/DEC image with slice_offset=0.000
    INFO | 2026-08-26 22:31:22 | datacube.py:subpixellate:1772 | Resampling slit 6/24 of frame 2/2
    INFO | 2026-08-26 22:31:22 | slittrace.py:get_radec_image:536 | Generating an RA/DEC image with slice_offset=0.000
    INFO | 2026-08-26 22:31:23 | datacube.py:subpixellate:1772 | Resampling slit 7/24 of frame 2/2
    INFO | 2026-08-26 22:31:23 | slittrace.py:get_radec_image:536 | Generating an RA/DEC image with slice_offset=0.000
    INFO | 2026-08-26 22:31:23 | datacube.py:subpixellate:1772 | Resampling slit 8/24 of frame 2/2
    INFO | 2026-08-26 22:31:23 | slittrace.py:get_radec_image:536 | Generating an RA/DEC image with slice_offset=0.000
    INFO | 2026-08-26 22:31:24 | datacube.py:subpixellate:1772 | Resampling slit 9/24 of frame 2/2
    INFO | 2026-08-26 22:31:24 | slittrace.py:get_radec_image:536 | Generating an RA/DEC image with slice_offset=0.000
    INFO | 2026-08-26 22:31:24 | datacube.py:subpixellate:1772 | Resampling slit 10/24 of frame 2/2
    INFO | 2026-08-26 22:31:24 | slittrace.py:get_radec_image:536 | Generating an RA/DEC image with slice_offset=0.000
    INFO | 2026-08-26 22:31:25 | datacube.py:subpixellate:1772 | Resampling slit 11/24 of frame 2/2
    INFO | 2026-08-26 22:31:25 | slittrace.py:get_radec_image:536 | Generating an RA/DEC image with slice_offset=0.000
    INFO | 2026-08-26 22:31:25 | datacube.py:subpixellate:1772 | Resampling slit 12/24 of frame 2/2
    INFO | 2026-08-26 22:31:25 | slittrace.py:get_radec_image:536 | Generating an RA/DEC image with slice_offset=0.000
    INFO | 2026-08-26 22:31:26 | datacube.py:subpixellate:1772 | Resampling slit 13/24 of frame 2/2
    INFO | 2026-08-26 22:31:26 | slittrace.py:get_radec_image:536 | Generating an RA/DEC image with slice_offset=0.000
    INFO | 2026-08-26 22:31:26 | datacube.py:subpixellate:1772 | Resampling slit 14/24 of frame 2/2
    INFO | 2026-08-26 22:31:26 | slittrace.py:get_radec_image:536 | Generating an RA/DEC image with slice_offset=0.000
    INFO | 2026-08-26 22:31:26 | datacube.py:subpixellate:1772 | Resampling slit 15/24 of frame 2/2
    INFO | 2026-08-26 22:31:26 | slittrace.py:get_radec_image:536 | Generating an RA/DEC image with slice_offset=0.000
    INFO | 2026-08-26 22:31:27 | datacube.py:subpixellate:1772 | Resampling slit 16/24 of frame 2/2
    INFO | 2026-08-26 22:31:27 | slittrace.py:get_radec_image:536 | Generating an RA/DEC image with slice_offset=0.000
    INFO | 2026-08-26 22:31:27 | datacube.py:subpixellate:1772 | Resampling slit 17/24 of frame 2/2
    INFO | 2026-08-26 22:31:27 | slittrace.py:get_radec_image:536 | Generating an RA/DEC image with slice_offset=0.000
    INFO | 2026-08-26 22:31:27 | datacube.py:subpixellate:1772 | Resampling slit 18/24 of frame 2/2
    INFO | 2026-08-26 22:31:27 | slittrace.py:get_radec_image:536 | Generating an RA/DEC image with slice_offset=0.000
    INFO | 2026-08-26 22:31:28 | datacube.py:subpixellate:1772 | Resampling slit 19/24 of frame 2/2
    INFO | 2026-08-26 22:31:28 | slittrace.py:get_radec_image:536 | Generating an RA/DEC image with slice_offset=0.000
    INFO | 2026-08-26 22:31:28 | datacube.py:subpixellate:1772 | Resampling slit 20/24 of frame 2/2
    INFO | 2026-08-26 22:31:28 | slittrace.py:get_radec_image:536 | Generating an RA/DEC image with slice_offset=0.000
    INFO | 2026-08-26 22:31:28 | datacube.py:subpixellate:1772 | Resampling slit 21/24 of frame 2/2
    INFO | 2026-08-26 22:31:28 | slittrace.py:get_radec_image:536 | Generating an RA/DEC image with slice_offset=0.000
    INFO | 2026-08-26 22:31:29 | datacube.py:subpixellate:1772 | Resampling slit 22/24 of frame 2/2
    INFO | 2026-08-26 22:31:29 | slittrace.py:get_radec_image:536 | Generating an RA/DEC image with slice_offset=0.000
    INFO | 2026-08-26 22:31:29 | datacube.py:subpixellate:1772 | Resampling slit 23/24 of frame 2/2
    INFO | 2026-08-26 22:31:29 | slittrace.py:get_radec_image:536 | Generating an RA/DEC image with slice_offset=0.000
    INFO | 2026-08-26 22:31:30 | datacube.py:subpixellate:1772 | Resampling slit 24/24 of frame 2/2
    INFO | 2026-08-26 22:31:30 | slittrace.py:get_radec_image:536 | Generating an RA/DEC image with slice_offset=0.000
    INFO | 2026-08-26 22:31:30 | datacube.py:compute_weights:1304 | Calculating the optimal weights of each pixel
    INFO | 2026-08-26 22:31:30 | datacube.py:compute_weights:1329 | Highest S/N object located at spaxel (x, y) = 10, 20
    INFO | 2026-08-26 22:31:30 | datacube.py:generate_WCS:1049 | Generating WCS
    INFO | 2026-08-26 22:31:30 | datacube.py:compute_weights:1353 | Extracting spectrum of highest S/N detection from frame 1/2
    INFO | 2026-08-26 22:31:30 | datacube.py:subpixellate:1770 | Resampling slit 1/24
    INFO | 2026-08-26 22:31:30 | slittrace.py:get_radec_image:536 | Generating an RA/DEC image with slice_offset=0.000
    INFO | 2026-08-26 22:31:31 | datacube.py:subpixellate:1770 | Resampling slit 2/24
    INFO | 2026-08-26 22:31:31 | slittrace.py:get_radec_image:536 | Generating an RA/DEC image with slice_offset=0.000
    INFO | 2026-08-26 22:31:31 | datacube.py:subpixellate:1770 | Resampling slit 3/24
    INFO | 2026-08-26 22:31:31 | slittrace.py:get_radec_image:536 | Generating an RA/DEC image with slice_offset=0.000
    INFO | 2026-08-26 22:31:31 | datacube.py:subpixellate:1770 | Resampling slit 4/24
    INFO | 2026-08-26 22:31:32 | slittrace.py:get_radec_image:536 | Generating an RA/DEC image with slice_offset=0.000
    INFO | 2026-08-26 22:31:32 | datacube.py:subpixellate:1770 | Resampling slit 5/24
    INFO | 2026-08-26 22:31:32 | slittrace.py:get_radec_image:536 | Generating an RA/DEC image with slice_offset=0.000
    INFO | 2026-08-26 22:31:32 | datacube.py:subpixellate:1770 | Resampling slit 6/24
    INFO | 2026-08-26 22:31:32 | slittrace.py:get_radec_image:536 | Generating an RA/DEC image with slice_offset=0.000
    INFO | 2026-08-26 22:31:33 | datacube.py:subpixellate:1770 | Resampling slit 7/24
    INFO | 2026-08-26 22:31:33 | slittrace.py:get_radec_image:536 | Generating an RA/DEC image with slice_offset=0.000
    INFO | 2026-08-26 22:31:33 | datacube.py:subpixellate:1770 | Resampling slit 8/24
    INFO | 2026-08-26 22:31:33 | slittrace.py:get_radec_image:536 | Generating an RA/DEC image with slice_offset=0.000
    INFO | 2026-08-26 22:31:33 | datacube.py:subpixellate:1770 | Resampling slit 9/24
    INFO | 2026-08-26 22:31:33 | slittrace.py:get_radec_image:536 | Generating an RA/DEC image with slice_offset=0.000
    INFO | 2026-08-26 22:31:34 | datacube.py:subpixellate:1770 | Resampling slit 10/24
    INFO | 2026-08-26 22:31:34 | slittrace.py:get_radec_image:536 | Generating an RA/DEC image with slice_offset=0.000
    INFO | 2026-08-26 22:31:34 | datacube.py:subpixellate:1770 | Resampling slit 11/24
    INFO | 2026-08-26 22:31:34 | slittrace.py:get_radec_image:536 | Generating an RA/DEC image with slice_offset=0.000
    INFO | 2026-08-26 22:31:35 | datacube.py:subpixellate:1770 | Resampling slit 12/24
    INFO | 2026-08-26 22:31:35 | slittrace.py:get_radec_image:536 | Generating an RA/DEC image with slice_offset=0.000
    INFO | 2026-08-26 22:31:35 | datacube.py:subpixellate:1770 | Resampling slit 13/24
    INFO | 2026-08-26 22:31:35 | slittrace.py:get_radec_image:536 | Generating an RA/DEC image with slice_offset=0.000
    INFO | 2026-08-26 22:31:36 | datacube.py:subpixellate:1770 | Resampling slit 14/24
    INFO | 2026-08-26 22:31:36 | slittrace.py:get_radec_image:536 | Generating an RA/DEC image with slice_offset=0.000
    INFO | 2026-08-26 22:31:36 | datacube.py:subpixellate:1770 | Resampling slit 15/24
    INFO | 2026-08-26 22:31:36 | slittrace.py:get_radec_image:536 | Generating an RA/DEC image with slice_offset=0.000
    INFO | 2026-08-26 22:31:36 | datacube.py:subpixellate:1770 | Resampling slit 16/24
    INFO | 2026-08-26 22:31:36 | slittrace.py:get_radec_image:536 | Generating an RA/DEC image with slice_offset=0.000
    INFO | 2026-08-26 22:31:36 | datacube.py:subpixellate:1770 | Resampling slit 17/24
    INFO | 2026-08-26 22:31:37 | slittrace.py:get_radec_image:536 | Generating an RA/DEC image with slice_offset=0.000
    INFO | 2026-08-26 22:31:37 | datacube.py:subpixellate:1770 | Resampling slit 18/24
    INFO | 2026-08-26 22:31:37 | slittrace.py:get_radec_image:536 | Generating an RA/DEC image with slice_offset=0.000
    INFO | 2026-08-26 22:31:37 | datacube.py:subpixellate:1770 | Resampling slit 19/24
    INFO | 2026-08-26 22:31:37 | slittrace.py:get_radec_image:536 | Generating an RA/DEC image with slice_offset=0.000
    INFO | 2026-08-26 22:31:38 | datacube.py:subpixellate:1770 | Resampling slit 20/24
    INFO | 2026-08-26 22:31:38 | slittrace.py:get_radec_image:536 | Generating an RA/DEC image with slice_offset=0.000
    INFO | 2026-08-26 22:31:38 | datacube.py:subpixellate:1770 | Resampling slit 21/24
    INFO | 2026-08-26 22:31:38 | slittrace.py:get_radec_image:536 | Generating an RA/DEC image with slice_offset=0.000
    INFO | 2026-08-26 22:31:38 | datacube.py:subpixellate:1770 | Resampling slit 22/24
    INFO | 2026-08-26 22:31:38 | slittrace.py:get_radec_image:536 | Generating an RA/DEC image with slice_offset=0.000
    INFO | 2026-08-26 22:31:39 | datacube.py:subpixellate:1770 | Resampling slit 23/24
    INFO | 2026-08-26 22:31:39 | slittrace.py:get_radec_image:536 | Generating an RA/DEC image with slice_offset=0.000
    INFO | 2026-08-26 22:31:39 | datacube.py:subpixellate:1770 | Resampling slit 24/24
    INFO | 2026-08-26 22:31:39 | slittrace.py:get_radec_image:536 | Generating an RA/DEC image with slice_offset=0.000
    INFO | 2026-08-26 22:31:40 | datacube.py:compute_weights:1353 | Extracting spectrum of highest S/N detection from frame 2/2
    INFO | 2026-08-26 22:31:40 | datacube.py:subpixellate:1770 | Resampling slit 1/24
    INFO | 2026-08-26 22:31:40 | slittrace.py:get_radec_image:536 | Generating an RA/DEC image with slice_offset=0.000
    INFO | 2026-08-26 22:31:40 | datacube.py:subpixellate:1770 | Resampling slit 2/24
    INFO | 2026-08-26 22:31:40 | slittrace.py:get_radec_image:536 | Generating an RA/DEC image with slice_offset=0.000
    INFO | 2026-08-26 22:31:41 | datacube.py:subpixellate:1770 | Resampling slit 3/24
    INFO | 2026-08-26 22:31:41 | slittrace.py:get_radec_image:536 | Generating an RA/DEC image with slice_offset=0.000
    INFO | 2026-08-26 22:31:41 | datacube.py:subpixellate:1770 | Resampling slit 4/24
    INFO | 2026-08-26 22:31:41 | slittrace.py:get_radec_image:536 | Generating an RA/DEC image with slice_offset=0.000
    INFO | 2026-08-26 22:31:41 | datacube.py:subpixellate:1770 | Resampling slit 5/24
    INFO | 2026-08-26 22:31:41 | slittrace.py:get_radec_image:536 | Generating an RA/DEC image with slice_offset=0.000
    INFO | 2026-08-26 22:31:42 | datacube.py:subpixellate:1770 | Resampling slit 6/24
    INFO | 2026-08-26 22:31:42 | slittrace.py:get_radec_image:536 | Generating an RA/DEC image with slice_offset=0.000
    INFO | 2026-08-26 22:31:42 | datacube.py:subpixellate:1770 | Resampling slit 7/24
    INFO | 2026-08-26 22:31:42 | slittrace.py:get_radec_image:536 | Generating an RA/DEC image with slice_offset=0.000
    INFO | 2026-08-26 22:31:42 | datacube.py:subpixellate:1770 | Resampling slit 8/24
    INFO | 2026-08-26 22:31:42 | slittrace.py:get_radec_image:536 | Generating an RA/DEC image with slice_offset=0.000
    INFO | 2026-08-26 22:31:43 | datacube.py:subpixellate:1770 | Resampling slit 9/24
    INFO | 2026-08-26 22:31:43 | slittrace.py:get_radec_image:536 | Generating an RA/DEC image with slice_offset=0.000
    INFO | 2026-08-26 22:31:43 | datacube.py:subpixellate:1770 | Resampling slit 10/24
    INFO | 2026-08-26 22:31:43 | slittrace.py:get_radec_image:536 | Generating an RA/DEC image with slice_offset=0.000
    INFO | 2026-08-26 22:31:44 | datacube.py:subpixellate:1770 | Resampling slit 11/24
    INFO | 2026-08-26 22:31:44 | slittrace.py:get_radec_image:536 | Generating an RA/DEC image with slice_offset=0.000
    INFO | 2026-08-26 22:31:44 | datacube.py:subpixellate:1770 | Resampling slit 12/24
    INFO | 2026-08-26 22:31:44 | slittrace.py:get_radec_image:536 | Generating an RA/DEC image with slice_offset=0.000
    INFO | 2026-08-26 22:31:44 | datacube.py:subpixellate:1770 | Resampling slit 13/24
    INFO | 2026-08-26 22:31:45 | slittrace.py:get_radec_image:536 | Generating an RA/DEC image with slice_offset=0.000
    INFO | 2026-08-26 22:31:45 | datacube.py:subpixellate:1770 | Resampling slit 14/24
    INFO | 2026-08-26 22:31:45 | slittrace.py:get_radec_image:536 | Generating an RA/DEC image with slice_offset=0.000
    INFO | 2026-08-26 22:31:45 | datacube.py:subpixellate:1770 | Resampling slit 15/24
    INFO | 2026-08-26 22:31:45 | slittrace.py:get_radec_image:536 | Generating an RA/DEC image with slice_offset=0.000
    INFO | 2026-08-26 22:31:45 | datacube.py:subpixellate:1770 | Resampling slit 16/24
    INFO | 2026-08-26 22:31:45 | slittrace.py:get_radec_image:536 | Generating an RA/DEC image with slice_offset=0.000
    INFO | 2026-08-26 22:31:46 | datacube.py:subpixellate:1770 | Resampling slit 17/24
    INFO | 2026-08-26 22:31:46 | slittrace.py:get_radec_image:536 | Generating an RA/DEC image with slice_offset=0.000
    INFO | 2026-08-26 22:31:46 | datacube.py:subpixellate:1770 | Resampling slit 18/24
    INFO | 2026-08-26 22:31:46 | slittrace.py:get_radec_image:536 | Generating an RA/DEC image with slice_offset=0.000
    INFO | 2026-08-26 22:31:46 | datacube.py:subpixellate:1770 | Resampling slit 19/24
    INFO | 2026-08-26 22:31:46 | slittrace.py:get_radec_image:536 | Generating an RA/DEC image with slice_offset=0.000
    INFO | 2026-08-26 22:31:47 | datacube.py:subpixellate:1770 | Resampling slit 20/24
    INFO | 2026-08-26 22:31:47 | slittrace.py:get_radec_image:536 | Generating an RA/DEC image with slice_offset=0.000
    INFO | 2026-08-26 22:31:47 | datacube.py:subpixellate:1770 | Resampling slit 21/24
    INFO | 2026-08-26 22:31:47 | slittrace.py:get_radec_image:536 | Generating an RA/DEC image with slice_offset=0.000
    INFO | 2026-08-26 22:31:48 | datacube.py:subpixellate:1770 | Resampling slit 22/24
    INFO | 2026-08-26 22:31:48 | slittrace.py:get_radec_image:536 | Generating an RA/DEC image with slice_offset=0.000
    INFO | 2026-08-26 22:31:48 | datacube.py:subpixellate:1770 | Resampling slit 23/24
    INFO | 2026-08-26 22:31:48 | slittrace.py:get_radec_image:536 | Generating an RA/DEC image with slice_offset=0.000
    INFO | 2026-08-26 22:31:48 | datacube.py:subpixellate:1770 | Resampling slit 24/24
    INFO | 2026-08-26 22:31:48 | slittrace.py:get_radec_image:536 | Generating an RA/DEC image with slice_offset=0.000
    INFO | 2026-08-26 22:31:49 | datacube.py:compute_weights:1384 | Optimal weighting complete
    INFO | 2026-08-26 22:31:49 | datacube.py:generate_WCS:1049 | Generating WCS
    INFO | 2026-08-26 22:31:49 | datacube.py:create_wcs:1008 | 
----------------------------------------
Parameters of the WCS:
RA   min = 349.9908110157594
DEC  min = -5.169280377809131
WAVE min, max = 8822.40212087401, 10997.736511288107
Spaxel size = 0.6789240000000001 arcsec
Wavelength step = 0.9586920598103461 A
----------------------------------------
    INFO | 2026-08-26 22:31:49 | datacube.py:get_whitelight_range:606 | The white light images will cover the wavelength range: 9027.88A - 10795.91A
    INFO | 2026-08-26 22:31:49 | datacube.py:subpixellate:1772 | Resampling slit 1/24 of frame 1/2
    INFO | 2026-08-26 22:31:50 | datacube.py:subpixellate:1807 | Resampling subslice 1/5
    INFO | 2026-08-26 22:31:50 | slittrace.py:get_radec_image:536 | Generating an RA/DEC image with slice_offset=-0.400
    INFO | 2026-08-26 22:31:51 | datacube.py:subpixellate:1807 | Resampling subslice 2/5
    INFO | 2026-08-26 22:31:51 | slittrace.py:get_radec_image:536 | Generating an RA/DEC image with slice_offset=-0.200
    INFO | 2026-08-26 22:31:52 | datacube.py:subpixellate:1807 | Resampling subslice 3/5
    INFO | 2026-08-26 22:31:52 | slittrace.py:get_radec_image:536 | Generating an RA/DEC image with slice_offset=0.000
    INFO | 2026-08-26 22:31:54 | datacube.py:subpixellate:1807 | Resampling subslice 4/5
    INFO | 2026-08-26 22:31:54 | slittrace.py:get_radec_image:536 | Generating an RA/DEC image with slice_offset=0.200
    INFO | 2026-08-26 22:31:55 | datacube.py:subpixellate:1807 | Resampling subslice 5/5
    INFO | 2026-08-26 22:31:55 | slittrace.py:get_radec_image:536 | Generating an RA/DEC image with slice_offset=0.400
    INFO | 2026-08-26 22:31:56 | datacube.py:subpixellate:1832 | Preparing subpixel weights
    INFO | 2026-08-26 22:32:04 | datacube.py:subpixellate:1772 | Resampling slit 2/24 of frame 1/2
    INFO | 2026-08-26 22:32:05 | datacube.py:subpixellate:1807 | Resampling subslice 1/5
    INFO | 2026-08-26 22:32:05 | slittrace.py:get_radec_image:536 | Generating an RA/DEC image with slice_offset=-0.400
    INFO | 2026-08-26 22:32:07 | datacube.py:subpixellate:1807 | Resampling subslice 2/5
    INFO | 2026-08-26 22:32:07 | slittrace.py:get_radec_image:536 | Generating an RA/DEC image with slice_offset=-0.200
    INFO | 2026-08-26 22:32:09 | datacube.py:subpixellate:1807 | Resampling subslice 3/5
    INFO | 2026-08-26 22:32:09 | slittrace.py:get_radec_image:536 | Generating an RA/DEC image with slice_offset=0.000
    INFO | 2026-08-26 22:32:11 | datacube.py:subpixellate:1807 | Resampling subslice 4/5
    INFO | 2026-08-26 22:32:11 | slittrace.py:get_radec_image:536 | Generating an RA/DEC image with slice_offset=0.200
    INFO | 2026-08-26 22:32:12 | datacube.py:subpixellate:1807 | Resampling subslice 5/5
    INFO | 2026-08-26 22:32:12 | slittrace.py:get_radec_image:536 | Generating an RA/DEC image with slice_offset=0.400
    INFO | 2026-08-26 22:32:13 | datacube.py:subpixellate:1832 | Preparing subpixel weights
    INFO | 2026-08-26 22:32:19 | datacube.py:subpixellate:1772 | Resampling slit 3/24 of frame 1/2
    INFO | 2026-08-26 22:32:20 | datacube.py:subpixellate:1807 | Resampling subslice 1/5
    INFO | 2026-08-26 22:32:20 | slittrace.py:get_radec_image:536 | Generating an RA/DEC image with slice_offset=-0.400
    INFO | 2026-08-26 22:32:22 | datacube.py:subpixellate:1807 | Resampling subslice 2/5
    INFO | 2026-08-26 22:32:22 | slittrace.py:get_radec_image:536 | Generating an RA/DEC image with slice_offset=-0.200
    INFO | 2026-08-26 22:32:24 | datacube.py:subpixellate:1807 | Resampling subslice 3/5
    INFO | 2026-08-26 22:32:24 | slittrace.py:get_radec_image:536 | Generating an RA/DEC image with slice_offset=0.000
    INFO | 2026-08-26 22:32:27 | datacube.py:subpixellate:1807 | Resampling subslice 4/5
    INFO | 2026-08-26 22:32:27 | slittrace.py:get_radec_image:536 | Generating an RA/DEC image with slice_offset=0.200
    INFO | 2026-08-26 22:32:28 | datacube.py:subpixellate:1807 | Resampling subslice 5/5
    INFO | 2026-08-26 22:32:28 | slittrace.py:get_radec_image:536 | Generating an RA/DEC image with slice_offset=0.400
    INFO | 2026-08-26 22:32:29 | datacube.py:subpixellate:1832 | Preparing subpixel weights
    INFO | 2026-08-26 22:32:35 | datacube.py:subpixellate:1772 | Resampling slit 4/24 of frame 1/2
    INFO | 2026-08-26 22:32:36 | datacube.py:subpixellate:1807 | Resampling subslice 1/5
    INFO | 2026-08-26 22:32:36 | slittrace.py:get_radec_image:536 | Generating an RA/DEC image with slice_offset=-0.400
    INFO | 2026-08-26 22:32:38 | datacube.py:subpixellate:1807 | Resampling subslice 2/5
    INFO | 2026-08-26 22:32:38 | slittrace.py:get_radec_image:536 | Generating an RA/DEC image with slice_offset=-0.200
    INFO | 2026-08-26 22:32:40 | datacube.py:subpixellate:1807 | Resampling subslice 3/5
    INFO | 2026-08-26 22:32:40 | slittrace.py:get_radec_image:536 | Generating an RA/DEC image with slice_offset=0.000
    INFO | 2026-08-26 22:32:42 | datacube.py:subpixellate:1807 | Resampling subslice 4/5
    INFO | 2026-08-26 22:32:42 | slittrace.py:get_radec_image:536 | Generating an RA/DEC image with slice_offset=0.200
    INFO | 2026-08-26 22:32:43 | datacube.py:subpixellate:1807 | Resampling subslice 5/5
    INFO | 2026-08-26 22:32:43 | slittrace.py:get_radec_image:536 | Generating an RA/DEC image with slice_offset=0.400
    INFO | 2026-08-26 22:32:44 | datacube.py:subpixellate:1832 | Preparing subpixel weights
    INFO | 2026-08-26 22:32:51 | datacube.py:subpixellate:1772 | Resampling slit 5/24 of frame 1/2
    INFO | 2026-08-26 22:32:52 | datacube.py:subpixellate:1807 | Resampling subslice 1/5
    INFO | 2026-08-26 22:32:52 | slittrace.py:get_radec_image:536 | Generating an RA/DEC image with slice_offset=-0.400
    INFO | 2026-08-26 22:32:53 | datacube.py:subpixellate:1807 | Resampling subslice 2/5
    INFO | 2026-08-26 22:32:53 | slittrace.py:get_radec_image:536 | Generating an RA/DEC image with slice_offset=-0.200
    INFO | 2026-08-26 22:32:55 | datacube.py:subpixellate:1807 | Resampling subslice 3/5
    INFO | 2026-08-26 22:32:55 | slittrace.py:get_radec_image:536 | Generating an RA/DEC image with slice_offset=0.000
    INFO | 2026-08-26 22:32:58 | datacube.py:subpixellate:1807 | Resampling subslice 4/5
    INFO | 2026-08-26 22:32:58 | slittrace.py:get_radec_image:536 | Generating an RA/DEC image with slice_offset=0.200
    INFO | 2026-08-26 22:32:59 | datacube.py:subpixellate:1807 | Resampling subslice 5/5
    INFO | 2026-08-26 22:32:59 | slittrace.py:get_radec_image:536 | Generating an RA/DEC image with slice_offset=0.400
    INFO | 2026-08-26 22:33:00 | datacube.py:subpixellate:1832 | Preparing subpixel weights
    INFO | 2026-08-26 22:33:05 | datacube.py:subpixellate:1772 | Resampling slit 6/24 of frame 1/2
    INFO | 2026-08-26 22:33:06 | datacube.py:subpixellate:1807 | Resampling subslice 1/5
    INFO | 2026-08-26 22:33:06 | slittrace.py:get_radec_image:536 | Generating an RA/DEC image with slice_offset=-0.400
    INFO | 2026-08-26 22:33:08 | datacube.py:subpixellate:1807 | Resampling subslice 2/5
    INFO | 2026-08-26 22:33:08 | slittrace.py:get_radec_image:536 | Generating an RA/DEC image with slice_offset=-0.200
    INFO | 2026-08-26 22:33:10 | datacube.py:subpixellate:1807 | Resampling subslice 3/5
    INFO | 2026-08-26 22:33:10 | slittrace.py:get_radec_image:536 | Generating an RA/DEC image with slice_offset=0.000
    INFO | 2026-08-26 22:33:12 | datacube.py:subpixellate:1807 | Resampling subslice 4/5
    INFO | 2026-08-26 22:33:12 | slittrace.py:get_radec_image:536 | Generating an RA/DEC image with slice_offset=0.200
    INFO | 2026-08-26 22:33:13 | datacube.py:subpixellate:1807 | Resampling subslice 5/5
    INFO | 2026-08-26 22:33:13 | slittrace.py:get_radec_image:536 | Generating an RA/DEC image with slice_offset=0.400
    INFO | 2026-08-26 22:33:14 | datacube.py:subpixellate:1832 | Preparing subpixel weights
    INFO | 2026-08-26 22:33:21 | datacube.py:subpixellate:1772 | Resampling slit 7/24 of frame 1/2
    INFO | 2026-08-26 22:33:22 | datacube.py:subpixellate:1807 | Resampling subslice 1/5
    INFO | 2026-08-26 22:33:22 | slittrace.py:get_radec_image:536 | Generating an RA/DEC image with slice_offset=-0.400
    INFO | 2026-08-26 22:33:24 | datacube.py:subpixellate:1807 | Resampling subslice 2/5
    INFO | 2026-08-26 22:33:24 | slittrace.py:get_radec_image:536 | Generating an RA/DEC image with slice_offset=-0.200
    INFO | 2026-08-26 22:33:26 | datacube.py:subpixellate:1807 | Resampling subslice 3/5
    INFO | 2026-08-26 22:33:26 | slittrace.py:get_radec_image:536 | Generating an RA/DEC image with slice_offset=0.000
    INFO | 2026-08-26 22:33:28 | datacube.py:subpixellate:1807 | Resampling subslice 4/5
    INFO | 2026-08-26 22:33:28 | slittrace.py:get_radec_image:536 | Generating an RA/DEC image with slice_offset=0.200
    INFO | 2026-08-26 22:33:29 | datacube.py:subpixellate:1807 | Resampling subslice 5/5
    INFO | 2026-08-26 22:33:29 | slittrace.py:get_radec_image:536 | Generating an RA/DEC image with slice_offset=0.400
    INFO | 2026-08-26 22:33:30 | datacube.py:subpixellate:1832 | Preparing subpixel weights
    INFO | 2026-08-26 22:33:37 | datacube.py:subpixellate:1772 | Resampling slit 8/24 of frame 1/2
    INFO | 2026-08-26 22:33:38 | datacube.py:subpixellate:1807 | Resampling subslice 1/5
    INFO | 2026-08-26 22:33:38 | slittrace.py:get_radec_image:536 | Generating an RA/DEC image with slice_offset=-0.400
    INFO | 2026-08-26 22:33:40 | datacube.py:subpixellate:1807 | Resampling subslice 2/5
    INFO | 2026-08-26 22:33:40 | slittrace.py:get_radec_image:536 | Generating an RA/DEC image with slice_offset=-0.200
    INFO | 2026-08-26 22:33:42 | datacube.py:subpixellate:1807 | Resampling subslice 3/5
    INFO | 2026-08-26 22:33:42 | slittrace.py:get_radec_image:536 | Generating an RA/DEC image with slice_offset=0.000
    INFO | 2026-08-26 22:33:44 | datacube.py:subpixellate:1807 | Resampling subslice 4/5
    INFO | 2026-08-26 22:33:44 | slittrace.py:get_radec_image:536 | Generating an RA/DEC image with slice_offset=0.200
    INFO | 2026-08-26 22:33:44 | datacube.py:subpixellate:1807 | Resampling subslice 5/5
    INFO | 2026-08-26 22:33:44 | slittrace.py:get_radec_image:536 | Generating an RA/DEC image with slice_offset=0.400
    INFO | 2026-08-26 22:33:45 | datacube.py:subpixellate:1832 | Preparing subpixel weights
    INFO | 2026-08-26 22:33:49 | datacube.py:subpixellate:1772 | Resampling slit 9/24 of frame 1/2
    INFO | 2026-08-26 22:33:50 | datacube.py:subpixellate:1807 | Resampling subslice 1/5
    INFO | 2026-08-26 22:33:50 | slittrace.py:get_radec_image:536 | Generating an RA/DEC image with slice_offset=-0.400
    INFO | 2026-08-26 22:33:52 | datacube.py:subpixellate:1807 | Resampling subslice 2/5
    INFO | 2026-08-26 22:33:52 | slittrace.py:get_radec_image:536 | Generating an RA/DEC image with slice_offset=-0.200
    INFO | 2026-08-26 22:33:54 | datacube.py:subpixellate:1807 | Resampling subslice 3/5
    INFO | 2026-08-26 22:33:54 | slittrace.py:get_radec_image:536 | Generating an RA/DEC image with slice_offset=0.000
    INFO | 2026-08-26 22:33:56 | datacube.py:subpixellate:1807 | Resampling subslice 4/5
    INFO | 2026-08-26 22:33:56 | slittrace.py:get_radec_image:536 | Generating an RA/DEC image with slice_offset=0.200
    INFO | 2026-08-26 22:33:57 | datacube.py:subpixellate:1807 | Resampling subslice 5/5
    INFO | 2026-08-26 22:33:57 | slittrace.py:get_radec_image:536 | Generating an RA/DEC image with slice_offset=0.400
    INFO | 2026-08-26 22:33:58 | datacube.py:subpixellate:1832 | Preparing subpixel weights
    INFO | 2026-08-26 22:34:02 | datacube.py:subpixellate:1772 | Resampling slit 10/24 of frame 1/2
    INFO | 2026-08-26 22:34:03 | datacube.py:subpixellate:1807 | Resampling subslice 1/5
    INFO | 2026-08-26 22:34:03 | slittrace.py:get_radec_image:536 | Generating an RA/DEC image with slice_offset=-0.400
    INFO | 2026-08-26 22:34:04 | datacube.py:subpixellate:1807 | Resampling subslice 2/5
    INFO | 2026-08-26 22:34:04 | slittrace.py:get_radec_image:536 | Generating an RA/DEC image with slice_offset=-0.200
    INFO | 2026-08-26 22:34:05 | datacube.py:subpixellate:1807 | Resampling subslice 3/5
    INFO | 2026-08-26 22:34:05 | slittrace.py:get_radec_image:536 | Generating an RA/DEC image with slice_offset=0.000
    INFO | 2026-08-26 22:34:06 | datacube.py:subpixellate:1807 | Resampling subslice 4/5
    INFO | 2026-08-26 22:34:06 | slittrace.py:get_radec_image:536 | Generating an RA/DEC image with slice_offset=0.200
    INFO | 2026-08-26 22:34:07 | datacube.py:subpixellate:1807 | Resampling subslice 5/5
    INFO | 2026-08-26 22:34:07 | slittrace.py:get_radec_image:536 | Generating an RA/DEC image with slice_offset=0.400
    INFO | 2026-08-26 22:34:08 | datacube.py:subpixellate:1832 | Preparing subpixel weights
    INFO | 2026-08-26 22:34:11 | datacube.py:subpixellate:1772 | Resampling slit 11/24 of frame 1/2
    INFO | 2026-08-26 22:34:12 | datacube.py:subpixellate:1807 | Resampling subslice 1/5
    INFO | 2026-08-26 22:34:12 | slittrace.py:get_radec_image:536 | Generating an RA/DEC image with slice_offset=-0.400
    INFO | 2026-08-26 22:34:13 | datacube.py:subpixellate:1807 | Resampling subslice 2/5
    INFO | 2026-08-26 22:34:13 | slittrace.py:get_radec_image:536 | Generating an RA/DEC image with slice_offset=-0.200
    INFO | 2026-08-26 22:34:14 | datacube.py:subpixellate:1807 | Resampling subslice 3/5
    INFO | 2026-08-26 22:34:14 | slittrace.py:get_radec_image:536 | Generating an RA/DEC image with slice_offset=0.000
    INFO | 2026-08-26 22:34:15 | datacube.py:subpixellate:1807 | Resampling subslice 4/5
    INFO | 2026-08-26 22:34:15 | slittrace.py:get_radec_image:536 | Generating an RA/DEC image with slice_offset=0.200
    INFO | 2026-08-26 22:34:17 | datacube.py:subpixellate:1807 | Resampling subslice 5/5
    INFO | 2026-08-26 22:34:17 | slittrace.py:get_radec_image:536 | Generating an RA/DEC image with slice_offset=0.400
    INFO | 2026-08-26 22:34:18 | datacube.py:subpixellate:1832 | Preparing subpixel weights
    INFO | 2026-08-26 22:34:22 | datacube.py:subpixellate:1772 | Resampling slit 12/24 of frame 1/2
    INFO | 2026-08-26 22:34:22 | datacube.py:subpixellate:1807 | Resampling subslice 1/5
    INFO | 2026-08-26 22:34:22 | slittrace.py:get_radec_image:536 | Generating an RA/DEC image with slice_offset=-0.400
    INFO | 2026-08-26 22:34:23 | datacube.py:subpixellate:1807 | Resampling subslice 2/5
    INFO | 2026-08-26 22:34:23 | slittrace.py:get_radec_image:536 | Generating an RA/DEC image with slice_offset=-0.200
    INFO | 2026-08-26 22:34:25 | datacube.py:subpixellate:1807 | Resampling subslice 3/5
    INFO | 2026-08-26 22:34:25 | slittrace.py:get_radec_image:536 | Generating an RA/DEC image with slice_offset=0.000
    INFO | 2026-08-26 22:34:26 | datacube.py:subpixellate:1807 | Resampling subslice 4/5
    INFO | 2026-08-26 22:34:26 | slittrace.py:get_radec_image:536 | Generating an RA/DEC image with slice_offset=0.200
    INFO | 2026-08-26 22:34:27 | datacube.py:subpixellate:1807 | Resampling subslice 5/5
    INFO | 2026-08-26 22:34:27 | slittrace.py:get_radec_image:536 | Generating an RA/DEC image with slice_offset=0.400
    INFO | 2026-08-26 22:34:28 | datacube.py:subpixellate:1832 | Preparing subpixel weights
    INFO | 2026-08-26 22:34:31 | datacube.py:subpixellate:1772 | Resampling slit 13/24 of frame 1/2
    INFO | 2026-08-26 22:34:32 | datacube.py:subpixellate:1807 | Resampling subslice 1/5
    INFO | 2026-08-26 22:34:32 | slittrace.py:get_radec_image:536 | Generating an RA/DEC image with slice_offset=-0.400
    INFO | 2026-08-26 22:34:33 | datacube.py:subpixellate:1807 | Resampling subslice 2/5
    INFO | 2026-08-26 22:34:33 | slittrace.py:get_radec_image:536 | Generating an RA/DEC image with slice_offset=-0.200
    INFO | 2026-08-26 22:34:34 | datacube.py:subpixellate:1807 | Resampling subslice 3/5
    INFO | 2026-08-26 22:34:34 | slittrace.py:get_radec_image:536 | Generating an RA/DEC image with slice_offset=0.000
    INFO | 2026-08-26 22:34:35 | datacube.py:subpixellate:1807 | Resampling subslice 4/5
    INFO | 2026-08-26 22:34:35 | slittrace.py:get_radec_image:536 | Generating an RA/DEC image with slice_offset=0.200
    INFO | 2026-08-26 22:34:36 | datacube.py:subpixellate:1807 | Resampling subslice 5/5
    INFO | 2026-08-26 22:34:36 | slittrace.py:get_radec_image:536 | Generating an RA/DEC image with slice_offset=0.400
    INFO | 2026-08-26 22:34:37 | datacube.py:subpixellate:1832 | Preparing subpixel weights
    INFO | 2026-08-26 22:34:41 | datacube.py:subpixellate:1772 | Resampling slit 14/24 of frame 1/2
    INFO | 2026-08-26 22:34:41 | datacube.py:subpixellate:1807 | Resampling subslice 1/5
    INFO | 2026-08-26 22:34:41 | slittrace.py:get_radec_image:536 | Generating an RA/DEC image with slice_offset=-0.400
    INFO | 2026-08-26 22:34:42 | datacube.py:subpixellate:1807 | Resampling subslice 2/5
    INFO | 2026-08-26 22:34:42 | slittrace.py:get_radec_image:536 | Generating an RA/DEC image with slice_offset=-0.200
    INFO | 2026-08-26 22:34:43 | datacube.py:subpixellate:1807 | Resampling subslice 3/5
    INFO | 2026-08-26 22:34:43 | slittrace.py:get_radec_image:536 | Generating an RA/DEC image with slice_offset=0.000
    INFO | 2026-08-26 22:34:44 | datacube.py:subpixellate:1807 | Resampling subslice 4/5
    INFO | 2026-08-26 22:34:44 | slittrace.py:get_radec_image:536 | Generating an RA/DEC image with slice_offset=0.200
    INFO | 2026-08-26 22:34:45 | datacube.py:subpixellate:1807 | Resampling subslice 5/5
    INFO | 2026-08-26 22:34:45 | slittrace.py:get_radec_image:536 | Generating an RA/DEC image with slice_offset=0.400
    INFO | 2026-08-26 22:34:46 | datacube.py:subpixellate:1832 | Preparing subpixel weights
    INFO | 2026-08-26 22:34:51 | datacube.py:subpixellate:1772 | Resampling slit 15/24 of frame 1/2
    INFO | 2026-08-26 22:34:52 | datacube.py:subpixellate:1807 | Resampling subslice 1/5
    INFO | 2026-08-26 22:34:52 | slittrace.py:get_radec_image:536 | Generating an RA/DEC image with slice_offset=-0.400
    INFO | 2026-08-26 22:34:53 | datacube.py:subpixellate:1807 | Resampling subslice 2/5
    INFO | 2026-08-26 22:34:53 | slittrace.py:get_radec_image:536 | Generating an RA/DEC image with slice_offset=-0.200
    INFO | 2026-08-26 22:34:54 | datacube.py:subpixellate:1807 | Resampling subslice 3/5
    INFO | 2026-08-26 22:34:54 | slittrace.py:get_radec_image:536 | Generating an RA/DEC image with slice_offset=0.000
    INFO | 2026-08-26 22:34:55 | datacube.py:subpixellate:1807 | Resampling subslice 4/5
    INFO | 2026-08-26 22:34:55 | slittrace.py:get_radec_image:536 | Generating an RA/DEC image with slice_offset=0.200
    INFO | 2026-08-26 22:34:56 | datacube.py:subpixellate:1807 | Resampling subslice 5/5
    INFO | 2026-08-26 22:34:56 | slittrace.py:get_radec_image:536 | Generating an RA/DEC image with slice_offset=0.400
    INFO | 2026-08-26 22:34:56 | datacube.py:subpixellate:1832 | Preparing subpixel weights
    INFO | 2026-08-26 22:35:00 | datacube.py:subpixellate:1772 | Resampling slit 16/24 of frame 1/2
    INFO | 2026-08-26 22:35:01 | datacube.py:subpixellate:1807 | Resampling subslice 1/5
    INFO | 2026-08-26 22:35:01 | slittrace.py:get_radec_image:536 | Generating an RA/DEC image with slice_offset=-0.400
    INFO | 2026-08-26 22:35:02 | datacube.py:subpixellate:1807 | Resampling subslice 2/5
    INFO | 2026-08-26 22:35:02 | slittrace.py:get_radec_image:536 | Generating an RA/DEC image with slice_offset=-0.200
    INFO | 2026-08-26 22:35:03 | datacube.py:subpixellate:1807 | Resampling subslice 3/5
    INFO | 2026-08-26 22:35:03 | slittrace.py:get_radec_image:536 | Generating an RA/DEC image with slice_offset=0.000
    INFO | 2026-08-26 22:35:04 | datacube.py:subpixellate:1807 | Resampling subslice 4/5
    INFO | 2026-08-26 22:35:04 | slittrace.py:get_radec_image:536 | Generating an RA/DEC image with slice_offset=0.200
    INFO | 2026-08-26 22:35:05 | datacube.py:subpixellate:1807 | Resampling subslice 5/5
    INFO | 2026-08-26 22:35:05 | slittrace.py:get_radec_image:536 | Generating an RA/DEC image with slice_offset=0.400
    INFO | 2026-08-26 22:35:06 | datacube.py:subpixellate:1832 | Preparing subpixel weights
    INFO | 2026-08-26 22:35:09 | datacube.py:subpixellate:1772 | Resampling slit 17/24 of frame 1/2
    INFO | 2026-08-26 22:35:10 | datacube.py:subpixellate:1807 | Resampling subslice 1/5
    INFO | 2026-08-26 22:35:10 | slittrace.py:get_radec_image:536 | Generating an RA/DEC image with slice_offset=-0.400
    INFO | 2026-08-26 22:35:11 | datacube.py:subpixellate:1807 | Resampling subslice 2/5
    INFO | 2026-08-26 22:35:11 | slittrace.py:get_radec_image:536 | Generating an RA/DEC image with slice_offset=-0.200
    INFO | 2026-08-26 22:35:12 | datacube.py:subpixellate:1807 | Resampling subslice 3/5
    INFO | 2026-08-26 22:35:12 | slittrace.py:get_radec_image:536 | Generating an RA/DEC image with slice_offset=0.000
    INFO | 2026-08-26 22:35:13 | datacube.py:subpixellate:1807 | Resampling subslice 4/5
    INFO | 2026-08-26 22:35:13 | slittrace.py:get_radec_image:536 | Generating an RA/DEC image with slice_offset=0.200
    INFO | 2026-08-26 22:35:14 | datacube.py:subpixellate:1807 | Resampling subslice 5/5
    INFO | 2026-08-26 22:35:14 | slittrace.py:get_radec_image:536 | Generating an RA/DEC image with slice_offset=0.400
    INFO | 2026-08-26 22:35:16 | datacube.py:subpixellate:1832 | Preparing subpixel weights
    INFO | 2026-08-26 22:35:20 | datacube.py:subpixellate:1772 | Resampling slit 18/24 of frame 1/2
    INFO | 2026-08-26 22:35:20 | datacube.py:subpixellate:1807 | Resampling subslice 1/5
    INFO | 2026-08-26 22:35:20 | slittrace.py:get_radec_image:536 | Generating an RA/DEC image with slice_offset=-0.400
    INFO | 2026-08-26 22:35:21 | datacube.py:subpixellate:1807 | Resampling subslice 2/5
    INFO | 2026-08-26 22:35:21 | slittrace.py:get_radec_image:536 | Generating an RA/DEC image with slice_offset=-0.200
    INFO | 2026-08-26 22:35:22 | datacube.py:subpixellate:1807 | Resampling subslice 3/5
    INFO | 2026-08-26 22:35:22 | slittrace.py:get_radec_image:536 | Generating an RA/DEC image with slice_offset=0.000
    INFO | 2026-08-26 22:35:23 | datacube.py:subpixellate:1807 | Resampling subslice 4/5
    INFO | 2026-08-26 22:35:23 | slittrace.py:get_radec_image:536 | Generating an RA/DEC image with slice_offset=0.200
    INFO | 2026-08-26 22:35:24 | datacube.py:subpixellate:1807 | Resampling subslice 5/5
    INFO | 2026-08-26 22:35:24 | slittrace.py:get_radec_image:536 | Generating an RA/DEC image with slice_offset=0.400
    INFO | 2026-08-26 22:35:25 | datacube.py:subpixellate:1832 | Preparing subpixel weights
    INFO | 2026-08-26 22:35:29 | datacube.py:subpixellate:1772 | Resampling slit 19/24 of frame 1/2
    INFO | 2026-08-26 22:35:29 | datacube.py:subpixellate:1807 | Resampling subslice 1/5
    INFO | 2026-08-26 22:35:29 | slittrace.py:get_radec_image:536 | Generating an RA/DEC image with slice_offset=-0.400
    INFO | 2026-08-26 22:35:30 | datacube.py:subpixellate:1807 | Resampling subslice 2/5
    INFO | 2026-08-26 22:35:30 | slittrace.py:get_radec_image:536 | Generating an RA/DEC image with slice_offset=-0.200
    INFO | 2026-08-26 22:35:31 | datacube.py:subpixellate:1807 | Resampling subslice 3/5
    INFO | 2026-08-26 22:35:31 | slittrace.py:get_radec_image:536 | Generating an RA/DEC image with slice_offset=0.000
    INFO | 2026-08-26 22:35:32 | datacube.py:subpixellate:1807 | Resampling subslice 4/5
    INFO | 2026-08-26 22:35:32 | slittrace.py:get_radec_image:536 | Generating an RA/DEC image with slice_offset=0.200
    INFO | 2026-08-26 22:35:33 | datacube.py:subpixellate:1807 | Resampling subslice 5/5
    INFO | 2026-08-26 22:35:33 | slittrace.py:get_radec_image:536 | Generating an RA/DEC image with slice_offset=0.400
    INFO | 2026-08-26 22:35:34 | datacube.py:subpixellate:1832 | Preparing subpixel weights
    INFO | 2026-08-26 22:35:38 | datacube.py:subpixellate:1772 | Resampling slit 20/24 of frame 1/2
    INFO | 2026-08-26 22:35:39 | datacube.py:subpixellate:1807 | Resampling subslice 1/5
    INFO | 2026-08-26 22:35:39 | slittrace.py:get_radec_image:536 | Generating an RA/DEC image with slice_offset=-0.400
    INFO | 2026-08-26 22:35:40 | datacube.py:subpixellate:1807 | Resampling subslice 2/5
    INFO | 2026-08-26 22:35:40 | slittrace.py:get_radec_image:536 | Generating an RA/DEC image with slice_offset=-0.200
    INFO | 2026-08-26 22:35:41 | datacube.py:subpixellate:1807 | Resampling subslice 3/5
    INFO | 2026-08-26 22:35:41 | slittrace.py:get_radec_image:536 | Generating an RA/DEC image with slice_offset=0.000
    INFO | 2026-08-26 22:35:42 | datacube.py:subpixellate:1807 | Resampling subslice 4/5
    INFO | 2026-08-26 22:35:42 | slittrace.py:get_radec_image:536 | Generating an RA/DEC image with slice_offset=0.200
    INFO | 2026-08-26 22:35:43 | datacube.py:subpixellate:1807 | Resampling subslice 5/5
    INFO | 2026-08-26 22:35:43 | slittrace.py:get_radec_image:536 | Generating an RA/DEC image with slice_offset=0.400
    INFO | 2026-08-26 22:35:44 | datacube.py:subpixellate:1832 | Preparing subpixel weights
    INFO | 2026-08-26 22:35:48 | datacube.py:subpixellate:1772 | Resampling slit 21/24 of frame 1/2
    INFO | 2026-08-26 22:35:49 | datacube.py:subpixellate:1807 | Resampling subslice 1/5
    INFO | 2026-08-26 22:35:49 | slittrace.py:get_radec_image:536 | Generating an RA/DEC image with slice_offset=-0.400
    INFO | 2026-08-26 22:35:50 | datacube.py:subpixellate:1807 | Resampling subslice 2/5
    INFO | 2026-08-26 22:35:50 | slittrace.py:get_radec_image:536 | Generating an RA/DEC image with slice_offset=-0.200
    INFO | 2026-08-26 22:35:51 | datacube.py:subpixellate:1807 | Resampling subslice 3/5
    INFO | 2026-08-26 22:35:51 | slittrace.py:get_radec_image:536 | Generating an RA/DEC image with slice_offset=0.000
    INFO | 2026-08-26 22:35:51 | datacube.py:subpixellate:1807 | Resampling subslice 4/5
    INFO | 2026-08-26 22:35:51 | slittrace.py:get_radec_image:536 | Generating an RA/DEC image with slice_offset=0.200
    INFO | 2026-08-26 22:35:52 | datacube.py:subpixellate:1807 | Resampling subslice 5/5
    INFO | 2026-08-26 22:35:52 | slittrace.py:get_radec_image:536 | Generating an RA/DEC image with slice_offset=0.400
    INFO | 2026-08-26 22:35:53 | datacube.py:subpixellate:1832 | Preparing subpixel weights
    INFO | 2026-08-26 22:35:57 | datacube.py:subpixellate:1772 | Resampling slit 22/24 of frame 1/2
    INFO | 2026-08-26 22:35:57 | datacube.py:subpixellate:1807 | Resampling subslice 1/5
    INFO | 2026-08-26 22:35:57 | slittrace.py:get_radec_image:536 | Generating an RA/DEC image with slice_offset=-0.400
    INFO | 2026-08-26 22:35:58 | datacube.py:subpixellate:1807 | Resampling subslice 2/5
    INFO | 2026-08-26 22:35:58 | slittrace.py:get_radec_image:536 | Generating an RA/DEC image with slice_offset=-0.200
    INFO | 2026-08-26 22:35:59 | datacube.py:subpixellate:1807 | Resampling subslice 3/5
    INFO | 2026-08-26 22:35:59 | slittrace.py:get_radec_image:536 | Generating an RA/DEC image with slice_offset=0.000
    INFO | 2026-08-26 22:36:00 | datacube.py:subpixellate:1807 | Resampling subslice 4/5
    INFO | 2026-08-26 22:36:00 | slittrace.py:get_radec_image:536 | Generating an RA/DEC image with slice_offset=0.200
    INFO | 2026-08-26 22:36:01 | datacube.py:subpixellate:1807 | Resampling subslice 5/5
    INFO | 2026-08-26 22:36:01 | slittrace.py:get_radec_image:536 | Generating an RA/DEC image with slice_offset=0.400
    INFO | 2026-08-26 22:36:03 | datacube.py:subpixellate:1832 | Preparing subpixel weights
    INFO | 2026-08-26 22:36:06 | datacube.py:subpixellate:1772 | Resampling slit 23/24 of frame 1/2
    INFO | 2026-08-26 22:36:07 | datacube.py:subpixellate:1807 | Resampling subslice 1/5
    INFO | 2026-08-26 22:36:07 | slittrace.py:get_radec_image:536 | Generating an RA/DEC image with slice_offset=-0.400
    INFO | 2026-08-26 22:36:08 | datacube.py:subpixellate:1807 | Resampling subslice 2/5
    INFO | 2026-08-26 22:36:08 | slittrace.py:get_radec_image:536 | Generating an RA/DEC image with slice_offset=-0.200
    INFO | 2026-08-26 22:36:09 | datacube.py:subpixellate:1807 | Resampling subslice 3/5
    INFO | 2026-08-26 22:36:09 | slittrace.py:get_radec_image:536 | Generating an RA/DEC image with slice_offset=0.000
    INFO | 2026-08-26 22:36:10 | datacube.py:subpixellate:1807 | Resampling subslice 4/5
    INFO | 2026-08-26 22:36:10 | slittrace.py:get_radec_image:536 | Generating an RA/DEC image with slice_offset=0.200
    INFO | 2026-08-26 22:36:11 | datacube.py:subpixellate:1807 | Resampling subslice 5/5
    INFO | 2026-08-26 22:36:11 | slittrace.py:get_radec_image:536 | Generating an RA/DEC image with slice_offset=0.400
    INFO | 2026-08-26 22:36:12 | datacube.py:subpixellate:1832 | Preparing subpixel weights
    INFO | 2026-08-26 22:36:16 | datacube.py:subpixellate:1772 | Resampling slit 24/24 of frame 1/2
    INFO | 2026-08-26 22:36:16 | datacube.py:subpixellate:1807 | Resampling subslice 1/5
    INFO | 2026-08-26 22:36:16 | slittrace.py:get_radec_image:536 | Generating an RA/DEC image with slice_offset=-0.400
    INFO | 2026-08-26 22:36:17 | datacube.py:subpixellate:1807 | Resampling subslice 2/5
    INFO | 2026-08-26 22:36:17 | slittrace.py:get_radec_image:536 | Generating an RA/DEC image with slice_offset=-0.200
    INFO | 2026-08-26 22:36:18 | datacube.py:subpixellate:1807 | Resampling subslice 3/5
    INFO | 2026-08-26 22:36:18 | slittrace.py:get_radec_image:536 | Generating an RA/DEC image with slice_offset=0.000
    INFO | 2026-08-26 22:36:19 | datacube.py:subpixellate:1807 | Resampling subslice 4/5
    INFO | 2026-08-26 22:36:19 | slittrace.py:get_radec_image:536 | Generating an RA/DEC image with slice_offset=0.200
    INFO | 2026-08-26 22:36:20 | datacube.py:subpixellate:1807 | Resampling subslice 5/5
    INFO | 2026-08-26 22:36:20 | slittrace.py:get_radec_image:536 | Generating an RA/DEC image with slice_offset=0.400
    INFO | 2026-08-26 22:36:21 | datacube.py:subpixellate:1832 | Preparing subpixel weights
    INFO | 2026-08-26 22:36:25 | datacube.py:subpixellate:1772 | Resampling slit 1/24 of frame 2/2
    INFO | 2026-08-26 22:36:26 | datacube.py:subpixellate:1807 | Resampling subslice 1/5
    INFO | 2026-08-26 22:36:26 | slittrace.py:get_radec_image:536 | Generating an RA/DEC image with slice_offset=-0.400
    INFO | 2026-08-26 22:36:27 | datacube.py:subpixellate:1807 | Resampling subslice 2/5
    INFO | 2026-08-26 22:36:27 | slittrace.py:get_radec_image:536 | Generating an RA/DEC image with slice_offset=-0.200
    INFO | 2026-08-26 22:36:28 | datacube.py:subpixellate:1807 | Resampling subslice 3/5
    INFO | 2026-08-26 22:36:28 | slittrace.py:get_radec_image:536 | Generating an RA/DEC image with slice_offset=0.000
    INFO | 2026-08-26 22:36:29 | datacube.py:subpixellate:1807 | Resampling subslice 4/5
    INFO | 2026-08-26 22:36:29 | slittrace.py:get_radec_image:536 | Generating an RA/DEC image with slice_offset=0.200
    INFO | 2026-08-26 22:36:30 | datacube.py:subpixellate:1807 | Resampling subslice 5/5
    INFO | 2026-08-26 22:36:30 | slittrace.py:get_radec_image:536 | Generating an RA/DEC image with slice_offset=0.400
    INFO | 2026-08-26 22:36:31 | datacube.py:subpixellate:1832 | Preparing subpixel weights
    INFO | 2026-08-26 22:36:37 | datacube.py:subpixellate:1772 | Resampling slit 2/24 of frame 2/2
    INFO | 2026-08-26 22:36:37 | datacube.py:subpixellate:1807 | Resampling subslice 1/5
    INFO | 2026-08-26 22:36:37 | slittrace.py:get_radec_image:536 | Generating an RA/DEC image with slice_offset=-0.400
    INFO | 2026-08-26 22:36:39 | datacube.py:subpixellate:1807 | Resampling subslice 2/5
    INFO | 2026-08-26 22:36:39 | slittrace.py:get_radec_image:536 | Generating an RA/DEC image with slice_offset=-0.200
    INFO | 2026-08-26 22:36:39 | datacube.py:subpixellate:1807 | Resampling subslice 3/5
    INFO | 2026-08-26 22:36:39 | slittrace.py:get_radec_image:536 | Generating an RA/DEC image with slice_offset=0.000
    INFO | 2026-08-26 22:36:40 | datacube.py:subpixellate:1807 | Resampling subslice 4/5
    INFO | 2026-08-26 22:36:40 | slittrace.py:get_radec_image:536 | Generating an RA/DEC image with slice_offset=0.200
    INFO | 2026-08-26 22:36:41 | datacube.py:subpixellate:1807 | Resampling subslice 5/5
    INFO | 2026-08-26 22:36:41 | slittrace.py:get_radec_image:536 | Generating an RA/DEC image with slice_offset=0.400
    INFO | 2026-08-26 22:36:43 | datacube.py:subpixellate:1832 | Preparing subpixel weights
    INFO | 2026-08-26 22:36:46 | datacube.py:subpixellate:1772 | Resampling slit 3/24 of frame 2/2
    INFO | 2026-08-26 22:36:47 | datacube.py:subpixellate:1807 | Resampling subslice 1/5
    INFO | 2026-08-26 22:36:47 | slittrace.py:get_radec_image:536 | Generating an RA/DEC image with slice_offset=-0.400
    INFO | 2026-08-26 22:36:48 | datacube.py:subpixellate:1807 | Resampling subslice 2/5
    INFO | 2026-08-26 22:36:48 | slittrace.py:get_radec_image:536 | Generating an RA/DEC image with slice_offset=-0.200
    INFO | 2026-08-26 22:36:49 | datacube.py:subpixellate:1807 | Resampling subslice 3/5
    INFO | 2026-08-26 22:36:49 | slittrace.py:get_radec_image:536 | Generating an RA/DEC image with slice_offset=0.000
    INFO | 2026-08-26 22:36:50 | datacube.py:subpixellate:1807 | Resampling subslice 4/5
    INFO | 2026-08-26 22:36:50 | slittrace.py:get_radec_image:536 | Generating an RA/DEC image with slice_offset=0.200
    INFO | 2026-08-26 22:36:51 | datacube.py:subpixellate:1807 | Resampling subslice 5/5
    INFO | 2026-08-26 22:36:51 | slittrace.py:get_radec_image:536 | Generating an RA/DEC image with slice_offset=0.400
    INFO | 2026-08-26 22:36:52 | datacube.py:subpixellate:1832 | Preparing subpixel weights
    INFO | 2026-08-26 22:36:57 | datacube.py:subpixellate:1772 | Resampling slit 4/24 of frame 2/2
    INFO | 2026-08-26 22:36:57 | datacube.py:subpixellate:1807 | Resampling subslice 1/5
    INFO | 2026-08-26 22:36:57 | slittrace.py:get_radec_image:536 | Generating an RA/DEC image with slice_offset=-0.400
    INFO | 2026-08-26 22:36:58 | datacube.py:subpixellate:1807 | Resampling subslice 2/5
    INFO | 2026-08-26 22:36:58 | slittrace.py:get_radec_image:536 | Generating an RA/DEC image with slice_offset=-0.200
    INFO | 2026-08-26 22:37:00 | datacube.py:subpixellate:1807 | Resampling subslice 3/5
    INFO | 2026-08-26 22:37:00 | slittrace.py:get_radec_image:536 | Generating an RA/DEC image with slice_offset=0.000
    INFO | 2026-08-26 22:37:02 | datacube.py:subpixellate:1807 | Resampling subslice 4/5
    INFO | 2026-08-26 22:37:02 | slittrace.py:get_radec_image:536 | Generating an RA/DEC image with slice_offset=0.200
    INFO | 2026-08-26 22:37:03 | datacube.py:subpixellate:1807 | Resampling subslice 5/5
    INFO | 2026-08-26 22:37:03 | slittrace.py:get_radec_image:536 | Generating an RA/DEC image with slice_offset=0.400
    INFO | 2026-08-26 22:37:04 | datacube.py:subpixellate:1832 | Preparing subpixel weights
    INFO | 2026-08-26 22:37:08 | datacube.py:subpixellate:1772 | Resampling slit 5/24 of frame 2/2
    INFO | 2026-08-26 22:37:08 | datacube.py:subpixellate:1807 | Resampling subslice 1/5
    INFO | 2026-08-26 22:37:08 | slittrace.py:get_radec_image:536 | Generating an RA/DEC image with slice_offset=-0.400
    INFO | 2026-08-26 22:37:09 | datacube.py:subpixellate:1807 | Resampling subslice 2/5
    INFO | 2026-08-26 22:37:09 | slittrace.py:get_radec_image:536 | Generating an RA/DEC image with slice_offset=-0.200
    INFO | 2026-08-26 22:37:10 | datacube.py:subpixellate:1807 | Resampling subslice 3/5
    INFO | 2026-08-26 22:37:10 | slittrace.py:get_radec_image:536 | Generating an RA/DEC image with slice_offset=0.000
    INFO | 2026-08-26 22:37:11 | datacube.py:subpixellate:1807 | Resampling subslice 4/5
    INFO | 2026-08-26 22:37:11 | slittrace.py:get_radec_image:536 | Generating an RA/DEC image with slice_offset=0.200
    INFO | 2026-08-26 22:37:12 | datacube.py:subpixellate:1807 | Resampling subslice 5/5
    INFO | 2026-08-26 22:37:12 | slittrace.py:get_radec_image:536 | Generating an RA/DEC image with slice_offset=0.400
    INFO | 2026-08-26 22:37:13 | datacube.py:subpixellate:1832 | Preparing subpixel weights
    INFO | 2026-08-26 22:37:17 | datacube.py:subpixellate:1772 | Resampling slit 6/24 of frame 2/2
    INFO | 2026-08-26 22:37:17 | datacube.py:subpixellate:1807 | Resampling subslice 1/5
    INFO | 2026-08-26 22:37:17 | slittrace.py:get_radec_image:536 | Generating an RA/DEC image with slice_offset=-0.400
    INFO | 2026-08-26 22:37:18 | datacube.py:subpixellate:1807 | Resampling subslice 2/5
    INFO | 2026-08-26 22:37:18 | slittrace.py:get_radec_image:536 | Generating an RA/DEC image with slice_offset=-0.200
    INFO | 2026-08-26 22:37:19 | datacube.py:subpixellate:1807 | Resampling subslice 3/5
    INFO | 2026-08-26 22:37:19 | slittrace.py:get_radec_image:536 | Generating an RA/DEC image with slice_offset=0.000
    INFO | 2026-08-26 22:37:21 | datacube.py:subpixellate:1807 | Resampling subslice 4/5
    INFO | 2026-08-26 22:37:21 | slittrace.py:get_radec_image:536 | Generating an RA/DEC image with slice_offset=0.200
    INFO | 2026-08-26 22:37:22 | datacube.py:subpixellate:1807 | Resampling subslice 5/5
    INFO | 2026-08-26 22:37:22 | slittrace.py:get_radec_image:536 | Generating an RA/DEC image with slice_offset=0.400
    INFO | 2026-08-26 22:37:23 | datacube.py:subpixellate:1832 | Preparing subpixel weights
    INFO | 2026-08-26 22:37:29 | datacube.py:subpixellate:1772 | Resampling slit 7/24 of frame 2/2
    INFO | 2026-08-26 22:37:30 | datacube.py:subpixellate:1807 | Resampling subslice 1/5
    INFO | 2026-08-26 22:37:30 | slittrace.py:get_radec_image:536 | Generating an RA/DEC image with slice_offset=-0.400
    INFO | 2026-08-26 22:37:31 | datacube.py:subpixellate:1807 | Resampling subslice 2/5
    INFO | 2026-08-26 22:37:31 | slittrace.py:get_radec_image:536 | Generating an RA/DEC image with slice_offset=-0.200
    INFO | 2026-08-26 22:37:31 | datacube.py:subpixellate:1807 | Resampling subslice 3/5
    INFO | 2026-08-26 22:37:31 | slittrace.py:get_radec_image:536 | Generating an RA/DEC image with slice_offset=0.000
    INFO | 2026-08-26 22:37:32 | datacube.py:subpixellate:1807 | Resampling subslice 4/5
    INFO | 2026-08-26 22:37:32 | slittrace.py:get_radec_image:536 | Generating an RA/DEC image with slice_offset=0.200
    INFO | 2026-08-26 22:37:33 | datacube.py:subpixellate:1807 | Resampling subslice 5/5
    INFO | 2026-08-26 22:37:33 | slittrace.py:get_radec_image:536 | Generating an RA/DEC image with slice_offset=0.400
    INFO | 2026-08-26 22:37:34 | datacube.py:subpixellate:1832 | Preparing subpixel weights
    INFO | 2026-08-26 22:37:38 | datacube.py:subpixellate:1772 | Resampling slit 8/24 of frame 2/2
    INFO | 2026-08-26 22:37:38 | datacube.py:subpixellate:1807 | Resampling subslice 1/5
    INFO | 2026-08-26 22:37:38 | slittrace.py:get_radec_image:536 | Generating an RA/DEC image with slice_offset=-0.400
    INFO | 2026-08-26 22:37:39 | datacube.py:subpixellate:1807 | Resampling subslice 2/5
    INFO | 2026-08-26 22:37:39 | slittrace.py:get_radec_image:536 | Generating an RA/DEC image with slice_offset=-0.200
    INFO | 2026-08-26 22:37:40 | datacube.py:subpixellate:1807 | Resampling subslice 3/5
    INFO | 2026-08-26 22:37:40 | slittrace.py:get_radec_image:536 | Generating an RA/DEC image with slice_offset=0.000
    INFO | 2026-08-26 22:37:41 | datacube.py:subpixellate:1807 | Resampling subslice 4/5
    INFO | 2026-08-26 22:37:41 | slittrace.py:get_radec_image:536 | Generating an RA/DEC image with slice_offset=0.200
    INFO | 2026-08-26 22:37:42 | datacube.py:subpixellate:1807 | Resampling subslice 5/5
    INFO | 2026-08-26 22:37:42 | slittrace.py:get_radec_image:536 | Generating an RA/DEC image with slice_offset=0.400
    INFO | 2026-08-26 22:37:43 | datacube.py:subpixellate:1832 | Preparing subpixel weights
    INFO | 2026-08-26 22:37:46 | datacube.py:subpixellate:1772 | Resampling slit 9/24 of frame 2/2
    INFO | 2026-08-26 22:37:47 | datacube.py:subpixellate:1807 | Resampling subslice 1/5
    INFO | 2026-08-26 22:37:47 | slittrace.py:get_radec_image:536 | Generating an RA/DEC image with slice_offset=-0.400
    INFO | 2026-08-26 22:37:48 | datacube.py:subpixellate:1807 | Resampling subslice 2/5
    INFO | 2026-08-26 22:37:48 | slittrace.py:get_radec_image:536 | Generating an RA/DEC image with slice_offset=-0.200
    INFO | 2026-08-26 22:37:49 | datacube.py:subpixellate:1807 | Resampling subslice 3/5
    INFO | 2026-08-26 22:37:49 | slittrace.py:get_radec_image:536 | Generating an RA/DEC image with slice_offset=0.000
    INFO | 2026-08-26 22:37:50 | datacube.py:subpixellate:1807 | Resampling subslice 4/5
    INFO | 2026-08-26 22:37:50 | slittrace.py:get_radec_image:536 | Generating an RA/DEC image with slice_offset=0.200
    INFO | 2026-08-26 22:37:51 | datacube.py:subpixellate:1807 | Resampling subslice 5/5
    INFO | 2026-08-26 22:37:51 | slittrace.py:get_radec_image:536 | Generating an RA/DEC image with slice_offset=0.400
    INFO | 2026-08-26 22:37:52 | datacube.py:subpixellate:1832 | Preparing subpixel weights
    INFO | 2026-08-26 22:37:56 | datacube.py:subpixellate:1772 | Resampling slit 10/24 of frame 2/2
    INFO | 2026-08-26 22:37:56 | datacube.py:subpixellate:1807 | Resampling subslice 1/5
    INFO | 2026-08-26 22:37:56 | slittrace.py:get_radec_image:536 | Generating an RA/DEC image with slice_offset=-0.400
    INFO | 2026-08-26 22:37:57 | datacube.py:subpixellate:1807 | Resampling subslice 2/5
    INFO | 2026-08-26 22:37:57 | slittrace.py:get_radec_image:536 | Generating an RA/DEC image with slice_offset=-0.200
    INFO | 2026-08-26 22:37:58 | datacube.py:subpixellate:1807 | Resampling subslice 3/5
    INFO | 2026-08-26 22:37:58 | slittrace.py:get_radec_image:536 | Generating an RA/DEC image with slice_offset=0.000
    INFO | 2026-08-26 22:37:59 | datacube.py:subpixellate:1807 | Resampling subslice 4/5
    INFO | 2026-08-26 22:37:59 | slittrace.py:get_radec_image:536 | Generating an RA/DEC image with slice_offset=0.200
    INFO | 2026-08-26 22:38:00 | datacube.py:subpixellate:1807 | Resampling subslice 5/5
    INFO | 2026-08-26 22:38:00 | slittrace.py:get_radec_image:536 | Generating an RA/DEC image with slice_offset=0.400
    INFO | 2026-08-26 22:38:01 | datacube.py:subpixellate:1832 | Preparing subpixel weights
    INFO | 2026-08-26 22:38:04 | datacube.py:subpixellate:1772 | Resampling slit 11/24 of frame 2/2
    INFO | 2026-08-26 22:38:04 | datacube.py:subpixellate:1807 | Resampling subslice 1/5
    INFO | 2026-08-26 22:38:04 | slittrace.py:get_radec_image:536 | Generating an RA/DEC image with slice_offset=-0.400
    INFO | 2026-08-26 22:38:05 | datacube.py:subpixellate:1807 | Resampling subslice 2/5
    INFO | 2026-08-26 22:38:05 | slittrace.py:get_radec_image:536 | Generating an RA/DEC image with slice_offset=-0.200
    INFO | 2026-08-26 22:38:06 | datacube.py:subpixellate:1807 | Resampling subslice 3/5
    INFO | 2026-08-26 22:38:06 | slittrace.py:get_radec_image:536 | Generating an RA/DEC image with slice_offset=0.000
    INFO | 2026-08-26 22:38:07 | datacube.py:subpixellate:1807 | Resampling subslice 4/5
    INFO | 2026-08-26 22:38:07 | slittrace.py:get_radec_image:536 | Generating an RA/DEC image with slice_offset=0.200
    INFO | 2026-08-26 22:38:08 | datacube.py:subpixellate:1807 | Resampling subslice 5/5
    INFO | 2026-08-26 22:38:08 | slittrace.py:get_radec_image:536 | Generating an RA/DEC image with slice_offset=0.400
    INFO | 2026-08-26 22:38:09 | datacube.py:subpixellate:1832 | Preparing subpixel weights
    INFO | 2026-08-26 22:38:13 | datacube.py:subpixellate:1772 | Resampling slit 12/24 of frame 2/2
    INFO | 2026-08-26 22:38:13 | datacube.py:subpixellate:1807 | Resampling subslice 1/5
    INFO | 2026-08-26 22:38:13 | slittrace.py:get_radec_image:536 | Generating an RA/DEC image with slice_offset=-0.400
    INFO | 2026-08-26 22:38:15 | datacube.py:subpixellate:1807 | Resampling subslice 2/5
    INFO | 2026-08-26 22:38:15 | slittrace.py:get_radec_image:536 | Generating an RA/DEC image with slice_offset=-0.200
    INFO | 2026-08-26 22:38:16 | datacube.py:subpixellate:1807 | Resampling subslice 3/5
    INFO | 2026-08-26 22:38:16 | slittrace.py:get_radec_image:536 | Generating an RA/DEC image with slice_offset=0.000
    INFO | 2026-08-26 22:38:17 | datacube.py:subpixellate:1807 | Resampling subslice 4/5
    INFO | 2026-08-26 22:38:17 | slittrace.py:get_radec_image:536 | Generating an RA/DEC image with slice_offset=0.200
    INFO | 2026-08-26 22:38:18 | datacube.py:subpixellate:1807 | Resampling subslice 5/5
    INFO | 2026-08-26 22:38:18 | slittrace.py:get_radec_image:536 | Generating an RA/DEC image with slice_offset=0.400
    INFO | 2026-08-26 22:38:19 | datacube.py:subpixellate:1832 | Preparing subpixel weights
    INFO | 2026-08-26 22:38:22 | datacube.py:subpixellate:1772 | Resampling slit 13/24 of frame 2/2
    INFO | 2026-08-26 22:38:23 | datacube.py:subpixellate:1807 | Resampling subslice 1/5
    INFO | 2026-08-26 22:38:23 | slittrace.py:get_radec_image:536 | Generating an RA/DEC image with slice_offset=-0.400
    INFO | 2026-08-26 22:38:24 | datacube.py:subpixellate:1807 | Resampling subslice 2/5
    INFO | 2026-08-26 22:38:24 | slittrace.py:get_radec_image:536 | Generating an RA/DEC image with slice_offset=-0.200
    INFO | 2026-08-26 22:38:25 | datacube.py:subpixellate:1807 | Resampling subslice 3/5
    INFO | 2026-08-26 22:38:25 | slittrace.py:get_radec_image:536 | Generating an RA/DEC image with slice_offset=0.000
    INFO | 2026-08-26 22:38:26 | datacube.py:subpixellate:1807 | Resampling subslice 4/5
    INFO | 2026-08-26 22:38:26 | slittrace.py:get_radec_image:536 | Generating an RA/DEC image with slice_offset=0.200
    INFO | 2026-08-26 22:38:27 | datacube.py:subpixellate:1807 | Resampling subslice 5/5
    INFO | 2026-08-26 22:38:27 | slittrace.py:get_radec_image:536 | Generating an RA/DEC image with slice_offset=0.400
    INFO | 2026-08-26 22:38:27 | datacube.py:subpixellate:1832 | Preparing subpixel weights
    INFO | 2026-08-26 22:38:31 | datacube.py:subpixellate:1772 | Resampling slit 14/24 of frame 2/2
    INFO | 2026-08-26 22:38:31 | datacube.py:subpixellate:1807 | Resampling subslice 1/5
    INFO | 2026-08-26 22:38:31 | slittrace.py:get_radec_image:536 | Generating an RA/DEC image with slice_offset=-0.400
    INFO | 2026-08-26 22:38:32 | datacube.py:subpixellate:1807 | Resampling subslice 2/5
    INFO | 2026-08-26 22:38:32 | slittrace.py:get_radec_image:536 | Generating an RA/DEC image with slice_offset=-0.200
    INFO | 2026-08-26 22:38:33 | datacube.py:subpixellate:1807 | Resampling subslice 3/5
    INFO | 2026-08-26 22:38:33 | slittrace.py:get_radec_image:536 | Generating an RA/DEC image with slice_offset=0.000
    INFO | 2026-08-26 22:38:34 | datacube.py:subpixellate:1807 | Resampling subslice 4/5
    INFO | 2026-08-26 22:38:34 | slittrace.py:get_radec_image:536 | Generating an RA/DEC image with slice_offset=0.200
    INFO | 2026-08-26 22:38:35 | datacube.py:subpixellate:1807 | Resampling subslice 5/5
    INFO | 2026-08-26 22:38:35 | slittrace.py:get_radec_image:536 | Generating an RA/DEC image with slice_offset=0.400
    INFO | 2026-08-26 22:38:36 | datacube.py:subpixellate:1832 | Preparing subpixel weights
    INFO | 2026-08-26 22:38:40 | datacube.py:subpixellate:1772 | Resampling slit 15/24 of frame 2/2
    INFO | 2026-08-26 22:38:41 | datacube.py:subpixellate:1807 | Resampling subslice 1/5
    INFO | 2026-08-26 22:38:41 | slittrace.py:get_radec_image:536 | Generating an RA/DEC image with slice_offset=-0.400
    INFO | 2026-08-26 22:38:42 | datacube.py:subpixellate:1807 | Resampling subslice 2/5
    INFO | 2026-08-26 22:38:42 | slittrace.py:get_radec_image:536 | Generating an RA/DEC image with slice_offset=-0.200
    INFO | 2026-08-26 22:38:43 | datacube.py:subpixellate:1807 | Resampling subslice 3/5
    INFO | 2026-08-26 22:38:43 | slittrace.py:get_radec_image:536 | Generating an RA/DEC image with slice_offset=0.000
    INFO | 2026-08-26 22:38:44 | datacube.py:subpixellate:1807 | Resampling subslice 4/5
    INFO | 2026-08-26 22:38:44 | slittrace.py:get_radec_image:536 | Generating an RA/DEC image with slice_offset=0.200
    INFO | 2026-08-26 22:38:45 | datacube.py:subpixellate:1807 | Resampling subslice 5/5
    INFO | 2026-08-26 22:38:45 | slittrace.py:get_radec_image:536 | Generating an RA/DEC image with slice_offset=0.400
    INFO | 2026-08-26 22:38:46 | datacube.py:subpixellate:1832 | Preparing subpixel weights
    INFO | 2026-08-26 22:38:49 | datacube.py:subpixellate:1772 | Resampling slit 16/24 of frame 2/2
    INFO | 2026-08-26 22:38:49 | datacube.py:subpixellate:1807 | Resampling subslice 1/5
    INFO | 2026-08-26 22:38:49 | slittrace.py:get_radec_image:536 | Generating an RA/DEC image with slice_offset=-0.400
    INFO | 2026-08-26 22:38:50 | datacube.py:subpixellate:1807 | Resampling subslice 2/5
    INFO | 2026-08-26 22:38:50 | slittrace.py:get_radec_image:536 | Generating an RA/DEC image with slice_offset=-0.200
    INFO | 2026-08-26 22:38:51 | datacube.py:subpixellate:1807 | Resampling subslice 3/5
    INFO | 2026-08-26 22:38:51 | slittrace.py:get_radec_image:536 | Generating an RA/DEC image with slice_offset=0.000
    INFO | 2026-08-26 22:38:52 | datacube.py:subpixellate:1807 | Resampling subslice 4/5
    INFO | 2026-08-26 22:38:52 | slittrace.py:get_radec_image:536 | Generating an RA/DEC image with slice_offset=0.200
    INFO | 2026-08-26 22:38:53 | datacube.py:subpixellate:1807 | Resampling subslice 5/5
    INFO | 2026-08-26 22:38:53 | slittrace.py:get_radec_image:536 | Generating an RA/DEC image with slice_offset=0.400
    INFO | 2026-08-26 22:38:54 | datacube.py:subpixellate:1832 | Preparing subpixel weights
    INFO | 2026-08-26 22:38:57 | datacube.py:subpixellate:1772 | Resampling slit 17/24 of frame 2/2
    INFO | 2026-08-26 22:38:58 | datacube.py:subpixellate:1807 | Resampling subslice 1/5
    INFO | 2026-08-26 22:38:58 | slittrace.py:get_radec_image:536 | Generating an RA/DEC image with slice_offset=-0.400
    INFO | 2026-08-26 22:38:59 | datacube.py:subpixellate:1807 | Resampling subslice 2/5
    INFO | 2026-08-26 22:38:59 | slittrace.py:get_radec_image:536 | Generating an RA/DEC image with slice_offset=-0.200
    INFO | 2026-08-26 22:39:00 | datacube.py:subpixellate:1807 | Resampling subslice 3/5
    INFO | 2026-08-26 22:39:00 | slittrace.py:get_radec_image:536 | Generating an RA/DEC image with slice_offset=0.000
    INFO | 2026-08-26 22:39:01 | datacube.py:subpixellate:1807 | Resampling subslice 4/5
    INFO | 2026-08-26 22:39:01 | slittrace.py:get_radec_image:536 | Generating an RA/DEC image with slice_offset=0.200
    INFO | 2026-08-26 22:39:02 | datacube.py:subpixellate:1807 | Resampling subslice 5/5
    INFO | 2026-08-26 22:39:02 | slittrace.py:get_radec_image:536 | Generating an RA/DEC image with slice_offset=0.400
    INFO | 2026-08-26 22:39:03 | datacube.py:subpixellate:1832 | Preparing subpixel weights
    INFO | 2026-08-26 22:39:07 | datacube.py:subpixellate:1772 | Resampling slit 18/24 of frame 2/2
    INFO | 2026-08-26 22:39:07 | datacube.py:subpixellate:1807 | Resampling subslice 1/5
    INFO | 2026-08-26 22:39:07 | slittrace.py:get_radec_image:536 | Generating an RA/DEC image with slice_offset=-0.400
    INFO | 2026-08-26 22:39:08 | datacube.py:subpixellate:1807 | Resampling subslice 2/5
    INFO | 2026-08-26 22:39:08 | slittrace.py:get_radec_image:536 | Generating an RA/DEC image with slice_offset=-0.200
    INFO | 2026-08-26 22:39:09 | datacube.py:subpixellate:1807 | Resampling subslice 3/5
    INFO | 2026-08-26 22:39:09 | slittrace.py:get_radec_image:536 | Generating an RA/DEC image with slice_offset=0.000
    INFO | 2026-08-26 22:39:10 | datacube.py:subpixellate:1807 | Resampling subslice 4/5
    INFO | 2026-08-26 22:39:10 | slittrace.py:get_radec_image:536 | Generating an RA/DEC image with slice_offset=0.200
    INFO | 2026-08-26 22:39:11 | datacube.py:subpixellate:1807 | Resampling subslice 5/5
    INFO | 2026-08-26 22:39:11 | slittrace.py:get_radec_image:536 | Generating an RA/DEC image with slice_offset=0.400
    INFO | 2026-08-26 22:39:12 | datacube.py:subpixellate:1832 | Preparing subpixel weights
    INFO | 2026-08-26 22:39:15 | datacube.py:subpixellate:1772 | Resampling slit 19/24 of frame 2/2
    INFO | 2026-08-26 22:39:15 | datacube.py:subpixellate:1807 | Resampling subslice 1/5
    INFO | 2026-08-26 22:39:15 | slittrace.py:get_radec_image:536 | Generating an RA/DEC image with slice_offset=-0.400
    INFO | 2026-08-26 22:39:16 | datacube.py:subpixellate:1807 | Resampling subslice 2/5
    INFO | 2026-08-26 22:39:16 | slittrace.py:get_radec_image:536 | Generating an RA/DEC image with slice_offset=-0.200
    INFO | 2026-08-26 22:39:17 | datacube.py:subpixellate:1807 | Resampling subslice 3/5
    INFO | 2026-08-26 22:39:17 | slittrace.py:get_radec_image:536 | Generating an RA/DEC image with slice_offset=0.000
    INFO | 2026-08-26 22:39:18 | datacube.py:subpixellate:1807 | Resampling subslice 4/5
    INFO | 2026-08-26 22:39:18 | slittrace.py:get_radec_image:536 | Generating an RA/DEC image with slice_offset=0.200
    INFO | 2026-08-26 22:39:19 | datacube.py:subpixellate:1807 | Resampling subslice 5/5
    INFO | 2026-08-26 22:39:19 | slittrace.py:get_radec_image:536 | Generating an RA/DEC image with slice_offset=0.400
    INFO | 2026-08-26 22:39:20 | datacube.py:subpixellate:1832 | Preparing subpixel weights
    INFO | 2026-08-26 22:39:23 | datacube.py:subpixellate:1772 | Resampling slit 20/24 of frame 2/2
    INFO | 2026-08-26 22:39:24 | datacube.py:subpixellate:1807 | Resampling subslice 1/5
    INFO | 2026-08-26 22:39:24 | slittrace.py:get_radec_image:536 | Generating an RA/DEC image with slice_offset=-0.400
    INFO | 2026-08-26 22:39:25 | datacube.py:subpixellate:1807 | Resampling subslice 2/5
    INFO | 2026-08-26 22:39:25 | slittrace.py:get_radec_image:536 | Generating an RA/DEC image with slice_offset=-0.200
    INFO | 2026-08-26 22:39:26 | datacube.py:subpixellate:1807 | Resampling subslice 3/5
    INFO | 2026-08-26 22:39:26 | slittrace.py:get_radec_image:536 | Generating an RA/DEC image with slice_offset=0.000
    INFO | 2026-08-26 22:39:27 | datacube.py:subpixellate:1807 | Resampling subslice 4/5
    INFO | 2026-08-26 22:39:27 | slittrace.py:get_radec_image:536 | Generating an RA/DEC image with slice_offset=0.200
    INFO | 2026-08-26 22:39:28 | datacube.py:subpixellate:1807 | Resampling subslice 5/5
    INFO | 2026-08-26 22:39:28 | slittrace.py:get_radec_image:536 | Generating an RA/DEC image with slice_offset=0.400
    INFO | 2026-08-26 22:39:29 | datacube.py:subpixellate:1832 | Preparing subpixel weights
    INFO | 2026-08-26 22:39:33 | datacube.py:subpixellate:1772 | Resampling slit 21/24 of frame 2/2
    INFO | 2026-08-26 22:39:33 | datacube.py:subpixellate:1807 | Resampling subslice 1/5
    INFO | 2026-08-26 22:39:33 | slittrace.py:get_radec_image:536 | Generating an RA/DEC image with slice_offset=-0.400
    INFO | 2026-08-26 22:39:34 | datacube.py:subpixellate:1807 | Resampling subslice 2/5
    INFO | 2026-08-26 22:39:34 | slittrace.py:get_radec_image:536 | Generating an RA/DEC image with slice_offset=-0.200
    INFO | 2026-08-26 22:39:35 | datacube.py:subpixellate:1807 | Resampling subslice 3/5
    INFO | 2026-08-26 22:39:35 | slittrace.py:get_radec_image:536 | Generating an RA/DEC image with slice_offset=0.000
    INFO | 2026-08-26 22:39:36 | datacube.py:subpixellate:1807 | Resampling subslice 4/5
    INFO | 2026-08-26 22:39:36 | slittrace.py:get_radec_image:536 | Generating an RA/DEC image with slice_offset=0.200
    INFO | 2026-08-26 22:39:37 | datacube.py:subpixellate:1807 | Resampling subslice 5/5
    INFO | 2026-08-26 22:39:37 | slittrace.py:get_radec_image:536 | Generating an RA/DEC image with slice_offset=0.400
    INFO | 2026-08-26 22:39:38 | datacube.py:subpixellate:1832 | Preparing subpixel weights
    INFO | 2026-08-26 22:39:41 | datacube.py:subpixellate:1772 | Resampling slit 22/24 of frame 2/2
    INFO | 2026-08-26 22:39:41 | datacube.py:subpixellate:1807 | Resampling subslice 1/5
    INFO | 2026-08-26 22:39:41 | slittrace.py:get_radec_image:536 | Generating an RA/DEC image with slice_offset=-0.400
    INFO | 2026-08-26 22:39:42 | datacube.py:subpixellate:1807 | Resampling subslice 2/5
    INFO | 2026-08-26 22:39:42 | slittrace.py:get_radec_image:536 | Generating an RA/DEC image with slice_offset=-0.200
    INFO | 2026-08-26 22:39:43 | datacube.py:subpixellate:1807 | Resampling subslice 3/5
    INFO | 2026-08-26 22:39:43 | slittrace.py:get_radec_image:536 | Generating an RA/DEC image with slice_offset=0.000
    INFO | 2026-08-26 22:39:44 | datacube.py:subpixellate:1807 | Resampling subslice 4/5
    INFO | 2026-08-26 22:39:44 | slittrace.py:get_radec_image:536 | Generating an RA/DEC image with slice_offset=0.200
    INFO | 2026-08-26 22:39:45 | datacube.py:subpixellate:1807 | Resampling subslice 5/5
    INFO | 2026-08-26 22:39:45 | slittrace.py:get_radec_image:536 | Generating an RA/DEC image with slice_offset=0.400
    INFO | 2026-08-26 22:39:46 | datacube.py:subpixellate:1832 | Preparing subpixel weights
    INFO | 2026-08-26 22:39:49 | datacube.py:subpixellate:1772 | Resampling slit 23/24 of frame 2/2
    INFO | 2026-08-26 22:39:50 | datacube.py:subpixellate:1807 | Resampling subslice 1/5
    INFO | 2026-08-26 22:39:50 | slittrace.py:get_radec_image:536 | Generating an RA/DEC image with slice_offset=-0.400
    INFO | 2026-08-26 22:39:51 | datacube.py:subpixellate:1807 | Resampling subslice 2/5
    INFO | 2026-08-26 22:39:51 | slittrace.py:get_radec_image:536 | Generating an RA/DEC image with slice_offset=-0.200
    INFO | 2026-08-26 22:39:53 | datacube.py:subpixellate:1807 | Resampling subslice 3/5
    INFO | 2026-08-26 22:39:53 | slittrace.py:get_radec_image:536 | Generating an RA/DEC image with slice_offset=0.000
    INFO | 2026-08-26 22:39:54 | datacube.py:subpixellate:1807 | Resampling subslice 4/5
    INFO | 2026-08-26 22:39:54 | slittrace.py:get_radec_image:536 | Generating an RA/DEC image with slice_offset=0.200
    INFO | 2026-08-26 22:39:55 | datacube.py:subpixellate:1807 | Resampling subslice 5/5
    INFO | 2026-08-26 22:39:55 | slittrace.py:get_radec_image:536 | Generating an RA/DEC image with slice_offset=0.400
    INFO | 2026-08-26 22:39:56 | datacube.py:subpixellate:1832 | Preparing subpixel weights
    INFO | 2026-08-26 22:39:59 | datacube.py:subpixellate:1772 | Resampling slit 24/24 of frame 2/2
    INFO | 2026-08-26 22:39:59 | datacube.py:subpixellate:1807 | Resampling subslice 1/5
    INFO | 2026-08-26 22:39:59 | slittrace.py:get_radec_image:536 | Generating an RA/DEC image with slice_offset=-0.400
    INFO | 2026-08-26 22:40:00 | datacube.py:subpixellate:1807 | Resampling subslice 2/5
    INFO | 2026-08-26 22:40:00 | slittrace.py:get_radec_image:536 | Generating an RA/DEC image with slice_offset=-0.200
    INFO | 2026-08-26 22:40:01 | datacube.py:subpixellate:1807 | Resampling subslice 3/5
    INFO | 2026-08-26 22:40:01 | slittrace.py:get_radec_image:536 | Generating an RA/DEC image with slice_offset=0.000
    INFO | 2026-08-26 22:40:02 | datacube.py:subpixellate:1807 | Resampling subslice 4/5
    INFO | 2026-08-26 22:40:02 | slittrace.py:get_radec_image:536 | Generating an RA/DEC image with slice_offset=0.200
    INFO | 2026-08-26 22:40:03 | datacube.py:subpixellate:1807 | Resampling subslice 5/5
    INFO | 2026-08-26 22:40:03 | slittrace.py:get_radec_image:536 | Generating an RA/DEC image with slice_offset=0.400
    INFO | 2026-08-26 22:40:04 | datacube.py:subpixellate:1832 | Preparing subpixel weights
    INFO | 2026-08-26 22:40:08 | datacube.py:generate_cube_subpixel:1625 | White light image covers the wavelength range 9027.88 A - 10795.91 A
    INFO | 2026-08-26 22:40:08 | datacube.py:generate_cube_subpixel:1630 | Saving white light image as: feige110_2023-09-23_B_v2_whitelight.fits
    INFO | 2026-08-26 22:40:08 | coadd3d.py:run:1479 | Saving datacube as: feige110_2023-09-23_B_v2.fits
    INFO | 2026-08-26 22:40:13 | io.py:write_to_fits:672 | File written to: feige110_2023-09-23_B_v2.fits
    INFO | 2026-08-26 22:40:13 | coadd_datacube.py:main:75 | Execution time: 9m 20.32s
